06-01 17:50:21.890   489   522 D vendor.visteon.skylark.hardware.automotive.vehicle@V1-visteon-service: SomeipCOmm :: RX Message [0/215]:service:c7 ,Method:80df,payload:08 04 02 02 01 02 00 00 01 01 00 00 00 00 00 03 01 00 00 00 00 00 00 00 00 00 00 00 00 00 00 00 00 00 00 00 00 00 00 00 00 00 00 00 00 00 00 00 00 00 00 00 00 00 00 00 00 00 00 00 00 00 00 00 00 00 00 00 00 00 00 00 00 00 00 00 00 00 00 00 00 00 00 00 00 00 00 00 00 00 00 00 00 00 00 00 00 00 00 00 
06-01 17:50:21.906   487   508 I UclDL_Impl: Inst Id : 0 ## Tx Msgs : 594
06-01 17:50:21.906   487   508 I UclDL_Impl: Inst Id : 0 ## TxA Msgs : 532
06-01 17:50:21.906   487   508 I UclDL_Impl: Inst Id : 0 ## TxA TO : 0
06-01 17:50:21.906   487   508 I UclDL_Impl: Inst Id : 0 ## Rx Msgs : 594
06-01 17:50:21.906   487   508 I UclDL_Impl: Inst Id : 0 ## Rx HB Msgs : 2
06-01 17:50:21.906   487   508 I UclDL_Impl: Inst Id : 0 ## Tx Bps : 1976
06-01 17:50:21.907   487   508 I UclDL_Impl: Inst Id : 0 ## Rx Bps : 6552
06-01 17:50:21.907   487   508 I UclDL_Impl: Inst Id : 0  ## Avg Ack Latency : 8
06-01 17:50:21.964   489   522 D vendor.visteon.skylark.hardware.automotive.vehicle@V1-visteon-service: SomeipCOmm :: RX Message [0/217]:service:bf ,Method:800d,payload:01 01 06 01 0d a4 7d 00 36 60 d0 61 
06-01 17:50:21.967   489   522 D vendor.visteon.skylark.hardware.automotive.vehicle@V1-visteon-service: SomeipCOmm :: RX Message [0/218]:service:bf ,Method:8025,payload:01 02 80 01 0d a4 33 7b 0f c0 0c 17 
06-01 17:50:21.968   489   522 D vendor.visteon.skylark.hardware.automotive.vehicle@V1-visteon-service: SomeipCOmm :: RX Message [0/219]:service:bf ,Method:8051,payload:01 02 84 01 1e c0 0e 02 8d 00 2f 17 
06-01 17:50:22.167   489   522 D vendor.visteon.skylark.hardware.automotive.vehicle@V1-visteon-service: SomeipCOmm :: RX Message [0/21c]:service:bf ,Method:800d,payload:01 01 06 01 0d bc 7d 00 36 60 50 00 
06-01 17:50:22.171   489   522 D vendor.visteon.skylark.hardware.automotive.vehicle@V1-visteon-service: SomeipCOmm :: RX Message [0/21d]:service:bf ,Method:8025,payload:01 02 80 01 0d bc 34 7b 0f c0 0c 17 
06-01 17:50:22.171   489   522 D vendor.visteon.skylark.hardware.automotive.vehicle@V1-visteon-service: SomeipCOmm :: RX Message [0/21e]:service:bf ,Method:8051,payload:01 02 84 01 1e c0 0e 02 8d 00 2f 17 
06-01 17:50:22.348   489   489 D vendor.visteon.skylark.hardware.automotive.vehicle@V1-visteon-service: TX Message SomeipComm::send  : service:200,method:2, response Payload: 00 
06-01 17:50:22.365   489   489 D vendor.visteon.skylark.hardware.automotive.vehicle@V1-visteon-service: TX Message SomeipComm::send  : service:200,method:9, response Payload: 00 
06-01 17:50:22.373   489   522 D vendor.visteon.skylark.hardware.automotive.vehicle@V1-visteon-service: SomeipCOmm :: RX Message [0/21f]:service:bf ,Method:800d,payload:01 01 06 01 0d 9c 7d 00 36 60 d0 00 
06-01 17:50:22.373   489   522 D vendor.visteon.skylark.hardware.automotive.vehicle@V1-visteon-service: SomeipCOmm :: RX Message [0/220]:service:bf ,Method:8025,payload:01 02 80 01 0d b0 34 7b 0f c0 0c 17 
06-01 12:20:22.563   489   522 D vendor.visteon.skylark.hardware.automotive.vehicle@V1-visteon-service: SomeipCOmm :: RX Message [0/238]:service:bf ,Method:8008,payload:01 03 60 01 
06-01 12:20:22.591   489   522 D vendor.visteon.skylark.hardware.automotive.vehicle@V1-visteon-service: SomeipCOmm :: RX Message [0/23a]:service:bf ,Method:800d,payload:01 01 06 01 0d c0 7d 00 36 60 50 01 
06-01 12:20:22.591   489   522 D vendor.visteon.skylark.hardware.automotive.vehicle@V1-visteon-service: SomeipCOmm :: RX Message [0/23b]:service:bf ,Method:8025,payload:01 02 80 01 0d c8 37 7b 0f c0 0c 17 
06-01 12:20:22.592   489   522 D vendor.visteon.skylark.hardware.automotive.vehicle@V1-visteon-service: SomeipCOmm :: RX Message [0/23c]:service:bf ,Method:8051,payload:01 02 84 01 1e c0 0e 02 8c 00 2f 17 
06-01 12:20:22.631   489   522 D vendor.visteon.skylark.hardware.automotive.vehicle@V1-visteon-service: SomeipCOmm :: RX Message [0/23e]:service:bf ,Method:8033,payload:01 03 60 01 00 00 00 00 00 00 00 00 
06-01 12:20:22.721   489   525 D vendor.visteon.skylark.hardware.automotive.vehicle@V1-visteon-service: VHAL_SINGLEMSGSUBSCRIPTIONREQUEST:: 01 01 df 
06-01 12:20:22.721   489   525 D vendor.visteon.skylark.hardware.automotive.vehicle@V1-visteon-service: TX Message SomeipComm::send  : service:194,method:2, response Payload: 01 01 df 
06-01 12:20:22.739   489   522 D vendor.visteon.skylark.hardware.automotive.vehicle@V1-visteon-service: SomeipCOmm :: RX Message [0/240]:service:bf ,Method:8008,payload:01 01 df 01 
06-01 12:20:22.740   489   522 D vendor.visteon.skylark.hardware.automotive.vehicle@V1-visteon-service: SomeipCOmm :: RX Message [0/241]:service:bf ,Method:8043,payload:01 01 df 01 04 00 00 00 00 00 00 00 
06-01 12:20:22.752   489   525 D vendor.visteon.skylark.hardware.automotive.vehicle@V1-visteon-service: VHAL_SINGLEMSGSUBSCRIPTIONREQUEST:: 01 02 80 
06-01 12:20:22.752   489   525 D vendor.visteon.skylark.hardware.automotive.vehicle@V1-visteon-service: TX Message SomeipComm::send  : service:194,method:2, response Payload: 01 02 80 
06-01 12:20:22.771   489   522 D vendor.visteon.skylark.hardware.automotive.vehicle@V1-visteon-service: SomeipCOmm :: RX Message [0/242]:service:bf ,Method:8008,payload:01 02 80 01 
06-01 12:20:22.813   489   525 D vendor.visteon.skylark.hardware.automotive.vehicle@V1-visteon-service: VHAL_SINGLEMSGSUBSCRIPTIONREQUEST:: 01 03 a1 
06-01 12:20:22.813   489   525 D vendor.visteon.skylark.hardware.automotive.vehicle@V1-visteon-service: TX Message SomeipComm::send  : service:194,method:2, response Payload: 01 03 a1 
06-01 12:20:22.831   489   522 D vendor.visteon.skylark.hardware.automotive.vehicle@V1-visteon-service: SomeipCOmm :: RX Message [0/247]:service:bf ,Method:8008,payload:01 03 a1 01 
06-01 12:20:22.835   489   522 D vendor.visteon.skylark.hardware.automotive.vehicle@V1-visteon-service: SomeipCOmm :: RX Message [0/248]:service:bf ,Method:8037,payload:01 03 b2 01 00 00 00 f0 d0 03 00 e3 
06-01 12:20:22.844   489   525 D vendor.visteon.skylark.hardware.automotive.vehicle@V1-visteon-service: VHAL_SINGLEMSGSUBSCRIPTIONREQUEST:: 01 03 a2 
06-01 12:20:22.844   489   525 D vendor.visteon.skylark.hardware.automotive.vehicle@V1-visteon-service: TX Message SomeipComm::send  : service:194,method:2, response Payload: 01 03 a2 
06-01 12:20:22.859   489   522 D vendor.visteon.skylark.hardware.automotive.vehicle@V1-visteon-service: SomeipCOmm :: RX Message [0/249]:service:bf ,Method:8008,payload:01 03 a2 01 
06-01 12:20:22.874   489   525 D vendor.visteon.skylark.hardware.automotive.vehicle@V1-visteon-service: VHAL_SINGLEMSGSUBSCRIPTIONREQUEST:: 01 03 a3 
06-01 12:20:22.874   489   525 D vendor.visteon.skylark.hardware.automotive.vehicle@V1-visteon-service: TX Message SomeipComm::send  : service:194,method:2, response Payload: 01 03 a3 
06-01 12:20:22.891   489   522 D vendor.visteon.skylark.hardware.automotive.vehicle@V1-visteon-service: SomeipCOmm :: RX Message [0/24a]:service:bf ,Method:8008,payload:01 03 a3 01 
06-01 12:20:22.919   489   522 D vendor.visteon.skylark.hardware.automotive.vehicle@V1-visteon-service: SomeipCOmm :: RX Message [0/24b]:service:bf ,Method:8008,payload:01 01 60 01 
06-01 12:20:22.955   489   522 D vendor.visteon.skylark.hardware.automotive.vehicle@V1-visteon-service: SomeipCOmm :: RX Message [0/24c]:service:bf ,Method:8008,payload:01 01 06 01 
06-01 12:20:22.966   489   525 D vendor.visteon.skylark.hardware.automotive.vehicle@V1-visteon-service: VHAL_SINGLEMSGSUBSCRIPTIONREQUEST:: 01 04 fa 
06-01 12:20:22.966   489   525 D vendor.visteon.skylark.hardware.automotive.vehicle@V1-visteon-service: TX Message SomeipComm::send  : service:194,method:2, response Payload: 01 04 fa 
06-01 12:20:22.988   489   522 D vendor.visteon.skylark.hardware.automotive.vehicle@V1-visteon-service: SomeipCOmm :: RX Message [0/24d]:service:bf ,Method:8008,payload:01 04 fa 01 
06-01 12:20:22.995   489   522 D vendor.visteon.skylark.hardware.automotive.vehicle@V1-visteon-service: SomeipCOmm :: RX Message [0/24e]:service:bf ,Method:800d,payload:01 01 06 01 0d a4 7d 00 36 60 70 00 
06-01 12:20:22.995   489   522 D vendor.visteon.skylark.hardware.automotive.vehicle@V1-visteon-service: SomeipCOmm :: RX Message [0/24f]:service:bf ,Method:8014,payload:01 01 60 01 00 00 04 00 00 00 00 17 
06-01 12:20:22.995   489   522 D vendor.visteon.skylark.hardware.automotive.vehicle@V1-visteon-service: SomeipCOmm :: RX Message [0/250]:service:bf ,Method:8025,payload:01 02 80 01 0d a4 38 7b 0f c0 0c 17 
06-01 12:20:22.995   489   522 D vendor.visteon.skylark.hardware.automotive.vehicle@V1-visteon-service: SomeipCOmm :: RX Message [0/251]:service:bf ,Method:8051,payload:01 02 84 01 1e c0 0e 02 8d 00 2f 17 
06-01 12:20:23.015   489   522 D vendor.visteon.skylark.hardware.automotive.vehicle@V1-visteon-service: SomeipCOmm :: RX Message [0/252]:service:bf ,Method:8034,payload:01 03 a0 01 00 7b f4 16 a0 70 61 1a 
06-01 12:20:23.019   489   522 D vendor.visteon.skylark.hardware.automotive.vehicle@V1-visteon-service: SomeipCOmm :: RX Message [0/253]:service:bf ,Method:8035,payload:01 03 a1 01 00 7b f4 16 a2 34 1c 18 
06-01 12:20:23.019   489   522 D vendor.visteon.skylark.hardware.automotive.vehicle@V1-visteon-service: SomeipCOmm :: RX Message [0/254]:service:bf ,Method:8036,payload:01 03 a3 01 00 00 00 00 00 00 00 00 
06-01 12:20:23.019   489   522 D vendor.visteon.skylark.hardware.automotive.vehicle@V1-visteon-service: SomeipCOmm :: RX Message [0/255]:service:bf ,Method:803a,payload:01 03 a2 01 00 7b f3 5a 01 be 71 54 
06-01 12:20:23.079   489   522 D vendor.visteon.skylark.hardware.automotive.vehicle@V1-visteon-service: SomeipCOmm :: RX Message [0/257]:service:bf ,Method:8008,payload:01 02 bc 01 
06-01 12:20:23.088   489   525 D vendor.visteon.skylark.hardware.automotive.vehicle@V1-visteon-service: VHAL_SINGLEMSGSUBSCRIPTIONREQUEST:: 01 01 03 
06-01 12:20:23.088   489   525 D vendor.visteon.skylark.hardware.automotive.vehicle@V1-visteon-service: TX Message SomeipComm::send  : service:194,method:2, response Payload: 01 01 03 
06-01 12:20:23.095   489   522 D vendor.visteon.skylark.hardware.automotive.vehicle@V1-visteon-service: SomeipCOmm :: RX Message [0/258]:service:bf ,Method:802b,payload:01 02 96 01 12 a0 f0 08 00 00 00 00 
06-01 12:20:23.102   489   527 D vendor.visteon.skylark.hardware.automotive.vehicle@V1-visteon-service: TX Message SomeipComm::send  : service:193,method:3, response Payload: 04 
06-01 12:20:23.103   489   522 D vendor.visteon.skylark.hardware.automotive.vehicle@V1-visteon-service: SomeipCOmm :: RX Message [0/259]:service:bf ,Method:8008,payload:01 01 03 01 
06-01 12:20:23.111   489   522 D vendor.visteon.skylark.hardware.automotive.vehicle@V1-visteon-service: SomeipCOmm :: RX Message [0/25a]:service:c0 ,Method:8000,payload:04 
06-01 12:20:23.115   489   522 D vendor.visteon.skylark.hardware.automotive.vehicle@V1-visteon-service: SomeipCOmm :: RX Message [0/25b]:service:c7 ,Method:80e5,payload:02 00 00 01 0f 40 2a 00 08 04 09 00 00 00 00 00 00 00 00 00 09 00 00 00 00 02 01 01 0e 2c 04 a2 01 b5 08 b5 00 1a 00 0a 02 c9 01 00 00 00 1a 06 01 0c 14 17 1d 79 8f 0d 09 0a f9 00 1f 1e b6 89 7f 00 07 00 0a 00 30 02 22 00 c2 00 00 00 01 00 00 00 00 01 00 06 00 00 00 00 00 00 00 00 00 00 00 01 00 00 00 00 00 00 32 00 00 04 07 0a 0f 14 00 10 02 00 03 00 00 00 00 00 c0 00 02 00 00 c0 00 00 01 02 c1 02 ca 02 c6 03 03 03 03 01 00 00 62 00 00 00 01 00 00 00 00 0e bc 03 04 ff 0b 0b 0b 0b a5 07 04 00 00 00 00 01 00 00 00 00 00 03 01 00 00 00 00 00 03 00 00 00 00 00 00 00 00 00 00 00 00 00 00 00 00 00 
06-01 12:20:23.116   489   522 D vendor.visteon.skylark.hardware.automotive.vehicle@V1-visteon-service: SomeipCOmm :: RX Message [0/25c]:service:c7 ,Method:80df,payload:08 04 02 02 01 02 00 00 01 01 00 00 00 00 00 03 01 00 00 00 00 00 00 00 00 00 00 00 00 00 00 00 00 00 00 00 00 00 00 00 00 00 00 00 00 00 00 00 00 00 00 00 00 00 00 00 00 00 00 00 00 00 00 00 00 00 00 00 00 00 00 00 00 00 00 00 00 00 00 00 00 00 00 00 00 00 00 00 00 00 00 00 00 00 00 00 00 00 00 00 
06-01 12:20:23.124   489  2788 D vendor.visteon.skylark.hardware.automotive.vehicle@V1-visteon-service: TX Message SomeipComm::send  : service:194,method:4, response Payload: 01 02 c0 00 00 00 00 00 00 00 00 00 
06-01 12:20:23.125   489   536 D vendor.visteon.skylark.hardware.automotive.vehicle@V1-visteon-service: TX Message SomeipComm::send  : service:194,method:4, response Payload: 01 02 c0 0b 00 00 00 00 00 00 00 00 
06-01 12:20:23.129   489   536 D vendor.visteon.skylark.hardware.automotive.vehicle@V1-visteon-service: TX Message SomeipComm::send  : service:194,method:4, response Payload: 01 02 c0 0c 01 00 00 00 00 00 00 00 
06-01 12:20:23.147   487   508 I UclDL_Impl: Inst Id : 0 ## Tx Msgs : 693
06-01 12:20:23.147   487   508 I UclDL_Impl: Inst Id : 0 ## TxA Msgs : 603
06-01 12:20:23.147   487   508 I UclDL_Impl: Inst Id : 0 ## TxA TO : 0
06-01 12:20:23.147   487   508 I UclDL_Impl: Inst Id : 0 ## Rx Msgs : 693
06-01 12:20:23.147   487   508 I UclDL_Impl: Inst Id : 0 ## Rx HB Msgs : 2
06-01 12:20:23.147   487   508 I UclDL_Impl: Inst Id : 0 ## Tx Bps : 6320
06-01 12:20:23.147   487   508 I UclDL_Impl: Inst Id : 0 ## Rx Bps : 10704
06-01 12:20:23.147   487   508 I UclDL_Impl: Inst Id : 0  ## Avg Ack Latency : 7
06-01 12:20:23.195   489   522 D vendor.visteon.skylark.hardware.automotive.vehicle@V1-visteon-service: SomeipCOmm :: RX Message [0/25f]:service:bf ,Method:800d,payload:01 01 06 01 0d c0 7d 00 36 60 f0 a4 
06-01 12:20:23.196   489   522 D vendor.visteon.skylark.hardware.automotive.vehicle@V1-visteon-service: SomeipCOmm :: RX Message [0/260]:service:bf ,Method:8025,payload:01 02 80 01 0d ac 39 7b 0f c0 0c 17 
06-01 12:20:23.196   489   522 D vendor.visteon.skylark.hardware.automotive.vehicle@V1-visteon-service: SomeipCOmm :: RX Message [0/261]:service:bf ,Method:8051,payload:01 02 84 01 1e c0 0e 02 8c 00 2f 17 
06-01 12:20:23.196   489   522 D vendor.visteon.skylark.hardware.automotive.vehicle@V1-visteon-service: SomeipCOmm :: RX Message [0/262]:service:bf ,Method:805f,payload:01 01 03 01 00 00 10 28 00 00 00 00 
06-01 12:20:23.291   645   650 I UclDL_Impl_VIP: TxA TO : 31
06-01 12:20:23.291   645   650 I UclDL_Impl_VIP: Avg Ack Latency : 8
06-01 12:20:23.291   645   650 I UclDL_Impl_VIP: pollingCntr : 7246
06-01 12:20:23.291   645   650 I UclDL_Impl_TCU: VIP-TCU - txBps : 1864
06-01 12:20:23.291   645   650 I UclDL_Impl_TCU: VIP-TCU - rxBps : 1016
06-01 12:20:23.291   645   650 I UclDL_Impl_TCU: VIP-TCU - txAckTmo : 1
06-01 12:20:23.295   489   522 D vendor.visteon.skylark.hardware.automotive.vehicle@V1-visteon-service: SomeipCOmm :: RX Message [0/264]:service:bf ,Method:805a,payload:01 02 bc 01 69 85 f0 00 00 42 00 00 
06-01 12:20:23.315   489   522 D vendor.visteon.skylark.hardware.automotive.vehicle@V1-visteon-service: SomeipCOmm :: RX Message [0/265]:service:c7 ,Method:80e2,payload:18 14 0c 01 01 05 1a 02 
06-01 12:20:23.329   489   536 D vendor.visteon.skylark.hardware.automotive.vehicle@V1-visteon-service: TX Message SomeipComm::send  : service:194,method:5, response Payload: 01 01 f1 21 1e 07 20 00 00 00 00 
06-01 12:20:23.486   489   536 D vendor.visteon.skylark.hardware.automotive.vehicle@V1-visteon-service: TX Message SomeipComm::send  : service:194,method:4, response Payload: 01 02 c0 0d 19 00 00 00 00 00 00 00 
06-01 12:20:23.487   489  2788 D vendor.visteon.skylark.hardware.automotive.vehicle@V1-visteon-service: TX Message SomeipComm::send  : service:194,method:4, response Payload: 01 02 c4 00 00 00 00 00 00 00 00 00 
06-01 12:20:23.523   489   522 D vendor.visteon.skylark.hardware.automotive.vehicle@V1-visteon-service: SomeipCOmm :: RX Message [0/269]:service:bf ,Method:806b,payload:01 04 fa 01 00 18 06 00 05 94 8d 83 
06-01 12:20:23.559   489   536 D vendor.visteon.skylark.hardware.automotive.vehicle@V1-visteon-service: TX Message SomeipComm::send  : service:194,method:5, response Payload: 01 01 f1 21 1e 07 20 00 00 00 00 
06-01 12:20:23.571   489   536 D vendor.visteon.skylark.hardware.automotive.vehicle@V1-visteon-service: TX Message SomeipComm::send  : service:194,method:5, response Payload: 01 01 f1 21 1e 07 20 00 00 00 00 
06-01 12:20:23.587   489   536 D vendor.visteon.skylark.hardware.automotive.vehicle@V1-visteon-service: TX Message SomeipComm::send  : service:194,method:5, response Payload: 01 01 f1 21 1e 07 20 00 00 00 00 
06-01 12:20:23.598   489   536 D vendor.visteon.skylark.hardware.automotive.vehicle@V1-visteon-service: TX Message SomeipComm::send  : service:194,method:5, response Payload: 01 01 f1 21 1e 07 20 00 00 00 00 
06-01 12:20:23.599   489   522 D vendor.visteon.skylark.hardware.automotive.vehicle@V1-visteon-service: SomeipCOmm :: RX Message [0/26a]:service:bf ,Method:800d,payload:01 01 06 01 0d bc 7d 00 36 60 f0 00 
06-01 12:20:23.600   489   522 D vendor.visteon.skylark.hardware.automotive.vehicle@V1-visteon-service: SomeipCOmm :: RX Message [0/26b]:service:bf ,Method:8025,payload:01 02 80 01 0d d4 3a 7b 0f c0 0c 17 
06-01 12:20:23.601   489   522 D vendor.visteon.skylark.hardware.automotive.vehicle@V1-visteon-service: SomeipCOmm :: RX Message [0/26c]:service:bf ,Method:8051,payload:01 02 84 01 1e c0 0e 02 8c 00 2f 17 
06-01 12:20:23.997   489   525 D vendor.visteon.skylark.hardware.automotive.vehicle@V1-visteon-service: VHAL_SINGLEMSGSUBSCRIPTIONREQUEST:: 01 01 c4 
06-01 12:20:23.997   489   525 D vendor.visteon.skylark.hardware.automotive.vehicle@V1-visteon-service: TX Message SomeipComm::send  : service:194,method:2, response Payload: 01 01 c4 
06-01 12:20:23.999   489   522 D vendor.visteon.skylark.hardware.automotive.vehicle@V1-visteon-service: SomeipCOmm :: RX Message [0/271]:service:bf ,Method:800d,payload:01 01 06 01 0d 98 7d 00 36 60 f0 00 
06-01 12:20:23.999   489   522 D vendor.visteon.skylark.hardware.automotive.vehicle@V1-visteon-service: SomeipCOmm :: RX Message [0/272]:service:bf ,Method:8025,payload:01 02 80 01 0d 98 3b 7b 0f c0 0c 17 
06-01 12:20:24.000   489   522 D vendor.visteon.skylark.hardware.automotive.vehicle@V1-visteon-service: SomeipCOmm :: RX Message [0/273]:service:bf ,Method:8051,payload:01 02 84 01 1e c0 0e 02 8e 00 2f 17 
06-01 12:20:24.016   489   522 D vendor.visteon.skylark.hardware.automotive.vehicle@V1-visteon-service: SomeipCOmm :: RX Message [0/274]:service:bf ,Method:8008,payload:01 01 c4 01 
06-01 12:20:24.102   489   527 D vendor.visteon.skylark.hardware.automotive.vehicle@V1-visteon-service: TX Message SomeipComm::send  : service:193,method:3, response Payload: 04 
06-01 12:20:24.115   489   522 D vendor.visteon.skylark.hardware.automotive.vehicle@V1-visteon-service: SomeipCOmm :: RX Message [0/275]:service:c0 ,Method:8000,payload:04 
06-01 12:20:24.119   489   522 D vendor.visteon.skylark.hardware.automotive.vehicle@V1-visteon-service: SomeipCOmm :: RX Message [0/276]:service:c7 ,Method:80e5,payload:02 00 00 01 0f 40 2a 00 08 04 09 00 00 00 00 00 00 00 00 00 09 00 00 00 00 02 01 01 0e 2c 04 a3 01 b4 08 b2 00 1a 00 0b 02 c7 01 00 00 00 1a 06 01 0c 14 18 1d 79 8b 0d 09 0a f9 00 1f 1e b6 89 7f 00 07 00 0b 00 30 02 22 00 c2 00 00 00 01 00 00 00 00 01 00 06 00 00 00 00 00 00 00 00 00 00 00 01 00 00 00 00 00 00 32 00 00 04 07 0a 0f 14 00 10 02 00 03 00 00 00 00 00 c0 00 02 00 00 c0 00 00 01 02 cb 02 c6 02 c5 03 03 03 03 01 00 00 62 00 00 00 01 00 00 00 00 0e bc 03 04 ff 0b 0b 0b 0b a5 07 04 00 00 00 00 01 00 00 00 00 00 03 01 00 00 00 00 00 03 00 00 00 00 00 00 00 00 00 00 00 00 00 00 00 00 00 
06-01 12:20:24.121   489   522 D vendor.visteon.skylark.hardware.automotive.vehicle@V1-visteon-service: SomeipCOmm :: RX Message [0/277]:service:c7 ,Method:80df,payload:08 04 02 02 01 02 00 00 01 01 00 00 00 00 00 03 01 00 00 00 00 00 00 00 00 00 00 00 00 00 00 00 00 00 00 00 00 00 00 00 00 00 00 00 00 00 00 00 00 00 00 00 00 00 00 00 00 00 00 00 00 00 00 00 00 00 00 00 00 00 00 00 00 00 00 00 00 00 00 00 00 00 00 00 00 00 00 00 00 00 00 00 00 00 00 00 00 00 00 00 
06-01 12:20:24.147   487   508 I UclDL_Impl: Inst Id : 0 ## Tx Msgs : 740
06-01 12:20:24.147   487   508 I UclDL_Impl: Inst Id : 0 ## TxA Msgs : 630
06-01 12:20:24.147   487   508 I UclDL_Impl: Inst Id : 0 ## TxA TO : 0
06-01 12:20:24.147   487   508 I UclDL_Impl: Inst Id : 0 ## Rx Msgs : 740
06-01 12:20:24.147   487   508 I UclDL_Impl: Inst Id : 0 ## Rx HB Msgs : 2
06-01 12:20:24.147   487   508 I UclDL_Impl: Inst Id : 0 ## Tx Bps : 5872
06-01 12:20:24.147   487   508 I UclDL_Impl: Inst Id : 0 ## Rx Bps : 8584
06-01 12:20:24.147   487   508 I UclDL_Impl: Inst Id : 0  ## Avg Ack Latency : 8
06-01 12:20:24.185   489   536 D vendor.visteon.skylark.hardware.automotive.vehicle@V1-visteon-service: TX Message SomeipComm::send  : service:194,method:5, response Payload: 01 02 db 00 00 00 00 00 00 00 00 
06-01 12:20:24.199   489   522 D vendor.visteon.skylark.hardware.automotive.vehicle@V1-visteon-service: SomeipCOmm :: RX Message [0/279]:service:bf ,Method:800d,payload:01 01 06 01 0d bc 7d 00 36 60 70 61 
06-01 12:20:24.199   489   522 D vendor.visteon.skylark.hardware.automotive.vehicle@V1-visteon-service: SomeipCOmm :: RX Message [0/27a]:service:bf ,Method:8025,payload:01 02 80 01 0d d0 3b 7b 0f c0 0c c4 
06-01 12:20:24.200   489   522 D vendor.visteon.skylark.hardware.automotive.vehicle@V1-visteon-service: SomeipCOmm :: RX Message [0/27b]:service:bf ,Method:8051,payload:01 02 84 01 1e c0 0e 02 8b 00 2f 17 
06-01 12:20:24.203   489   536 D vendor.visteon.skylark.hardware.automotive.vehicle@V1-visteon-service: TX Message SomeipComm::send  : service:205,method:1, response Payload: 00 00 07 00 00 00 03 19 02 08 00 00 00 00 00 00 00 00 00 00 
06-01 12:20:24.227   489   536 D vendor.visteon.skylark.hardware.automotive.vehicle@V1-visteon-service: TX Message SomeipComm::send  : service:194,method:5, response Payload: 01 01 d2 00 00 10 01 06 00 00 00 
06-01 12:20:24.250   489   522 D vendor.visteon.skylark.hardware.automotive.vehicle@V1-visteon-service: SomeipCOmm :: RX Message [0/27c]:service:cd ,Method:8000,payload:00 00 07 08 00 05 00 0b 59 02 7f f0 06 16 0c 99 37 31 58 00 00 00 00 00 00 00 00 00 00 00 00 00 00 00 00 00 00 00 00 00 00 00 00 00 00 00 00 00 00 00 00 00 00 00 00 00 00 00 00 00 00 00 00 00 00 00 00 00 00 00 00 00 00 00 00 00 00 00 00 00 00 00 00 00 00 00 00 00 00 00 00 00 00 00 00 00 00 00 00 00 00 00 00 00 00 00 00 00 00 00 00 00 00 00 00 00 00 00 00 00 00 00 00 00 00 00 00 00 00 00 00 00 00 00 00 00 00 00 00 00 00 00 00 00 00 00 00 00 00 00 00 00 00 00 00 00 00 00 00 00 00 00 00 00 00 00 00 00 00 00 00 00 00 00 00 00 00 00 00 00 00 00 00 00 00 00 00 00 00 00 00 00 00 00 00 00 00 00 00 00 00 00 00 00 00 00 00 00 00 00 00 00 00 00 00 00 00 00 00 00 00 00 00 00 00 00 00 00 00 00 00 00 00 00 00 00 00 00 00 00 00 00 00 00 00 00 00 00 00 00 00 00 00 00 00 00 00 00 00 00 00 00 00 00 00 00 00 00 00 00 00 00 00 00 00 00 00 00 00 00 00 00 00 00 00 00 00 00 00 00 00 00 00 00 00 00 00 00 00 00 00 00 00 00 00 00 00 00 00 00 00 00 00 00 00 00 00 00 00 0
06-01 12:20:24.300   645   650 I UclDL_Impl_VIP: TxA TO : 31
06-01 12:20:24.300   645   650 I UclDL_Impl_VIP: Avg Ack Latency : 11
06-01 12:20:24.300   645   650 I UclDL_Impl_VIP: pollingCntr : 7496
06-01 12:20:24.300   645   650 I UclDL_Impl_TCU: VIP-TCU - txBps : 1520
06-01 12:20:24.300   645   650 I UclDL_Impl_TCU: VIP-TCU - rxBps : 888
06-01 12:20:24.301   645   650 I UclDL_Impl_TCU: VIP-TCU - txAckTmo : 1
06-01 12:20:24.321   489   522 D vendor.visteon.skylark.hardware.automotive.vehicle@V1-visteon-service: SomeipCOmm :: RX Message [0/27e]:service:c7 ,Method:80e2,payload:19 14 0c 01 01 05 1a 02 
06-01 12:20:24.328   489   522 D vendor.visteon.skylark.hardware.automotive.vehicle@V1-visteon-service: SomeipCOmm :: RX Message [0/27f]:service:bf ,Method:8018,payload:01 01 c0 01 05 07 00 00 c0 00 00 00 
06-01 12:20:24.403   489   522 D vendor.visteon.skylark.hardware.automotive.vehicle@V1-visteon-service: SomeipCOmm :: RX Message [0/280]:service:bf ,Method:800d,payload:01 01 06 01 0d 98 7d 00 36 60 f0 c8 
06-01 12:20:24.404   489   522 D vendor.visteon.skylark.hardware.automotive.vehicle@V1-visteon-service: SomeipCOmm :: RX Message [0/281]:service:bf ,Method:8025,payload:01 02 80 01 0d 98 3c 7b 0f c0 0c 17 
06-01 12:20:24.405   489   522 D vendor.visteon.skylark.hardware.automotive.vehicle@V1-visteon-service: SomeipCOmm :: RX Message [0/282]:service:bf ,Method:8051,payload:01 02 84 01 1e c0 0e 02 8e 00 2f 17 
06-01 12:20:24.603   489   522 D vendor.visteon.skylark.hardware.automotive.vehicle@V1-visteon-service: SomeipCOmm :: RX Message [0/283]:service:bf ,Method:800d,payload:01 01 06 01 0d c4 7d 00 36 60 70 c4 
06-01 12:20:24.604   489   522 D vendor.visteon.skylark.hardware.automotive.vehicle@V1-visteon-service: SomeipCOmm :: RX Message [0/284]:service:bf ,Method:8025,payload:01 02 80 01 0d bc 3c 7b 0f c0 0c 17 
06-01 12:20:24.604   489   522 D vendor.visteon.skylark.hardware.automotive.vehicle@V1-visteon-service: SomeipCOmm :: RX Message [0/285]:service:bf ,Method:8051,payload:01 02 84 01 1e d0 0e 02 8e 00 2f 17 
06-01 12:20:24.625   489   525 D vendor.visteon.skylark.hardware.automotive.vehicle@V1-visteon-service: VHAL_SINGLEMSGSUBSCRIPTIONREQUEST:: 01 02 a1 
06-01 12:20:24.625   489   525 D vendor.visteon.skylark.hardware.automotive.vehicle@V1-visteon-service: TX Message SomeipComm::send  : service:194,method:2, response Payload: 01 02 a1 
06-01 12:20:24.644   489   522 D vendor.visteon.skylark.hardware.automotive.vehicle@V1-visteon-service: SomeipCOmm :: RX Message [0/286]:service:bf ,Method:8008,payload:01 02 a1 01 
06-01 12:20:24.804   489   522 D vendor.visteon.skylark.hardware.automotive.vehicle@V1-visteon-service: SomeipCOmm :: RX Message [0/289]:service:bf ,Method:800d,payload:01 01 06 01 0d ac 7d 00 36 60 f0 61 
06-01 12:20:24.805   489   522 D vendor.visteon.skylark.hardware.automotive.vehicle@V1-visteon-service: SomeipCOmm :: RX Message [0/28a]:service:bf ,Method:8025,payload:01 02 80 01 0d ac 3d 7b 0f c0 0c 17 
06-01 12:20:24.806   489   522 D vendor.visteon.skylark.hardware.automotive.vehicle@V1-visteon-service: SomeipCOmm :: RX Message [0/28b]:service:bf ,Method:8051,payload:01 02 84 01 1e d0 0e 02 8c 00 2f 17 
06-01 12:20:24.904   489   522 D vendor.visteon.skylark.hardware.automotive.vehicle@V1-visteon-service: SomeipCOmm :: RX Message [0/28c]:service:bf ,Method:8057,payload:01 02 a1 01 8f 00 00 00 00 00 00 00 
06-01 12:20:25.004   489   522 D vendor.visteon.skylark.hardware.automotive.vehicle@V1-visteon-service: SomeipCOmm :: RX Message [0/28d]:service:bf ,Method:800d,payload:01 01 06 01 0d b8 7d 00 36 60 90 f3 
06-01 12:20:25.005   489   522 D vendor.visteon.skylark.hardware.automotive.vehicle@V1-visteon-service: SomeipCOmm :: RX Message [0/28e]:service:bf ,Method:8025,payload:01 02 80 01 0d b0 3d 7b 0f c0 0c 17 
06-01 12:20:25.005   489   522 D vendor.visteon.skylark.hardware.automotive.vehicle@V1-visteon-service: SomeipCOmm :: RX Message [0/28f]:service:bf ,Method:8051,payload:01 02 84 01 1e c0 0e 02 8e 00 2f 17 
06-01 12:20:25.103   489   527 D vendor.visteon.skylark.hardware.automotive.vehicle@V1-visteon-service: TX Message SomeipComm::send  : service:193,method:3, response Payload: 04 
06-01 12:20:25.105   489  2788 D vendor.visteon.skylark.hardware.automotive.vehicle@V1-visteon-service: TX Message SomeipComm::send  : service:194,method:4, response Payload: 01 02 c0 00 00 00 00 00 00 00 00 00 
06-01 12:20:25.108   489  2788 D vendor.visteon.skylark.hardware.automotive.vehicle@V1-visteon-service: TX Message SomeipComm::send  : service:194,method:4, response Payload: 01 02 c0 0b 00 00 00 00 00 00 00 00 
06-01 12:20:25.109   489  2788 D vendor.visteon.skylark.hardware.automotive.vehicle@V1-visteon-service: TX Message SomeipComm::send  : service:194,method:4, response Payload: 01 02 c0 0c 01 00 00 00 00 00 00 00 
06-01 12:20:25.124   489   522 D vendor.visteon.skylark.hardware.automotive.vehicle@V1-visteon-service: SomeipCOmm :: RX Message [0/292]:service:c0 ,Method:8000,payload:04 
06-01 12:20:25.126   489   522 D vendor.visteon.skylark.hardware.automotive.vehicle@V1-visteon-service: SomeipCOmm :: RX Message [0/293]:service:c7 ,Method:80e5,payload:02 00 00 01 0f 40 2a 00 08 04 09 00 00 00 00 00 00 00 00 00 09 00 00 00 00 02 01 01 0e 2c 04 a2 01 b4 08 b7 00 1a 00 0b 02 c3 01 00 00 00 1a 06 01 0c 14 19 1d 79 8b 0d 09 0a f9 00 1f 1e b8 89 7f 00 07 00 0b 00 30 02 22 00 c2 00 00 00 01 00 00 00 00 01 00 06 00 00 00 00 00 00 00 00 00 00 00 01 00 00 00 00 00 00 32 00 00 04 07 0a 0f 14 00 10 02 00 03 00 00 00 00 00 c0 00 02 00 00 c0 00 00 01 02 d6 02 c7 02 bd 03 03 03 03 01 00 00 62 00 00 00 01 00 00 00 00 0e bb 03 04 ff 0b 0b 0b 0b a5 07 04 00 00 00 00 01 00 00 00 00 00 03 01 00 00 00 00 00 03 00 00 00 00 00 00 00 00 00 00 00 00 00 00 00 00 00 
06-01 12:20:25.126   489   522 D vendor.visteon.skylark.hardware.automotive.vehicle@V1-visteon-service: SomeipCOmm :: RX Message [0/294]:service:c7 ,Method:80df,payload:08 04 02 02 01 02 00 00 01 01 00 00 00 00 00 03 01 00 00 00 00 00 00 00 00 00 00 00 00 00 00 00 00 00 00 00 00 00 00 00 00 00 00 00 00 00 00 00 00 00 00 00 00 00 00 00 00 00 00 00 00 00 00 00 00 00 00 00 00 00 00 00 00 00 00 00 00 00 00 00 00 00 00 00 00 00 00 00 00 00 00 00 00 00 00 00 00 00 00 00 
06-01 12:20:25.147   487   508 I UclDL_Impl: Inst Id : 0 ## Tx Msgs : 781
06-01 12:20:25.147   487   508 I UclDL_Impl: Inst Id : 0 ## TxA Msgs : 660
06-01 12:20:25.147   487   508 I UclDL_Impl: Inst Id : 0 ## TxA TO : 0
06-01 12:20:25.147   487   508 I UclDL_Impl: Inst Id : 0 ## Rx Msgs : 779
06-01 12:20:25.147   487   508 I UclDL_Impl: Inst Id : 0 ## Rx HB Msgs : 2
06-01 12:20:25.147   487   508 I UclDL_Impl: Inst Id : 0 ## Tx Bps : 4888
06-01 12:20:25.147   487   508 I UclDL_Impl: Inst Id : 0 ## Rx Bps : 12800
06-01 12:20:25.147   487   508 I UclDL_Impl: Inst Id : 0  ## Avg Ack Latency : 9
06-01 12:20:25.207   489   522 D vendor.visteon.skylark.hardware.automotive.vehicle@V1-visteon-service: SomeipCOmm :: RX Message [0/29a]:service:bf ,Method:800d,payload:01 01 06 01 0d b0 7d 00 36 60 10 61 
06-01 12:20:25.207   489   522 D vendor.visteon.skylark.hardware.automotive.vehicle@V1-visteon-service: SomeipCOmm :: RX Message [0/29b]:service:bf ,Method:8025,payload:01 02 80 01 0d 9c 3e 7b 0f c0 0c 17 
06-01 12:20:25.208   489   522 D vendor.visteon.skylark.hardware.automotive.vehicle@V1-visteon-service: SomeipCOmm :: RX Message [0/29c]:service:bf ,Method:8051,payload:01 02 84 01 1e c0 0e 02 8c 00 2f 17 
06-01 12:20:25.303   645   650 I UclDL_Impl_VIP: TxA TO : 31
06-01 12:20:25.303   645   650 I UclDL_Impl_VIP: Avg Ack Latency : 11
06-01 12:20:25.303   645   650 I UclDL_Impl_VIP: pollingCntr : 7746
06-01 12:20:25.303   645   650 I UclDL_Impl_TCU: VIP-TCU - txBps : 2144
06-01 12:20:25.303   645   650 I UclDL_Impl_TCU: VIP-TCU - rxBps : 1120
06-01 12:20:25.303   645   650 I UclDL_Impl_TCU: VIP-TCU - txAckTmo : 1
06-01 12:20:25.318   489   525 D vendor.visteon.skylark.hardware.automotive.vehicle@V1-visteon-service: VHAL_SINGLEMSGSUBSCRIPTIONREQUEST:: 01 01 72 
06-01 12:20:25.319   489   525 D vendor.visteon.skylark.hardware.automotive.vehicle@V1-visteon-service: TX Message SomeipComm::send  : service:194,method:2, response Payload: 01 01 72 
06-01 12:20:25.327   489   522 D vendor.visteon.skylark.hardware.automotive.vehicle@V1-visteon-service: SomeipCOmm :: RX Message [0/29e]:service:c7 ,Method:80e2,payload:1a 14 0c 01 01 05 1a 02 
06-01 12:20:25.339   489   522 D vendor.visteon.skylark.hardware.automotive.vehicle@V1-visteon-service: SomeipCOmm :: RX Message [0/29f]:service:bf ,Method:8008,payload:01 01 72 01 
06-01 12:20:25.407   489   522 D vendor.visteon.skylark.hardware.automotive.vehicle@V1-visteon-service: SomeipCOmm :: RX Message [0/2a1]:service:bf ,Method:800d,payload:01 01 06 01 0d b0 7d 00 36 60 90 61 
06-01 12:20:25.407   489   522 D vendor.visteon.skylark.hardware.automotive.vehicle@V1-visteon-service: SomeipCOmm :: RX Message [0/2a2]:service:bf ,Method:8015,payload:01 01 72 01 6c 01 00 03 00 0a 4e 30 
06-01 12:20:25.407   489   522 D vendor.visteon.skylark.hardware.automotive.vehicle@V1-visteon-service: SomeipCOmm :: RX Message [0/2a3]:service:bf ,Method:8025,payload:01 02 80 01 0d b0 3f 7b 0f c0 0c 17 
06-01 12:20:25.408   489   522 D vendor.visteon.skylark.hardware.automotive.vehicle@V1-visteon-service: SomeipCOmm :: RX Message [0/2a4]:service:bf ,Method:8051,payload:01 02 84 01 1e d0 0e 02 8d 00 2f 17 
06-01 12:20:25.608   489   522 D vendor.visteon.skylark.hardware.automotive.vehicle@V1-visteon-service: SomeipCOmm :: RX Message [0/2a7]:service:bf ,Method:800d,payload:01 01 06 01 0d c0 7d 00 36 60 10 c8 
06-01 12:20:25.608   489   522 D vendor.visteon.skylark.hardware.automotive.vehicle@V1-visteon-service: SomeipCOmm :: RX Message [0/2a8]:service:bf ,Method:8025,payload:01 02 80 01 0d c8 3f 7b 0f c0 0c 17 
06-01 12:20:25.609   489   522 D vendor.visteon.skylark.hardware.automotive.vehicle@V1-visteon-service: SomeipCOmm :: RX Message [0/2a9]:service:bf ,Method:8051,payload:01 02 84 01 1e d0 0e 02 8e 00 2f 3c 
06-01 12:20:25.738   489  2788 D vendor.visteon.skylark.hardware.automotive.vehicle@V1-visteon-service: TX Message SomeipComm::send  : service:194,method:5, response Payload: 01 01 d2 00 00 10 01 0a 00 00 00 
06-01 12:20:25.783   489  2788 D vendor.visteon.skylark.hardware.automotive.vehicle@V1-visteon-service: TX Message SomeipComm::send  : service:194,method:5, response Payload: 01 01 d2 00 00 10 01 0a 00 00 00 
06-01 12:20:25.807   489   522 D vendor.visteon.skylark.hardware.automotive.vehicle@V1-visteon-service: SomeipCOmm :: RX Message [0/2ab]:service:bf ,Method:800d,payload:01 01 06 01 0d 9c 7d 00 36 60 90 f3 
06-01 12:20:25.808   489   522 D vendor.visteon.skylark.hardware.automotive.vehicle@V1-visteon-service: SomeipCOmm :: RX Message [0/2ac]:service:bf ,Method:8025,payload:01 02 80 01 0d 9c 40 7b 0f c0 0c 17 
06-01 12:20:25.809   489   522 D vendor.visteon.skylark.hardware.automotive.vehicle@V1-visteon-service: SomeipCOmm :: RX Message [0/2ad]:service:bf ,Method:8051,payload:01 02 84 01 1e d0 0e 02 8c 00 2f 17 
06-01 12:20:25.811   489   525 D vendor.visteon.skylark.hardware.automotive.vehicle@V1-visteon-service: VHAL_SINGLEMSGSUBSCRIPTIONREQUEST:: 01 02 e2 
06-01 12:20:25.811   489   525 D vendor.visteon.skylark.hardware.automotive.vehicle@V1-visteon-service: TX Message SomeipComm::send  : service:194,method:2, response Payload: 01 02 e2 
06-01 12:20:25.823   489   522 D vendor.visteon.skylark.hardware.automotive.vehicle@V1-visteon-service: SomeipCOmm :: RX Message [0/2b1]:service:bf ,Method:8008,payload:01 02 e2 01 
06-01 12:20:25.907   489   522 D vendor.visteon.skylark.hardware.automotive.vehicle@V1-visteon-service: SomeipCOmm :: RX Message [0/2b3]:service:bf ,Method:8032,payload:01 02 e2 01 00 00 06 00 00 00 1c 00 
06-01 12:20:26.011   489   522 D vendor.visteon.skylark.hardware.automotive.vehicle@V1-visteon-service: SomeipCOmm :: RX Message [0/2b4]:service:bf ,Method:800d,payload:01 01 06 01 0d b0 7d 00 36 60 10 e0 
06-01 12:20:26.012   489   522 D vendor.visteon.skylark.hardware.automotive.vehicle@V1-visteon-service: SomeipCOmm :: RX Message [0/2b5]:service:bf ,Method:8025,payload:01 02 80 01 0d b0 40 7b 0f c0 0c 17 
06-01 12:20:26.013   489   522 D vendor.visteon.skylark.hardware.automotive.vehicle@V1-visteon-service: SomeipCOmm :: RX Message [0/2b6]:service:bf ,Method:8051,payload:01 02 84 01 1e d0 0e 02 8d 00 2f 17 
06-01 12:20:26.103   489   527 D vendor.visteon.skylark.hardware.automotive.vehicle@V1-visteon-service: TX Message SomeipComm::send  : service:193,method:3, response Payload: 04 
06-01 12:20:26.113   489  2788 D vendor.visteon.skylark.hardware.automotive.vehicle@V1-visteon-service: TX Message SomeipComm::send  : service:194,method:4, response Payload: 01 02 c0 00 00 00 00 00 00 00 00 00 
06-01 12:20:26.114   489  2788 D vendor.visteon.skylark.hardware.automotive.vehicle@V1-visteon-service: TX Message SomeipComm::send  : service:194,method:4, response Payload: 01 02 c0 0b 00 00 00 00 00 00 00 00 
06-01 12:20:26.115   489  2788 D vendor.visteon.skylark.hardware.automotive.vehicle@V1-visteon-service: TX Message SomeipComm::send  : service:194,method:4, response Payload: 01 02 c0 0c 01 00 00 00 00 00 00 00 
06-01 12:20:26.127   489   522 D vendor.visteon.skylark.hardware.automotive.vehicle@V1-visteon-service: SomeipCOmm :: RX Message [0/2b7]:service:c0 ,Method:8000,payload:04 
06-01 12:20:26.132   489   522 D vendor.visteon.skylark.hardware.automotive.vehicle@V1-visteon-service: SomeipCOmm :: RX Message [0/2b8]:service:c7 ,Method:80e5,payload:02 00 00 01 0f 40 2a 00 08 04 09 00 00 00 00 00 00 00 00 00 09 00 00 00 00 02 01 01 0e 2c 04 a1 01 b5 08 c0 00 1a 00 0a 02 68 01 00 00 00 1a 06 01 0c 14 1a 1d 79 8f 0d 09 0a f9 00 1f 1e b6 89 7f 00 07 00 0a 00 30 02 22 00 c2 00 00 00 01 00 00 00 00 01 00 06 00 00 00 00 00 00 00 00 00 00 00 01 00 00 00 00 00 00 32 00 00 04 07 0a 0f 14 00 10 02 00 03 00 00 00 00 00 c0 00 02 00 00 c0 00 00 01 02 6b 02 62 02 68 03 03 03 03 01 00 00 62 00 00 00 01 00 00 00 00 0e bc 03 04 ff 0b 0b 0b 0b a5 07 04 00 00 00 00 01 00 00 00 00 00 03 01 00 00 00 00 00 03 00 00 00 00 00 00 00 00 00 00 00 00 00 00 00 00 00 
06-01 12:20:26.133   489   522 D vendor.visteon.skylark.hardware.automotive.vehicle@V1-visteon-service: SomeipCOmm :: RX Message [0/2b9]:service:c7 ,Method:80df,payload:08 04 02 02 01 02 00 00 01 01 00 00 00 00 00 03 01 00 00 00 00 00 00 00 00 00 00 00 00 00 00 00 00 00 00 00 00 00 00 00 00 00 00 00 00 00 00 00 00 00 00 00 00 00 00 00 00 00 00 00 00 00 00 00 00 00 00 00 00 00 00 00 00 00 00 00 00 00 00 00 00 00 00 00 00 00 00 00 00 00 00 00 00 00 00 00 00 00 00 00 
06-01 12:20:26.151   487   508 I UclDL_Impl: Inst Id : 0 ## Tx Msgs : 833
06-01 12:20:26.151   487   508 I UclDL_Impl: Inst Id : 0 ## TxA Msgs : 696
06-01 12:20:26.151   487   508 I UclDL_Impl: Inst Id : 0 ## TxA TO : 0
06-01 12:20:26.151   487   508 I UclDL_Impl: Inst Id : 0 ## Rx Msgs : 832
06-01 12:20:26.151   487   508 I UclDL_Impl: Inst Id : 0 ## Rx HB Msgs : 2
06-01 12:20:26.151   487   508 I UclDL_Impl: Inst Id : 0 ## Tx Bps : 6496
06-01 12:20:26.151   487   508 I UclDL_Impl: Inst Id : 0 ## Rx Bps : 10944
06-01 12:20:26.151   487   508 I UclDL_Impl: Inst Id : 0  ## Avg Ack Latency : 10
06-01 12:20:26.212   489   522 D vendor.visteon.skylark.hardware.automotive.vehicle@V1-visteon-service: SomeipCOmm :: RX Message [0/2bb]:service:bf ,Method:800d,payload:01 01 06 01 0d b8 7d 00 36 60 90 00 
06-01 12:20:26.212   489   522 D vendor.visteon.skylark.hardware.automotive.vehicle@V1-visteon-service: SomeipCOmm :: RX Message [0/2bc]:service:bf ,Method:8025,payload:01 02 80 01 0d c4 41 7b 0f c0 0c 17 
06-01 12:20:26.213   489   522 D vendor.visteon.skylark.hardware.automotive.vehicle@V1-visteon-service: SomeipCOmm :: RX Message [0/2bd]:service:bf ,Method:8051,payload:01 02 84 01 1e d0 0e 02 8d 00 2f 17 
06-01 12:20:26.310   645   650 I UclDL_Impl_VIP: TxA TO : 31
06-01 12:20:26.312   645   650 I UclDL_Impl_VIP: Avg Ack Latency : 8
06-01 12:20:26.312   645   650 I UclDL_Impl_VIP: pollingCntr : 7996
06-01 12:20:26.312   645   650 I UclDL_Impl_TCU: VIP-TCU - txBps : 2200
06-01 12:20:26.312   645   650 I UclDL_Impl_TCU: VIP-TCU - rxBps : 1288
06-01 12:20:26.312   645   650 I UclDL_Impl_TCU: VIP-TCU - txAckTmo : 1
06-01 12:20:26.331   489   522 D vendor.visteon.skylark.hardware.automotive.vehicle@V1-visteon-service: SomeipCOmm :: RX Message [0/2c0]:service:c7 ,Method:80e2,payload:1b 14 0c 01 01 05 1a 02 
06-01 12:20:26.410   489   522 D vendor.visteon.skylark.hardware.automotive.vehicle@V1-visteon-service: SomeipCOmm :: RX Message [0/2c1]:service:bf ,Method:800d,payload:01 01 06 01 0d 8c 7d 00 36 60 10 bc 
06-01 12:20:26.411   489   522 D vendor.visteon.skylark.hardware.automotive.vehicle@V1-visteon-service: SomeipCOmm :: RX Message [0/2c2]:service:bf ,Method:8025,payload:01 02 80 01 0d 8c 41 7c 0f c0 0c 17 
06-01 12:20:26.412   489   522 D vendor.visteon.skylark.hardware.automotive.vehicle@V1-visteon-service: SomeipCOmm :: RX Message [0/2c3]:service:bf ,Method:8051,payload:01 02 84 01 1e d0 0e 02 8c 00 2f 17 
06-01 12:20:26.612   489   522 D vendor.visteon.skylark.hardware.automotive.vehicle@V1-visteon-service: SomeipCOmm :: RX Message [0/2c4]:service:bf ,Method:800d,payload:01 01 06 01 0d a8 7d 00 36 60 90 00 
06-01 12:20:26.612   489   522 D vendor.visteon.skylark.hardware.automotive.vehicle@V1-visteon-service: SomeipCOmm :: RX Message [0/2c5]:service:bf ,Method:8025,payload:01 02 80 01 0d a8 42 7c 0f c0 0c 17 
06-01 12:20:26.613   489   522 D vendor.visteon.skylark.hardware.automotive.vehicle@V1-visteon-service: SomeipCOmm :: RX Message [0/2c6]:service:bf ,Method:8051,payload:01 02 84 01 1e d0 0e 02 8e 00 2f 17 
06-01 12:20:26.811   489   522 D vendor.visteon.skylark.hardware.automotive.vehicle@V1-visteon-service: SomeipCOmm :: RX Message [0/2c8]:service:bf ,Method:800d,payload:01 01 06 01 0d a8 7d 00 36 60 10 61 
06-01 12:20:26.815   489   522 D vendor.visteon.skylark.hardware.automotive.vehicle@V1-visteon-service: SomeipCOmm :: RX Message [0/2c9]:service:bf ,Method:8025,payload:01 02 80 01 0d 94 42 7c 0f c0 0c 17 
06-01 12:20:26.816   489   522 D vendor.visteon.skylark.hardware.automotive.vehicle@V1-visteon-service: SomeipCOmm :: RX Message [0/2ca]:service:bf ,Method:8051,payload:01 02 84 01 1e d0 0e 02 8c 00 2f 17 
06-01 12:20:27.016   489   522 D vendor.visteon.skylark.hardware.automotive.vehicle@V1-visteon-service: SomeipCOmm :: RX Message [0/2cb]:service:bf ,Method:800d,payload:01 01 06 01 0d bc 7d 00 36 60 b0 c4 
06-01 12:20:27.016   489   522 D vendor.visteon.skylark.hardware.automotive.vehicle@V1-visteon-service: SomeipCOmm :: RX Message [0/2cc]:service:bf ,Method:8025,payload:01 02 80 01 0d b8 43 7c 0f c0 0c 17 
06-01 12:20:27.017   489   522 D vendor.visteon.skylark.hardware.automotive.vehicle@V1-visteon-service: SomeipCOmm :: RX Message [0/2cd]:service:bf ,Method:8051,payload:01 02 84 01 1e d0 0e 02 8e 00 2f 17 
06-01 12:20:27.053   489   525 D vendor.visteon.skylark.hardware.automotive.vehicle@V1-visteon-service: VHAL_SINGLEMSGSUBSCRIPTIONREQUEST:: 01 02 90 
06-01 12:20:27.053   489   525 D vendor.visteon.skylark.hardware.automotive.vehicle@V1-visteon-service: TX Message SomeipComm::send  : service:194,method:2, response Payload: 01 02 90 
06-01 12:20:27.075   489   522 D vendor.visteon.skylark.hardware.automotive.vehicle@V1-visteon-service: SomeipCOmm :: RX Message [0/2ce]:service:bf ,Method:8008,payload:01 02 90 01 
06-01 12:20:27.104   489   527 D vendor.visteon.skylark.hardware.automotive.vehicle@V1-visteon-service: TX Message SomeipComm::send  : service:193,method:3, response Payload: 04 
06-01 12:20:27.113   489  2788 D vendor.visteon.skylark.hardware.automotive.vehicle@V1-visteon-service: TX Message SomeipComm::send  : service:194,method:4, response Payload: 01 02 c0 00 00 00 00 00 00 00 00 00 
06-01 12:20:27.115   489  2788 D vendor.visteon.skylark.hardware.automotive.vehicle@V1-visteon-service: TX Message SomeipComm::send  : service:194,method:4, response Payload: 01 02 c0 0b 00 00 00 00 00 00 00 00 
06-01 12:20:27.115   489   522 D vendor.visteon.skylark.hardware.automotive.vehicle@V1-visteon-service: SomeipCOmm :: RX Message [0/2cf]:service:bf ,Method:802a,payload:01 02 90 01 00 00 00 08 01 00 10 00 
06-01 12:20:27.116   489  2788 D vendor.visteon.skylark.hardware.automotive.vehicle@V1-visteon-service: TX Message SomeipComm::send  : service:194,method:4, response Payload: 01 02 c0 0c 01 00 00 00 00 00 00 00 
06-01 12:20:27.132   489   522 D vendor.visteon.skylark.hardware.automotive.vehicle@V1-visteon-service: SomeipCOmm :: RX Message [0/2d0]:service:c0 ,Method:8000,payload:04 
06-01 12:20:27.136   489   522 D vendor.visteon.skylark.hardware.automotive.vehicle@V1-visteon-service: SomeipCOmm :: RX Message [0/2d1]:service:c7 ,Method:80e5,payload:02 00 00 01 0f 40 2a 00 08 04 09 00 00 00 00 00 00 00 00 00 09 00 00 00 00 02 01 01 0e 2c 04 a2 01 b5 08 cd 00 1a 00 0b 02 c1 01 00 00 00 1a 06 01 0c 14 1b 1d 79 8f 0d 09 0a f9 00 1f 1e b4 89 7f 00 07 00 0b 00 30 02 22 00 c2 00 00 00 01 00 00 00 00 01 00 06 00 00 00 00 00 00 00 00 00 00 00 01 00 00 00 00 00 00 32 00 00 04 07 0a 0f 14 00 10 02 00 03 00 00 00 00 00 c0 00 02 00 00 c0 00 00 01 02 c2 02 bd 02 c2 03 03 03 03 01 00 00 62 00 00 00 01 00 00 00 00 0e bd 03 04 ff 0b 0b 0b 0b a5 07 04 00 00 00 00 01 00 00 00 00 00 03 01 00 00 00 00 00 03 00 00 00 00 00 00 00 00 00 00 00 00 00 00 00 00 00 
06-01 12:20:27.136   489   522 D vendor.visteon.skylark.hardware.automotive.vehicle@V1-visteon-service: SomeipCOmm :: RX Message [0/2d2]:service:c7 ,Method:80df,payload:08 04 02 02 01 02 00 00 01 01 00 00 00 00 00 03 01 00 00 00 00 00 00 00 00 00 00 00 00 00 00 00 00 00 00 00 00 00 00 00 00 00 00 00 00 00 00 00 00 00 00 00 00 00 00 00 00 00 00 00 00 00 00 00 00 00 00 00 00 00 00 00 00 00 00 00 00 00 00 00 00 00 00 00 00 00 00 00 00 00 00 00 00 00 00 00 00 00 00 00 
06-01 12:20:27.151   487   508 I UclDL_Impl: Inst Id : 0 ## Tx Msgs : 864
06-01 12:20:27.151   487   508 I UclDL_Impl: Inst Id : 0 ## TxA Msgs : 721
06-01 12:20:27.151   487   508 I UclDL_Impl: Inst Id : 0 ## TxA TO : 0
06-01 12:20:27.151   487   508 I UclDL_Impl: Inst Id : 0 ## Rx Msgs : 863
06-01 12:20:27.151   487   508 I UclDL_Impl: Inst Id : 0 ## Rx HB Msgs : 2
06-01 12:20:27.151   487   508 I UclDL_Impl: Inst Id : 0 ## Tx Bps : 3088
06-01 12:20:27.151   487   508 I UclDL_Impl: Inst Id : 0 ## Rx Bps : 7336
06-01 12:20:27.151   487   508 I UclDL_Impl: Inst Id : 0  ## Avg Ack Latency : 15
06-01 12:20:27.215   489   522 D vendor.visteon.skylark.hardware.automotive.vehicle@V1-visteon-service: SomeipCOmm :: RX Message [0/2d4]:service:bf ,Method:800d,payload:01 01 06 01 0d 88 7d 00 36 60 30 00 
06-01 12:20:27.216   489   522 D vendor.visteon.skylark.hardware.automotive.vehicle@V1-visteon-service: SomeipCOmm :: RX Message [0/2d5]:service:bf ,Method:8025,payload:01 02 80 01 0d 88 43 7c 0f c0 0c 17 
06-01 12:20:27.217   489   522 D vendor.visteon.skylark.hardware.automotive.vehicle@V1-visteon-service: SomeipCOmm :: RX Message [0/2d6]:service:bf ,Method:8051,payload:01 02 84 01 1e d0 0e 02 8e 00 2f 17 
06-01 12:20:27.225   489   536 D vendor.visteon.skylark.hardware.automotive.vehicle@V1-visteon-service: TX Message SomeipComm::send  : service:205,method:1, response Payload: 00 00 07 01 00 00 03 19 02 08 00 00 00 00 00 00 00 00 00 00 
06-01 12:20:27.230   489   536 D vendor.visteon.skylark.hardware.automotive.vehicle@V1-visteon-service: TX Message SomeipComm::send  : service:194,method:5, response Payload: 01 02 db 00 00 00 00 00 00 00 00 
06-01 12:20:27.311   645   650 I UclDL_Impl_VIP: TxA TO : 31
06-01 12:20:27.311   645   650 I UclDL_Impl_VIP: Avg Ack Latency : 11
06-01 12:20:27.311   645   650 I UclDL_Impl_VIP: pollingCntr : 8246
06-01 12:20:27.311   645   650 I UclDL_Impl_TCU: VIP-TCU - txBps : 2064
06-01 12:20:27.311   645   650 I UclDL_Impl_TCU: VIP-TCU - rxBps : 1176
06-01 12:20:27.311   645   650 I UclDL_Impl_TCU: VIP-TCU - txAckTmo : 1
06-01 12:20:27.324   489   522 D vendor.visteon.skylark.hardware.automotive.vehicle@V1-visteon-service: SomeipCOmm :: RX Message [0/2d8]:service:cd ,Method:8000,payload:00 00 07 09 00 05 00 17 59 02 ff 99 4c 54 af 99 25 13 2c d3 0b 08 2e d6 13 64 af d3 0b 87 2e 00 00 00 00 00 00 00 00 00 00 00 00 00 00 00 00 00 00 00 00 00 00 00 00 00 00 00 00 00 00 00 00 00 00 00 00 00 00 00 00 00 00 00 00 00 00 00 00 00 00 00 00 00 00 00 00 00 00 00 00 00 00 00 00 00 00 00 00 00 00 00 00 00 00 00 00 00 00 00 00 00 00 00 00 00 00 00 00 00 00 00 00 00 00 00 00 00 00 00 00 00 00 00 00 00 00 00 00 00 00 00 00 00 00 00 00 00 00 00 00 00 00 00 00 00 00 00 00 00 00 00 00 00 00 00 00 00 00 00 00 00 00 00 00 00 00 00 00 00 00 00 00 00 00 00 00 00 00 00 00 00 00 00 00 00 00 00 00 00 00 00 00 00 00 00 00 00 00 00 00 00 00 00 00 00 00 00 00 00 00 00 00 00 00 00 00 00 00 00 00 00 00 00 00 00 00 00 00 00 00 00 00 00 00 00 00 00 00 00 00 00 00 00 00 00 00 00 00 00 00 00 00 00 00 00 00 00 00 00 00 00 00 00 00 00 00 00 00 00 00 00 00 00 00 00 00 00 00 00 00 00 00 00 00 00 00 00 00 00 00 00 00 00 00 00 00 00 00 00 00 00 00 00 00 00 00 00 00 0
06-01 12:20:27.335   489   522 D vendor.visteon.skylark.hardware.automotive.vehicle@V1-visteon-service: SomeipCOmm :: RX Message [0/2d9]:service:c7 ,Method:80e2,payload:1c 14 0c 01 01 05 1a 02 
06-01 12:20:27.347   489   536 D vendor.visteon.skylark.hardware.automotive.vehicle@V1-visteon-service: TX Message SomeipComm::send  : service:205,method:1, response Payload: 00 00 07 02 00 00 03 19 02 08 00 00 00 00 00 00 00 00 00 00 
06-01 12:20:27.355   489   536 D vendor.visteon.skylark.hardware.automotive.vehicle@V1-visteon-service: TX Message SomeipComm::send  : service:194,method:5, response Payload: 01 02 db 00 00 00 00 00 00 00 00 
06-01 12:20:27.416   489   522 D vendor.visteon.skylark.hardware.automotive.vehicle@V1-visteon-service: SomeipCOmm :: RX Message [0/2da]:service:bf ,Method:800d,payload:01 01 06 01 0d 84 7d 00 36 60 b0 00 
06-01 12:20:27.416   489   522 D vendor.visteon.skylark.hardware.automotive.vehicle@V1-visteon-service: SomeipCOmm :: RX Message [0/2db]:service:bf ,Method:8025,payload:01 02 80 01 0d 9c 44 7c 0f c0 0c 17 
06-01 12:20:27.418   489   522 D vendor.visteon.skylark.hardware.automotive.vehicle@V1-visteon-service: SomeipCOmm :: RX Message [0/2dc]:service:bf ,Method:8051,payload:01 02 84 01 1e d0 0e 02 8d 00 2f 17 
06-01 12:20:27.472   489   536 D vendor.visteon.skylark.hardware.automotive.vehicle@V1-visteon-service: TX Message SomeipComm::send  : service:194,method:5, response Payload: 01 02 db 00 00 00 00 00 00 00 00 
06-01 12:20:27.588   489   536 D vendor.visteon.skylark.hardware.automotive.vehicle@V1-visteon-service: TX Message SomeipComm::send  : service:194,method:5, response Payload: 01 02 db 00 00 00 00 00 00 00 00 
06-01 12:20:27.615   489   522 D vendor.visteon.skylark.hardware.automotive.vehicle@V1-visteon-service: SomeipCOmm :: RX Message [0/2dd]:service:bf ,Method:800d,payload:01 01 06 01 0d a8 7d 00 36 60 30 00 
