06-01 12:20:37.185   489   522 D vendor.visteon.skylark.hardware.automotive.vehicle@V1-visteon-service: SomeipCOmm :: RX Message [0/3eb]:service:c7 ,Method:80df,payload:08 04 02 02 01 02 00 00 01 01 00 00 00 00 00 03 01 00 00 00 00 00 00 00 00 00 00 00 00 00 00 00 00 00 00 00 00 00 00 00 00 00 00 00 00 00 00 00 00 00 00 00 00 00 00 00 00 00 00 00 00 00 00 00 00 00 00 00 00 00 00 00 00 00 00 00 00 00 00 00 00 00 00 00 00 00 00 00 00 00 00 00 00 00 00 00 00 00 00 00 
06-01 12:20:37.188   487   508 I UclDL_Impl: Inst Id : 0 ## Tx Msgs : 1334
06-01 12:20:37.188   487   508 I UclDL_Impl: Inst Id : 0 ## TxA Msgs : 1002
06-01 12:20:37.188   487   508 I UclDL_Impl: Inst Id : 0 ## TxA TO : 0
06-01 12:20:37.188   487   508 I UclDL_Impl: Inst Id : 0 ## Rx Msgs : 1334
06-01 12:20:37.188   487   508 I UclDL_Impl: Inst Id : 0 ## Rx HB Msgs : 2
06-01 12:20:37.188   487   508 I UclDL_Impl: Inst Id : 0 ## Tx Bps : 5000
06-01 12:20:37.188   487   508 I UclDL_Impl: Inst Id : 0 ## Rx Bps : 15944
06-01 12:20:37.188   487   508 I UclDL_Impl: Inst Id : 0  ## Avg Ack Latency : 11
06-01 12:20:37.263   489   522 D vendor.visteon.skylark.hardware.automotive.vehicle@V1-visteon-service: SomeipCOmm :: RX Message [0/3ec]:service:bf ,Method:800d,payload:01 01 06 01 0d a8 7d 00 36 60 b0 f3 
06-01 12:20:37.264   489   522 D vendor.visteon.skylark.hardware.automotive.vehicle@V1-visteon-service: SomeipCOmm :: RX Message [0/3ed]:service:bf ,Method:8025,payload:01 02 80 01 0d 9c 5d 7c 0f c0 0c 17 
06-01 12:20:37.264   489   522 D vendor.visteon.skylark.hardware.automotive.vehicle@V1-visteon-service: SomeipCOmm :: RX Message [0/3ee]:service:bf ,Method:8051,payload:01 02 84 01 1e b0 0e 02 8e 00 2f 17 
06-01 12:20:37.266   489  2788 D vendor.visteon.skylark.hardware.automotive.vehicle@V1-visteon-service: TX Message SomeipComm::send  : service:194,method:5, response Payload: 01 02 db ff ff 40 00 8c 00 06 80 
06-01 12:20:37.359   645   650 I UclDL_Impl_VIP: TxA TO : 31
06-01 12:20:37.359   645   650 I UclDL_Impl_VIP: Avg Ack Latency : 8
06-01 12:20:37.359   645   650 I UclDL_Impl_VIP: pollingCntr : 10746
06-01 12:20:37.359   645   650 I UclDL_Impl_TCU: VIP-TCU - txBps : 2088
06-01 12:20:37.359   645   650 I UclDL_Impl_TCU: VIP-TCU - rxBps : 1280
06-01 12:20:37.359   645   650 I UclDL_Impl_TCU: VIP-TCU - txAckTmo : 1
06-01 12:20:37.370   489  2788 D vendor.visteon.skylark.hardware.automotive.vehicle@V1-visteon-service: TX Message SomeipComm::send  : service:194,method:5, response Payload: 01 02 db 00 05 9f ff 30 00 0a 00 
06-01 12:20:37.383   489   522 D vendor.visteon.skylark.hardware.automotive.vehicle@V1-visteon-service: SomeipCOmm :: RX Message [0/3f0]:service:c7 ,Method:80e2,payload:26 14 0c 01 01 05 1a 02 
06-01 12:20:37.464   489   522 D vendor.visteon.skylark.hardware.automotive.vehicle@V1-visteon-service: SomeipCOmm :: RX Message [0/3f1]:service:bf ,Method:800d,payload:01 01 06 01 0d ac 7d 00 36 60 50 c8 
06-01 12:20:37.465   489   522 D vendor.visteon.skylark.hardware.automotive.vehicle@V1-visteon-service: SomeipCOmm :: RX Message [0/3f2]:service:bf ,Method:8025,payload:01 02 80 01 0d 98 5e 7c 0f c0 0c 17 
06-01 12:20:37.466   489   522 D vendor.visteon.skylark.hardware.automotive.vehicle@V1-visteon-service: SomeipCOmm :: RX Message [0/3f3]:service:bf ,Method:8051,payload:01 02 84 01 1e b0 0e 02 8d 00 2f 17 
06-01 12:20:37.476   489  2788 D vendor.visteon.skylark.hardware.automotive.vehicle@V1-visteon-service: TX Message SomeipComm::send  : service:194,method:5, response Payload: 01 02 db ff f5 60 00 af ff f8 00 
06-01 12:20:37.553   489  2788 D vendor.visteon.skylark.hardware.automotive.vehicle@V1-visteon-service: TX Message SomeipComm::send  : service:194,method:6, response Payload: 00 0b 07 39 38 34 37 33 39 34 37 34 33 00 00 00 00 00 00 00 00 00 00 
06-01 12:20:37.581   489  2788 D vendor.visteon.skylark.hardware.automotive.vehicle@V1-visteon-service: TX Message SomeipComm::send  : service:194,method:5, response Payload: 01 02 db 00 04 80 00 27 ff f8 00 
06-01 12:20:37.667   489   522 D vendor.visteon.skylark.hardware.automotive.vehicle@V1-visteon-service: SomeipCOmm :: RX Message [0/3f5]:service:bf ,Method:800d,payload:01 01 06 01 0d 9c 7d 00 36 60 d0 f3 
06-01 12:20:37.668   489   522 D vendor.visteon.skylark.hardware.automotive.vehicle@V1-visteon-service: SomeipCOmm :: RX Message [0/3f6]:service:bf ,Method:8025,payload:01 02 80 01 0d 98 5e 7d 0f c0 0c 17 
06-01 12:20:37.669   489   522 D vendor.visteon.skylark.hardware.automotive.vehicle@V1-visteon-service: SomeipCOmm :: RX Message [0/3f7]:service:bf ,Method:8051,payload:01 02 84 01 1e b0 0e 02 8e 00 2f 17 
06-01 12:20:37.691   489  2788 D vendor.visteon.skylark.hardware.automotive.vehicle@V1-visteon-service: TX Message SomeipComm::send  : service:194,method:5, response Payload: 01 02 db 00 04 1f ff 28 00 15 00 
06-01 12:20:37.799   489  2788 D vendor.visteon.skylark.hardware.automotive.vehicle@V1-visteon-service: TX Message SomeipComm::send  : service:194,method:5, response Payload: 01 02 db ff f9 e0 00 77 ff f6 80 
06-01 12:20:37.868   489   522 D vendor.visteon.skylark.hardware.automotive.vehicle@V1-visteon-service: SomeipCOmm :: RX Message [0/3f8]:service:bf ,Method:800d,payload:01 01 06 01 0d a8 7d 00 36 60 50 61 
06-01 12:20:37.869   489   522 D vendor.visteon.skylark.hardware.automotive.vehicle@V1-visteon-service: SomeipCOmm :: RX Message [0/3f9]:service:bf ,Method:8025,payload:01 02 80 01 0d a0 5f 7d 0f c0 0c 17 
06-01 12:20:37.871   489   522 D vendor.visteon.skylark.hardware.automotive.vehicle@V1-visteon-service: SomeipCOmm :: RX Message [0/3fa]:service:bf ,Method:8051,payload:01 02 84 01 1e b0 0e 02 8e 00 2f 17 
06-01 12:20:37.907   489  2788 D vendor.visteon.skylark.hardware.automotive.vehicle@V1-visteon-service: TX Message SomeipComm::send  : service:194,method:5, response Payload: 01 02 db ff f9 e0 00 77 ff f6 80 
06-01 12:20:38.012   489  2788 D vendor.visteon.skylark.hardware.automotive.vehicle@V1-visteon-service: TX Message SomeipComm::send  : service:194,method:5, response Payload: 01 02 db 00 05 5f ff cf ff f1 00 
06-01 12:20:38.067   489   522 D vendor.visteon.skylark.hardware.automotive.vehicle@V1-visteon-service: SomeipCOmm :: RX Message [0/3fb]:service:bf ,Method:800d,payload:01 01 06 01 0d ac 7d 00 36 60 d0 c4 
06-01 12:20:38.068   489   522 D vendor.visteon.skylark.hardware.automotive.vehicle@V1-visteon-service: SomeipCOmm :: RX Message [0/3fc]:service:bf ,Method:8025,payload:01 02 80 01 0d a4 5f 7d 0f c0 0c 17 
06-01 12:20:38.069   489   522 D vendor.visteon.skylark.hardware.automotive.vehicle@V1-visteon-service: SomeipCOmm :: RX Message [0/3fd]:service:bf ,Method:8051,payload:01 02 84 01 1e b0 0e 02 8c 00 2f 17 
06-01 12:20:38.105   489  2788 D vendor.visteon.skylark.hardware.automotive.vehicle@V1-visteon-service: TX Message SomeipComm::send  : service:194,method:4, response Payload: 01 02 c0 00 00 00 00 00 00 00 00 00 
06-01 12:20:38.106   489  2788 D vendor.visteon.skylark.hardware.automotive.vehicle@V1-visteon-service: TX Message SomeipComm::send  : service:194,method:4, response Payload: 01 02 c0 0b 00 00 00 00 00 00 00 00 
06-01 12:20:38.108   489   527 D vendor.visteon.skylark.hardware.automotive.vehicle@V1-visteon-service: TX Message SomeipComm::send  : service:193,method:3, response Payload: 04 
06-01 12:20:38.109   489  2788 D vendor.visteon.skylark.hardware.automotive.vehicle@V1-visteon-service: TX Message SomeipComm::send  : service:194,method:4, response Payload: 01 02 c0 0c 01 00 00 00 00 00 00 00 
06-01 12:20:38.118   489  2788 D vendor.visteon.skylark.hardware.automotive.vehicle@V1-visteon-service: TX Message SomeipComm::send  : service:194,method:5, response Payload: 01 02 db 00 02 a0 00 00 00 09 80 
06-01 12:20:38.184   489   522 D vendor.visteon.skylark.hardware.automotive.vehicle@V1-visteon-service: SomeipCOmm :: RX Message [0/3ff]:service:c0 ,Method:8000,payload:04 
06-01 12:20:38.188   487   508 I UclDL_Impl: Inst Id : 0 ## Tx Msgs : 1371
06-01 12:20:38.188   487   508 I UclDL_Impl: Inst Id : 0 ## TxA Msgs : 1024
06-01 12:20:38.188   487   508 I UclDL_Impl: Inst Id : 0 ## TxA TO : 0
06-01 12:20:38.188   487   508 I UclDL_Impl: Inst Id : 0 ## Rx Msgs : 1371
06-01 12:20:38.188   487   508 I UclDL_Impl: Inst Id : 0 ## Rx HB Msgs : 2
06-01 12:20:38.188   487   508 I UclDL_Impl: Inst Id : 0 ## Tx Bps : 4360
06-01 12:20:38.188   487   508 I UclDL_Impl: Inst Id : 0 ## Rx Bps : 7280
06-01 12:20:38.188   487   508 I UclDL_Impl: Inst Id : 0  ## Avg Ack Latency : 8
06-01 12:20:38.190   489   522 D vendor.visteon.skylark.hardware.automotive.vehicle@V1-visteon-service: SomeipCOmm :: RX Message [0/400]:service:c7 ,Method:80e5,payload:02 00 00 01 0f 40 2a 00 08 04 09 00 00 00 00 00 00 00 00 00 09 00 00 00 00 02 01 01 0e 2b 04 a2 01 b5 08 c5 00 1a 00 0b 02 c6 01 00 00 00 1a 06 01 0c 14 26 1d 79 8b 0d 09 0a f9 00 1f 1e b8 89 7f 00 07 00 0b 00 30 02 22 00 c2 00 00 00 01 00 00 00 00 01 00 06 00 00 00 00 00 00 00 00 00 00 00 01 00 00 00 00 00 00 32 00 00 04 07 0a 0f 14 00 10 02 00 03 00 00 00 00 00 c0 00 02 00 00 c0 00 00 01 02 bd 02 ca 02 c5 03 03 03 03 01 00 00 62 00 00 00 01 00 00 00 00 0e bb 03 04 ff 0b 0b 0b 0b a5 07 04 00 00 00 00 01 00 00 00 00 00 03 01 00 00 00 00 00 03 00 00 00 00 00 00 00 00 00 00 00 00 00 00 00 00 00 
06-01 12:20:38.191   489   522 D vendor.visteon.skylark.hardware.automotive.vehicle@V1-visteon-service: SomeipCOmm :: RX Message [0/401]:service:c7 ,Method:80df,payload:08 04 02 02 01 02 00 00 01 01 00 00 00 00 00 03 01 00 00 00 00 00 00 00 00 00 00 00 00 00 00 00 00 00 00 00 00 00 00 00 00 00 00 00 00 00 00 00 00 00 00 00 00 00 00 00 00 00 00 00 00 00 00 00 00 00 00 00 00 00 00 00 00 00 00 00 00 00 00 00 00 00 00 00 00 00 00 00 00 00 00 00 00 00 00 00 00 00 00 00 
06-01 12:20:38.225   489  2788 D vendor.visteon.skylark.hardware.automotive.vehicle@V1-visteon-service: TX Message SomeipComm::send  : service:194,method:5, response Payload: 01 02 db ff f9 df ff 8c 00 01 00 
06-01 12:20:38.268   489   522 D vendor.visteon.skylark.hardware.automotive.vehicle@V1-visteon-service: SomeipCOmm :: RX Message [0/402]:service:bf ,Method:800d,payload:01 01 06 01 0d b0 7d 00 36 60 50 00 
06-01 12:20:38.269   489   522 D vendor.visteon.skylark.hardware.automotive.vehicle@V1-visteon-service: SomeipCOmm :: RX Message [0/403]:service:bf ,Method:8025,payload:01 02 80 01 0d 90 60 7d 0f c0 0c 17 
06-01 12:20:38.270   489   522 D vendor.visteon.skylark.hardware.automotive.vehicle@V1-visteon-service: SomeipCOmm :: RX Message [0/404]:service:bf ,Method:8051,payload:01 02 84 01 1e b0 0e 02 8d 00 2f 17 
06-01 12:20:38.333   489  2788 D vendor.visteon.skylark.hardware.automotive.vehicle@V1-visteon-service: TX Message SomeipComm::send  : service:194,method:5, response Payload: 01 02 db 00 03 80 00 6c 00 00 80 
06-01 12:20:38.368   645   650 I UclDL_Impl_VIP: TxA TO : 31
06-01 12:20:38.368   645   650 I UclDL_Impl_VIP: Avg Ack Latency : 8
06-01 12:20:38.368   645   650 I UclDL_Impl_VIP: pollingCntr : 10996
06-01 12:20:38.368   645   650 I UclDL_Impl_TCU: VIP-TCU - txBps : 2120
06-01 12:20:38.368   645   650 I UclDL_Impl_TCU: VIP-TCU - rxBps : 1120
06-01 12:20:38.368   645   650 I UclDL_Impl_TCU: VIP-TCU - txAckTmo : 1
06-01 12:20:38.387   489   522 D vendor.visteon.skylark.hardware.automotive.vehicle@V1-visteon-service: SomeipCOmm :: RX Message [0/406]:service:c7 ,Method:80e2,payload:27 14 0c 01 01 05 1a 02 
06-01 12:20:38.442   489  2788 D vendor.visteon.skylark.hardware.automotive.vehicle@V1-visteon-service: TX Message SomeipComm::send  : service:194,method:5, response Payload: 01 02 db ff fe c0 00 53 ff f5 00 
06-01 12:20:38.471   489   522 D vendor.visteon.skylark.hardware.automotive.vehicle@V1-visteon-service: SomeipCOmm :: RX Message [0/407]:service:bf ,Method:800d,payload:01 01 06 01 0d ac 7d 00 36 60 d0 00 
06-01 12:20:38.472   489   522 D vendor.visteon.skylark.hardware.automotive.vehicle@V1-visteon-service: SomeipCOmm :: RX Message [0/408]:service:bf ,Method:8025,payload:01 02 80 01 0d ac 61 7d 0f c0 0c 17 
06-01 12:20:38.473   489   522 D vendor.visteon.skylark.hardware.automotive.vehicle@V1-visteon-service: SomeipCOmm :: RX Message [0/409]:service:bf ,Method:8051,payload:01 02 84 01 1e b0 0e 02 8c 00 2f 17 
06-01 12:20:38.549   489  2788 D vendor.visteon.skylark.hardware.automotive.vehicle@V1-visteon-service: TX Message SomeipComm::send  : service:194,method:5, response Payload: 01 02 db ff ff bf ff 24 00 0e 00 
06-01 12:20:38.562   489  2788 D vendor.visteon.skylark.hardware.automotive.vehicle@V1-visteon-service: TX Message SomeipComm::send  : service:194,method:4, response Payload: 01 02 c0 0d 01 00 00 00 00 00 00 00 
06-01 12:20:38.565   489  2788 D vendor.visteon.skylark.hardware.automotive.vehicle@V1-visteon-service: TX Message SomeipComm::send  : service:194,method:4, response Payload: 01 02 c4 00 03 00 00 00 00 00 00 00 
06-01 12:20:38.567   489  2788 D vendor.visteon.skylark.hardware.automotive.vehicle@V1-visteon-service: TX Message SomeipComm::send  : service:194,method:4, response Payload: 01 02 c0 0d 01 00 00 00 00 00 00 00 
06-01 12:20:38.568   489  2788 D vendor.visteon.skylark.hardware.automotive.vehicle@V1-visteon-service: TX Message SomeipComm::send  : service:194,method:4, response Payload: 01 02 c4 00 03 00 00 00 00 00 00 00 
06-01 12:20:38.570   489  2788 D vendor.visteon.skylark.hardware.automotive.vehicle@V1-visteon-service: TX Message SomeipComm::send  : service:194,method:5, response Payload: 01 02 c9 12 00 00 00 00 00 40 0e 
06-01 12:20:38.655   489  2788 D vendor.visteon.skylark.hardware.automotive.vehicle@V1-visteon-service: TX Message SomeipComm::send  : service:194,method:5, response Payload: 01 02 db 00 01 a0 00 4c 00 01 00 
06-01 12:20:38.671   489   522 D vendor.visteon.skylark.hardware.automotive.vehicle@V1-visteon-service: SomeipCOmm :: RX Message [0/40b]:service:bf ,Method:800d,payload:01 01 06 01 0d 80 7d 00 36 60 50 00 
06-01 12:20:38.672   489  2788 D vendor.visteon.skylark.hardware.automotive.vehicle@V1-visteon-service: TX Message SomeipComm::send  : service:194,method:6, response Payload: 00 09 06 73 6d 61 6c 6c 31 32 33 00 00 00 00 00 00 00 00 00 00 00 00 
06-01 12:20:38.672   489   522 D vendor.visteon.skylark.hardware.automotive.vehicle@V1-visteon-service: SomeipCOmm :: RX Message [0/40c]:service:bf ,Method:8025,payload:01 02 80 01 0d 7c 61 7d 0f c0 0c 17 
06-01 12:20:38.672   489   522 D vendor.visteon.skylark.hardware.automotive.vehicle@V1-visteon-service: SomeipCOmm :: RX Message [0/40d]:service:bf ,Method:8051,payload:01 02 84 01 1e b0 0e 02 8d 00 2f 17 
06-01 12:20:38.760   489  2788 D vendor.visteon.skylark.hardware.automotive.vehicle@V1-visteon-service: TX Message SomeipComm::send  : service:194,method:5, response Payload: 01 02 db ff fb bf ff b3 ff f3 80 
06-01 12:20:38.871   489   522 D vendor.visteon.skylark.hardware.automotive.vehicle@V1-visteon-service: SomeipCOmm :: RX Message [0/40e]:service:bf ,Method:800d,payload:01 01 06 01 0d b4 7d 00 36 60 d0 c8 
06-01 12:20:38.872   489   522 D vendor.visteon.skylark.hardware.automotive.vehicle@V1-visteon-service: SomeipCOmm :: RX Message [0/40f]:service:bf ,Method:8025,payload:01 02 80 01 0d b4 62 7d 0f c0 0c 17 
06-01 12:20:38.872   489  2788 D vendor.visteon.skylark.hardware.automotive.vehicle@V1-visteon-service: TX Message SomeipComm::send  : service:194,method:5, response Payload: 01 02 db 00 01 a0 00 70 00 08 80 
06-01 12:20:38.873   489   522 D vendor.visteon.skylark.hardware.automotive.vehicle@V1-visteon-service: SomeipCOmm :: RX Message [0/410]:service:bf ,Method:8051,payload:01 02 84 01 1e b0 0e 02 8e 00 2f 17 
06-01 12:20:38.975   489  2788 D vendor.visteon.skylark.hardware.automotive.vehicle@V1-visteon-service: TX Message SomeipComm::send  : service:194,method:5, response Payload: 01 02 db 00 00 7f ff 80 00 05 80 
06-01 12:20:39.072   489   522 D vendor.visteon.skylark.hardware.automotive.vehicle@V1-visteon-service: SomeipCOmm :: RX Message [0/411]:service:bf ,Method:800d,payload:01 01 06 01 0d 94 7d 00 36 60 50 e0 
06-01 12:20:39.072   489   522 D vendor.visteon.skylark.hardware.automotive.vehicle@V1-visteon-service: SomeipCOmm :: RX Message [0/412]:service:bf ,Method:800f,payload:01 01 15 01 00 56 00 00 00 00 00 00 
06-01 12:20:39.073   489   522 D vendor.visteon.skylark.hardware.automotive.vehicle@V1-visteon-service: SomeipCOmm :: RX Message [0/413]:service:bf ,Method:8025,payload:01 02 80 01 0d 94 62 7d 0f c0 0c 17 
06-01 12:20:39.074   489   522 D vendor.visteon.skylark.hardware.automotive.vehicle@V1-visteon-service: SomeipCOmm :: RX Message [0/414]:service:bf ,Method:8051,payload:01 02 84 01 1e b0 0e 02 8b 00 2f 17 
06-01 12:20:39.079   489  2788 D vendor.visteon.skylark.hardware.automotive.vehicle@V1-visteon-service: TX Message SomeipComm::send  : service:194,method:5, response Payload: 01 02 db 00 00 7f ff 80 00 05 80 
06-01 12:20:39.108   489   527 D vendor.visteon.skylark.hardware.automotive.vehicle@V1-visteon-service: TX Message SomeipComm::send  : service:193,method:3, response Payload: 04 
06-01 12:20:39.112   489  2788 D vendor.visteon.skylark.hardware.automotive.vehicle@V1-visteon-service: TX Message SomeipComm::send  : service:194,method:4, response Payload: 01 02 c0 00 00 00 00 00 00 00 00 00 
06-01 12:20:39.114   489  2788 D vendor.visteon.skylark.hardware.automotive.vehicle@V1-visteon-service: TX Message SomeipComm::send  : service:194,method:4, response Payload: 01 02 c0 0b 00 00 00 00 00 00 00 00 
06-01 12:20:39.116   489  2788 D vendor.visteon.skylark.hardware.automotive.vehicle@V1-visteon-service: TX Message SomeipComm::send  : service:194,method:4, response Payload: 01 02 c0 0c 01 00 00 00 00 00 00 00 
06-01 12:20:39.186   489  2788 D vendor.visteon.skylark.hardware.automotive.vehicle@V1-visteon-service: TX Message SomeipComm::send  : service:194,method:5, response Payload: 01 02 db ff f6 60 00 c7 ff f7 80 
06-01 12:20:39.187   487   508 I UclDL_Impl: Inst Id : 0 ## Tx Msgs : 1410
06-01 12:20:39.187   487   508 I UclDL_Impl: Inst Id : 0 ## TxA Msgs : 1044
06-01 12:20:39.187   487   508 I UclDL_Impl: Inst Id : 0 ## TxA TO : 0
06-01 12:20:39.187   487   508 I UclDL_Impl: Inst Id : 0 ## Rx Msgs : 1409
06-01 12:20:39.187   487   508 I UclDL_Impl: Inst Id : 0 ## Rx HB Msgs : 2
06-01 12:20:39.187   487   508 I UclDL_Impl: Inst Id : 0 ## Tx Bps : 5016
06-01 12:20:39.187   487   508 I UclDL_Impl: Inst Id : 0 ## Rx Bps : 5008
06-01 12:20:39.187   487   508 I UclDL_Impl: Inst Id : 0  ## Avg Ack Latency : 6
06-01 12:20:39.192   489   522 D vendor.visteon.skylark.hardware.automotive.vehicle@V1-visteon-service: SomeipCOmm :: RX Message [0/416]:service:c0 ,Method:8000,payload:04 
06-01 12:20:39.194   489   522 D vendor.visteon.skylark.hardware.automotive.vehicle@V1-visteon-service: SomeipCOmm :: RX Message [0/417]:service:c7 ,Method:80e5,payload:02 00 00 01 0f 40 2a 00 08 04 09 00 00 00 00 00 00 00 00 00 09 00 00 00 00 02 01 01 0e 2c 04 a4 01 b3 08 b6 00 1a 00 0a 02 9d 01 00 00 00 1a 06 01 0c 14 27 1d 79 8f 0d 09 0a f9 00 1f 1e ba 89 7f 00 07 00 0a 00 30 02 22 00 c2 00 00 00 01 00 00 00 00 01 00 06 00 00 00 00 00 00 00 00 00 00 00 01 00 00 00 00 00 00 32 00 00 04 07 0a 0f 14 00 10 02 00 03 00 00 00 00 00 c0 00 02 00 00 c0 00 00 01 02 80 02 96 02 8e 03 03 03 03 01 00 00 62 00 00 00 01 00 00 00 00 0e bc 03 04 ff 0b 0b 0b 0b a5 07 04 00 00 00 00 01 00 00 00 00 00 03 01 00 00 00 00 00 03 00 00 00 00 00 00 00 00 00 00 00 00 00 00 00 00 00 
06-01 12:20:39.196   489   522 D vendor.visteon.skylark.hardware.automotive.vehicle@V1-visteon-service: SomeipCOmm :: RX Message [0/418]:service:c7 ,Method:80df,payload:08 04 02 02 01 02 00 00 01 01 00 00 00 00 00 03 01 00 00 00 00 00 00 00 00 00 00 00 00 00 00 00 00 00 00 00 00 00 00 00 00 00 00 00 00 00 00 00 00 00 00 00 00 00 00 00 00 00 00 00 00 00 00 00 00 00 00 00 00 00 00 00 00 00 00 00 00 00 00 00 00 00 00 00 00 00 00 00 00 00 00 00 00 00 00 00 00 00 00 00 
06-01 12:20:39.276   489   522 D vendor.visteon.skylark.hardware.automotive.vehicle@V1-visteon-service: SomeipCOmm :: RX Message [0/419]:service:bf ,Method:800d,payload:01 01 06 01 0d 9c 7d 00 36 60 d0 61 
06-01 12:20:39.276   489   522 D vendor.visteon.skylark.hardware.automotive.vehicle@V1-visteon-service: SomeipCOmm :: RX Message [0/41a]:service:bf ,Method:8025,payload:01 02 80 01 0d 90 63 7d 0f c0 0c 17 
06-01 12:20:39.277   489   522 D vendor.visteon.skylark.hardware.automotive.vehicle@V1-visteon-service: SomeipCOmm :: RX Message [0/41b]:service:bf ,Method:8051,payload:01 02 84 01 1e b0 0e 02 8d 00 2f 17 
06-01 12:20:39.295   489  2788 D vendor.visteon.skylark.hardware.automotive.vehicle@V1-visteon-service: TX Message SomeipComm::send  : service:194,method:5, response Payload: 01 02 db 00 03 e0 00 27 ff f4 80 
06-01 12:20:39.372   645   650 I UclDL_Impl_VIP: TxA TO : 31
06-01 12:20:39.372   645   650 I UclDL_Impl_VIP: Avg Ack Latency : 11
06-01 12:20:39.372   645   650 I UclDL_Impl_VIP: pollingCntr : 11246
06-01 12:20:39.372   645   650 I UclDL_Impl_TCU: VIP-TCU - txBps : 2328
06-01 12:20:39.372   645   650 I UclDL_Impl_TCU: VIP-TCU - rxBps : 1288
06-01 12:20:39.372   645   650 I UclDL_Impl_TCU: VIP-TCU - txAckTmo : 1
06-01 12:20:39.396   489   522 D vendor.visteon.skylark.hardware.automotive.vehicle@V1-visteon-service: SomeipCOmm :: RX Message [0/41d]:service:c7 ,Method:80e2,payload:28 14 0c 01 01 05 1a 02 
06-01 12:20:39.402   489  2788 D vendor.visteon.skylark.hardware.automotive.vehicle@V1-visteon-service: TX Message SomeipComm::send  : service:194,method:5, response Payload: 01 02 db 00 0a bf fe f4 00 13 00 
06-01 12:20:39.476   489   522 D vendor.visteon.skylark.hardware.automotive.vehicle@V1-visteon-service: SomeipCOmm :: RX Message [0/41e]:service:bf ,Method:800d,payload:01 01 06 01 0d 88 7d 00 36 60 70 61 
06-01 12:20:39.476   489   522 D vendor.visteon.skylark.hardware.automotive.vehicle@V1-visteon-service: SomeipCOmm :: RX Message [0/41f]:service:bf ,Method:8025,payload:01 02 80 01 0d 88 63 7d 0f c0 0c 17 
06-01 12:20:39.477   489   522 D vendor.visteon.skylark.hardware.automotive.vehicle@V1-visteon-service: SomeipCOmm :: RX Message [0/420]:service:bf ,Method:8051,payload:01 02 84 01 1e b0 0e 02 8c 00 2f 17 
06-01 12:20:39.509   489  2788 D vendor.visteon.skylark.hardware.automotive.vehicle@V1-visteon-service: TX Message SomeipComm::send  : service:194,method:5, response Payload: 01 02 db ff f0 e0 01 23 ff f2 80 
06-01 12:20:39.520   489   522 D vendor.visteon.skylark.hardware.automotive.vehicle@V1-visteon-service: SomeipCOmm :: RX Message [0/421]:service:bf ,Method:806b,payload:01 04 fa 01 00 18 06 00 05 94 8c 83 
06-01 12:20:39.576   489   522 D vendor.visteon.skylark.hardware.automotive.vehicle@V1-visteon-service: SomeipCOmm :: RX Message [0/422]:service:bf ,Method:803d,payload:01 02 b5 01 8a 8c 1c 00 00 00 40 00 
06-01 12:20:39.615   489  2788 D vendor.visteon.skylark.hardware.automotive.vehicle@V1-visteon-service: TX Message SomeipComm::send  : service:194,method:5, response Payload: 01 02 db 00 11 1f ff 5f ff fb 80 
06-01 12:20:39.676   489  2788 D vendor.visteon.skylark.hardware.automotive.vehicle@V1-visteon-service: TX Message SomeipComm::send  : service:194,method:6, response Payload: 00 09 06 73 6d 61 6c 6c 31 32 33 00 00 00 00 00 00 00 00 00 00 00 00 
06-01 12:20:39.678   489   522 D vendor.visteon.skylark.hardware.automotive.vehicle@V1-visteon-service: SomeipCOmm :: RX Message [0/424]:service:bf ,Method:800d,payload:01 01 06 01 0d b0 7d 00 36 60 f0 00 
06-01 12:20:39.679   489   522 D vendor.visteon.skylark.hardware.automotive.vehicle@V1-visteon-service: SomeipCOmm :: RX Message [0/425]:service:bf ,Method:8025,payload:01 02 80 01 0d b0 64 7d 0f c0 0c 17 
06-01 12:20:39.680   489   522 D vendor.visteon.skylark.hardware.automotive.vehicle@V1-visteon-service: SomeipCOmm :: RX Message [0/426]:service:bf ,Method:8051,payload:01 02 84 01 1e b0 0e 02 8b 00 2f 17 
06-01 12:20:39.726   489  2788 D vendor.visteon.skylark.hardware.automotive.vehicle@V1-visteon-service: TX Message SomeipComm::send  : service:194,method:5, response Payload: 01 02 db 00 04 20 00 20 00 0c 80 
06-01 12:20:39.831   489  2788 D vendor.visteon.skylark.hardware.automotive.vehicle@V1-visteon-service: TX Message SomeipComm::send  : service:194,method:5, response Payload: 01 02 db ff ef df ff d3 ff fb 80 
06-01 12:20:39.876   489   522 D vendor.visteon.skylark.hardware.automotive.vehicle@V1-visteon-service: SomeipCOmm :: RX Message [0/427]:service:bf ,Method:800d,payload:01 01 06 01 0d 94 7d 00 36 60 70 00 
06-01 12:20:39.878   489   522 D vendor.visteon.skylark.hardware.automotive.vehicle@V1-visteon-service: SomeipCOmm :: RX Message [0/428]:service:bf ,Method:8025,payload:01 02 80 01 0d 94 64 7d 0f c0 0c 17 
06-01 12:20:39.879   489   522 D vendor.visteon.skylark.hardware.automotive.vehicle@V1-visteon-service: SomeipCOmm :: RX Message [0/429]:service:bf ,Method:8051,payload:01 02 84 01 1e b0 0e 02 8c 00 2f 17 
06-01 12:20:39.936   489  2788 D vendor.visteon.skylark.hardware.automotive.vehicle@V1-visteon-service: TX Message SomeipComm::send  : service:194,method:5, response Payload: 01 02 db 00 05 a0 00 e8 00 00 80 
06-01 12:20:40.041   489  2788 D vendor.visteon.skylark.hardware.automotive.vehicle@V1-visteon-service: TX Message SomeipComm::send  : service:194,method:5, response Payload: 01 02 db 00 0a 1f ff 5c 00 03 00 
06-01 12:20:40.080   489   522 D vendor.visteon.skylark.hardware.automotive.vehicle@V1-visteon-service: SomeipCOmm :: RX Message [0/42a]:service:bf ,Method:800d,payload:01 01 06 01 0d 68 7d 00 36 60 f0 00 
06-01 12:20:40.080   489   522 D vendor.visteon.skylark.hardware.automotive.vehicle@V1-visteon-service: SomeipCOmm :: RX Message [0/42b]:service:bf ,Method:800f,payload:01 01 15 01 00 56 00 00 00 00 00 00 
06-01 12:20:40.081   489   522 D vendor.visteon.skylark.hardware.automotive.vehicle@V1-visteon-service: SomeipCOmm :: RX Message [0/42c]:service:bf ,Method:8025,payload:01 02 80 01 0d 68 65 7d 0f c0 0c 17 
06-01 12:20:40.082   489   522 D vendor.visteon.skylark.hardware.automotive.vehicle@V1-visteon-service: SomeipCOmm :: RX Message [0/42d]:service:bf ,Method:8051,payload:01 02 84 01 1e b0 0e 02 8d 00 2f 17 
06-01 12:20:40.109   489   527 D vendor.visteon.skylark.hardware.automotive.vehicle@V1-visteon-service: TX Message SomeipComm::send  : service:193,method:3, response Payload: 04 
06-01 12:20:40.134   489  2788 D vendor.visteon.skylark.hardware.automotive.vehicle@V1-visteon-service: TX Message SomeipComm::send  : service:194,method:4, response Payload: 01 02 c0 00 00 00 00 00 00 00 00 00 
06-01 12:20:40.136   489  2788 D vendor.visteon.skylark.hardware.automotive.vehicle@V1-visteon-service: TX Message SomeipComm::send  : service:194,method:4, response Payload: 01 02 c0 0b 00 00 00 00 00 00 00 00 
06-01 12:20:40.138   489  2788 D vendor.visteon.skylark.hardware.automotive.vehicle@V1-visteon-service: TX Message SomeipComm::send  : service:194,method:4, response Payload: 01 02 c0 0c 01 00 00 00 00 00 00 00 
06-01 12:20:40.147   489  2788 D vendor.visteon.skylark.hardware.automotive.vehicle@V1-visteon-service: TX Message SomeipComm::send  : service:194,method:5, response Payload: 01 02 db 00 0a 1f ff 5c 00 03 00 
06-01 12:20:40.180   489   522 D vendor.visteon.skylark.hardware.automotive.vehicle@V1-visteon-service: SomeipCOmm :: RX Message [0/42f]:service:bf ,Method:803d,payload:01 02 b5 01 8a 8d 1c 00 00 00 40 00 
06-01 12:20:40.187   487   508 I UclDL_Impl: Inst Id : 0 ## Tx Msgs : 1450
06-01 12:20:40.187   487   508 I UclDL_Impl: Inst Id : 0 ## TxA Msgs : 1070
06-01 12:20:40.187   487   508 I UclDL_Impl: Inst Id : 0 ## TxA TO : 0
06-01 12:20:40.188   487   508 I UclDL_Impl: Inst Id : 0 ## Rx Msgs : 1450
06-01 12:20:40.188   487   508 I UclDL_Impl: Inst Id : 0 ## Rx HB Msgs : 2
06-01 12:20:40.188   487   508 I UclDL_Impl: Inst Id : 0 ## Tx Bps : 4576
06-01 12:20:40.188   487   508 I UclDL_Impl: Inst Id : 0 ## Rx Bps : 7920
06-01 12:20:40.188   487   508 I UclDL_Impl: Inst Id : 0  ## Avg Ack Latency : 9
06-01 12:20:40.196   489   522 D vendor.visteon.skylark.hardware.automotive.vehicle@V1-visteon-service: SomeipCOmm :: RX Message [0/430]:service:c0 ,Method:8000,payload:04 
06-01 12:20:40.200   489   522 D vendor.visteon.skylark.hardware.automotive.vehicle@V1-visteon-service: SomeipCOmm :: RX Message [0/431]:service:c7 ,Method:80e5,payload:02 00 00 01 0f 40 2a 00 08 04 09 00 00 00 00 00 00 00 00 00 09 00 00 00 00 02 01 01 0e 2b 04 a1 01 b6 08 b3 00 1a 00 0a 02 8f 01 00 00 00 1a 06 01 0c 14 28 1d 79 8f 0d 09 0a f9 00 1f 1e b8 89 7f 00 07 00 0b 00 30 02 22 00 c2 00 00 00 01 00 00 00 00 01 00 06 00 00 00 00 00 00 00 00 00 00 00 01 00 00 00 00 00 00 32 00 00 04 07 0a 0f 14 00 10 02 00 03 00 00 00 00 00 c0 00 02 00 00 c0 00 00 01 02 a2 02 8f 02 98 03 03 03 03 01 00 00 62 00 00 00 01 00 00 00 00 0e bb 03 04 ff 0b 0b 0b 0b a5 07 04 00 00 00 00 01 00 00 00 00 00 03 01 00 00 00 00 00 03 00 00 00 00 00 00 00 00 00 00 00 00 00 00 00 00 00 
06-01 12:20:40.202   489   522 D vendor.visteon.skylark.hardware.automotive.vehicle@V1-visteon-service: SomeipCOmm :: RX Message [0/432]:service:c7 ,Method:80df,payload:08 04 02 02 01 02 00 00 01 01 00 00 00 00 00 03 01 00 00 00 00 00 00 00 00 00 00 00 00 00 00 00 00 00 00 00 00 00 00 00 00 00 00 00 00 00 00 00 00 00 00 00 00 00 00 00 00 00 00 00 00 00 00 00 00 00 00 00 00 00 00 00 00 00 00 00 00 00 00 00 00 00 00 00 00 00 00 00 00 00 00 00 00 00 00 00 00 00 00 00 
06-01 12:20:40.255   489  2788 D vendor.visteon.skylark.hardware.automotive.vehicle@V1-visteon-service: TX Message SomeipComm::send  : service:194,method:5, response Payload: 01 02 db ff ee 1f ff c8 00 10 00 
06-01 12:20:40.280   489   522 D vendor.visteon.skylark.hardware.automotive.vehicle@V1-visteon-service: SomeipCOmm :: RX Message [0/433]:service:bf ,Method:800d,payload:01 01 06 01 0d 88 7d 00 36 60 60 00 
06-01 12:20:40.281   489   522 D vendor.visteon.skylark.hardware.automotive.vehicle@V1-visteon-service: SomeipCOmm :: RX Message [0/434]:service:bf ,Method:8025,payload:01 02 80 01 0d 88 65 7d 0f c0 0c 17 
06-01 12:20:40.282   489   522 D vendor.visteon.skylark.hardware.automotive.vehicle@V1-visteon-service: SomeipCOmm :: RX Message [0/435]:service:bf ,Method:8051,payload:01 02 84 01 1e b0 0e 02 88 00 2f 17 
06-01 12:20:40.284   489   522 D vendor.visteon.skylark.hardware.automotive.vehicle@V1-visteon-service: SomeipCOmm :: RX Message [0/436]:service:c0 ,Method:8006,payload:01 00 00 
06-01 12:20:40.285   489   522 D vendor.visteon.skylark.hardware.automotive.vehicle@V1-visteon-service: WAKESTATE_STATUS:: 01 00 00 
06-01 12:20:40.292   489   522 D vendor.visteon.skylark.hardware.automotive.vehicle@V1-visteon-service: SomeipCOmm :: RX Message [0/437]:service:c7 ,Method:80e3,payload:13 
06-01 12:20:40.317   489   522 D vendor.visteon.skylark.hardware.automotive.vehicle@V1-visteon-service: SomeipCOmm :: RX Message [0/438]:service:c0 ,Method:8006,payload:00 00 00 
06-01 12:20:40.317   489   522 D vendor.visteon.skylark.hardware.automotive.vehicle@V1-visteon-service: WAKESTATE_STATUS:: 00 00 00 
06-01 12:20:40.331   489   522 D vendor.visteon.skylark.hardware.automotive.vehicle@V1-visteon-service: SomeipCOmm :: RX Message [0/439]:service:bf ,Method:8037,payload:01 03 b2 01 00 00 00 f0 c0 03 00 e3 
06-01 12:20:40.363   489  2788 D vendor.visteon.skylark.hardware.automotive.vehicle@V1-visteon-service: TX Message SomeipComm::send  : service:194,method:5, response Payload: 01 02 db 00 0d c0 00 53 ff eb 00 
06-01 12:20:40.375   645   650 I UclDL_Impl_VIP: TxA TO : 31
06-01 12:20:40.376   645   650 I UclDL_Impl_VIP: Avg Ack Latency : 7
06-01 12:20:40.376   645   650 I UclDL_Impl_VIP: pollingCntr : 11496
06-01 12:20:40.376   645   650 I UclDL_Impl_TCU: VIP-TCU - txBps : 2104
06-01 12:20:40.376   645   650 I UclDL_Impl_TCU: VIP-TCU - rxBps : 1064
06-01 12:20:40.376   645   650 I UclDL_Impl_TCU: VIP-TCU - txAckTmo : 1
06-01 12:20:40.380   489   522 D vendor.visteon.skylark.hardware.automotive.vehicle@V1-visteon-service: SomeipCOmm :: RX Message [0/43b]:service:bf ,Method:8030,payload:01 02 d2 01 14 00 80 7b 64 80 60 2f 
06-01 12:20:40.387   489  2788 D vendor.visteon.skylark.hardware.automotive.vehicle@V1-visteon-service: TX Message SomeipComm::send  : service:194,method:4, response Payload: 01 02 c0 0d 01 00 00 00 00 00 00 00 
06-01 12:20:40.388   489  2788 D vendor.visteon.skylark.hardware.automotive.vehicle@V1-visteon-service: TX Message SomeipComm::send  : service:194,method:4, response Payload: 01 02 c4 00 03 00 00 00 00 00 00 00 
06-01 12:20:40.404   489   522 D vendor.visteon.skylark.hardware.automotive.vehicle@V1-visteon-service: SomeipCOmm :: RX Message [0/43c]:service:c7 ,Method:80e2,payload:29 14 0c 01 01 05 1a 02 
06-01 12:20:40.405   489   522 D vendor.visteon.skylark.hardware.automotive.vehicle@V1-visteon-service: SomeipCOmm :: RX Message [0/43d]:service:cb ,Method:8007,payload:30 32 2e 30 30 2e 31 34 30 34 2e 32 36 2e 30 30 03 00 00 00 0d 34 30 30 33 52 30 33 41 30 37 a5 
06-01 12:20:40.473   489  2788 D vendor.visteon.skylark.hardware.automotive.vehicle@V1-visteon-service: TX Message SomeipComm::send  : service:194,method:5, response Payload: 01 02 db 00 08 3f ff 90 00 03 00 
06-01 12:20:40.479   489   522 D vendor.visteon.skylark.hardware.automotive.vehicle@V1-visteon-service: SomeipCOmm :: RX Message [0/43e]:service:bf ,Method:800d,payload:01 01 06 01 0d 90 7d 00 36 60 c0 00 
06-01 12:20:40.579   489  2788 D vendor.visteon.skylark.hardware.automotive.vehicle@V1-visteon-service: TX Message SomeipComm::send  : service:194,method:5, response Payload: 01 02 db ff ee 9f ff bc 00 01 00 
06-01 12:20:40.580   489   522 D vendor.visteon.skylark.hardware.automotive.vehicle@V1-visteon-service: SomeipCOmm :: RX Message [0/43f]:service:bf ,Method:802a,payload:01 02 90 01 00 00 00 08 01 00 00 00 
06-01 12:20:40.587   489   522 D vendor.visteon.skylark.hardware.automotive.vehicle@V1-visteon-service: SomeipCOmm :: RX Message [0/440]:service:bf ,Method:8094,payload:01 02 bf 01 82 80 00 00 00 00 0c 2d 
06-01 12:20:40.689   489  2788 D vendor.visteon.skylark.hardware.automotive.vehicle@V1-visteon-service: TX Message SomeipComm::send  : service:194,method:5, response Payload: 01 02 db 00 14 a0 01 67 ff df 80 
06-01 12:20:40.689   489   536 D vendor.visteon.skylark.hardware.automotive.vehicle@V1-visteon-service: TX Message SomeipComm::send  : service:194,method:6, response Payload: 00 0b 07 39 38 34 37 33 39 34 37 34 33 00 00 00 00 00 00 00 00 00 00 
06-01 12:20:40.780   489   522 D vendor.visteon.skylark.hardware.automotive.vehicle@V1-visteon-service: SomeipCOmm :: RX Message [0/442]:service:bf ,Method:8032,payload:01 02 e2 01 00 00 00 00 00 00 1c 00 
06-01 12:20:40.794   489   536 D vendor.visteon.skylark.hardware.automotive.vehicle@V1-visteon-service: TX Message SomeipComm::send  : service:194,method:5, response Payload: 01 02 db ff f5 5f fe ec 00 23 00 
06-01 12:20:40.902   489   536 D vendor.visteon.skylark.hardware.automotive.vehicle@V1-visteon-service: TX Message SomeipComm::send  : service:194,method:5, response Payload: 01 02 db 00 02 40 00 5f ff db 80 
06-01 12:20:41.009   489   536 D vendor.visteon.skylark.hardware.automotive.vehicle@V1-visteon-service: TX Message SomeipComm::send  : service:194,method:5, response Payload: 01 02 db 00 02 3f ff 90 00 24 00 
06-01 12:20:41.109   489   527 D vendor.visteon.skylark.hardware.automotive.vehicle@V1-visteon-service: TX Message SomeipComm::send  : service:193,method:3, response Payload: 04 
06-01 12:20:41.118   489   536 D vendor.visteon.skylark.hardware.automotive.vehicle@V1-visteon-service: TX Message SomeipComm::send  : service:194,method:5, response Payload: 01 02 db ff f3 c0 00 97 ff db 80 
06-01 12:20:41.125   489   536 D vendor.visteon.skylark.hardware.automotive.vehicle@V1-visteon-service: TX Message SomeipComm::send  : service:194,method:4, response Payload: 01 02 c0 00 00 00 00 00 00 00 00 00 
06-01 12:20:41.126   489   536 D vendor.visteon.skylark.hardware.automotive.vehicle@V1-visteon-service: TX Message SomeipComm::send  : service:194,method:4, response Payload: 01 02 c0 0b 00 00 00 00 00 00 00 00 
06-01 12:20:41.126   489   536 D vendor.visteon.skylark.hardware.automotive.vehicle@V1-visteon-service: TX Message SomeipComm::send  : service:194,method:4, response Payload: 01 02 c0 0c 01 00 00 00 00 00 00 00 
06-01 12:20:41.187   487   508 I UclDL_Impl: Inst Id : 0 ## Tx Msgs : 1486
06-01 12:20:41.187   487   508 I UclDL_Impl: Inst Id : 0 ## TxA Msgs : 1090
06-01 12:20:41.187   487   508 I UclDL_Impl: Inst Id : 0 ## TxA TO : 0
06-01 12:20:41.187   487   508 I UclDL_Impl: Inst Id : 0 ## Rx Msgs : 1486
06-01 12:20:41.187   487   508 I UclDL_Impl: Inst Id : 0 ## Rx HB Msgs : 2
06-01 12:20:41.187   487   508 I UclDL_Impl: Inst Id : 0 ## Tx Bps : 4472
06-01 12:20:41.187   487   508 I UclDL_Impl: Inst Id : 0 ## Rx Bps : 6944
06-01 12:20:41.187   487   508 I UclDL_Impl: Inst Id : 0  ## Avg Ack Latency : 11
06-01 12:20:41.203   489   522 D vendor.visteon.skylark.hardware.automotive.vehicle@V1-visteon-service: SomeipCOmm :: RX Message [0/444]:service:c0 ,Method:8000,payload:03 
06-01 12:20:41.209   489   522 D vendor.visteon.skylark.hardware.automotive.vehicle@V1-visteon-service: SomeipCOmm :: RX Message [0/445]:service:c7 ,Method:80e5,payload:02 00 00 01 0f 40 2a 00 07 04 00 00 00 00 00 00 00 00 00 00 09 00 00 00 00 02 01 01 0e 2c 04 a2 01 b4 08 97 00 1a 00 0b 02 c7 01 00 00 00 1a 06 01 0c 14 29 0c 79 8f 0d 08 0a f8 00 1f 1e b4 89 7f 00 07 00 0b 00 30 02 22 00 c2 00 00 00 01 00 00 00 00 01 00 06 00 00 00 00 00 00 00 00 00 00 00 01 00 00 00 00 00 00 32 00 00 04 07 0a 0f 14 00 10 02 00 03 00 00 00 00 00 c0 00 02 00 00 c0 00 00 01 02 ca 02 c2 02 c6 03 03 03 03 01 00 00 62 00 00 00 01 00 00 00 00 0e bc 03 04 ff 0b 0b 0b 0b a5 07 03 00 00 00 00 01 00 00 00 00 00 03 01 00 00 00 00 00 03 00 00 00 00 00 00 00 00 00 00 00 00 00 00 00 00 00 
06-01 12:20:41.211   489   522 D vendor.visteon.skylark.hardware.automotive.vehicle@V1-visteon-service: SomeipCOmm :: RX Message [0/446]:service:c7 ,Method:80df,payload:07 03 01 02 01 02 00 00 01 01 00 00 00 00 00 03 01 00 00 00 00 00 00 00 00 00 00 00 00 00 00 00 00 00 00 00 00 00 00 00 00 00 00 00 00 00 00 00 00 00 00 00 00 00 00 00 00 00 00 00 00 00 00 00 00 00 00 00 00 00 00 00 00 00 00 00 00 00 00 00 00 00 00 00 00 00 00 00 00 00 00 00 00 00 00 00 00 00 00 00 
06-01 12:20:41.220   489   536 D vendor.visteon.skylark.hardware.automotive.vehicle@V1-visteon-service: TX Message SomeipComm::send  : service:193,method:3, response Payload: 03 
06-01 12:20:41.227   489   536 D vendor.visteon.skylark.hardware.automotive.vehicle@V1-visteon-service: TX Message SomeipComm::send  : service:194,method:5, response Payload: 01 02 db 00 09 20 01 cf ff c4 80 
06-01 12:20:41.304   489   522 D vendor.visteon.skylark.hardware.automotive.vehicle@V1-visteon-service: SomeipCOmm :: RX Message [0/447]:service:c0 ,Method:8006,payload:00 00 00 
06-01 12:20:41.305   489   522 D vendor.visteon.skylark.hardware.automotive.vehicle@V1-visteon-service: WAKESTATE_STATUS:: 00 00 00 
06-01 12:20:41.357   489   536 D vendor.visteon.skylark.hardware.automotive.vehicle@V1-visteon-service: TX Message SomeipComm::send  : service:194,method:5, response Payload: 01 02 db 00 00 1f ff 4c 00 0e 80 
06-01 12:20:41.379   645   650 I UclDL_Impl_VIP: TxA TO : 31
06-01 12:20:41.379   645   650 I UclDL_Impl_VIP: Avg Ack Latency : 10
06-01 12:20:41.379   645   650 I UclDL_Impl_VIP: pollingCntr : 11745
06-01 12:20:41.380   645   650 I UclDL_Impl_TCU: VIP-TCU - txBps : 1256
06-01 12:20:41.380   645   650 I UclDL_Impl_TCU: VIP-TCU - rxBps : 1096
06-01 12:20:41.380   645   650 I UclDL_Impl_TCU: VIP-TCU - txAckTmo : 1
06-01 12:20:41.406   489   522 D vendor.visteon.skylark.hardware.automotive.vehicle@V1-visteon-service: SomeipCOmm :: RX Message [0/449]:service:c7 ,Method:80e2,payload:2a 14 0c 01 01 05 1a 02 
06-01 12:20:41.462   489   536 D vendor.visteon.skylark.hardware.automotive.vehicle@V1-visteon-service: TX Message SomeipComm::send  : service:194,method:5, response Payload: 01 02 db ff f9 20 01 17 ff ed 80 
06-01 12:20:41.574   489   536 D vendor.visteon.skylark.hardware.automotive.vehicle@V1-visteon-service: TX Message SomeipComm::send  : service:194,method:5, response Payload: 01 02 db ff f9 20 01 17 ff ed 80 
06-01 12:20:41.585   489   522 D vendor.visteon.skylark.hardware.automotive.vehicle@V1-visteon-service: SomeipCOmm :: RX Message [0/44a]:service:bf ,Method:802a,payload:01 02 90 01 00 00 00 08 01 00 10 00 
06-01 12:20:41.682   489   536 D vendor.visteon.skylark.hardware.automotive.vehicle@V1-visteon-service: TX Message SomeipComm::send  : service:194,method:5, response Payload: 01 02 db 00 0c 5f ff 8c 00 10 80 
06-01 12:20:41.695   489   536 D vendor.visteon.skylark.hardware.automotive.vehicle@V1-visteon-service: TX Message SomeipComm::send  : service:194,method:6, response Payload: 00 01 07 00 00 00 00 00 00 00 00 00 00 00 00 00 00 00 00 00 00 00 00 
06-01 12:20:41.790   489   536 D vendor.visteon.skylark.hardware.automotive.vehicle@V1-visteon-service: TX Message SomeipComm::send  : service:194,method:5, response Payload: 01 02 db ff ee 80 00 43 ff f7 80 
06-01 12:20:41.896   489   536 D vendor.visteon.skylark.hardware.automotive.vehicle@V1-visteon-service: TX Message SomeipComm::send  : service:194,method:5, response Payload: 01 02 db 00 07 9f ff bc 00 05 80 
06-01 12:20:42.004   489   536 D vendor.visteon.skylark.hardware.automotive.vehicle@V1-visteon-service: TX Message SomeipComm::send  : service:194,method:5, response Payload: 01 02 db 00 06 5f ff bc 00 03 00 
06-01 12:20:42.110   489   527 D vendor.visteon.skylark.hardware.automotive.vehicle@V1-visteon-service: TX Message SomeipComm::send  : service:193,method:3, response Payload: 03 
06-01 12:20:42.111   489   536 D vendor.visteon.skylark.hardware.automotive.vehicle@V1-visteon-service: TX Message SomeipComm::send  : service:194,method:5, response Payload: 01 02 db ff f1 e0 00 b7 ff ef 00 
06-01 12:20:42.130   489   536 D vendor.visteon.skylark.hardware.automotive.vehicle@V1-visteon-service: TX Message SomeipComm::send  : service:194,method:4, response Payload: 01 02 c0 00 00 00 00 00 00 00 00 00 
06-01 12:20:42.132   489   536 D vendor.visteon.skylark.hardware.automotive.vehicle@V1-visteon-service: TX Message SomeipComm::send  : service:194,method:4, response Payload: 01 02 c0 0b 00 00 00 00 00 00 00 00 
06-01 12:20:42.135   489   536 D vendor.visteon.skylark.hardware.automotive.vehicle@V1-visteon-service: TX Message SomeipComm::send  : service:194,method:4, response Payload: 01 02 c0 0c 01 00 00 00 00 00 00 00 
06-01 12:20:42.187   487   508 I UclDL_Impl: Inst Id : 0 ## Tx Msgs : 1509
06-01 12:20:42.187   487   508 I UclDL_Impl: Inst Id : 0 ## TxA Msgs : 1099
06-01 12:20:42.187   487   508 I UclDL_Impl: Inst Id : 0 ## TxA TO : 0
06-01 12:20:42.187   487   508 I UclDL_Impl: Inst Id : 0 ## Rx Msgs : 1509
06-01 12:20:42.187   487   508 I UclDL_Impl: Inst Id : 0 ## Rx HB Msgs : 2
06-01 12:20:42.187   487   508 I UclDL_Impl: Inst Id : 0 ## Tx Bps : 3224
06-01 12:20:42.188   487   508 I UclDL_Impl: Inst Id : 0 ## Rx Bps : 5072
06-01 12:20:42.188   487   508 I UclDL_Impl: Inst Id : 0  ## Avg Ack Latency : 9
06-01 12:20:42.208   489   522 D vendor.visteon.skylark.hardware.automotive.vehicle@V1-visteon-service: SomeipCOmm :: RX Message [0/44d]:service:c0 ,Method:8000,payload:03 
06-01 12:20:42.213   489   522 D vendor.visteon.skylark.hardware.automotive.vehicle@V1-visteon-service: SomeipCOmm :: RX Message [0/44e]:service:c7 ,Method:80e5,payload:02 00 00 01 0f 40 2a 00 07 04 00 00 00 00 00 00 00 00 00 00 09 00 00 00 00 02 01 01 0e 2f 04 a2 01 b5 07 c4 00 1a 00 0b 02 cf 01 00 00 00 1a 06 01 0c 14 2a 08 79 8f 0d 08 0a e8 00 1f 1e b6 89 7f 00 07 00 0a 00 30 02 22 00 c2 00 00 00 01 00 00 00 00 01 00 06 00 00 00 00 00 00 00 00 00 00 00 01 00 00 00 00 00 00 32 00 00 04 07 0a 0f 14 00 10 02 00 03 00 00 00 00 00 c0 00 02 00 00 c0 00 00 01 02 c8 02 ca 02 c9 03 03 03 03 01 00 00 62 00 00 00 01 00 00 00 00 0e bd 03 04 ff 0b 0b 0b 0b a5 07 03 00 00 00 00 02 00 00 00 00 00 00 01 00 00 00 00 00 03 00 00 00 00 00 00 00 00 00 00 00 00 00 00 00 00 00 
06-01 12:20:42.217   489   522 D vendor.visteon.skylark.hardware.automotive.vehicle@V1-visteon-service: SomeipCOmm :: RX Message [0/44f]:service:c7 ,Method:80df,payload:07 03 01 01 01 02 00 00 01 01 00 00 00 00 00 03 01 00 00 00 00 00 00 00 00 00 00 00 00 00 00 00 00 00 00 00 00 00 00 00 00 00 00 00 00 00 00 00 00 00 00 00 00 00 00 00 00 00 00 00 00 00 00 00 00 00 00 00 00 00 00 00 00 00 00 00 00 00 00 00 00 00 00 00 00 00 00 00 00 00 00 00 00 00 00 00 00 00 00 00 
06-01 12:20:42.222   489   536 D vendor.visteon.skylark.hardware.automotive.vehicle@V1-visteon-service: TX Message SomeipComm::send  : service:194,method:5, response Payload: 01 02 db 00 08 bf ff ef ff f4 00 
06-01 12:20:42.316   489   522 D vendor.visteon.skylark.hardware.automotive.vehicle@V1-visteon-service: SomeipCOmm :: RX Message [0/450]:service:c0 ,Method:8006,payload:00 00 00 
06-01 12:20:42.317   489   522 D vendor.visteon.skylark.hardware.automotive.vehicle@V1-visteon-service: WAKESTATE_STATUS:: 00 00 00 
06-01 12:20:42.331   489   536 D vendor.visteon.skylark.hardware.automotive.vehicle@V1-visteon-service: TX Message SomeipComm::send  : service:194,method:5, response Payload: 01 02 db ff fa a0 00 23 ff ec 80 
06-01 12:20:42.384   645   650 I UclDL_Impl_VIP: TxA TO : 31
06-01 12:20:42.384   645   650 I UclDL_Impl_VIP: Avg Ack Latency : 9
06-01 12:20:42.384   645   650 I UclDL_Impl_VIP: pollingCntr : 11995
06-01 12:20:42.384   645   650 I UclDL_Impl_TCU: VIP-TCU - txBps : 504
06-01 12:20:42.384   645   650 I UclDL_Impl_TCU: VIP-TCU - rxBps : 424
06-01 12:20:42.384   645   650 I UclDL_Impl_TCU: VIP-TCU - txAckTmo : 1
06-01 12:20:42.389   489   522 D vendor.visteon.skylark.hardware.automotive.vehicle@V1-visteon-service: SomeipCOmm :: RX Message [0/452]:service:bf ,Method:8030,payload:01 02 d2 01 04 00 80 7b 64 80 61 8b 
06-01 12:20:42.408   489   522 D vendor.visteon.skylark.hardware.automotive.vehicle@V1-visteon-service: SomeipCOmm :: RX Message [0/453]:service:c7 ,Method:80e2,payload:2b 14 0c 01 01 05 1a 02 
06-01 12:20:42.438   489   536 D vendor.visteon.skylark.hardware.automotive.vehicle@V1-visteon-service: TX Message SomeipComm::send  : service:194,method:5, response Payload: 01 02 db ff f5 c0 00 27 ff fb 80 
06-01 12:20:42.508   489   522 D vendor.visteon.skylark.hardware.automotive.vehicle@V1-visteon-service: SomeipCOmm :: RX Message [0/454]:service:bf ,Method:8037,payload:01 03 b2 01 80 00 00 f0 c0 03 00 e3 
06-01 12:20:42.544   489   536 D vendor.visteon.skylark.hardware.automotive.vehicle@V1-visteon-service: TX Message SomeipComm::send  : service:194,method:5, response Payload: 01 02 db 00 0b df ff b0 00 0a 00 
06-01 12:20:42.648   489   536 D vendor.visteon.skylark.hardware.automotive.vehicle@V1-visteon-service: TX Message SomeipComm::send  : service:194,method:5, response Payload: 01 02 db ff fd c0 00 18 00 04 00 
06-01 12:20:42.757   489   536 D vendor.visteon.skylark.hardware.automotive.vehicle@V1-visteon-service: TX Message SomeipComm::send  : service:194,method:5, response Payload: 01 02 db ff f8 c0 00 43 ff f6 00 
06-01 12:20:42.871   489   536 D vendor.visteon.skylark.hardware.automotive.vehicle@V1-visteon-service: TX Message SomeipComm::send  : service:194,method:5, response Payload: 01 02 db ff f8 c0 00 43 ff f6 00 
06-01 12:20:42.986   489   536 D vendor.visteon.skylark.hardware.automotive.vehicle@V1-visteon-service: TX Message SomeipComm::send  : service:194,method:5, response Payload: 01 02 db 00 0c df ff 80 00 05 00 
06-01 12:20:43.093   489   536 D vendor.visteon.skylark.hardware.automotive.vehicle@V1-visteon-service: TX Message SomeipComm::send  : service:194,method:5, response Payload: 01 02 db ff f6 e0 00 2f ff ff 00 
06-01 12:20:43.110   489   527 D vendor.visteon.skylark.hardware.automotive.vehicle@V1-visteon-service: TX Message SomeipComm::send  : service:193,method:3, response Payload: 03 
06-01 12:20:43.125   489   536 D vendor.visteon.skylark.hardware.automotive.vehicle@V1-visteon-service: TX Message SomeipComm::send  : service:194,method:4, response Payload: 01 02 c0 00 00 00 00 00 00 00 00 00 
06-01 12:20:43.126   489   536 D vendor.visteon.skylark.hardware.automotive.vehicle@V1-visteon-service: TX Message SomeipComm::send  : service:194,method:4, response Payload: 01 02 c0 0b 00 00 00 00 00 00 00 00 
06-01 12:20:43.128   489   536 D vendor.visteon.skylark.hardware.automotive.vehicle@V1-visteon-service: TX Message SomeipComm::send  : service:194,method:4, response Payload: 01 02 c0 0c 01 00 00 00 00 00 00 00 
06-01 12:20:43.187   487   508 I UclDL_Impl: Inst Id : 0 ## Tx Msgs : 1534
06-01 12:20:43.187   487   508 I UclDL_Impl: Inst Id : 0 ## TxA Msgs : 1109
06-01 12:20:43.187   487   508 I UclDL_Impl: Inst Id : 0 ## TxA TO : 0
06-01 12:20:43.188   487   508 I UclDL_Impl: Inst Id : 0 ## Rx Msgs : 1533
06-01 12:20:43.188   487   508 I UclDL_Impl: Inst Id : 0 ## Rx HB Msgs : 2
06-01 12:20:43.188   487   508 I UclDL_Impl: Inst Id : 0 ## Tx Bps : 3312
06-01 12:20:43.188   487   508 I UclDL_Impl: Inst Id : 0 ## Rx Bps : 5232
06-01 12:20:43.188   487   508 I UclDL_Impl: Inst Id : 0  ## Avg Ack Latency : 8
06-01 12:20:43.202   489   536 D vendor.visteon.skylark.hardware.automotive.vehicle@V1-visteon-service: TX Message SomeipComm::send  : service:194,method:5, response Payload: 01 02 db ff fa 40 00 37 ff fc 00 
06-01 12:20:43.212   489   522 D vendor.visteon.skylark.hardware.automotive.vehicle@V1-visteon-service: SomeipCOmm :: RX Message [0/457]:service:c0 ,Method:8000,payload:02 
