06-01 12:20:48.725   489   522 D vendor.visteon.skylark.hardware.automotive.vehicle@V1-visteon-service: SomeipCOmm :: RX Message [0/50d]:service:bf ,Method:801f,payload:01 01 f8 01 1b 30 61 1c 33 4a 98 00 
06-01 12:20:48.726   489   522 D vendor.visteon.skylark.hardware.automotive.vehicle@V1-visteon-service: SomeipCOmm :: RX Message [0/50e]:service:bf ,Method:8025,payload:01 02 80 01 12 6c 02 7d 0f c0 0c 17 
06-01 12:20:48.727   489   522 D vendor.visteon.skylark.hardware.automotive.vehicle@V1-visteon-service: SomeipCOmm :: RX Message [0/50f]:service:bf ,Method:8051,payload:01 02 84 01 18 b0 0e 02 78 00 2f 17 
06-01 12:20:48.832   489   522 D vendor.visteon.skylark.hardware.automotive.vehicle@V1-visteon-service: SomeipCOmm :: RX Message [0/511]:service:c5 ,Method:80df,payload:05 ff 
06-01 12:20:48.923   489   522 D vendor.visteon.skylark.hardware.automotive.vehicle@V1-visteon-service: SomeipCOmm :: RX Message [0/512]:service:bf ,Method:800d,payload:01 01 06 01 11 94 7d 00 36 60 20 00 
06-01 12:20:48.924   489   522 D vendor.visteon.skylark.hardware.automotive.vehicle@V1-visteon-service: SomeipCOmm :: RX Message [0/513]:service:bf ,Method:8025,payload:01 02 80 01 11 c4 03 7d 0f c0 0c 17 
06-01 12:20:48.925   489   522 D vendor.visteon.skylark.hardware.automotive.vehicle@V1-visteon-service: SomeipCOmm :: RX Message [0/514]:service:bf ,Method:8048,payload:01 01 ea 01 30 36 33 31 35 00 00 00 
06-01 12:20:48.925   489   522 D vendor.visteon.skylark.hardware.automotive.vehicle@V1-visteon-service: SomeipCOmm :: RX Message [0/515]:service:bf ,Method:8051,payload:01 02 84 01 19 b0 0e 02 78 00 2f 17 
06-01 12:20:48.931   489   522 D vendor.visteon.skylark.hardware.automotive.vehicle@V1-visteon-service: SomeipCOmm :: RX Message [0/516]:service:c5 ,Method:80df,payload:01 00 
06-01 12:20:48.952   489   522 D vendor.visteon.skylark.hardware.automotive.vehicle@V1-visteon-service: SomeipCOmm :: RX Message [0/517]:service:bf ,Method:8048,payload:01 01 ea 01 30 36 33 31 35 00 00 00 
06-01 12:20:48.994   489  2788 D vendor.visteon.skylark.hardware.automotive.vehicle@V1-visteon-service: TX Message SomeipComm::send  : service:194,method:6, response Payload: 00 0b 07 39 38 34 37 33 39 34 37 34 33 00 00 00 00 00 00 00 00 00 00 
06-01 12:20:49.019   489   522 D vendor.visteon.skylark.hardware.automotive.vehicle@V1-visteon-service: SomeipCOmm :: RX Message [0/518]:service:bf ,Method:803d,payload:01 02 b5 01 89 78 18 00 00 00 40 00 
06-01 12:20:49.021   489   522 D vendor.visteon.skylark.hardware.automotive.vehicle@V1-visteon-service: SomeipCOmm :: RX Message [0/519]:service:bf ,Method:8048,payload:01 01 ea 01 30 36 33 31 35 00 00 00 
06-01 12:20:49.031   489   522 D vendor.visteon.skylark.hardware.automotive.vehicle@V1-visteon-service: SomeipCOmm :: RX Message [0/51a]:service:c5 ,Method:80df,payload:04 00 
06-01 12:20:49.047   489   522 D vendor.visteon.skylark.hardware.automotive.vehicle@V1-visteon-service: SomeipCOmm :: RX Message [0/51b]:service:bf ,Method:8048,payload:01 01 ea 01 30 36 33 31 35 00 00 00 
06-01 12:20:49.114   489   527 D vendor.visteon.skylark.hardware.automotive.vehicle@V1-visteon-service: TX Message SomeipComm::send  : service:193,method:3, response Payload: 04 
06-01 12:20:49.115   489   522 D vendor.visteon.skylark.hardware.automotive.vehicle@V1-visteon-service: SomeipCOmm :: RX Message [0/51c]:service:bf ,Method:806b,payload:01 04 fa 01 00 18 06 00 05 94 78 82 
06-01 12:20:49.117   489  2788 D vendor.visteon.skylark.hardware.automotive.vehicle@V1-visteon-service: TX Message SomeipComm::send  : service:194,method:4, response Payload: 01 02 c0 00 00 00 00 00 00 00 00 00 
06-01 12:20:49.118   489  2788 D vendor.visteon.skylark.hardware.automotive.vehicle@V1-visteon-service: TX Message SomeipComm::send  : service:194,method:4, response Payload: 01 02 c0 0b 00 00 00 00 00 00 00 00 
06-01 12:20:49.119   489  2788 D vendor.visteon.skylark.hardware.automotive.vehicle@V1-visteon-service: TX Message SomeipComm::send  : service:194,method:4, response Payload: 01 02 c0 0c 01 00 00 00 00 00 00 00 
06-01 12:20:49.123   489   522 D vendor.visteon.skylark.hardware.automotive.vehicle@V1-visteon-service: SomeipCOmm :: RX Message [0/51d]:service:bf ,Method:800d,payload:01 01 06 01 10 80 7d 00 36 60 a0 00 
06-01 12:20:49.124   489   522 D vendor.visteon.skylark.hardware.automotive.vehicle@V1-visteon-service: SomeipCOmm :: RX Message [0/51e]:service:bf ,Method:8025,payload:01 02 80 01 10 dc 04 7d 0f c0 0c 17 
06-01 12:20:49.125   489   522 D vendor.visteon.skylark.hardware.automotive.vehicle@V1-visteon-service: SomeipCOmm :: RX Message [0/51f]:service:bf ,Method:8048,payload:01 01 ea 01 30 36 33 31 35 00 00 00 
06-01 12:20:49.125   489   522 D vendor.visteon.skylark.hardware.automotive.vehicle@V1-visteon-service: SomeipCOmm :: RX Message [0/520]:service:bf ,Method:8051,payload:01 02 84 01 1a 90 0e 02 79 00 2f 17 
06-01 12:20:49.131   489   522 D vendor.visteon.skylark.hardware.automotive.vehicle@V1-visteon-service: SomeipCOmm :: RX Message [0/521]:service:c5 ,Method:80df,payload:02 00 
06-01 12:20:49.155   489   522 D vendor.visteon.skylark.hardware.automotive.vehicle@V1-visteon-service: SomeipCOmm :: RX Message [0/522]:service:bf ,Method:8048,payload:01 01 ea 01 30 36 33 31 35 00 00 00 
06-01 12:20:49.195   487   508 I UclDL_Impl: Inst Id : 0 ## Tx Msgs : 1839
06-01 12:20:49.195   487   508 I UclDL_Impl: Inst Id : 0 ## TxA Msgs : 1313
06-01 12:20:49.195   487   508 I UclDL_Impl: Inst Id : 0 ## TxA TO : 0
06-01 12:20:49.195   487   508 I UclDL_Impl: Inst Id : 0 ## Rx Msgs : 1838
06-01 12:20:49.195   487   508 I UclDL_Impl: Inst Id : 0 ## Rx HB Msgs : 2
06-01 12:20:49.195   487   508 I UclDL_Impl: Inst Id : 0 ## Tx Bps : 4544
06-01 12:20:49.195   487   508 I UclDL_Impl: Inst Id : 0 ## Rx Bps : 9760
06-01 12:20:49.195   487   508 I UclDL_Impl: Inst Id : 0  ## Avg Ack Latency : 7
06-01 12:20:49.203   489   522 D vendor.visteon.skylark.hardware.automotive.vehicle@V1-visteon-service: SomeipCOmm :: RX Message [0/523]:service:c0 ,Method:8006,payload:01 00 01 
06-01 12:20:49.203   489   522 D vendor.visteon.skylark.hardware.automotive.vehicle@V1-visteon-service: WAKESTATE_STATUS:: 01 00 01 
06-01 12:20:49.235   489   522 D vendor.visteon.skylark.hardware.automotive.vehicle@V1-visteon-service: SomeipCOmm :: RX Message [0/524]:service:c5 ,Method:80df,payload:03 00 
06-01 12:20:49.236   489   522 D vendor.visteon.skylark.hardware.automotive.vehicle@V1-visteon-service: SomeipCOmm :: RX Message [0/525]:service:bf ,Method:801c,payload:01 01 e9 01 00 00 00 00 00 00 00 00 
06-01 12:20:49.243   489   522 D vendor.visteon.skylark.hardware.automotive.vehicle@V1-visteon-service: SomeipCOmm :: RX Message [0/526]:service:c0 ,Method:8000,payload:04 
06-01 12:20:49.248   489   522 D vendor.visteon.skylark.hardware.automotive.vehicle@V1-visteon-service: SomeipCOmm :: RX Message [0/527]:service:c7 ,Method:80e5,payload:02 00 00 01 0f 40 2a 00 08 04 0f 00 00 00 00 00 00 00 00 00 09 00 00 00 00 02 01 01 0e 2c 04 a1 01 b5 07 68 00 1a 00 0b 02 ce 01 00 00 00 1a 06 01 0c 14 31 1d 79 8f 0d 09 0a f9 00 1f 1e b8 89 7f 00 07 00 0a 00 30 02 22 00 c2 00 00 00 01 00 00 00 00 01 00 06 00 00 00 00 00 00 00 00 00 00 00 01 00 00 00 00 00 00 32 00 00 04 07 0a 0f 14 00 10 02 00 03 00 00 00 00 00 c0 00 02 00 00 c0 00 00 01 02 cf 02 c6 02 c8 03 03 03 03 01 00 00 62 00 00 00 01 00 00 00 00 0e bb 03 04 ff 0b 0b 0b 0b a5 07 04 00 00 00 00 03 00 00 00 00 00 03 02 00 00 00 00 00 03 00 00 00 00 00 00 00 00 00 00 00 00 00 00 00 00 00 
06-01 12:20:49.249   489   522 D vendor.visteon.skylark.hardware.automotive.vehicle@V1-visteon-service: SomeipCOmm :: RX Message [0/528]:service:c7 ,Method:80df,payload:08 04 02 02 01 02 00 00 01 01 00 00 00 00 00 03 01 00 00 00 00 00 00 00 00 00 00 00 00 00 00 00 00 00 00 00 00 00 00 00 00 00 00 00 00 00 00 00 00 00 00 00 00 00 00 00 00 00 00 00 00 00 00 00 00 00 00 00 00 00 00 00 00 00 00 00 00 00 00 00 00 00 00 00 00 00 00 00 00 00 00 00 00 00 00 00 00 00 00 00 
06-01 12:20:49.304   489  2788 D vendor.visteon.skylark.hardware.automotive.vehicle@V1-visteon-service: TX Message SomeipComm::send  : service:194,method:4, response Payload: 01 02 c0 0d 19 00 00 00 00 00 00 00 
06-01 12:20:49.305   489  2788 D vendor.visteon.skylark.hardware.automotive.vehicle@V1-visteon-service: TX Message SomeipComm::send  : service:194,method:4, response Payload: 01 02 c4 00 00 00 00 00 00 00 00 00 
06-01 12:20:49.323   489   522 D vendor.visteon.skylark.hardware.automotive.vehicle@V1-visteon-service: SomeipCOmm :: RX Message [0/52a]:service:bf ,Method:800d,payload:01 01 06 01 0f 88 7d 00 36 60 20 00 
06-01 12:20:49.324   489   522 D vendor.visteon.skylark.hardware.automotive.vehicle@V1-visteon-service: SomeipCOmm :: RX Message [0/52b]:service:bf ,Method:8025,payload:01 02 80 01 0f f0 05 7d 0f c0 0c 17 
06-01 12:20:49.325   489   522 D vendor.visteon.skylark.hardware.automotive.vehicle@V1-visteon-service: SomeipCOmm :: RX Message [0/52c]:service:bf ,Method:8051,payload:01 02 84 01 1b 40 0e 02 79 00 2f 17 
06-01 12:20:49.335   489   522 D vendor.visteon.skylark.hardware.automotive.vehicle@V1-visteon-service: SomeipCOmm :: RX Message [0/52d]:service:c5 ,Method:80df,payload:05 ff 
06-01 12:20:49.419   645   650 I UclDL_Impl_VIP: TxA TO : 31
06-01 12:20:49.419   645   650 I UclDL_Impl_VIP: Avg Ack Latency : 10
06-01 12:20:49.419   645   650 I UclDL_Impl_VIP: pollingCntr : 13745
06-01 12:20:49.419   645   650 I UclDL_Impl_TCU: VIP-TCU - txBps : 4896
06-01 12:20:49.419   645   650 I UclDL_Impl_TCU: VIP-TCU - rxBps : 2744
06-01 12:20:49.419   645   650 I UclDL_Impl_TCU: VIP-TCU - txAckTmo : 1
06-01 12:20:49.435   489   522 D vendor.visteon.skylark.hardware.automotive.vehicle@V1-visteon-service: SomeipCOmm :: RX Message [0/52f]:service:c5 ,Method:80df,payload:01 00 
06-01 12:20:49.443   489   522 D vendor.visteon.skylark.hardware.automotive.vehicle@V1-visteon-service: SomeipCOmm :: RX Message [0/530]:service:c7 ,Method:80e2,payload:32 14 0c 01 01 05 1a 02 
06-01 12:20:49.524   489   522 D vendor.visteon.skylark.hardware.automotive.vehicle@V1-visteon-service: SomeipCOmm :: RX Message [0/531]:service:bf ,Method:800d,payload:01 01 06 01 0e b4 7d 00 36 60 a0 84 
06-01 12:20:49.525   489   522 D vendor.visteon.skylark.hardware.automotive.vehicle@V1-visteon-service: SomeipCOmm :: RX Message [0/532]:service:bf ,Method:8025,payload:01 02 80 01 0f 10 05 7d 0f c0 0c 17 
06-01 12:20:49.525   489   522 D vendor.visteon.skylark.hardware.automotive.vehicle@V1-visteon-service: SomeipCOmm :: RX Message [0/533]:service:bf ,Method:8051,payload:01 02 84 01 1b e0 0e 02 79 00 2f 17 
06-01 12:20:49.535   489   522 D vendor.visteon.skylark.hardware.automotive.vehicle@V1-visteon-service: SomeipCOmm :: RX Message [0/534]:service:c5 ,Method:80df,payload:04 00 
06-01 12:20:49.636   489   522 D vendor.visteon.skylark.hardware.automotive.vehicle@V1-visteon-service: SomeipCOmm :: RX Message [0/535]:service:c5 ,Method:80df,payload:02 00 
06-01 12:20:49.723   489   522 D vendor.visteon.skylark.hardware.automotive.vehicle@V1-visteon-service: SomeipCOmm :: RX Message [0/536]:service:bf ,Method:800d,payload:01 01 06 01 0d e4 7d 00 36 60 20 00 
06-01 12:20:49.724   489   522 D vendor.visteon.skylark.hardware.automotive.vehicle@V1-visteon-service: SomeipCOmm :: RX Message [0/537]:service:bf ,Method:8025,payload:01 02 80 01 0e 24 06 7d 0f c0 0c 17 
06-01 12:20:49.725   489   522 D vendor.visteon.skylark.hardware.automotive.vehicle@V1-visteon-service: SomeipCOmm :: RX Message [0/538]:service:bf ,Method:8051,payload:01 02 84 01 1c 50 0e 02 7a 00 2f 17 
06-01 12:20:49.735   489   522 D vendor.visteon.skylark.hardware.automotive.vehicle@V1-visteon-service: SomeipCOmm :: RX Message [0/539]:service:c5 ,Method:80df,payload:03 00 
06-01 12:20:49.740   489   522 D vendor.visteon.skylark.hardware.automotive.vehicle@V1-visteon-service: SomeipCOmm :: RX Message [0/53a]:service:bf ,Method:801c,payload:01 01 e9 01 00 00 00 00 00 00 00 00 
06-01 12:20:49.835   489   522 D vendor.visteon.skylark.hardware.automotive.vehicle@V1-visteon-service: SomeipCOmm :: RX Message [0/53c]:service:c5 ,Method:80df,payload:05 ff 
06-01 12:20:49.861   489  2788 D vendor.visteon.skylark.hardware.automotive.vehicle@V1-visteon-service: TX Message SomeipComm::send  : service:194,method:5, response Payload: 01 02 db ff ea c0 03 ef ff 1e 00 
06-01 12:20:49.869   489  2788 D vendor.visteon.skylark.hardware.automotive.vehicle@V1-visteon-service: TX Message SomeipComm::send  : service:205,method:1, response Payload: 00 00 07 00 00 00 03 19 02 08 00 00 00 00 00 00 00 00 00 00 
06-01 12:20:49.912   489   522 D vendor.visteon.skylark.hardware.automotive.vehicle@V1-visteon-service: SomeipCOmm :: RX Message [0/53d]:service:cd ,Method:8000,payload:00 00 07 08 00 05 00 0b 59 02 7f f0 06 16 0c 99 37 31 58 00 00 00 00 00 00 00 00 00 00 00 00 00 00 00 00 00 00 00 00 00 00 00 00 00 00 00 00 00 00 00 00 00 00 00 00 00 00 00 00 00 00 00 00 00 00 00 00 00 00 00 00 00 00 00 00 00 00 00 00 00 00 00 00 00 00 00 00 00 00 00 00 00 00 00 00 00 00 00 00 00 00 00 00 00 00 00 00 00 00 00 00 00 00 00 00 00 00 00 00 00 00 00 00 00 00 00 00 00 00 00 00 00 00 00 00 00 00 00 00 00 00 00 00 00 00 00 00 00 00 00 00 00 00 00 00 00 00 00 00 00 00 00 00 00 00 00 00 00 00 00 00 00 00 00 00 00 00 00 00 00 00 00 00 00 00 00 00 00 00 00 00 00 00 00 00 00 00 00 00 00 00 00 00 00 00 00 00 00 00 00 00 00 00 00 00 00 00 00 00 00 00 00 00 00 00 00 00 00 00 00 00 00 00 00 00 00 00 00 00 00 00 00 00 00 00 00 00 00 00 00 00 00 00 00 00 00 00 00 00 00 00 00 00 00 00 00 00 00 00 00 00 00 00 00 00 00 00 00 00 00 00 00 00 00 00 00 00 00 00 00 00 00 00 00 00 00 00 00 00 00 00 00 00 00 00 00 00 00 00 00 00 00 00 00 00 00 00 00 00 0
06-01 12:20:49.928   489   522 D vendor.visteon.skylark.hardware.automotive.vehicle@V1-visteon-service: SomeipCOmm :: RX Message [0/53e]:service:bf ,Method:800d,payload:01 01 06 01 0d 60 7d 00 36 60 a0 00 
06-01 12:20:49.929   489   522 D vendor.visteon.skylark.hardware.automotive.vehicle@V1-visteon-service: SomeipCOmm :: RX Message [0/53f]:service:bf ,Method:8025,payload:01 02 80 01 0d 6c 06 7d 0f c0 0c 17 
06-01 12:20:49.929   489   522 D vendor.visteon.skylark.hardware.automotive.vehicle@V1-visteon-service: SomeipCOmm :: RX Message [0/540]:service:bf ,Method:8027,payload:01 02 86 01 19 40 1a 0c 30 00 00 17 
06-01 12:20:49.931   489   522 D vendor.visteon.skylark.hardware.automotive.vehicle@V1-visteon-service: SomeipCOmm :: RX Message [0/541]:service:bf ,Method:8051,payload:01 02 84 01 1c c0 0e 02 79 00 2f 17 
06-01 12:20:49.935   489   522 D vendor.visteon.skylark.hardware.automotive.vehicle@V1-visteon-service: SomeipCOmm :: RX Message [0/542]:service:c5 ,Method:80df,payload:01 00 
06-01 12:20:49.945   489   522 D vendor.visteon.skylark.hardware.automotive.vehicle@V1-visteon-service: SomeipCOmm :: RX Message [0/543]:service:c7 ,Method:80e2,payload:33 14 0c 01 01 05 1a 02 
06-01 12:20:49.971   489  2788 D vendor.visteon.skylark.hardware.automotive.vehicle@V1-visteon-service: TX Message SomeipComm::send  : service:205,method:1, response Payload: 00 00 07 01 00 00 03 19 02 08 00 00 00 00 00 00 00 00 00 00 
06-01 12:20:49.995   489  2788 D vendor.visteon.skylark.hardware.automotive.vehicle@V1-visteon-service: TX Message SomeipComm::send  : service:194,method:5, response Payload: 01 02 db ff f7 a0 00 27 ff f7 80 
06-01 12:20:49.998   489  2788 D vendor.visteon.skylark.hardware.automotive.vehicle@V1-visteon-service: TX Message SomeipComm::send  : service:194,method:6, response Payload: 00 0b 07 39 38 34 37 33 39 34 37 34 33 00 00 00 00 00 00 00 00 00 00 
06-01 12:20:50.023   489   522 D vendor.visteon.skylark.hardware.automotive.vehicle@V1-visteon-service: SomeipCOmm :: RX Message [0/544]:service:bf ,Method:803d,payload:01 02 b5 01 89 79 18 00 00 00 40 00 
06-01 12:20:50.039   489   522 D vendor.visteon.skylark.hardware.automotive.vehicle@V1-visteon-service: SomeipCOmm :: RX Message [0/545]:service:c5 ,Method:80df,payload:04 00 
06-01 12:20:50.063   489   522 D vendor.visteon.skylark.hardware.automotive.vehicle@V1-visteon-service: SomeipCOmm :: RX Message [0/546]:service:cd ,Method:8000,payload:00 00 07 09 00 05 00 17 59 02 ff 99 4c 54 af 99 25 13 28 d3 0b 08 2c d6 13 64 2e d3 0b 87 2c 00 00 00 00 00 00 00 00 00 00 00 00 00 00 00 00 00 00 00 00 00 00 00 00 00 00 00 00 00 00 00 00 00 00 00 00 00 00 00 00 00 00 00 00 00 00 00 00 00 00 00 00 00 00 00 00 00 00 00 00 00 00 00 00 00 00 00 00 00 00 00 00 00 00 00 00 00 00 00 00 00 00 00 00 00 00 00 00 00 00 00 00 00 00 00 00 00 00 00 00 00 00 00 00 00 00 00 00 00 00 00 00 00 00 00 00 00 00 00 00 00 00 00 00 00 00 00 00 00 00 00 00 00 00 00 00 00 00 00 00 00 00 00 00 00 00 00 00 00 00 00 00 00 00 00 00 00 00 00 00 00 00 00 00 00 00 00 00 00 00 00 00 00 00 00 00 00 00 00 00 00 00 00 00 00 00 00 00 00 00 00 00 00 00 00 00 00 00 00 00 00 00 00 00 00 00 00 00 00 00 00 00 00 00 00 00 00 00 00 00 00 00 00 00 00 00 00 00 00 00 00 00 00 00 00 00 00 00 00 00 00 00 00 00 00 00 00 00 00 00 00 00 00 00 00 00 00 00 00 00 00 00 00 00 00 00 00 00 00 00 00 00 00 00 00 00 00 00 00 00 00 00 00 00 00 00 00 00 0
06-01 12:20:50.073   489  2788 D vendor.visteon.skylark.hardware.automotive.vehicle@V1-visteon-service: TX Message SomeipComm::send  : service:205,method:1, response Payload: 00 00 07 02 00 00 03 19 02 08 00 00 00 00 00 00 00 00 00 00 
06-01 12:20:50.110   489  2788 D vendor.visteon.skylark.hardware.automotive.vehicle@V1-visteon-service: TX Message SomeipComm::send  : service:194,method:5, response Payload: 01 02 db ff fe ff ff 27 ff ff 80 
06-01 12:20:50.114   489   527 D vendor.visteon.skylark.hardware.automotive.vehicle@V1-visteon-service: TX Message SomeipComm::send  : service:193,method:3, response Payload: 04 
06-01 12:20:50.119   489   522 D vendor.visteon.skylark.hardware.automotive.vehicle@V1-visteon-service: SomeipCOmm :: RX Message [0/547]:service:bf ,Method:806b,payload:01 04 fa 01 00 18 06 00 05 94 79 82 
06-01 12:20:50.128   489   522 D vendor.visteon.skylark.hardware.automotive.vehicle@V1-visteon-service: SomeipCOmm :: RX Message [0/548]:service:bf ,Method:800d,payload:01 01 06 01 0c e4 7d 00 36 60 40 00 
06-01 12:20:50.128   489   522 D vendor.visteon.skylark.hardware.automotive.vehicle@V1-visteon-service: SomeipCOmm :: RX Message [0/549]:service:bf ,Method:8025,payload:01 02 80 01 0c f8 07 7d 0f c0 0c 17 
06-01 12:20:50.130   489   522 D vendor.visteon.skylark.hardware.automotive.vehicle@V1-visteon-service: SomeipCOmm :: RX Message [0/54a]:service:bf ,Method:8051,payload:01 02 84 01 1d 10 0e 02 79 00 2f 17 
06-01 12:20:50.130   489   522 D vendor.visteon.skylark.hardware.automotive.vehicle@V1-visteon-service: SomeipCOmm :: RX Message [0/54b]:service:bf ,Method:805f,payload:01 01 03 01 00 00 0f 29 00 00 00 00 
06-01 12:20:50.139   489   522 D vendor.visteon.skylark.hardware.automotive.vehicle@V1-visteon-service: SomeipCOmm :: RX Message [0/54c]:service:c5 ,Method:80df,payload:02 00 
06-01 12:20:50.195   487   508 I UclDL_Impl: Inst Id : 0 ## Tx Msgs : 1904
06-01 12:20:50.195   487   508 I UclDL_Impl: Inst Id : 0 ## TxA Msgs : 1364
06-01 12:20:50.195   487   508 I UclDL_Impl: Inst Id : 0 ## TxA TO : 0
06-01 12:20:50.195   487   508 I UclDL_Impl: Inst Id : 0 ## Rx Msgs : 1904
06-01 12:20:50.195   487   508 I UclDL_Impl: Inst Id : 0 ## Rx HB Msgs : 2
06-01 12:20:50.195   487   508 I UclDL_Impl: Inst Id : 0 ## Tx Bps : 7256
06-01 12:20:50.196   487   508 I UclDL_Impl: Inst Id : 0 ## Rx Bps : 20440
06-01 12:20:50.196   487   508 I UclDL_Impl: Inst Id : 0  ## Avg Ack Latency : 11
06-01 12:20:50.215   489   522 D vendor.visteon.skylark.hardware.automotive.vehicle@V1-visteon-service: SomeipCOmm :: RX Message [0/557]:service:c0 ,Method:8006,payload:01 00 01 
06-01 12:20:50.215   489   522 D vendor.visteon.skylark.hardware.automotive.vehicle@V1-visteon-service: WAKESTATE_STATUS:: 01 00 01 
06-01 12:20:50.218   489  2788 D vendor.visteon.skylark.hardware.automotive.vehicle@V1-visteon-service: TX Message SomeipComm::send  : service:194,method:5, response Payload: 01 02 db ff fe ff ff 27 ff ff 80 
06-01 12:20:50.227   489   522 D vendor.visteon.skylark.hardware.automotive.vehicle@V1-visteon-service: SomeipCOmm :: RX Message [0/558]:service:bf ,Method:802d,payload:01 02 c8 01 19 19 ff ff bc 00 00 00 
06-01 12:20:50.239   489   522 D vendor.visteon.skylark.hardware.automotive.vehicle@V1-visteon-service: SomeipCOmm :: RX Message [0/55a]:service:c5 ,Method:80df,payload:03 00 
06-01 12:20:50.247   489   522 D vendor.visteon.skylark.hardware.automotive.vehicle@V1-visteon-service: SomeipCOmm :: RX Message [0/55b]:service:c0 ,Method:8000,payload:04 
06-01 12:20:50.251   489   522 D vendor.visteon.skylark.hardware.automotive.vehicle@V1-visteon-service: SomeipCOmm :: RX Message [0/55c]:service:c7 ,Method:80e5,payload:02 00 00 01 0f 40 2a 00 08 04 0f 00 00 00 00 00 00 00 00 00 09 00 00 00 00 02 01 01 0e 2d 04 9f 01 b8 07 72 00 1a 00 0a 02 cb 01 00 00 00 1a 06 01 0c 14 32 1d 79 8f 0d 09 0a f9 00 1f 1e b4 89 7f 00 07 00 0b 00 30 02 22 00 c2 00 00 00 01 00 00 00 00 01 00 06 00 00 00 00 00 00 00 00 00 00 00 01 00 00 00 00 00 00 32 00 00 04 07 0a 0f 14 00 10 02 00 03 00 00 00 00 00 c0 00 02 00 00 c0 00 00 01 02 ce 02 c9 02 c8 03 03 03 03 01 00 00 62 00 00 00 01 00 00 00 00 0e bb 03 04 ff 0b 0b 0b 0b a5 07 04 00 00 00 00 03 00 00 00 00 00 03 02 00 00 00 00 00 03 00 00 00 00 00 00 00 00 00 00 00 00 00 00 00 00 00 
06-01 12:20:50.252   489   522 D vendor.visteon.skylark.hardware.automotive.vehicle@V1-visteon-service: SomeipCOmm :: RX Message [0/55d]:service:c7 ,Method:80df,payload:08 04 02 02 01 02 00 00 01 01 00 00 00 00 00 03 01 00 00 00 00 00 00 00 00 00 00 00 00 00 00 00 00 00 00 00 00 00 00 00 00 00 00 00 00 00 00 00 00 00 00 00 00 00 00 00 00 00 00 00 00 00 00 00 00 00 00 00 00 00 00 00 00 00 00 00 00 00 00 00 00 00 00 00 00 00 00 00 00 00 00 00 00 00 00 00 00 00 00 00 
06-01 12:20:50.316   489  2788 D vendor.visteon.skylark.hardware.automotive.vehicle@V1-visteon-service: TX Message SomeipComm::send  : service:194,method:4, response Payload: 01 02 c0 0d 19 00 00 00 00 00 00 00 
06-01 12:20:50.319   489  2788 D vendor.visteon.skylark.hardware.automotive.vehicle@V1-visteon-service: TX Message SomeipComm::send  : service:194,method:4, response Payload: 01 02 c4 00 00 00 00 00 00 00 00 00 
06-01 12:20:50.322   489  2788 D vendor.visteon.skylark.hardware.automotive.vehicle@V1-visteon-service: TX Message SomeipComm::send  : service:194,method:5, response Payload: 01 02 db ff fb e0 00 44 00 02 00 
06-01 12:20:50.327   489   522 D vendor.visteon.skylark.hardware.automotive.vehicle@V1-visteon-service: SomeipCOmm :: RX Message [0/562]:service:bf ,Method:800d,payload:01 01 06 01 0c a0 7d 00 36 60 c0 00 
06-01 12:20:50.328   489   522 D vendor.visteon.skylark.hardware.automotive.vehicle@V1-visteon-service: SomeipCOmm :: RX Message [0/563]:service:bf ,Method:8025,payload:01 02 80 01 0c c0 07 7d 0f c0 0c 17 
06-01 12:20:50.328   489   522 D vendor.visteon.skylark.hardware.automotive.vehicle@V1-visteon-service: SomeipCOmm :: RX Message [0/564]:service:bf ,Method:8051,payload:01 02 84 01 1d 60 0e 02 79 00 2f 17 
06-01 12:20:50.339   489   522 D vendor.visteon.skylark.hardware.automotive.vehicle@V1-visteon-service: SomeipCOmm :: RX Message [0/566]:service:c5 ,Method:80df,payload:05 ff 
06-01 12:20:50.423   645   650 I UclDL_Impl_VIP: TxA TO : 31
06-01 12:20:50.423   645   650 I UclDL_Impl_VIP: Avg Ack Latency : 8
06-01 12:20:50.423   645   650 I UclDL_Impl_VIP: pollingCntr : 13995
06-01 12:20:50.423   645   650 I UclDL_Impl_TCU: VIP-TCU - txBps : 1984
06-01 12:20:50.423   645   650 I UclDL_Impl_TCU: VIP-TCU - rxBps : 888
06-01 12:20:50.423   645   650 I UclDL_Impl_TCU: VIP-TCU - txAckTmo : 1
06-01 12:20:50.426   489  2788 D vendor.visteon.skylark.hardware.automotive.vehicle@V1-visteon-service: TX Message SomeipComm::send  : service:194,method:5, response Payload: 01 02 db 00 06 60 00 73 ff ed 00 
06-01 12:20:50.439   489   522 D vendor.visteon.skylark.hardware.automotive.vehicle@V1-visteon-service: SomeipCOmm :: RX Message [0/568]:service:c5 ,Method:80df,payload:01 00 
06-01 12:20:50.448   489   522 D vendor.visteon.skylark.hardware.automotive.vehicle@V1-visteon-service: SomeipCOmm :: RX Message [0/569]:service:cd ,Method:8000,payload:00 00 07 0a 00 05 00 07 59 02 ff 80 29 1a ed 00 00 00 00 00 00 00 00 00 00 00 00 00 00 00 00 00 00 00 00 00 00 00 00 00 00 00 00 00 00 00 00 00 00 00 00 00 00 00 00 00 00 00 00 00 00 00 00 00 00 00 00 00 00 00 00 00 00 00 00 00 00 00 00 00 00 00 00 00 00 00 00 00 00 00 00 00 00 00 00 00 00 00 00 00 00 00 00 00 00 00 00 00 00 00 00 00 00 00 00 00 00 00 00 00 00 00 00 00 00 00 00 00 00 00 00 00 00 00 00 00 00 00 00 00 00 00 00 00 00 00 00 00 00 00 00 00 00 00 00 00 00 00 00 00 00 00 00 00 00 00 00 00 00 00 00 00 00 00 00 00 00 00 00 00 00 00 00 00 00 00 00 00 00 00 00 00 00 00 00 00 00 00 00 00 00 00 00 00 00 00 00 00 00 00 00 00 00 00 00 00 00 00 00 00 00 00 00 00 00 00 00 00 00 00 00 00 00 00 00 00 00 00 00 00 00 00 00 00 00 00 00 00 00 00 00 00 00 00 00 00 00 00 00 00 00 00 00 00 00 00 00 00 00 00 00 00 00 00 00 00 00 00 00 00 00 00 00 00 00 00 00 00 00 00 00 00 00 00 00 00 00 00 00 00 00 00 00 00 00 00 00 00 00 00 00 00 00 00 00 00 00 00 00 0
06-01 12:20:50.529   489   522 D vendor.visteon.skylark.hardware.automotive.vehicle@V1-visteon-service: SomeipCOmm :: RX Message [0/56a]:service:bf ,Method:800d,payload:01 01 06 01 0c bc 7d 00 36 60 40 a4 
06-01 12:20:50.530   489   522 D vendor.visteon.skylark.hardware.automotive.vehicle@V1-visteon-service: SomeipCOmm :: RX Message [0/56b]:service:bf ,Method:8025,payload:01 02 80 01 0c ac 08 7d 0f c0 0c 17 
06-01 12:20:50.531   489   522 D vendor.visteon.skylark.hardware.automotive.vehicle@V1-visteon-service: SomeipCOmm :: RX Message [0/56c]:service:bf ,Method:8051,payload:01 02 84 01 1d 90 0e 02 79 00 2f 17 
06-01 12:20:50.537   489  2788 D vendor.visteon.skylark.hardware.automotive.vehicle@V1-visteon-service: TX Message SomeipComm::send  : service:194,method:5, response Payload: 01 02 db 00 00 7f ff 24 00 14 00 
06-01 12:20:50.541   489   522 D vendor.visteon.skylark.hardware.automotive.vehicle@V1-visteon-service: SomeipCOmm :: RX Message [0/56d]:service:c5 ,Method:80df,payload:04 00 
06-01 12:20:50.579   489   522 D vendor.visteon.skylark.hardware.automotive.vehicle@V1-visteon-service: SomeipCOmm :: RX Message [0/56e]:service:c7 ,Method:80e7,payload:c4 5a 81 2f 
06-01 12:20:50.627   489   522 D vendor.visteon.skylark.hardware.automotive.vehicle@V1-visteon-service: SomeipCOmm :: RX Message [0/56f]:service:cd ,Method:8000,payload:00 00 07 0d 00 05 00 0f 59 02 ff f0 00 08 6c d3 0b 08 2c d6 1b 64 2c 00 00 00 00 00 00 00 00 00 00 00 00 00 00 00 00 00 00 00 00 00 00 00 00 00 00 00 00 00 00 00 00 00 00 00 00 00 00 00 00 00 00 00 00 00 00 00 00 00 00 00 00 00 00 00 00 00 00 00 00 00 00 00 00 00 00 00 00 00 00 00 00 00 00 00 00 00 00 00 00 00 00 00 00 00 00 00 00 00 00 00 00 00 00 00 00 00 00 00 00 00 00 00 00 00 00 00 00 00 00 00 00 00 00 00 00 00 00 00 00 00 00 00 00 00 00 00 00 00 00 00 00 00 00 00 00 00 00 00 00 00 00 00 00 00 00 00 00 00 00 00 00 00 00 00 00 00 00 00 00 00 00 00 00 00 00 00 00 00 00 00 00 00 00 00 00 00 00 00 00 00 00 00 00 00 00 00 00 00 00 00 00 00 00 00 00 00 00 00 00 00 00 00 00 00 00 00 00 00 00 00 00 00 00 00 00 00 00 00 00 00 00 00 00 00 00 00 00 00 00 00 00 00 00 00 00 00 00 00 00 00 00 00 00 00 00 00 00 00 00 00 00 00 00 00 00 00 00 00 00 00 00 00 00 00 00 00 00 00 00 00 00 00 00 00 00 00 00 00 00 00 00 00 00 00 00 00 00 00 00 00 00 00 00 00 00 0
06-01 12:20:50.637   489  2788 D vendor.visteon.skylark.hardware.automotive.vehicle@V1-visteon-service: TX Message SomeipComm::send  : service:205,method:1, response Payload: 00 00 07 10 00 00 03 19 02 08 00 00 00 00 00 00 00 00 00 00 
06-01 12:20:50.639   489   522 D vendor.visteon.skylark.hardware.automotive.vehicle@V1-visteon-service: SomeipCOmm :: RX Message [0/572]:service:c5 ,Method:80df,payload:02 00 
06-01 12:20:50.686   489  2788 D vendor.visteon.skylark.hardware.automotive.vehicle@V1-visteon-service: TX Message SomeipComm::send  : service:194,method:5, response Payload: 01 02 db ff fc 80 01 73 ff f7 80 
06-01 12:20:50.688   489   522 D vendor.visteon.skylark.hardware.automotive.vehicle@V1-visteon-service: SomeipCOmm :: RX Message [0/574]:service:cd ,Method:8000,payload:00 00 07 18 00 05 00 07 59 02 af d3 35 08 ae 00 00 00 00 00 00 00 00 00 00 00 00 00 00 00 00 00 00 00 00 00 00 00 00 00 00 00 00 00 00 00 00 00 00 00 00 00 00 00 00 00 00 00 00 00 00 00 00 00 00 00 00 00 00 00 00 00 00 00 00 00 00 00 00 00 00 00 00 00 00 00 00 00 00 00 00 00 00 00 00 00 00 00 00 00 00 00 00 00 00 00 00 00 00 00 00 00 00 00 00 00 00 00 00 00 00 00 00 00 00 00 00 00 00 00 00 00 00 00 00 00 00 00 00 00 00 00 00 00 00 00 00 00 00 00 00 00 00 00 00 00 00 00 00 00 00 00 00 00 00 00 00 00 00 00 00 00 00 00 00 00 00 00 00 00 00 00 00 00 00 00 00 00 00 00 00 00 00 00 00 00 00 00 00 00 00 00 00 00 00 00 00 00 00 00 00 00 00 00 00 00 00 00 00 00 00 00 00 00 00 00 00 00 00 00 00 00 00 00 00 00 00 00 00 00 00 00 00 00 00 00 00 00 00 00 00 00 00 00 00 00 00 00 00 00 00 00 00 00 00 00 00 00 00 00 00 00 00 00 00 00 00 00 00 00 00 00 00 00 00 00 00 00 00 00 00 00 00 00 00 00 00 00 00 00 00 00 00 00 00 00 00 00 00 00 00 00 00 00 00 00 00 00 00 0
06-01 12:20:50.695   489  2788 D vendor.visteon.skylark.hardware.automotive.vehicle@V1-visteon-service: TX Message SomeipComm::send  : service:205,method:1, response Payload: 00 00 07 14 00 00 03 19 02 08 00 00 00 00 00 00 00 00 00 00 
06-01 12:20:50.727   489   522 D vendor.visteon.skylark.hardware.automotive.vehicle@V1-visteon-service: SomeipCOmm :: RX Message [0/575]:service:bf ,Method:800d,payload:01 01 06 01 0c a8 7d 00 36 60 c0 00 
06-01 12:20:50.728   489   522 D vendor.visteon.skylark.hardware.automotive.vehicle@V1-visteon-service: SomeipCOmm :: RX Message [0/576]:service:bf ,Method:8025,payload:01 02 80 01 0c a4 08 7d 0f c0 0c 17 
06-01 12:20:50.728   489   522 D vendor.visteon.skylark.hardware.automotive.vehicle@V1-visteon-service: SomeipCOmm :: RX Message [0/577]:service:bf ,Method:8051,payload:01 02 84 01 1d c0 0e 02 79 00 2f 17 
06-01 12:20:50.743   489   522 D vendor.visteon.skylark.hardware.automotive.vehicle@V1-visteon-service: SomeipCOmm :: RX Message [0/578]:service:c5 ,Method:80df,payload:03 00 
06-01 12:20:50.792   489  2788 D vendor.visteon.skylark.hardware.automotive.vehicle@V1-visteon-service: TX Message SomeipComm::send  : service:194,method:5, response Payload: 01 02 db ff ff 3f fe 6c 00 04 00 
06-01 12:20:50.843   489   522 D vendor.visteon.skylark.hardware.automotive.vehicle@V1-visteon-service: SomeipCOmm :: RX Message [0/579]:service:c5 ,Method:80df,payload:05 ff 
06-01 12:20:50.895   489  2788 D vendor.visteon.skylark.hardware.automotive.vehicle@V1-visteon-service: TX Message SomeipComm::send  : service:194,method:5, response Payload: 01 02 db 00 04 e0 00 60 00 06 80 
06-01 12:20:50.932   489   522 D vendor.visteon.skylark.hardware.automotive.vehicle@V1-visteon-service: SomeipCOmm :: RX Message [0/57a]:service:bf ,Method:800d,payload:01 01 06 01 0c a8 7d 00 36 60 40 1c 
06-01 12:20:50.933   489   522 D vendor.visteon.skylark.hardware.automotive.vehicle@V1-visteon-service: SomeipCOmm :: RX Message [0/57b]:service:bf ,Method:8025,payload:01 02 80 01 0c 98 09 7d 0f c0 0c 17 
06-01 12:20:50.934   489   522 D vendor.visteon.skylark.hardware.automotive.vehicle@V1-visteon-service: SomeipCOmm :: RX Message [0/57c]:service:bf ,Method:8051,payload:01 02 84 01 1d f0 0e 02 79 00 2f 17 
06-01 12:20:50.944   489   522 D vendor.visteon.skylark.hardware.automotive.vehicle@V1-visteon-service: SomeipCOmm :: RX Message [0/57d]:service:c5 ,Method:80df,payload:01 00 
06-01 12:20:50.951   489   522 D vendor.visteon.skylark.hardware.automotive.vehicle@V1-visteon-service: SomeipCOmm :: RX Message [0/57e]:service:c7 ,Method:80e2,payload:34 14 0c 01 01 05 1a 02 
06-01 12:20:50.998   489  2788 D vendor.visteon.skylark.hardware.automotive.vehicle@V1-visteon-service: TX Message SomeipComm::send  : service:194,method:5, response Payload: 01 02 db ff f9 e0 00 bb ff ea 80 
06-01 12:20:51.005   489  2788 D vendor.visteon.skylark.hardware.automotive.vehicle@V1-visteon-service: TX Message SomeipComm::send  : service:194,method:5, response Payload: 01 02 c9 90 00 00 00 00 00 40 00 
06-01 12:20:51.032   489   522 D vendor.visteon.skylark.hardware.automotive.vehicle@V1-visteon-service: SomeipCOmm :: RX Message [0/57f]:service:bf ,Method:803d,payload:01 02 b5 01 89 79 1c 00 00 00 40 00 
06-01 12:20:51.034   489   522 D vendor.visteon.skylark.hardware.automotive.vehicle@V1-visteon-service: SomeipCOmm :: RX Message [0/580]:service:bf ,Method:8058,payload:01 02 b7 01 1c 18 1c 18 0b 85 10 00 
06-01 12:20:51.035   489   522 D vendor.visteon.skylark.hardware.automotive.vehicle@V1-visteon-service: SomeipCOmm :: RX Message [0/581]:service:bf ,Method:805a,payload:01 02 bc 01 69 85 f0 00 00 42 00 00 
06-01 12:20:51.044   489   522 D vendor.visteon.skylark.hardware.automotive.vehicle@V1-visteon-service: SomeipCOmm :: RX Message [0/582]:service:c5 ,Method:80df,payload:04 00 
06-01 12:20:51.054   489   489 D vendor.visteon.skylark.hardware.automotive.vehicle@V1-visteon-service: TX Message SomeipComm::send  : service:194,method:5, response Payload: 01 01 d2 00 00 10 01 06 00 00 00 
06-01 12:20:51.104   489   489 D vendor.visteon.skylark.hardware.automotive.vehicle@V1-visteon-service: TX Message SomeipComm::send  : service:194,method:5, response Payload: 01 02 db 00 04 1f fe f0 00 17 00 
06-01 12:20:51.110   489   489 D vendor.visteon.skylark.hardware.automotive.vehicle@V1-visteon-service: TX Message SomeipComm::send  : service:194,method:4, response Payload: 01 02 c0 0d 01 00 00 00 00 00 00 00 
06-01 12:20:51.111   489   489 D vendor.visteon.skylark.hardware.automotive.vehicle@V1-visteon-service: TX Message SomeipComm::send  : service:194,method:4, response Payload: 01 02 c4 00 03 00 00 00 00 00 00 00 
06-01 12:20:51.114   489   527 D vendor.visteon.skylark.hardware.automotive.vehicle@V1-visteon-service: TX Message SomeipComm::send  : service:193,method:3, response Payload: 04 
06-01 12:20:51.119   489   489 D vendor.visteon.skylark.hardware.automotive.vehicle@V1-visteon-service: TX Message SomeipComm::send  : service:194,method:5, response Payload: 01 02 c9 10 00 00 00 00 00 40 00 
06-01 12:20:51.129   489   489 D vendor.visteon.skylark.hardware.automotive.vehicle@V1-visteon-service: TX Message SomeipComm::send  : service:194,method:4, response Payload: 01 02 c0 00 00 00 00 00 00 00 00 00 
06-01 12:20:51.130   489   489 D vendor.visteon.skylark.hardware.automotive.vehicle@V1-visteon-service: TX Message SomeipComm::send  : service:194,method:4, response Payload: 01 02 c0 0b 00 00 00 00 00 00 00 00 
06-01 12:20:51.131   489   489 D vendor.visteon.skylark.hardware.automotive.vehicle@V1-visteon-service: TX Message SomeipComm::send  : service:194,method:4, response Payload: 01 02 c0 0c 01 00 00 00 00 00 00 00 
06-01 12:20:51.133   489   522 D vendor.visteon.skylark.hardware.automotive.vehicle@V1-visteon-service: SomeipCOmm :: RX Message [0/583]:service:bf ,Method:800d,payload:01 01 06 01 0c bc 7d 00 36 60 c0 a4 
06-01 12:20:51.134   489   522 D vendor.visteon.skylark.hardware.automotive.vehicle@V1-visteon-service: SomeipCOmm :: RX Message [0/584]:service:bf ,Method:8018,payload:01 01 c0 01 05 07 00 00 c0 00 00 00 
06-01 12:20:51.134   489   522 D vendor.visteon.skylark.hardware.automotive.vehicle@V1-visteon-service: SomeipCOmm :: RX Message [0/585]:service:bf ,Method:8025,payload:01 02 80 01 0c b4 09 7d 0f c0 0c 17 
06-01 12:20:51.135   489   522 D vendor.visteon.skylark.hardware.automotive.vehicle@V1-visteon-service: SomeipCOmm :: RX Message [0/586]:service:bf ,Method:8051,payload:01 02 84 01 1e 10 0e 02 79 00 2f 17 
06-01 12:20:51.136   489   522 D vendor.visteon.skylark.hardware.automotive.vehicle@V1-visteon-service: SomeipCOmm :: RX Message [0/587]:service:bf ,Method:805f,payload:01 01 03 01 00 00 1f 29 00 00 00 00 
06-01 12:20:51.143   489   522 D vendor.visteon.skylark.hardware.automotive.vehicle@V1-visteon-service: SomeipCOmm :: RX Message [0/588]:service:c5 ,Method:80df,payload:02 00 
06-01 12:20:51.199   487   508 I UclDL_Impl: Inst Id : 0 ## Tx Msgs : 1985
06-01 12:20:51.199   487   508 I UclDL_Impl: Inst Id : 0 ## TxA Msgs : 1416
06-01 12:20:51.199   487   508 I UclDL_Impl: Inst Id : 0 ## TxA TO : 0
06-01 12:20:51.199   487   508 I UclDL_Impl: Inst Id : 0 ## Rx Msgs : 1985
06-01 12:20:51.199   487   508 I UclDL_Impl: Inst Id : 0 ## Rx HB Msgs : 2
06-01 12:20:51.199   487   508 I UclDL_Impl: Inst Id : 0 ## Tx Bps : 10656
06-01 12:20:51.199   487   508 I UclDL_Impl: Inst Id : 0 ## Rx Bps : 25416
06-01 12:20:51.199   487   508 I UclDL_Impl: Inst Id : 0  ## Avg Ack Latency : 13
06-01 12:20:51.216   489   489 D vendor.visteon.skylark.hardware.automotive.vehicle@V1-visteon-service: TX Message SomeipComm::send  : service:194,method:5, response Payload: 01 02 db ff fd e0 01 2b ff f7 80 
06-01 12:20:51.222   489   489 D vendor.visteon.skylark.hardware.automotive.vehicle@V1-visteon-service: TX Message SomeipComm::send  : service:194,method:4, response Payload: 01 02 c0 0d 01 00 00 00 00 00 00 00 
06-01 12:20:51.224   489   489 D vendor.visteon.skylark.hardware.automotive.vehicle@V1-visteon-service: TX Message SomeipComm::send  : service:194,method:4, response Payload: 01 02 c4 00 03 00 00 00 00 00 00 00 
06-01 12:20:51.227   489   489 D vendor.visteon.skylark.hardware.automotive.vehicle@V1-visteon-service: TX Message SomeipComm::send  : service:194,method:4, response Payload: 01 02 c0 0d 01 00 00 00 00 00 00 00 
06-01 12:20:51.229   489   489 D vendor.visteon.skylark.hardware.automotive.vehicle@V1-visteon-service: TX Message SomeipComm::send  : service:194,method:4, response Payload: 01 02 c4 00 03 00 00 00 00 00 00 00 
06-01 12:20:51.231   489   522 D vendor.visteon.skylark.hardware.automotive.vehicle@V1-visteon-service: SomeipCOmm :: RX Message [0/58a]:service:c0 ,Method:8006,payload:01 00 01 
06-01 12:20:51.232   489   522 D vendor.visteon.skylark.hardware.automotive.vehicle@V1-visteon-service: WAKESTATE_STATUS:: 01 00 01 
06-01 12:20:51.240   489   489 D vendor.visteon.skylark.hardware.automotive.vehicle@V1-visteon-service: TX Message SomeipComm::send  : service:194,method:4, response Payload: 01 02 c0 0d 01 00 00 00 00 00 00 00 
06-01 12:20:51.241   489   489 D vendor.visteon.skylark.hardware.automotive.vehicle@V1-visteon-service: TX Message SomeipComm::send  : service:194,method:4, response Payload: 01 02 c4 00 03 00 00 00 00 00 00 00 
06-01 12:20:51.243   489   522 D vendor.visteon.skylark.hardware.automotive.vehicle@V1-visteon-service: SomeipCOmm :: RX Message [0/58b]:service:c5 ,Method:80df,payload:03 00 
06-01 12:20:51.250   489   489 D vendor.visteon.skylark.hardware.automotive.vehicle@V1-visteon-service: TX Message SomeipComm::send  : service:194,method:5, response Payload: 01 02 c9 12 00 00 00 00 00 40 1a 
06-01 12:20:51.251   489   522 D vendor.visteon.skylark.hardware.automotive.vehicle@V1-visteon-service: SomeipCOmm :: RX Message [0/58c]:service:c0 ,Method:8000,payload:04 
06-01 12:20:51.255   489   522 D vendor.visteon.skylark.hardware.automotive.vehicle@V1-visteon-service: SomeipCOmm :: RX Message [0/58d]:service:c7 ,Method:80e5,payload:02 00 00 01 0f 40 2a 00 08 04 0f 00 00 00 00 00 00 00 00 00 09 00 00 00 00 02 01 01 0e 2f 04 a4 01 b2 07 7e 00 1a 00 0a 02 c9 01 00 00 00 1a 06 01 0c 14 33 1d 39 89 0d 09 0a f9 00 1f 1e b4 89 7f 00 07 00 0a 00 30 02 22 00 c2 00 00 00 01 00 00 00 00 01 00 06 00 00 00 00 00 00 00 00 00 00 00 01 00 00 00 00 00 00 32 00 00 04 07 0a 0f 14 00 10 02 00 03 00 00 00 00 00 c0 00 02 00 00 c0 00 00 01 02 c0 02 cd 02 c6 03 03 03 03 01 00 00 62 00 00 00 01 00 00 00 00 0e bb 03 04 ff 0b 0b 0b 0b a5 07 04 00 00 00 00 03 00 00 00 00 00 03 02 00 00 00 00 00 03 00 00 00 00 00 00 00 00 00 00 00 00 00 00 00 00 00 
06-01 12:20:51.257   489   522 D vendor.visteon.skylark.hardware.automotive.vehicle@V1-visteon-service: SomeipCOmm :: RX Message [0/58e]:service:c7 ,Method:80df,payload:08 04 02 02 01 02 00 00 01 01 00 00 00 00 00 03 01 00 00 00 00 00 00 00 00 00 00 00 00 00 00 00 00 00 00 00 00 00 00 00 00 00 00 00 00 00 00 00 00 00 00 00 00 00 00 00 00 00 00 00 00 00 00 00 00 00 00 00 00 00 00 00 00 00 00 00 00 00 00 00 00 00 00 00 00 00 00 00 00 00 00 00 00 00 00 00 00 00 00 00 
06-01 12:20:51.324   489   489 D vendor.visteon.skylark.hardware.automotive.vehicle@V1-visteon-service: TX Message SomeipComm::send  : service:194,method:5, response Payload: 01 02 db ff fa 3f fe f8 00 09 00 
06-01 12:20:51.332   489   522 D vendor.visteon.skylark.hardware.automotive.vehicle@V1-visteon-service: SomeipCOmm :: RX Message [0/58f]:service:bf ,Method:800d,payload:01 01 06 01 0c cc 7d 00 36 60 40 00 
06-01 12:20:51.333   489   522 D vendor.visteon.skylark.hardware.automotive.vehicle@V1-visteon-service: SomeipCOmm :: RX Message [0/590]:service:bf ,Method:8025,payload:01 02 80 01 0c e0 0a 7d 0f c0 0c 17 
06-01 12:20:51.334   489   522 D vendor.visteon.skylark.hardware.automotive.vehicle@V1-visteon-service: SomeipCOmm :: RX Message [0/591]:service:bf ,Method:8051,payload:01 02 84 01 1e 30 0e 02 79 00 2f 17 
06-01 12:20:51.335   489   489 D vendor.visteon.skylark.hardware.automotive.vehicle@V1-visteon-service: TX Message SomeipComm::send  : service:194,method:4, response Payload: 01 02 c0 0d 01 00 00 00 00 00 00 00 
06-01 12:20:51.336   489   522 D vendor.visteon.skylark.hardware.automotive.vehicle@V1-visteon-service: SomeipCOmm :: RX Message [0/592]:service:bf ,Method:805f,payload:01 01 03 01 00 00 10 28 00 00 00 00 
06-01 12:20:51.337   489   489 D vendor.visteon.skylark.hardware.automotive.vehicle@V1-visteon-service: TX Message SomeipComm::send  : service:194,method:4, response Payload: 01 02 c4 00 03 00 00 00 00 00 00 00 
06-01 12:20:51.344   489   522 D vendor.visteon.skylark.hardware.automotive.vehicle@V1-visteon-service: SomeipCOmm :: RX Message [0/593]:service:c5 ,Method:80df,payload:05 ff 
06-01 12:20:51.354   489   489 D vendor.visteon.skylark.hardware.automotive.vehicle@V1-visteon-service: TX Message SomeipComm::send  : service:194,method:5, response Payload: 01 02 c9 12 00 00 00 00 00 40 1b 
06-01 12:20:51.428   645   650 I UclDL_Impl_VIP: TxA TO : 31
06-01 12:20:51.428   645   650 I UclDL_Impl_VIP: Avg Ack Latency : 11
06-01 12:20:51.428   645   650 I UclDL_Impl_VIP: pollingCntr : 14245
06-01 12:20:51.428   645   650 I UclDL_Impl_TCU: VIP-TCU - txBps : 2784
06-01 12:20:51.428   645   650 I UclDL_Impl_TCU: VIP-TCU - rxBps : 1504
06-01 12:20:51.428   645   650 I UclDL_Impl_TCU: VIP-TCU - txAckTmo : 1
06-01 12:20:51.431   489   489 D vendor.visteon.skylark.hardware.automotive.vehicle@V1-visteon-service: TX Message SomeipComm::send  : service:194,method:5, response Payload: 01 02 db 00 0a a0 00 40 00 0c 00 
06-01 12:20:51.459   489   489 D vendor.visteon.skylark.hardware.automotive.vehicle@V1-visteon-service: TX Message SomeipComm::send  : service:194,method:5, response Payload: 01 02 c9 12 00 00 00 00 00 40 1b 
06-01 12:20:51.536   489   522 D vendor.visteon.skylark.hardware.automotive.vehicle@V1-visteon-service: SomeipCOmm :: RX Message [0/595]:service:bf ,Method:800d,payload:01 01 06 01 0c b4 7d 00 36 60 c0 00 
06-01 12:20:51.538   489   522 D vendor.visteon.skylark.hardware.automotive.vehicle@V1-visteon-service: SomeipCOmm :: RX Message [0/596]:service:bf ,Method:8025,payload:01 02 80 01 0c a0 0a 7d 0f c0 0c 17 
06-01 12:20:51.539   489   522 D vendor.visteon.skylark.hardware.automotive.vehicle@V1-visteon-service: SomeipCOmm :: RX Message [0/597]:service:bf ,Method:8051,payload:01 02 84 01 1e 40 0e 02 79 00 2f 17 
06-01 12:20:51.541   489   489 D vendor.visteon.skylark.hardware.automotive.vehicle@V1-visteon-service: TX Message SomeipComm::send  : service:194,method:5, response Payload: 01 02 db ff f8 60 00 27 ff f2 80 
06-01 12:20:51.547   489   489 D vendor.visteon.skylark.hardware.automotive.vehicle@V1-visteon-service: TX Message SomeipComm::send  : service:194,method:5, response Payload: 01 01 d2 00 00 10 01 06 00 00 00 
06-01 12:20:51.561   489   489 D vendor.visteon.skylark.hardware.automotive.vehicle@V1-visteon-service: TX Message SomeipComm::send  : service:194,method:6, response Payload: 00 09 06 73 6d 61 6c 6c 31 32 33 00 00 00 00 00 00 00 00 00 00 00 00 
06-01 12:20:51.632   489   522 D vendor.visteon.skylark.hardware.automotive.vehicle@V1-visteon-service: SomeipCOmm :: RX Message [0/598]:service:bf ,Method:8018,payload:01 01 c0 01 05 07 00 00 c0 00 00 00 
06-01 12:20:51.647   489   489 D vendor.visteon.skylark.hardware.automotive.vehicle@V1-visteon-service: TX Message SomeipComm::send  : service:194,method:5, response Payload: 01 02 db 00 04 bf fe d4 00 12 00 
06-01 12:20:51.736   489   522 D vendor.visteon.skylark.hardware.automotive.vehicle@V1-visteon-service: SomeipCOmm :: RX Message [0/59a]:service:bf ,Method:800d,payload:01 01 06 01 0c cc 7d 00 36 60 40 00 
06-01 12:20:51.736   489   522 D vendor.visteon.skylark.hardware.automotive.vehicle@V1-visteon-service: SomeipCOmm :: RX Message [0/59b]:service:bf ,Method:8025,payload:01 02 80 01 0c c4 0b 7d 0f c0 0c 17 
06-01 12:20:51.738   489   522 D vendor.visteon.skylark.hardware.automotive.vehicle@V1-visteon-service: SomeipCOmm :: RX Message [0/59c]:service:bf ,Method:8051,payload:01 02 84 01 1e 50 0e 02 79 00 2f 17 
06-01 12:20:51.757   489   489 D vendor.visteon.skylark.hardware.automotive.vehicle@V1-visteon-service: TX Message SomeipComm::send  : service:194,method:5, response Payload: 01 02 db ff fc 80 01 a7 ff f2 00 
06-01 12:20:51.868   489   489 D vendor.visteon.skylark.hardware.automotive.vehicle@V1-visteon-service: TX Message SomeipComm::send  : service:194,method:5, response Payload: 01 02 db ff fc 80 01 a7 ff f2 00 
06-01 12:20:51.936   489   522 D vendor.visteon.skylark.hardware.automotive.vehicle@V1-visteon-service: SomeipCOmm :: RX Message [0/59d]:service:bf ,Method:800d,payload:01 01 06 01 0d 04 7d 00 36 60 c0 00 
06-01 12:20:51.938   489   522 D vendor.visteon.skylark.hardware.automotive.vehicle@V1-visteon-service: SomeipCOmm :: RX Message [0/59e]:service:bf ,Method:8025,payload:01 02 80 01 0d 04 0b 7d 0f c0 0c 17 
06-01 12:20:51.940   489   522 D vendor.visteon.skylark.hardware.automotive.vehicle@V1-visteon-service: SomeipCOmm :: RX Message [0/59f]:service:bf ,Method:8051,payload:01 02 84 01 1e 60 0e 02 79 00 2f 17 
06-01 12:20:51.956   489   522 D vendor.visteon.skylark.hardware.automotive.vehicle@V1-visteon-service: SomeipCOmm :: RX Message [0/5a0]:service:c7 ,Method:80e2,payload:35 14 0c 01 01 05 1a 02 
06-01 12:20:51.975   489   489 D vendor.visteon.skylark.hardware.automotive.vehicle@V1-visteon-service: TX Message SomeipComm::send  : service:194,method:5, response Payload: 01 02 db ff fb 3f ff bf ff f7 80 
06-01 12:20:52.057   489   489 D vendor.visteon.skylark.hardware.automotive.vehicle@V1-visteon-service: TX Message SomeipComm::send  : service:194,method:5, response Payload: 01 01 d2 00 00 10 01 06 00 00 00 
06-01 12:20:52.085   489   489 D vendor.visteon.skylark.hardware.automotive.vehicle@V1-visteon-service: TX Message SomeipComm::send  : service:194,method:5, response Payload: 01 02 db 00 0b df ff e8 00 12 00 
06-01 12:20:52.116   489   527 D vendor.visteon.skylark.hardware.automotive.vehicle@V1-visteon-service: TX Message SomeipComm::send  : service:193,method:3, response Payload: 04 
06-01 12:20:52.123   489   489 D vendor.visteon.skylark.hardware.automotive.vehicle@V1-visteon-service: TX Message SomeipComm::send  : service:194,method:4, response Payload: 01 02 c0 00 00 00 00 00 00 00 00 00 
06-01 12:20:52.125   489   489 D vendor.visteon.skylark.hardware.automotive.vehicle@V1-visteon-service: TX Message SomeipComm::send  : service:194,method:4, response Payload: 01 02 c0 0b 00 00 00 00 00 00 00 00 
06-01 12:20:52.127   489   489 D vendor.visteon.skylark.hardware.automotive.vehicle@V1-visteon-service: TX Message SomeipComm::send  : service:194,method:4, response Payload: 01 02 c0 0c 01 00 00 00 00 00 00 00 
06-01 12:20:52.134   489   522 D vendor.visteon.skylark.hardware.automotive.vehicle@V1-visteon-service: SomeipCOmm :: RX Message [0/5a1]:service:bf ,Method:8018,payload:01 01 c0 01 05 07 00 00 c0 00 00 00 
06-01 12:20:52.135   489   522 D vendor.visteon.skylark.hardware.automotive.vehicle@V1-visteon-service: SomeipCOmm :: RX Message [0/5a2]:service:bf ,Method:800d,payload:01 01 06 01 0c e8 7d 00 36 60 40 00 
06-01 12:20:52.137   489   522 D vendor.visteon.skylark.hardware.automotive.vehicle@V1-visteon-service: SomeipCOmm :: RX Message [0/5a3]:service:bf ,Method:8025,payload:01 02 80 01 0c e4 0c 7d 0f c0 0c 17 
06-01 12:20:52.138   489   522 D vendor.visteon.skylark.hardware.automotive.vehicle@V1-visteon-service: SomeipCOmm :: RX Message [0/5a4]:service:bf ,Method:8051,payload:01 02 84 01 1e 70 0e 02 78 00 2f 17 
06-01 12:20:52.193   489   489 D vendor.visteon.skylark.hardware.automotive.vehicle@V1-visteon-service: TX Message SomeipComm::send  : service:194,method:5, response Payload: 01 02 db ff fc 00 00 1b ff ed 00 
06-01 12:20:52.199   487   508 I UclDL_Impl: Inst Id : 0 ## Tx Msgs : 2043
06-01 12:20:52.199   487   508 I UclDL_Impl: Inst Id : 0 ## TxA Msgs : 1444
06-01 12:20:52.199   487   508 I UclDL_Impl: Inst Id : 0 ## TxA TO : 0
06-01 12:20:52.199   487   508 I UclDL_Impl: Inst Id : 0 ## Rx Msgs : 2042
06-01 12:20:52.199   487   508 I UclDL_Impl: Inst Id : 0 ## Rx HB Msgs : 2
06-01 12:20:52.199   487   508 I UclDL_Impl: Inst Id : 0 ## Tx Bps : 7640
06-01 12:20:52.199   487   508 I UclDL_Impl: Inst Id : 0 ## Rx Bps : 8792
06-01 12:20:52.199   487   508 I UclDL_Impl: Inst Id : 0  ## Avg Ack Latency : 9
06-01 12:20:52.244   489   522 D vendor.visteon.skylark.hardware.automotive.vehicle@V1-visteon-service: SomeipCOmm :: RX Message [0/5a6]:service:c0 ,Method:8006,payload:01 00 01 
06-01 12:20:52.244   489   522 D vendor.visteon.skylark.hardware.automotive.vehicle@V1-visteon-service: WAKESTATE_STATUS:: 01 00 01 
