06-01 12:20:27.621   489   522 D vendor.visteon.skylark.hardware.automotive.vehicle@V1-visteon-service: SomeipCOmm :: RX Message [0/2de]:service:bf ,Method:8025,payload:01 02 80 01 0d a0 44 7c 0f c0 0c 17 
06-01 12:20:27.622   489   522 D vendor.visteon.skylark.hardware.automotive.vehicle@V1-visteon-service: SomeipCOmm :: RX Message [0/2df]:service:bf ,Method:8051,payload:01 02 84 01 1e d0 0e 02 8e 00 2f 17 
06-01 12:20:27.692   489   536 D vendor.visteon.skylark.hardware.automotive.vehicle@V1-visteon-service: TX Message SomeipComm::send  : service:194,method:5, response Payload: 01 02 db 00 00 00 00 00 00 00 00 
06-01 12:20:27.714   489   522 D vendor.visteon.skylark.hardware.automotive.vehicle@V1-visteon-service: SomeipCOmm :: RX Message [0/2e1]:service:cd ,Method:8000,payload:00 00 07 0a 00 05 00 07 59 02 ff 80 29 1a af 00 00 00 00 00 00 00 00 00 00 00 00 00 00 00 00 00 00 00 00 00 00 00 00 00 00 00 00 00 00 00 00 00 00 00 00 00 00 00 00 00 00 00 00 00 00 00 00 00 00 00 00 00 00 00 00 00 00 00 00 00 00 00 00 00 00 00 00 00 00 00 00 00 00 00 00 00 00 00 00 00 00 00 00 00 00 00 00 00 00 00 00 00 00 00 00 00 00 00 00 00 00 00 00 00 00 00 00 00 00 00 00 00 00 00 00 00 00 00 00 00 00 00 00 00 00 00 00 00 00 00 00 00 00 00 00 00 00 00 00 00 00 00 00 00 00 00 00 00 00 00 00 00 00 00 00 00 00 00 00 00 00 00 00 00 00 00 00 00 00 00 00 00 00 00 00 00 00 00 00 00 00 00 00 00 00 00 00 00 00 00 00 00 00 00 00 00 00 00 00 00 00 00 00 00 00 00 00 00 00 00 00 00 00 00 00 00 00 00 00 00 00 00 00 00 00 00 00 00 00 00 00 00 00 00 00 00 00 00 00 00 00 00 00 00 00 00 00 00 00 00 00 00 00 00 00 00 00 00 00 00 00 00 00 00 00 00 00 00 00 00 00 00 00 00 00 00 00 00 00 00 00 00 00 00 00 00 00 00 00 00 00 00 00 00 00 00 00 00 00 00 00 00 00 0
06-01 12:20:27.729   489   536 D vendor.visteon.skylark.hardware.automotive.vehicle@V1-visteon-service: TX Message SomeipComm::send  : service:205,method:1, response Payload: 00 00 07 05 00 00 03 19 02 08 00 00 00 00 00 00 00 00 00 00 
06-01 12:20:27.799   489   536 D vendor.visteon.skylark.hardware.automotive.vehicle@V1-visteon-service: TX Message SomeipComm::send  : service:194,method:5, response Payload: 01 02 db 00 00 00 00 00 00 00 00 
06-01 12:20:27.820   489   522 D vendor.visteon.skylark.hardware.automotive.vehicle@V1-visteon-service: SomeipCOmm :: RX Message [0/2e2]:service:bf ,Method:800d,payload:01 01 06 01 0d b4 7d 00 36 60 b0 c8 
06-01 12:20:27.821   489   522 D vendor.visteon.skylark.hardware.automotive.vehicle@V1-visteon-service: SomeipCOmm :: RX Message [0/2e3]:service:bf ,Method:8025,payload:01 02 80 01 0d c0 45 7c 0f c0 0c 17 
06-01 12:20:27.822   489   522 D vendor.visteon.skylark.hardware.automotive.vehicle@V1-visteon-service: SomeipCOmm :: RX Message [0/2e4]:service:bf ,Method:8051,payload:01 02 84 01 1e d0 0e 02 8d 00 2f 17 
06-01 12:20:27.886   489   522 D vendor.visteon.skylark.hardware.automotive.vehicle@V1-visteon-service: SomeipCOmm :: RX Message [0/2e5]:service:cd ,Method:8000,payload:00 00 07 0d 00 05 00 0f 59 02 ff f0 00 08 6c d3 0b 08 2e d6 1b 64 2f 00 00 00 00 00 00 00 00 00 00 00 00 00 00 00 00 00 00 00 00 00 00 00 00 00 00 00 00 00 00 00 00 00 00 00 00 00 00 00 00 00 00 00 00 00 00 00 00 00 00 00 00 00 00 00 00 00 00 00 00 00 00 00 00 00 00 00 00 00 00 00 00 00 00 00 00 00 00 00 00 00 00 00 00 00 00 00 00 00 00 00 00 00 00 00 00 00 00 00 00 00 00 00 00 00 00 00 00 00 00 00 00 00 00 00 00 00 00 00 00 00 00 00 00 00 00 00 00 00 00 00 00 00 00 00 00 00 00 00 00 00 00 00 00 00 00 00 00 00 00 00 00 00 00 00 00 00 00 00 00 00 00 00 00 00 00 00 00 00 00 00 00 00 00 00 00 00 00 00 00 00 00 00 00 00 00 00 00 00 00 00 00 00 00 00 00 00 00 00 00 00 00 00 00 00 00 00 00 00 00 00 00 00 00 00 00 00 00 00 00 00 00 00 00 00 00 00 00 00 00 00 00 00 00 00 00 00 00 00 00 00 00 00 00 00 00 00 00 00 00 00 00 00 00 00 00 00 00 00 00 00 00 00 00 00 00 00 00 00 00 00 00 00 00 00 00 00 00 00 00 00 00 00 00 00 00 00 00 00 00 00 00 00 00 00 00 0
06-01 12:20:27.935   489   536 D vendor.visteon.skylark.hardware.automotive.vehicle@V1-visteon-service: TX Message SomeipComm::send  : service:205,method:1, response Payload: 00 00 07 10 00 00 03 19 02 08 00 00 00 00 00 00 00 00 00 00 
06-01 12:20:27.939   489   536 D vendor.visteon.skylark.hardware.automotive.vehicle@V1-visteon-service: TX Message SomeipComm::send  : service:194,method:5, response Payload: 01 02 db 00 00 00 00 00 00 00 00 
06-01 12:20:27.986   489   522 D vendor.visteon.skylark.hardware.automotive.vehicle@V1-visteon-service: SomeipCOmm :: RX Message [0/2e6]:service:cd ,Method:8000,payload:00 00 07 18 00 05 00 07 59 02 af d3 35 08 ae 00 00 00 00 00 00 00 00 00 00 00 00 00 00 00 00 00 00 00 00 00 00 00 00 00 00 00 00 00 00 00 00 00 00 00 00 00 00 00 00 00 00 00 00 00 00 00 00 00 00 00 00 00 00 00 00 00 00 00 00 00 00 00 00 00 00 00 00 00 00 00 00 00 00 00 00 00 00 00 00 00 00 00 00 00 00 00 00 00 00 00 00 00 00 00 00 00 00 00 00 00 00 00 00 00 00 00 00 00 00 00 00 00 00 00 00 00 00 00 00 00 00 00 00 00 00 00 00 00 00 00 00 00 00 00 00 00 00 00 00 00 00 00 00 00 00 00 00 00 00 00 00 00 00 00 00 00 00 00 00 00 00 00 00 00 00 00 00 00 00 00 00 00 00 00 00 00 00 00 00 00 00 00 00 00 00 00 00 00 00 00 00 00 00 00 00 00 00 00 00 00 00 00 00 00 00 00 00 00 00 00 00 00 00 00 00 00 00 00 00 00 00 00 00 00 00 00 00 00 00 00 00 00 00 00 00 00 00 00 00 00 00 00 00 00 00 00 00 00 00 00 00 00 00 00 00 00 00 00 00 00 00 00 00 00 00 00 00 00 00 00 00 00 00 00 00 00 00 00 00 00 00 00 00 00 00 00 00 00 00 00 00 00 00 00 00 00 00 00 00 00 00 00 00 0
06-01 12:20:28.020   489   522 D vendor.visteon.skylark.hardware.automotive.vehicle@V1-visteon-service: SomeipCOmm :: RX Message [0/2e7]:service:bf ,Method:800d,payload:01 01 06 01 0d 98 7d 00 36 60 30 00 
06-01 12:20:28.021   489   522 D vendor.visteon.skylark.hardware.automotive.vehicle@V1-visteon-service: SomeipCOmm :: RX Message [0/2e8]:service:bf ,Method:8025,payload:01 02 80 01 0d 94 45 7c 0f c0 0c 17 
06-01 12:20:28.022   489   522 D vendor.visteon.skylark.hardware.automotive.vehicle@V1-visteon-service: SomeipCOmm :: RX Message [0/2e9]:service:bf ,Method:8051,payload:01 02 84 01 1e d0 0e 02 8c 00 2f 17 
06-01 12:20:28.031   489   536 D vendor.visteon.skylark.hardware.automotive.vehicle@V1-visteon-service: TX Message SomeipComm::send  : service:205,method:1, response Payload: 00 00 07 14 00 00 03 19 02 08 00 00 00 00 00 00 00 00 00 00 
06-01 12:20:28.063   489   536 D vendor.visteon.skylark.hardware.automotive.vehicle@V1-visteon-service: TX Message SomeipComm::send  : service:194,method:5, response Payload: 01 02 db 00 00 00 00 00 00 00 00 
06-01 12:20:28.100   489   536 D vendor.visteon.skylark.hardware.automotive.vehicle@V1-visteon-service: TX Message SomeipComm::send  : service:194,method:4, response Payload: 01 02 c0 00 00 00 00 00 00 00 00 00 
06-01 12:20:28.101   489   536 D vendor.visteon.skylark.hardware.automotive.vehicle@V1-visteon-service: TX Message SomeipComm::send  : service:194,method:4, response Payload: 01 02 c0 0b 00 00 00 00 00 00 00 00 
06-01 12:20:28.102   489   536 D vendor.visteon.skylark.hardware.automotive.vehicle@V1-visteon-service: TX Message SomeipComm::send  : service:194,method:4, response Payload: 01 02 c0 0c 01 00 00 00 00 00 00 00 
06-01 12:20:28.104   489   527 D vendor.visteon.skylark.hardware.automotive.vehicle@V1-visteon-service: TX Message SomeipComm::send  : service:193,method:3, response Payload: 04 
06-01 12:20:28.136   489   522 D vendor.visteon.skylark.hardware.automotive.vehicle@V1-visteon-service: SomeipCOmm :: RX Message [0/2ea]:service:c0 ,Method:8000,payload:04 
06-01 12:20:28.140   489   522 D vendor.visteon.skylark.hardware.automotive.vehicle@V1-visteon-service: SomeipCOmm :: RX Message [0/2eb]:service:c7 ,Method:80e5,payload:02 00 00 01 0f 40 2a 00 08 04 09 00 00 00 00 00 00 00 00 00 09 00 00 00 00 02 01 01 0e 2c 04 a2 01 b4 08 ca 00 1a 00 0a 02 d0 01 00 00 00 1a 06 01 0c 14 1c 1d 79 8d 0d 09 0a f9 00 1f 1e ba 89 7f 00 07 00 0a 00 30 02 22 00 c2 00 00 00 01 00 00 00 00 01 00 06 00 00 00 00 00 00 00 00 00 00 00 01 00 00 00 00 00 00 32 00 00 04 07 0a 0f 14 00 10 02 00 03 00 00 00 00 00 c0 00 02 00 00 c0 00 00 01 02 ce 02 c6 02 c8 03 03 03 03 01 00 00 62 00 00 00 01 00 00 00 00 0e bb 03 04 ff 0b 0b 0b 0b a5 07 04 00 00 00 00 01 00 00 00 00 00 03 01 00 00 00 00 00 03 00 00 00 00 00 00 00 00 00 00 00 00 00 00 00 00 00 
06-01 12:20:28.141   489   522 D vendor.visteon.skylark.hardware.automotive.vehicle@V1-visteon-service: SomeipCOmm :: RX Message [0/2ec]:service:c7 ,Method:80df,payload:08 04 02 02 01 02 00 00 01 01 00 00 00 00 00 03 01 00 00 00 00 00 00 00 00 00 00 00 00 00 00 00 00 00 00 00 00 00 00 00 00 00 00 00 00 00 00 00 00 00 00 00 00 00 00 00 00 00 00 00 00 00 00 00 00 00 00 00 00 00 00 00 00 00 00 00 00 00 00 00 00 00 00 00 00 00 00 00 00 00 00 00 00 00 00 00 00 00 00 00 
06-01 12:20:28.151   487   508 I UclDL_Impl: Inst Id : 0 ## Tx Msgs : 908
06-01 12:20:28.151   487   508 I UclDL_Impl: Inst Id : 0 ## TxA Msgs : 747
06-01 12:20:28.151   487   508 I UclDL_Impl: Inst Id : 0 ## TxA TO : 0
06-01 12:20:28.151   487   508 I UclDL_Impl: Inst Id : 0 ## Rx Msgs : 908
06-01 12:20:28.151   487   508 I UclDL_Impl: Inst Id : 0 ## Rx HB Msgs : 2
06-01 12:20:28.151   487   508 I UclDL_Impl: Inst Id : 0 ## Tx Bps : 5472
06-01 12:20:28.151   487   508 I UclDL_Impl: Inst Id : 0 ## Rx Bps : 24400
06-01 12:20:28.151   487   508 I UclDL_Impl: Inst Id : 0  ## Avg Ack Latency : 9
06-01 12:20:28.176   489   536 D vendor.visteon.skylark.hardware.automotive.vehicle@V1-visteon-service: TX Message SomeipComm::send  : service:194,method:5, response Payload: 01 02 db 00 00 00 00 00 00 00 00 
06-01 12:20:28.220   489   522 D vendor.visteon.skylark.hardware.automotive.vehicle@V1-visteon-service: SomeipCOmm :: RX Message [0/2ee]:service:bf ,Method:800d,payload:01 01 06 01 0d a8 7d 00 36 60 b0 00 
06-01 12:20:28.221   489   522 D vendor.visteon.skylark.hardware.automotive.vehicle@V1-visteon-service: SomeipCOmm :: RX Message [0/2ef]:service:bf ,Method:8025,payload:01 02 80 01 0d a0 46 7c 0f c0 0c 17 
06-01 12:20:28.223   489   522 D vendor.visteon.skylark.hardware.automotive.vehicle@V1-visteon-service: SomeipCOmm :: RX Message [0/2f0]:service:bf ,Method:8051,payload:01 02 84 01 1e d0 0e 02 8c 00 2f 17 
06-01 12:20:28.292   489   536 D vendor.visteon.skylark.hardware.automotive.vehicle@V1-visteon-service: TX Message SomeipComm::send  : service:194,method:5, response Payload: 01 02 db 00 00 00 00 00 00 00 00 
06-01 12:20:28.315   645   650 I UclDL_Impl_VIP: TxA TO : 31
06-01 12:20:28.315   645   650 I UclDL_Impl_VIP: Avg Ack Latency : 8
06-01 12:20:28.315   645   650 I UclDL_Impl_VIP: pollingCntr : 8496
06-01 12:20:28.315   645   650 I UclDL_Impl_TCU: VIP-TCU - txBps : 2072
06-01 12:20:28.315   645   650 I UclDL_Impl_TCU: VIP-TCU - rxBps : 1064
06-01 12:20:28.315   645   650 I UclDL_Impl_TCU: VIP-TCU - txAckTmo : 1
06-01 12:20:28.339   489   522 D vendor.visteon.skylark.hardware.automotive.vehicle@V1-visteon-service: SomeipCOmm :: RX Message [0/2f2]:service:c7 ,Method:80e2,payload:1d 14 0c 01 01 05 1a 02 
06-01 12:20:28.401   489   536 D vendor.visteon.skylark.hardware.automotive.vehicle@V1-visteon-service: TX Message SomeipComm::send  : service:194,method:5, response Payload: 01 02 db 00 00 00 00 00 00 00 00 
06-01 12:20:28.423   489   522 D vendor.visteon.skylark.hardware.automotive.vehicle@V1-visteon-service: SomeipCOmm :: RX Message [0/2f3]:service:bf ,Method:800d,payload:01 01 06 01 0d 98 7d 00 36 60 30 01 
06-01 12:20:28.425   489   522 D vendor.visteon.skylark.hardware.automotive.vehicle@V1-visteon-service: SomeipCOmm :: RX Message [0/2f4]:service:bf ,Method:8025,payload:01 02 80 01 0d ac 46 7c 0f c0 0c 17 
06-01 12:20:28.426   489   522 D vendor.visteon.skylark.hardware.automotive.vehicle@V1-visteon-service: SomeipCOmm :: RX Message [0/2f5]:service:bf ,Method:8051,payload:01 02 84 01 1e e0 0e 02 8d 00 2f 17 
06-01 12:20:28.510   489   536 D vendor.visteon.skylark.hardware.automotive.vehicle@V1-visteon-service: TX Message SomeipComm::send  : service:194,method:5, response Payload: 01 02 db 00 00 00 00 00 00 00 00 
06-01 12:20:28.619   489   536 D vendor.visteon.skylark.hardware.automotive.vehicle@V1-visteon-service: TX Message SomeipComm::send  : service:194,method:5, response Payload: 01 02 db 00 00 00 00 00 00 00 00 
06-01 12:20:28.623   489   522 D vendor.visteon.skylark.hardware.automotive.vehicle@V1-visteon-service: SomeipCOmm :: RX Message [0/2f6]:service:bf ,Method:800d,payload:01 01 06 01 0d 9c 7d 00 36 60 b0 00 
06-01 12:20:28.625   489   522 D vendor.visteon.skylark.hardware.automotive.vehicle@V1-visteon-service: SomeipCOmm :: RX Message [0/2f7]:service:bf ,Method:8025,payload:01 02 80 01 0d 9c 47 7c 0f c0 0c 17 
06-01 12:20:28.628   489   522 D vendor.visteon.skylark.hardware.automotive.vehicle@V1-visteon-service: SomeipCOmm :: RX Message [0/2f8]:service:bf ,Method:8051,payload:01 02 84 01 1e d0 0e 02 8c 00 2f 17 
06-01 12:20:28.689   489   536 D vendor.visteon.skylark.hardware.automotive.vehicle@V1-visteon-service: TX Message SomeipComm::send  : service:166,method:14, response Payload: 00 02 
06-01 12:20:28.726   489   536 D vendor.visteon.skylark.hardware.automotive.vehicle@V1-visteon-service: TX Message SomeipComm::send  : service:194,method:5, response Payload: 01 02 db 00 00 00 00 00 00 00 00 
06-01 12:20:28.824   489   522 D vendor.visteon.skylark.hardware.automotive.vehicle@V1-visteon-service: SomeipCOmm :: RX Message [0/2fb]:service:bf ,Method:800d,payload:01 01 06 01 0d 98 7d 00 36 60 30 c8 
06-01 12:20:28.825   489   522 D vendor.visteon.skylark.hardware.automotive.vehicle@V1-visteon-service: SomeipCOmm :: RX Message [0/2fc]:service:bf ,Method:8025,payload:01 02 80 01 0d 8c 47 7c 0f c0 0c 17 
06-01 12:20:28.827   489   522 D vendor.visteon.skylark.hardware.automotive.vehicle@V1-visteon-service: SomeipCOmm :: RX Message [0/2fd]:service:bf ,Method:8051,payload:01 02 84 01 1e e0 0e 02 8e 00 2f 17 
06-01 12:20:28.835   489   536 D vendor.visteon.skylark.hardware.automotive.vehicle@V1-visteon-service: TX Message SomeipComm::send  : service:194,method:5, response Payload: 01 02 db 00 00 00 00 00 00 00 00 
06-01 12:20:28.945   489   536 D vendor.visteon.skylark.hardware.automotive.vehicle@V1-visteon-service: TX Message SomeipComm::send  : service:194,method:5, response Payload: 01 02 db 00 00 00 00 00 00 00 00 
06-01 12:20:29.028   489   522 D vendor.visteon.skylark.hardware.automotive.vehicle@V1-visteon-service: SomeipCOmm :: RX Message [0/2ff]:service:bf ,Method:800d,payload:01 01 06 01 0d b4 7d 00 36 60 b0 e0 
06-01 12:20:29.030   489   522 D vendor.visteon.skylark.hardware.automotive.vehicle@V1-visteon-service: SomeipCOmm :: RX Message [0/300]:service:bf ,Method:8025,payload:01 02 80 01 0d a0 48 7c 0f c0 0c 17 
06-01 12:20:29.031   489   522 D vendor.visteon.skylark.hardware.automotive.vehicle@V1-visteon-service: SomeipCOmm :: RX Message [0/301]:service:bf ,Method:8051,payload:01 02 84 01 1e e0 0e 02 8c 00 2f 17 
06-01 12:20:29.049   489   536 D vendor.visteon.skylark.hardware.automotive.vehicle@V1-visteon-service: TX Message SomeipComm::send  : service:194,method:5, response Payload: 01 02 db 00 00 00 00 00 00 00 00 
06-01 12:20:29.105   489   527 D vendor.visteon.skylark.hardware.automotive.vehicle@V1-visteon-service: TX Message SomeipComm::send  : service:193,method:3, response Payload: 04 
06-01 12:20:29.122   489   536 D vendor.visteon.skylark.hardware.automotive.vehicle@V1-visteon-service: TX Message SomeipComm::send  : service:194,method:4, response Payload: 01 02 c0 00 00 00 00 00 00 00 00 00 
06-01 12:20:29.123   489   536 D vendor.visteon.skylark.hardware.automotive.vehicle@V1-visteon-service: TX Message SomeipComm::send  : service:194,method:4, response Payload: 01 02 c0 0b 00 00 00 00 00 00 00 00 
06-01 12:20:29.125   489   536 D vendor.visteon.skylark.hardware.automotive.vehicle@V1-visteon-service: TX Message SomeipComm::send  : service:194,method:4, response Payload: 01 02 c0 0c 01 00 00 00 00 00 00 00 
06-01 12:20:29.139   489   522 D vendor.visteon.skylark.hardware.automotive.vehicle@V1-visteon-service: SomeipCOmm :: RX Message [0/307]:service:c0 ,Method:8000,payload:04 
06-01 12:20:29.143   489   522 D vendor.visteon.skylark.hardware.automotive.vehicle@V1-visteon-service: SomeipCOmm :: RX Message [0/308]:service:c7 ,Method:80e5,payload:02 00 00 01 0f 40 2a 00 08 04 09 00 00 00 00 00 00 00 00 00 09 00 00 00 00 02 01 01 0e 2c 04 a4 01 b3 08 c1 00 1a 00 0a 02 cd 01 00 00 00 1a 06 01 0c 14 1d 1d 79 8f 0d 09 0a f9 00 1f 1e b6 89 7f 00 07 00 0b 00 30 02 22 00 c2 00 00 00 01 00 00 00 00 01 00 06 00 00 00 00 00 00 00 00 00 00 00 01 00 00 00 00 00 00 32 00 00 04 07 0a 0f 14 00 10 02 00 03 00 00 00 00 00 c0 00 02 00 00 c0 00 00 01 02 cb 02 cd 02 ca 03 03 03 03 01 00 00 62 00 00 00 01 00 00 00 00 0e be 03 04 ff 0b 0b 0b 0b a5 07 04 00 00 00 00 01 00 00 00 00 00 03 01 00 00 00 00 00 03 00 00 00 00 00 00 00 00 00 00 00 00 00 00 00 00 00 
06-01 12:20:29.144   489   522 D vendor.visteon.skylark.hardware.automotive.vehicle@V1-visteon-service: SomeipCOmm :: RX Message [0/309]:service:c7 ,Method:80df,payload:08 04 02 02 01 02 00 00 01 01 00 00 00 00 00 03 01 00 00 00 00 00 00 00 00 00 00 00 00 00 00 00 00 00 00 00 00 00 00 00 00 00 00 00 00 00 00 00 00 00 00 00 00 00 00 00 00 00 00 00 00 00 00 00 00 00 00 00 00 00 00 00 00 00 00 00 00 00 00 00 00 00 00 00 00 00 00 00 00 00 00 00 00 00 00 00 00 00 00 00 
06-01 12:20:29.151   487   508 I UclDL_Impl: Inst Id : 0 ## Tx Msgs : 957
06-01 12:20:29.151   487   508 I UclDL_Impl: Inst Id : 0 ## TxA Msgs : 780
06-01 12:20:29.151   487   508 I UclDL_Impl: Inst Id : 0 ## TxA TO : 0
06-01 12:20:29.151   487   508 I UclDL_Impl: Inst Id : 0 ## Rx Msgs : 957
06-01 12:20:29.151   487   508 I UclDL_Impl: Inst Id : 0 ## Rx HB Msgs : 2
06-01 12:20:29.151   487   508 I UclDL_Impl: Inst Id : 0 ## Tx Bps : 5776
06-01 12:20:29.151   487   508 I UclDL_Impl: Inst Id : 0 ## Rx Bps : 10448
06-01 12:20:29.151   487   508 I UclDL_Impl: Inst Id : 0  ## Avg Ack Latency : 9
06-01 12:20:29.161   489   536 D vendor.visteon.skylark.hardware.automotive.vehicle@V1-visteon-service: TX Message SomeipComm::send  : service:194,method:5, response Payload: 01 02 db 00 00 00 00 00 00 00 00 
06-01 12:20:29.198   489   536 D vendor.visteon.skylark.hardware.automotive.vehicle@V1-visteon-service: TX Message SomeipComm::send  : service:194,method:5, response Payload: 01 02 c9 90 00 00 00 00 00 40 00 
06-01 12:20:29.223   489   522 D vendor.visteon.skylark.hardware.automotive.vehicle@V1-visteon-service: SomeipCOmm :: RX Message [0/311]:service:bf ,Method:800d,payload:01 01 06 01 0d a0 7d 00 36 60 50 e0 
06-01 12:20:29.224   489   522 D vendor.visteon.skylark.hardware.automotive.vehicle@V1-visteon-service: SomeipCOmm :: RX Message [0/312]:service:bf ,Method:8025,payload:01 02 80 01 0d a4 48 7c 0f c0 0c 17 
06-01 12:20:29.224   489   522 D vendor.visteon.skylark.hardware.automotive.vehicle@V1-visteon-service: SomeipCOmm :: RX Message [0/313]:service:bf ,Method:8051,payload:01 02 84 01 1e e0 0e 02 8d 00 2f 17 
06-01 12:20:29.275   489   536 D vendor.visteon.skylark.hardware.automotive.vehicle@V1-visteon-service: TX Message SomeipComm::send  : service:194,method:5, response Payload: 01 02 db 00 00 00 00 00 00 00 00 
06-01 12:20:29.323   645   650 I UclDL_Impl_VIP: TxA TO : 31
06-01 12:20:29.323   645   650 I UclDL_Impl_VIP: Avg Ack Latency : 8
06-01 12:20:29.323   645   650 I UclDL_Impl_VIP: pollingCntr : 8746
06-01 12:20:29.323   645   650 I UclDL_Impl_TCU: VIP-TCU - txBps : 1704
06-01 12:20:29.323   645   650 I UclDL_Impl_TCU: VIP-TCU - rxBps : 896
06-01 12:20:29.323   645   650 I UclDL_Impl_TCU: VIP-TCU - txAckTmo : 1
06-01 12:20:29.347   489   522 D vendor.visteon.skylark.hardware.automotive.vehicle@V1-visteon-service: SomeipCOmm :: RX Message [0/315]:service:c7 ,Method:80e2,payload:1e 14 0c 01 01 05 1a 02 
06-01 12:20:29.522   489   536 D vendor.visteon.skylark.hardware.automotive.vehicle@V1-visteon-service: TX Message SomeipComm::send  : service:194,method:5, response Payload: 01 02 db 00 00 00 00 00 00 00 00 
06-01 12:20:29.628   489   522 D vendor.visteon.skylark.hardware.automotive.vehicle@V1-visteon-service: SomeipCOmm :: RX Message [0/327]:service:bf ,Method:800d,payload:01 01 06 01 0d a8 7d 00 36 60 50 61 
06-01 12:20:29.629   489   522 D vendor.visteon.skylark.hardware.automotive.vehicle@V1-visteon-service: SomeipCOmm :: RX Message [0/328]:service:bf ,Method:8025,payload:01 02 80 01 0d b0 49 7c 0f c0 0c 17 
06-01 12:20:29.630   489   522 D vendor.visteon.skylark.hardware.automotive.vehicle@V1-visteon-service: SomeipCOmm :: RX Message [0/329]:service:bf ,Method:8051,payload:01 02 84 01 1e e0 0e 02 8c 00 2f 17 
06-01 12:20:29.634   489   536 D vendor.visteon.skylark.hardware.automotive.vehicle@V1-visteon-service: TX Message SomeipComm::send  : service:194,method:5, response Payload: 01 02 db 00 00 00 00 00 00 00 00 
06-01 12:20:29.742   489   536 D vendor.visteon.skylark.hardware.automotive.vehicle@V1-visteon-service: TX Message SomeipComm::send  : service:194,method:5, response Payload: 01 02 db 00 00 00 00 00 00 00 00 
06-01 12:20:29.755   489   536 D vendor.visteon.skylark.hardware.automotive.vehicle@V1-visteon-service: TX Message SomeipComm::send  : service:194,method:4, response Payload: 01 02 c0 0d 01 00 00 00 00 00 00 00 
06-01 12:20:29.756   489   536 D vendor.visteon.skylark.hardware.automotive.vehicle@V1-visteon-service: TX Message SomeipComm::send  : service:194,method:4, response Payload: 01 02 c4 00 03 00 00 00 00 00 00 00 
06-01 12:20:29.827   489   522 D vendor.visteon.skylark.hardware.automotive.vehicle@V1-visteon-service: SomeipCOmm :: RX Message [0/32a]:service:bf ,Method:800d,payload:01 01 06 01 0d ac 7d 00 36 60 d0 61 
06-01 12:20:29.828   489   522 D vendor.visteon.skylark.hardware.automotive.vehicle@V1-visteon-service: SomeipCOmm :: RX Message [0/32b]:service:bf ,Method:8025,payload:01 02 80 01 0d 9c 4a 7c 0f c0 0c 17 
06-01 12:20:29.829   489   522 D vendor.visteon.skylark.hardware.automotive.vehicle@V1-visteon-service: SomeipCOmm :: RX Message [0/32c]:service:bf ,Method:8051,payload:01 02 84 01 1e e0 0e 02 8c 00 2f 17 
06-01 12:20:29.858   489   536 D vendor.visteon.skylark.hardware.automotive.vehicle@V1-visteon-service: TX Message SomeipComm::send  : service:194,method:5, response Payload: 01 02 db 00 00 00 00 00 00 00 00 
06-01 12:20:29.969   489   536 D vendor.visteon.skylark.hardware.automotive.vehicle@V1-visteon-service: TX Message SomeipComm::send  : service:194,method:5, response Payload: 01 02 db 00 00 00 00 00 00 00 00 
06-01 12:20:30.027   489   522 D vendor.visteon.skylark.hardware.automotive.vehicle@V1-visteon-service: SomeipCOmm :: RX Message [0/32d]:service:bf ,Method:800d,payload:01 01 06 01 0d ac 7d 00 36 60 50 a4 
06-01 12:20:30.029   489   522 D vendor.visteon.skylark.hardware.automotive.vehicle@V1-visteon-service: SomeipCOmm :: RX Message [0/32e]:service:bf ,Method:8025,payload:01 02 80 01 0d cc 4b 7c 0f c0 0c 17 
06-01 12:20:30.030   489   522 D vendor.visteon.skylark.hardware.automotive.vehicle@V1-visteon-service: SomeipCOmm :: RX Message [0/32f]:service:bf ,Method:8051,payload:01 02 84 01 1e e0 0e 02 8d 00 2f 17 
06-01 12:20:30.094   489   536 D vendor.visteon.skylark.hardware.automotive.vehicle@V1-visteon-service: TX Message SomeipComm::send  : service:194,method:4, response Payload: 01 02 c0 00 00 00 00 00 00 00 00 00 
06-01 12:20:30.148   489   522 D vendor.visteon.skylark.hardware.automotive.vehicle@V1-visteon-service: SomeipCOmm :: RX Message [0/332]:service:c0 ,Method:8000,payload:04 
06-01 12:20:30.152   489   522 D vendor.visteon.skylark.hardware.automotive.vehicle@V1-visteon-service: SomeipCOmm :: RX Message [0/333]:service:c7 ,Method:80e5,payload:02 00 00 01 0f a5 2a 00 08 04 09 00 00 00 00 00 00 00 00 00 09 00 00 00 00 02 01 01 0e 2c 04 a3 01 b4 08 bf 00 1a 00 0a 02 c9 01 00 00 00 1a 06 01 0c 14 1e 1d 79 8f 0d 09 0a f9 00 1f 1e b6 89 7f 00 07 00 0a 00 30 02 22 00 c2 00 00 00 01 00 00 00 00 01 00 06 00 00 00 00 00 00 00 00 00 00 00 01 00 00 00 00 00 00 32 00 00 04 07 0a 0f 14 00 10 02 00 03 00 00 00 00 00 c0 00 02 00 00 c0 00 00 01 02 c3 02 cc 02 c7 03 03 03 03 01 00 00 62 00 01 00 01 00 00 00 00 0e bd 03 04 ff 0b 0b 0b 0b a5 07 04 00 00 00 00 01 00 00 00 00 00 03 01 00 00 00 00 00 03 00 00 00 00 00 00 00 00 00 00 00 00 00 00 00 00 00 
06-01 12:20:30.153   489   522 D vendor.visteon.skylark.hardware.automotive.vehicle@V1-visteon-service: SomeipCOmm :: RX Message [0/334]:service:c7 ,Method:80df,payload:08 04 02 02 01 02 00 00 01 01 00 00 00 00 00 03 01 00 00 00 00 00 00 00 00 00 00 00 00 00 00 00 00 00 00 00 00 00 00 00 00 00 00 00 00 00 00 00 00 00 00 00 00 00 00 00 00 00 00 00 00 00 00 00 00 00 00 00 00 00 00 00 00 00 00 00 00 00 00 00 00 00 00 00 00 00 00 00 00 00 00 00 00 00 00 00 00 00 00 00 
06-01 12:20:30.155   487   508 I UclDL_Impl: Inst Id : 0 ## Tx Msgs : 1028
06-01 12:20:30.155   487   508 I UclDL_Impl: Inst Id : 0 ## TxA Msgs : 819
06-01 12:20:30.156   487   508 I UclDL_Impl: Inst Id : 0 ## TxA TO : 0
06-01 12:20:30.156   487   508 I UclDL_Impl: Inst Id : 0 ## Rx Msgs : 1028
06-01 12:20:30.156   487   508 I UclDL_Impl: Inst Id : 0 ## Rx HB Msgs : 2
06-01 12:20:30.156   487   508 I UclDL_Impl: Inst Id : 0 ## Tx Bps : 10712
06-01 12:20:30.156   487   508 I UclDL_Impl: Inst Id : 0 ## Rx Bps : 13256
06-01 12:20:30.167   489   536 D vendor.visteon.skylark.hardware.automotive.vehicle@V1-visteon-service: TX Message SomeipComm::send  : service:194,method:5, response Payload: 01 02 c9 12 00 00 00 00 00 40 0d 
06-01 12:20:30.232   489   522 D vendor.visteon.skylark.hardware.automotive.vehicle@V1-visteon-service: SomeipCOmm :: RX Message [0/335]:service:bf ,Method:800d,payload:01 01 06 01 0d b4 7d 00 36 60 d0 a4 
06-01 12:20:30.232   489   522 D vendor.visteon.skylark.hardware.automotive.vehicle@V1-visteon-service: SomeipCOmm :: RX Message [0/336]:service:bf ,Method:8025,payload:01 02 80 01 0d c0 4b 7c 0f c0 0c 17 
06-01 12:20:30.233   489   522 D vendor.visteon.skylark.hardware.automotive.vehicle@V1-visteon-service: SomeipCOmm :: RX Message [0/337]:service:bf ,Method:8051,payload:01 02 84 01 1e e0 0e 02 8c 00 2f 17 
06-01 12:20:30.236   489   536 D vendor.visteon.skylark.hardware.automotive.vehicle@V1-visteon-service: TX Message SomeipComm::send  : service:194,method:5, response Payload: 01 02 db 00 00 00 00 00 00 00 00 
06-01 12:20:30.269   489   536 D vendor.visteon.skylark.hardware.automotive.vehicle@V1-visteon-service: TX Message SomeipComm::send  : service:194,method:5, response Payload: 01 02 c9 12 00 00 00 00 00 40 0d 
06-01 12:20:30.327   645   650 I UclDL_Impl_TCU: VIP-TCU - txBps : 2216
06-01 12:20:30.340   489   536 D vendor.visteon.skylark.hardware.automotive.vehicle@V1-visteon-service: TX Message SomeipComm::send  : service:194,method:5, response Payload: 01 02 db 00 00 00 00 00 00 00 00 
06-01 12:20:30.351   489   522 D vendor.visteon.skylark.hardware.automotive.vehicle@V1-visteon-service: SomeipCOmm :: RX Message [0/339]:service:c7 ,Method:80e2,payload:1f 14 0c 01 01 05 1a 02 
06-01 12:20:30.394   489   525 D vendor.visteon.skylark.hardware.automotive.vehicle@V1-visteon-service: VHAL_SINGLEMSGSUBSCRIPTIONREQUEST:: 01 02 7f 
06-01 12:20:30.394   489   525 D vendor.visteon.skylark.hardware.automotive.vehicle@V1-visteon-service: TX Message SomeipComm::send  : service:194,method:2, response Payload: 01 02 7f 
06-01 12:20:30.395   489   536 D vendor.visteon.skylark.hardware.automotive.vehicle@V1-visteon-service: TX Message SomeipComm::send  : service:194,method:4, response Payload: 01 02 c0 08 00 00 00 00 00 00 00 00 
06-01 12:20:30.416   489   522 D vendor.visteon.skylark.hardware.automotive.vehicle@V1-visteon-service: SomeipCOmm :: RX Message [0/33c]:service:bf ,Method:8008,payload:01 02 7f 01 
06-01 12:20:30.419   489   522 D vendor.visteon.skylark.hardware.automotive.vehicle@V1-visteon-service: SomeipCOmm :: RX Message [0/33d]:service:bf ,Method:8024,payload:01 02 7f 00 00 00 00 00 00 00 00 0f 
06-01 12:20:30.432   489   522 D vendor.visteon.skylark.hardware.automotive.vehicle@V1-visteon-service: SomeipCOmm :: RX Message [0/33e]:service:bf ,Method:800d,payload:01 01 06 01 0d b4 7d 00 36 60 50 f3 
06-01 12:20:30.432   489   522 D vendor.visteon.skylark.hardware.automotive.vehicle@V1-visteon-service: SomeipCOmm :: RX Message [0/33f]:service:bf ,Method:8025,payload:01 02 80 01 0d b8 4c 7c 0f c0 0c 17 
06-01 12:20:30.434   489   522 D vendor.visteon.skylark.hardware.automotive.vehicle@V1-visteon-service: SomeipCOmm :: RX Message [0/340]:service:bf ,Method:8051,payload:01 02 84 01 1e e0 0e 02 8d 00 2f 17 
06-01 12:20:30.464   489   536 D vendor.visteon.skylark.hardware.automotive.vehicle@V1-visteon-service: TX Message SomeipComm::send  : service:194,method:5, response Payload: 01 02 db 00 00 00 00 00 00 00 00 
06-01 12:20:30.519   489   522 D vendor.visteon.skylark.hardware.automotive.vehicle@V1-visteon-service: SomeipCOmm :: RX Message [0/341]:service:bf ,Method:806b,payload:01 04 fa 01 00 18 06 00 05 94 8c 83 
06-01 12:20:30.567   489   536 D vendor.visteon.skylark.hardware.automotive.vehicle@V1-visteon-service: TX Message SomeipComm::send  : service:194,method:5, response Payload: 01 02 db 00 00 00 00 00 00 00 00 
06-01 12:20:30.569   489  2788 D vendor.visteon.skylark.hardware.automotive.vehicle@V1-visteon-service: TX Message SomeipComm::send  : service:206,method:5, response Payload: 00 
06-01 12:20:30.572   489  2788 D vendor.visteon.skylark.hardware.automotive.vehicle@V1-visteon-service: TX Message SomeipComm::send  : service:196,method:10, response Payload: 00 
06-01 12:20:30.587   489   522 D vendor.visteon.skylark.hardware.automotive.vehicle@V1-visteon-service: SomeipCOmm :: RX Message [0/342]:service:cb ,Method:8008,payload:07 
06-01 12:20:30.631   489   522 D vendor.visteon.skylark.hardware.automotive.vehicle@V1-visteon-service: SomeipCOmm :: RX Message [0/344]:service:bf ,Method:800d,payload:01 01 06 01 0d a8 7d 00 36 60 d0 61 
06-01 12:20:30.631   489   522 D vendor.visteon.skylark.hardware.automotive.vehicle@V1-visteon-service: SomeipCOmm :: RX Message [0/345]:service:bf ,Method:8025,payload:01 02 80 01 0d 98 4c 7c 0f c0 0c 17 
06-01 12:20:30.632   489   522 D vendor.visteon.skylark.hardware.automotive.vehicle@V1-visteon-service: SomeipCOmm :: RX Message [0/346]:service:bf ,Method:8051,payload:01 02 84 01 1e e0 0e 02 8c 00 2f 17 
06-01 12:20:30.672   489  2788 D vendor.visteon.skylark.hardware.automotive.vehicle@V1-visteon-service: TX Message SomeipComm::send  : service:194,method:5, response Payload: 01 02 db 00 00 00 00 00 00 00 00 
06-01 12:20:30.673   487   512 W UclVmfMsgQ_Put: Queue 0 Reached 80% 0f Max limit 5(4)
06-01 12:20:30.673   487   512 W UclVmfMsgQ_Put: Queue 0 Reached 80% 0f Max limit 5(5)
06-01 12:20:30.673   487   512 E UclVmfMsgQ_Put: Reached Queue 0 Max limit 5(5), flushing queue !!!!DATA LOSS!!!
06-01 12:20:30.673   487   512 E UclGen  : Processing of SomeIPMsg to Ucl failed! Service Id 190  MethodId 4
06-01 12:20:30.776   489  2788 D vendor.visteon.skylark.hardware.automotive.vehicle@V1-visteon-service: TX Message SomeipComm::send  : service:194,method:5, response Payload: 01 02 db 00 00 00 00 00 00 00 00 
06-01 12:20:30.831   489   522 D vendor.visteon.skylark.hardware.automotive.vehicle@V1-visteon-service: SomeipCOmm :: RX Message [0/349]:service:bf ,Method:800d,payload:01 01 06 01 0d a8 7d 00 36 60 50 c4 
06-01 12:20:30.832   489   522 D vendor.visteon.skylark.hardware.automotive.vehicle@V1-visteon-service: SomeipCOmm :: RX Message [0/34a]:service:bf ,Method:8025,payload:01 02 80 01 0d a4 4d 7c 0f c0 0c 17 
06-01 12:20:30.880   489  2788 D vendor.visteon.skylark.hardware.automotive.vehicle@V1-visteon-service: TX Message SomeipComm::send  : service:194,method:5, response Payload: 01 02 db 00 00 00 00 00 00 00 00 
06-01 12:20:31.015   489   525 D vendor.visteon.skylark.hardware.automotive.vehicle@V1-visteon-service: VHAL_SINGLEMSGSUBSCRIPTIONREQUEST:: 01 02 7e 
06-01 12:20:31.015   489   525 D vendor.visteon.skylark.hardware.automotive.vehicle@V1-visteon-service: TX Message SomeipComm::send  : service:194,method:2, response Payload: 01 02 7e 
06-01 12:20:31.032   489   522 D vendor.visteon.skylark.hardware.automotive.vehicle@V1-visteon-service: SomeipCOmm :: RX Message [0/34b]:service:bf ,Method:8008,payload:01 02 7e 01 
06-01 12:20:31.032   489   522 D vendor.visteon.skylark.hardware.automotive.vehicle@V1-visteon-service: SomeipCOmm :: RX Message [0/34c]:service:bf ,Method:8023,payload:01 02 7e 00 00 00 00 00 00 00 00 0f 
06-01 12:20:31.036   489   522 D vendor.visteon.skylark.hardware.automotive.vehicle@V1-visteon-service: SomeipCOmm :: RX Message [0/34d]:service:bf ,Method:800d,payload:01 01 06 01 0d 94 7d 00 36 60 d0 e0 
06-01 12:20:31.037   489   522 D vendor.visteon.skylark.hardware.automotive.vehicle@V1-visteon-service: SomeipCOmm :: RX Message [0/34e]:service:bf ,Method:8025,payload:01 02 80 01 0d 94 4d 7c 0f c0 0c 17 
06-01 12:20:31.037   489   522 D vendor.visteon.skylark.hardware.automotive.vehicle@V1-visteon-service: SomeipCOmm :: RX Message [0/34f]:service:bf ,Method:8051,payload:01 02 84 01 1e d0 0e 02 8e 00 2f 17 
06-01 12:20:31.057   489  2788 D vendor.visteon.skylark.hardware.automotive.vehicle@V1-visteon-service: TX Message SomeipComm::send  : service:194,method:5, response Payload: 01 02 db 00 00 00 00 00 00 00 00 
06-01 12:20:31.061   489   525 D vendor.visteon.skylark.hardware.automotive.vehicle@V1-visteon-service: VHAL_SINGLEMSGSUBSCRIPTIONREQUEST:: 01 01 e9 
06-01 12:20:31.061   489   525 D vendor.visteon.skylark.hardware.automotive.vehicle@V1-visteon-service: TX Message SomeipComm::send  : service:194,method:2, response Payload: 01 01 e9 
06-01 12:20:31.081   489   522 D vendor.visteon.skylark.hardware.automotive.vehicle@V1-visteon-service: SomeipCOmm :: RX Message [0/350]:service:bf ,Method:8008,payload:01 01 e9 01 
06-01 12:20:31.091   489   525 D vendor.visteon.skylark.hardware.automotive.vehicle@V1-visteon-service: VHAL_SINGLEMSGSUBSCRIPTIONREQUEST:: 01 01 ca 
06-01 12:20:31.092   489   525 D vendor.visteon.skylark.hardware.automotive.vehicle@V1-visteon-service: TX Message SomeipComm::send  : service:194,method:2, response Payload: 01 01 ca 
06-01 12:20:31.106   489   527 D vendor.visteon.skylark.hardware.automotive.vehicle@V1-visteon-service: TX Message SomeipComm::send  : service:193,method:3, response Payload: 04 
06-01 12:20:31.108   489   522 D vendor.visteon.skylark.hardware.automotive.vehicle@V1-visteon-service: SomeipCOmm :: RX Message [0/351]:service:bf ,Method:8008,payload:01 01 ca 01 
06-01 12:20:31.116   489  2788 D vendor.visteon.skylark.hardware.automotive.vehicle@V1-visteon-service: TX Message SomeipComm::send  : service:194,method:4, response Payload: 01 02 c0 00 00 00 00 00 00 00 00 00 
06-01 12:20:31.116   489  2788 D vendor.visteon.skylark.hardware.automotive.vehicle@V1-visteon-service: TX Message SomeipComm::send  : service:194,method:4, response Payload: 01 02 c0 0b 00 00 00 00 00 00 00 00 
06-01 12:20:31.117   489  2788 D vendor.visteon.skylark.hardware.automotive.vehicle@V1-visteon-service: TX Message SomeipComm::send  : service:194,method:4, response Payload: 01 02 c0 0c 01 00 00 00 00 00 00 00 
06-01 12:20:31.135   489   522 D vendor.visteon.skylark.hardware.automotive.vehicle@V1-visteon-service: SomeipCOmm :: RX Message [0/353]:service:bf ,Method:803d,payload:01 02 b5 01 8a 8d 1c 00 00 00 40 00 
06-01 12:20:31.151   489   522 D vendor.visteon.skylark.hardware.automotive.vehicle@V1-visteon-service: SomeipCOmm :: RX Message [0/354]:service:c0 ,Method:8000,payload:04 
06-01 12:20:31.155   487   508 I UclDL_Impl: Inst Id : 0 ## Tx Msgs : 1088
06-01 12:20:31.155   487   508 I UclDL_Impl: Inst Id : 0 ## TxA Msgs : 853
06-01 12:20:31.155   487   508 I UclDL_Impl: Inst Id : 0 ## TxA TO : 0
06-01 12:20:31.155   487   508 I UclDL_Impl: Inst Id : 0 ## Rx Msgs : 1087
06-01 12:20:31.155   487   508 I UclDL_Impl: Inst Id : 0 ## Rx HB Msgs : 2
06-01 12:20:31.155   487   508 I UclDL_Impl: Inst Id : 0 ## Tx Bps : 7112
06-01 12:20:31.155   487   508 I UclDL_Impl: Inst Id : 0 ## Rx Bps : 9744
06-01 12:20:31.155   487   508 I UclDL_Impl: Inst Id : 0  ## Avg Ack Latency : 10
06-01 12:20:31.156   489   522 D vendor.visteon.skylark.hardware.automotive.vehicle@V1-visteon-service: SomeipCOmm :: RX Message [0/355]:service:c7 ,Method:80e5,payload:02 00 00 01 0f 40 2a 00 08 04 09 00 00 00 00 00 00 00 00 00 09 00 00 00 00 02 01 01 0e 2b 04 a3 01 b3 08 cf 00 1a 00 0b 02 c7 01 00 00 00 1a 06 01 0c 14 1f 1d 79 8f 0d 09 0a f9 00 1f 1e b4 89 7f 00 07 00 0b 00 30 02 22 00 c2 00 00 00 01 00 00 00 00 01 00 06 00 00 00 00 00 00 00 00 00 00 00 01 00 00 00 00 00 00 32 00 00 04 07 0a 0f 14 00 10 02 00 03 00 00 00 00 00 c0 00 02 00 00 c0 00 00 01 02 c7 02 ca 02 c6 03 03 03 03 01 00 00 62 00 00 00 01 00 00 00 00 0e bc 03 04 ff 0b 0b 0b 0b a5 07 04 00 00 00 00 01 00 00 00 00 00 03 01 00 00 00 00 00 03 00 00 00 00 00 00 00 00 00 00 00 00 00 00 00 00 00 
06-01 12:20:31.157   489   522 D vendor.visteon.skylark.hardware.automotive.vehicle@V1-visteon-service: SomeipCOmm :: RX Message [0/356]:service:c7 ,Method:80df,payload:08 04 02 02 01 02 00 00 01 01 00 00 00 00 00 03 01 00 00 00 00 00 00 00 00 00 00 00 00 00 00 00 00 00 00 00 00 00 00 00 00 00 00 00 00 00 00 00 00 00 00 00 00 00 00 00 00 00 00 00 00 00 00 00 00 00 00 00 00 00 00 00 00 00 00 00 00 00 00 00 00 00 00 00 00 00 00 00 00 00 00 00 00 00 00 00 00 00 00 00 
06-01 12:20:31.172   489   536 D vendor.visteon.skylark.hardware.automotive.vehicle@V1-visteon-service: TX Message SomeipComm::send  : service:194,method:5, response Payload: 01 02 db 00 00 00 00 00 00 00 00 
06-01 12:20:31.236   489   522 D vendor.visteon.skylark.hardware.automotive.vehicle@V1-visteon-service: SomeipCOmm :: RX Message [0/357]:service:bf ,Method:800d,payload:01 01 06 01 0d 7c 7d 00 36 60 70 61 
06-01 12:20:31.237   489   522 D vendor.visteon.skylark.hardware.automotive.vehicle@V1-visteon-service: SomeipCOmm :: RX Message [0/358]:service:bf ,Method:8025,payload:01 02 80 01 0d a4 4e 7c 0f c0 0c 17 
06-01 12:20:31.238   489   522 D vendor.visteon.skylark.hardware.automotive.vehicle@V1-visteon-service: SomeipCOmm :: RX Message [0/359]:service:bf ,Method:8051,payload:01 02 84 01 1e d0 0e 02 8b 00 2f 17 
06-01 12:20:31.257   489  2788 D vendor.visteon.skylark.hardware.automotive.vehicle@V1-visteon-service: TX Message SomeipComm::send  : service:200,method:6, response Payload: 00 
06-01 12:20:31.271   489   522 D vendor.visteon.skylark.hardware.automotive.vehicle@V1-visteon-service: SomeipCOmm :: RX Message [0/35a]:service:c7 ,Method:80e3,payload:13 
06-01 12:20:31.276   489  2788 D vendor.visteon.skylark.hardware.automotive.vehicle@V1-visteon-service: TX Message SomeipComm::send  : service:194,method:5, response Payload: 01 02 db 00 00 00 00 00 00 00 00 
06-01 12:20:31.331   645   650 I UclDL_Impl_VIP: TxA TO : 31
06-01 12:20:31.331   645   650 I UclDL_Impl_VIP: Avg Ack Latency : 9
06-01 12:20:31.331   645   650 I UclDL_Impl_VIP: pollingCntr : 9246
06-01 12:20:31.331   645   650 I UclDL_Impl_TCU: VIP-TCU - txBps : 1800
06-01 12:20:31.331   645   650 I UclDL_Impl_TCU: VIP-TCU - rxBps : 1008
06-01 12:20:31.331   645   650 I UclDL_Impl_TCU: VIP-TCU - txAckTmo : 1
06-01 12:20:31.356   489   522 D vendor.visteon.skylark.hardware.automotive.vehicle@V1-visteon-service: SomeipCOmm :: RX Message [0/35c]:service:c7 ,Method:80e2,payload:20 14 0c 01 01 05 1a 02 
06-01 12:20:31.357   489  2788 D vendor.visteon.skylark.hardware.automotive.vehicle@V1-visteon-service: TX Message SomeipComm::send  : service:196,method:5, response Payload: 01 9c 68 00 
06-01 12:20:31.373   489  2788 D vendor.visteon.skylark.hardware.automotive.vehicle@V1-visteon-service: TX Message SomeipComm::send  : service:194,method:6, response Payload: 00 09 06 73 6d 61 6c 6c 31 32 33 00 00 00 00 00 00 00 00 00 00 00 00 
06-01 12:20:31.390   489  2788 D vendor.visteon.skylark.hardware.automotive.vehicle@V1-visteon-service: TX Message SomeipComm::send  : service:194,method:5, response Payload: 01 02 db 00 00 00 00 00 00 00 00 
06-01 12:20:31.435   489   522 D vendor.visteon.skylark.hardware.automotive.vehicle@V1-visteon-service: SomeipCOmm :: RX Message [0/35d]:service:bf ,Method:800d,payload:01 01 06 01 0d 90 7d 00 36 60 f0 c8 
06-01 12:20:31.437   489   522 D vendor.visteon.skylark.hardware.automotive.vehicle@V1-visteon-service: SomeipCOmm :: RX Message [0/35e]:service:bf ,Method:8025,payload:01 02 80 01 0d 84 4e 7c 0f c0 0c 17 
06-01 12:20:31.437   489   522 D vendor.visteon.skylark.hardware.automotive.vehicle@V1-visteon-service: SomeipCOmm :: RX Message [0/35f]:service:bf ,Method:8051,payload:01 02 84 01 1e d0 0e 02 8e 00 2f 17 
06-01 12:20:31.505   489  2788 D vendor.visteon.skylark.hardware.automotive.vehicle@V1-visteon-service: TX Message SomeipComm::send  : service:194,method:5, response Payload: 01 02 db 00 00 00 00 00 00 00 00 
06-01 12:20:31.536   489   522 D vendor.visteon.skylark.hardware.automotive.vehicle@V1-visteon-service: SomeipCOmm :: RX Message [0/360]:service:bf ,Method:803d,payload:01 02 b5 01 8a 8c 1c 00 00 00 40 00 
06-01 12:20:31.609   489  2788 D vendor.visteon.skylark.hardware.automotive.vehicle@V1-visteon-service: TX Message SomeipComm::send  : service:194,method:5, response Payload: 01 02 db 00 00 00 00 00 00 00 00 
06-01 12:20:31.636   489   522 D vendor.visteon.skylark.hardware.automotive.vehicle@V1-visteon-service: SomeipCOmm :: RX Message [0/362]:service:bf ,Method:800d,payload:01 01 06 01 0d 98 7d 00 36 60 70 00 
06-01 12:20:31.636   489   522 D vendor.visteon.skylark.hardware.automotive.vehicle@V1-visteon-service: SomeipCOmm :: RX Message [0/363]:service:bf ,Method:8025,payload:01 02 80 01 0d 90 4f 7c 0f c0 0c 17 
06-01 12:20:31.637   489   522 D vendor.visteon.skylark.hardware.automotive.vehicle@V1-visteon-service: SomeipCOmm :: RX Message [0/364]:service:bf ,Method:8051,payload:01 02 84 01 1e c0 0e 02 8e 00 2f 17 
06-01 12:20:31.715   489  2788 D vendor.visteon.skylark.hardware.automotive.vehicle@V1-visteon-service: TX Message SomeipComm::send  : service:194,method:5, response Payload: 01 02 db 00 00 00 00 00 00 00 00 
06-01 12:20:31.819   489  2788 D vendor.visteon.skylark.hardware.automotive.vehicle@V1-visteon-service: TX Message SomeipComm::send  : service:194,method:5, response Payload: 01 02 db 00 00 00 00 00 00 00 00 
06-01 12:20:31.840   489   522 D vendor.visteon.skylark.hardware.automotive.vehicle@V1-visteon-service: SomeipCOmm :: RX Message [0/365]:service:bf ,Method:800d,payload:01 01 06 01 0d 7c 7d 00 36 60 f0 00 
06-01 12:20:31.840   489   522 D vendor.visteon.skylark.hardware.automotive.vehicle@V1-visteon-service: SomeipCOmm :: RX Message [0/366]:service:bf ,Method:8025,payload:01 02 80 01 0d 8c 4f 7c 0f c0 0c 17 
06-01 12:20:31.841   489   522 D vendor.visteon.skylark.hardware.automotive.vehicle@V1-visteon-service: SomeipCOmm :: RX Message [0/367]:service:bf ,Method:8051,payload:01 02 84 01 1e c0 0e 02 8c 00 2f 17 
06-01 12:20:31.929   489  2788 D vendor.visteon.skylark.hardware.automotive.vehicle@V1-visteon-service: TX Message SomeipComm::send  : service:194,method:5, response Payload: 01 02 db 00 00 00 00 00 00 00 00 
06-01 12:20:32.034   489  2788 D vendor.visteon.skylark.hardware.automotive.vehicle@V1-visteon-service: TX Message SomeipComm::send  : service:194,method:5, response Payload: 01 02 db 00 00 00 00 00 00 00 00 
06-01 12:20:32.040   489   522 D vendor.visteon.skylark.hardware.automotive.vehicle@V1-visteon-service: SomeipCOmm :: RX Message [0/368]:service:bf ,Method:800d,payload:01 01 06 01 0d 88 7d 00 36 60 70 00 
06-01 12:20:32.042   489   522 D vendor.visteon.skylark.hardware.automotive.vehicle@V1-visteon-service: SomeipCOmm :: RX Message [0/369]:service:bf ,Method:8025,payload:01 02 80 01 0d 9c 50 7c 0f c0 0c 17 
06-01 12:20:32.042   489   522 D vendor.visteon.skylark.hardware.automotive.vehicle@V1-visteon-service: SomeipCOmm :: RX Message [0/36a]:service:bf ,Method:8051,payload:01 02 84 01 1e c0 0e 02 8e 00 2f 17 
06-01 12:20:32.054   489  2788 D vendor.visteon.skylark.hardware.automotive.vehicle@V1-visteon-service: TX Message SomeipComm::send  : service:205,method:1, response Payload: 00 00 07 03 00 00 03 19 02 08 00 00 00 00 00 00 00 00 00 00 
06-01 12:20:32.077   489   522 D vendor.visteon.skylark.hardware.automotive.vehicle@V1-visteon-service: SomeipCOmm :: RX Message [0/36b]:service:cd ,Method:8000,payload:00 00 07 0b 00 05 00 3f 59 02 08 9c 0e 13 2c 9c 0e 11 2c 9c 59 13 2f 9c 04 13 2f 9c 4b 13 2c 9c 6b 55 2f 9c 68 00 2f c0 37 13 2c c1 40 08 2c c1 64 08 2c c1 55 08 2c c1 59 08 2c 9c 48 55 2f a8 5c 55 2f 9c 8f 13 2f 00 00 00 00 00 00 00 00 00 00 00 00 00 00 00 00 00 00 00 00 00 00 00 00 00 00 00 00 00 00 00 00 00 00 00 00 00 00 00 00 00 00 00 00 00 00 00 00 00 00 00 00 00 00 00 00 00 00 00 00 00 00 00 00 00 00 00 00 00 00 00 00 00 00 00 00 00 00 00 00 00 00 00 00 00 00 00 00 00 00 00 00 00 00 00 00 00 00 00 00 00 00 00 00 00 00 00 00 00 00 00 00 00 00 00 00 00 00 00 00 00 00 00 00 00 00 00 00 00 00 00 00 00 00 00 00 00 00 00 00 00 00 00 00 00 00 00 00 00 00 00 00 00 00 00 00 00 00 00 00 00 00 00 00 00 00 00 00 00 00 00 00 00 00 00 00 00 00 00 00 00 00 00 00 00 00 00 00 00 00 00 00 00 00 00 00 00 00 00 00 00 00 00 00 00 00 00 00 00 00 00 00 00 00 00 00 00 00 00 00 00 00 00 00 00 00 00 00 00 00 00 00 00 00 00 00 00 00 00 00 00 00 00 00 00 00 00 00 0
06-01 12:20:32.106   489   527 D vendor.visteon.skylark.hardware.automotive.vehicle@V1-visteon-service: TX Message SomeipComm::send  : service:193,method:3, response Payload: 04 
06-01 12:20:32.108   489  2788 D vendor.visteon.skylark.hardware.automotive.vehicle@V1-visteon-service: TX Message SomeipComm::send  : service:205,method:1, response Payload: 00 00 07 50 00 00 03 19 02 08 00 00 00 00 00 00 00 00 00 00 
06-01 12:20:32.139   489   522 D vendor.visteon.skylark.hardware.automotive.vehicle@V1-visteon-service: SomeipCOmm :: RX Message [0/36d]:service:bf ,Method:803d,payload:01 02 b5 01 8a 8d 1c 00 00 00 40 00 
06-01 12:20:32.155   487   508 I UclDL_Impl: Inst Id : 0 ## Tx Msgs : 1128
06-01 12:20:32.156   489   522 D vendor.visteon.skylark.hardware.automotive.vehicle@V1-visteon-service: SomeipCOmm :: RX Message [0/36e]:service:c0 ,Method:8000,payload:04 
06-01 12:20:32.157   489  2788 D vendor.visteon.skylark.hardware.automotive.vehicle@V1-visteon-service: TX Message SomeipComm::send  : service:194,method:5, response Payload: 01 02 db 00 00 00 00 00 00 00 00 
06-01 12:20:32.155   487   508 I UclDL_Impl: Inst Id : 0 ## TxA Msgs : 877
06-01 12:20:32.159   487   508 I UclDL_Impl: Inst Id : 0 ## TxA TO : 0
06-01 12:20:32.159   487   508 I UclDL_Impl: Inst Id : 0 ## Rx Msgs : 1128
06-01 12:20:32.159   487   508 I UclDL_Impl: Inst Id : 0 ## Rx HB Msgs : 2
06-01 12:20:32.159   487   508 I UclDL_Impl: Inst Id : 0 ## Tx Bps : 4768
06-01 12:20:32.159   487   508 I UclDL_Impl: Inst Id : 0 ## Rx Bps : 9480
06-01 12:20:32.159   487   508 I UclDL_Impl: Inst Id : 0  ## Avg Ack Latency : 11
06-01 12:20:32.160   489   522 D vendor.visteon.skylark.hardware.automotive.vehicle@V1-visteon-service: SomeipCOmm :: RX Message [0/36f]:service:c7 ,Method:80e5,payload:02 00 00 01 0f 40 2a 00 08 04 09 00 00 00 00 00 00 00 00 00 09 00 00 00 00 02 01 01 0e 2b 04 a1 01 b6 08 a5 00 1a 00 0a 02 b6 01 00 00 00 1a 06 01 0c 14 20 1d 79 8f 0d 09 0a f9 00 1f 1e ba 89 7f 00 07 00 0b 00 30 02 22 00 c2 00 00 00 01 00 00 00 00 01 00 06 00 00 00 00 00 00 00 00 00 00 00 01 00 00 00 00 00 00 32 00 00 04 07 0a 0f 14 00 10 02 00 03 00 00 00 00 00 c0 00 02 00 00 c0 00 00 01 02 9b 02 b4 02 aa 03 03 03 03 01 00 00 62 00 00 00 01 00 00 00 00 0e b9 03 04 ff 0b 0b 0b 0b a5 07 04 00 00 00 00 01 00 00 00 00 00 03 01 00 00 00 00 00 03 00 00 00 00 00 00 00 00 00 00 00 00 00 00 00 00 00 
06-01 12:20:32.162   489   522 D vendor.visteon.skylark.hardware.automotive.vehicle@V1-visteon-service: SomeipCOmm :: RX Message [0/370]:service:c7 ,Method:80df,payload:08 04 02 02 01 02 00 00 01 01 00 00 00 00 00 03 01 00 00 00 00 00 00 00 00 00 00 00 00 00 00 00 00 00 00 00 00 00 00 00 00 00 00 00 00 00 00 00 00 00 00 00 00 00 00 00 00 00 00 00 00 00 00 00 00 00 00 00 00 00 00 00 00 00 00 00 00 00 00 00 00 00 00 00 00 00 00 00 00 00 00 00 00 00 00 00 00 00 00 00 
06-01 12:20:32.241   489   522 D vendor.visteon.skylark.hardware.automotive.vehicle@V1-visteon-service: SomeipCOmm :: RX Message [0/371]:service:bf ,Method:800d,payload:01 01 06 01 0d 9c 7d 00 36 60 f0 00 
06-01 12:20:32.242   489   522 D vendor.visteon.skylark.hardware.automotive.vehicle@V1-visteon-service: SomeipCOmm :: RX Message [0/372]:service:bf ,Method:8025,payload:01 02 80 01 0d 94 50 7c 0f c0 0c 17 
06-01 12:20:32.276   489  2788 D vendor.visteon.skylark.hardware.automotive.vehicle@V1-visteon-service: TX Message SomeipComm::send  : service:194,method:5, response Payload: 01 02 db 00 00 00 00 00 00 00 00 
06-01 12:20:32.335   645   650 I UclDL_Impl_VIP: TxA TO : 31
06-01 12:20:32.335   645   650 I UclDL_Impl_VIP: Avg Ack Latency : 9
06-01 12:20:32.335   645   650 I UclDL_Impl_VIP: pollingCntr : 9496
06-01 12:20:32.335   645   650 I UclDL_Impl_TCU: VIP-TCU - txBps : 1912
06-01 12:20:32.335   645   650 I UclDL_Impl_TCU: VIP-TCU - rxBps : 1120
06-01 12:20:32.335   645   650 I UclDL_Impl_TCU: VIP-TCU - txAckTmo : 1
06-01 12:20:32.360   489   522 D vendor.visteon.skylark.hardware.automotive.vehicle@V1-visteon-service: SomeipCOmm :: RX Message [0/374]:service:c7 ,Method:80e2,payload:21 14 0c 01 01 05 1a 02 
06-01 12:20:32.378   489  2788 D vendor.visteon.skylark.hardware.automotive.vehicle@V1-visteon-service: TX Message SomeipComm::send  : service:194,method:6, response Payload: 00 0b 07 39 38 34 37 33 39 34 37 34 33 00 00 00 00 00 00 00 00 00 00 
06-01 12:20:32.384   489  2788 D vendor.visteon.skylark.hardware.automotive.vehicle@V1-visteon-service: TX Message SomeipComm::send  : service:194,method:5, response Payload: 01 02 db 00 00 00 00 00 00 00 00 
