02-03 16:25:24.921   489   509 I UclDL_Impl: Inst Id : 0 ## TxA Msgs : 1688
02-03 16:25:24.921   489   509 I UclDL_Impl: Inst Id : 0 ## TxA TO : 0
02-03 16:25:24.921   489   509 I UclDL_Impl: Inst Id : 0 ## Rx Msgs : 2193
02-03 16:25:24.921   489   509 I UclDL_Impl: Inst Id : 0 ## Rx HB Msgs : 135
02-03 16:25:24.921   489   509 I UclDL_Impl: Inst Id : 0 ## Tx Bps : 808
02-03 16:25:24.921   489   509 I UclDL_Impl: Inst Id : 0 ## Rx Bps : 4368
02-03 16:25:24.921   489   509 I UclDL_Impl: Inst Id : 0  ## Avg Ack Latency : 7
02-03 16:25:25.198   490   541 D vendor.visteon.skylark.hardware.automotive.vehicle@V1-visteon-service: PERIPHERAL_STATUS:: 03 03 03 03 03 03 03 03 03 01 03 03 03 00 00 00 00 00 00 00
02-03 16:25:25.214   668   676 I UclDL_Impl_VIP: TxA TO : 33
02-03 16:25:25.214   668   676 I UclDL_Impl_VIP: Avg Ack Latency : 7
02-03 16:25:25.214   668   676 I UclDL_Impl_VIP: pollingCntr : 43740
02-03 16:25:25.214   668   676 I UclDL_Impl_TCU: VIP-TCU - txBps : 392
02-03 16:25:25.214   668   676 I UclDL_Impl_TCU: VIP-TCU - rxBps : 272
02-03 16:25:25.214   668   676 I UclDL_Impl_TCU: VIP-TCU - txAckTmo : 1
02-03 16:25:25.921   489   509 I UclDL_Impl: Inst Id : 0 ## Tx Msgs : 2202
02-03 16:25:25.921   489   509 I UclDL_Impl: Inst Id : 0 ## TxA Msgs : 1696
02-03 16:25:25.921   489   509 I UclDL_Impl: Inst Id : 0 ## TxA TO : 0
02-03 16:25:25.921   489   509 I UclDL_Impl: Inst Id : 0 ## Rx Msgs : 2203
02-03 16:25:25.921   489   509 I UclDL_Impl: Inst Id : 0 ## Rx HB Msgs : 136
02-03 16:25:25.921   489   509 I UclDL_Impl: Inst Id : 0 ## Tx Bps : 808
02-03 16:25:25.921   489   509 I UclDL_Impl: Inst Id : 0 ## Rx Bps : 4368
02-03 16:25:25.921   489   509 I UclDL_Impl: Inst Id : 0  ## Avg Ack Latency : 7
02-03 16:25:26.206   490   541 D vendor.visteon.skylark.hardware.automotive.vehicle@V1-visteon-service: PERIPHERAL_STATUS:: 03 03 03 03 03 03 03 03 03 01 03 03 03 00 00 00 00 00 00 00
02-03 16:25:26.218   668   676 I UclDL_Impl_VIP: TxA TO : 33
02-03 16:25:26.218   668   676 I UclDL_Impl_VIP: Avg Ack Latency : 8
02-03 16:25:26.218   668   676 I UclDL_Impl_VIP: pollingCntr : 43990
02-03 16:25:26.218   668   676 I UclDL_Impl_TCU: VIP-TCU - txBps : 392
02-03 16:25:26.218   668   676 I UclDL_Impl_TCU: VIP-TCU - rxBps : 272
02-03 16:25:26.218   668   676 I UclDL_Impl_TCU: VIP-TCU - txAckTmo : 1
02-03 16:25:26.921   489   509 I UclDL_Impl: Inst Id : 0 ## Tx Msgs : 2212
02-03 16:25:26.921   489   509 I UclDL_Impl: Inst Id : 0 ## TxA Msgs : 1704
02-03 16:25:26.921   489   509 I UclDL_Impl: Inst Id : 0 ## TxA TO : 0
02-03 16:25:26.921   489   509 I UclDL_Impl: Inst Id : 0 ## Rx Msgs : 2213
02-03 16:25:26.921   489   509 I UclDL_Impl: Inst Id : 0 ## Rx HB Msgs : 137
02-03 16:25:26.921   489   509 I UclDL_Impl: Inst Id : 0 ## Tx Bps : 808
02-03 16:25:26.921   489   509 I UclDL_Impl: Inst Id : 0 ## Rx Bps : 4368
02-03 16:25:26.921   489   509 I UclDL_Impl: Inst Id : 0  ## Avg Ack Latency : 7
02-03 16:25:27.211   490   541 D vendor.visteon.skylark.hardware.automotive.vehicle@V1-visteon-service: PERIPHERAL_STATUS:: 03 03 03 03 03 03 03 03 03 01 03 03 03 00 00 00 00 00 00 00
02-03 16:25:27.222   668   676 I UclDL_Impl_VIP: TxA TO : 33
02-03 16:25:27.222   668   676 I UclDL_Impl_VIP: Avg Ack Latency : 8
02-03 16:25:27.222   668   676 I UclDL_Impl_VIP: pollingCntr : 44240
02-03 16:25:27.222   668   676 I UclDL_Impl_TCU: VIP-TCU - txBps : 392
02-03 16:25:27.222   668   676 I UclDL_Impl_TCU: VIP-TCU - rxBps : 272
02-03 16:25:27.222   668   676 I UclDL_Impl_TCU: VIP-TCU - txAckTmo : 1
02-03 16:25:27.921   489   509 I UclDL_Impl: Inst Id : 0 ## Tx Msgs : 2222
02-03 16:25:27.921   489   509 I UclDL_Impl: Inst Id : 0 ## TxA Msgs : 1712
02-03 16:25:27.921   489   509 I UclDL_Impl: Inst Id : 0 ## TxA TO : 0
02-03 16:25:27.921   489   509 I UclDL_Impl: Inst Id : 0 ## Rx Msgs : 2223
02-03 16:25:27.921   489   509 I UclDL_Impl: Inst Id : 0 ## Rx HB Msgs : 138
02-03 16:25:27.921   489   509 I UclDL_Impl: Inst Id : 0 ## Tx Bps : 808
02-03 16:25:27.921   489   509 I UclDL_Impl: Inst Id : 0 ## Rx Bps : 4368
02-03 16:25:27.921   489   509 I UclDL_Impl: Inst Id : 0  ## Avg Ack Latency : 5
02-03 16:25:28.215   490   541 D vendor.visteon.skylark.hardware.automotive.vehicle@V1-visteon-service: PERIPHERAL_STATUS:: 03 03 03 03 03 03 03 03 03 01 03 03 03 00 00 00 00 00 00 00
02-03 16:25:28.227   668   676 I UclDL_Impl_VIP: TxA TO : 33
02-03 16:25:28.227   668   676 I UclDL_Impl_VIP: Avg Ack Latency : 9
02-03 16:25:28.227   668   676 I UclDL_Impl_VIP: pollingCntr : 44490
02-03 16:25:28.227   668   676 I UclDL_Impl_TCU: VIP-TCU - txBps : 392
02-03 16:25:28.227   668   676 I UclDL_Impl_TCU: VIP-TCU - rxBps : 272
02-03 16:25:28.227   668   676 I UclDL_Impl_TCU: VIP-TCU - txAckTmo : 1
02-03 16:25:28.921   489   509 I UclDL_Impl: Inst Id : 0 ## Tx Msgs : 2233
02-03 16:25:28.921   489   509 I UclDL_Impl: Inst Id : 0 ## TxA Msgs : 1720
02-03 16:25:28.921   489   509 I UclDL_Impl: Inst Id : 0 ## TxA TO : 0
02-03 16:25:28.921   489   509 I UclDL_Impl: Inst Id : 0 ## Rx Msgs : 2234
02-03 16:25:28.921   489   509 I UclDL_Impl: Inst Id : 0 ## Rx HB Msgs : 139
02-03 16:25:28.921   489   509 I UclDL_Impl: Inst Id : 0 ## Tx Bps : 904
02-03 16:25:28.921   489   509 I UclDL_Impl: Inst Id : 0 ## Rx Bps : 4424
02-03 16:25:28.921   489   509 I UclDL_Impl: Inst Id : 0  ## Avg Ack Latency : 7
02-03 16:25:29.219   490   541 D vendor.visteon.skylark.hardware.automotive.vehicle@V1-visteon-service: PERIPHERAL_STATUS:: 03 03 03 03 03 03 03 03 03 01 03 03 03 00 00 00 00 00 00 00
02-03 16:25:29.234   668   676 I UclDL_Impl_VIP: TxA TO : 33
02-03 16:25:29.234   668   676 I UclDL_Impl_VIP: Avg Ack Latency : 6
02-03 16:25:29.235   668   676 I UclDL_Impl_VIP: pollingCntr : 44740
02-03 16:25:29.235   668   676 I UclDL_Impl_TCU: VIP-TCU - txBps : 392
02-03 16:25:29.235   668   676 I UclDL_Impl_TCU: VIP-TCU - rxBps : 272
02-03 16:25:29.235   668   676 I UclDL_Impl_TCU: VIP-TCU - txAckTmo : 1
02-03 16:25:29.921   489   509 I UclDL_Impl: Inst Id : 0 ## Tx Msgs : 2243
02-03 16:25:29.921   489   509 I UclDL_Impl: Inst Id : 0 ## TxA Msgs : 1728
02-03 16:25:29.921   489   509 I UclDL_Impl: Inst Id : 0 ## TxA TO : 0
02-03 16:25:29.921   489   509 I UclDL_Impl: Inst Id : 0 ## Rx Msgs : 2244
02-03 16:25:29.921   489   509 I UclDL_Impl: Inst Id : 0 ## Rx HB Msgs : 140
02-03 16:25:29.921   489   509 I UclDL_Impl: Inst Id : 0 ## Tx Bps : 808
02-03 16:25:29.921   489   509 I UclDL_Impl: Inst Id : 0 ## Rx Bps : 4368
02-03 16:25:29.921   489   509 I UclDL_Impl: Inst Id : 0  ## Avg Ack Latency : 7
02-03 16:25:30.227   490   541 D vendor.visteon.skylark.hardware.automotive.vehicle@V1-visteon-service: PERIPHERAL_STATUS:: 03 03 03 03 03 03 03 03 03 01 03 03 03 00 00 00 00 00 00 00
02-03 16:25:30.238   668   676 I UclDL_Impl_VIP: TxA TO : 33
02-03 16:25:30.238   668   676 I UclDL_Impl_VIP: Avg Ack Latency : 10
02-03 16:25:30.238   668   676 I UclDL_Impl_VIP: pollingCntr : 44990
02-03 16:25:30.239   668   676 I UclDL_Impl_TCU: VIP-TCU - txBps : 392
02-03 16:25:30.239   668   676 I UclDL_Impl_TCU: VIP-TCU - rxBps : 272
02-03 16:25:30.239   668   676 I UclDL_Impl_TCU: VIP-TCU - txAckTmo : 1
02-03 16:25:30.921   489   509 I UclDL_Impl: Inst Id : 0 ## Tx Msgs : 2254
02-03 16:25:30.921   489   509 I UclDL_Impl: Inst Id : 0 ## TxA Msgs : 1737
02-03 16:25:30.921   489   509 I UclDL_Impl: Inst Id : 0 ## TxA TO : 0
02-03 16:25:30.921   489   509 I UclDL_Impl: Inst Id : 0 ## Rx Msgs : 2255
02-03 16:25:30.921   489   509 I UclDL_Impl: Inst Id : 0 ## Rx HB Msgs : 141
02-03 16:25:30.921   489   509 I UclDL_Impl: Inst Id : 0 ## Tx Bps : 888
02-03 16:25:30.921   489   509 I UclDL_Impl: Inst Id : 0 ## Rx Bps : 4672
02-03 16:25:30.921   489   509 I UclDL_Impl: Inst Id : 0  ## Avg Ack Latency : 7
02-03 16:25:31.231   490   541 D vendor.visteon.skylark.hardware.automotive.vehicle@V1-visteon-service: PERIPHERAL_STATUS:: 03 03 03 03 03 03 03 03 03 01 03 03 03 00 00 00 00 00 00 00
02-03 16:25:31.242   668   676 I UclDL_Impl_VIP: TxA TO : 33
02-03 16:25:31.242   668   676 I UclDL_Impl_VIP: Avg Ack Latency : 9
02-03 16:25:31.242   668   676 I UclDL_Impl_VIP: pollingCntr : 45240
02-03 16:25:31.242   668   676 I UclDL_Impl_TCU: VIP-TCU - txBps : 392
02-03 16:25:31.242   668   676 I UclDL_Impl_TCU: VIP-TCU - rxBps : 272
02-03 16:25:31.242   668   676 I UclDL_Impl_TCU: VIP-TCU - txAckTmo : 1
02-03 16:25:31.925   489   509 I UclDL_Impl: Inst Id : 0 ## Tx Msgs : 2264
02-03 16:25:31.925   489   509 I UclDL_Impl: Inst Id : 0 ## TxA Msgs : 1745
02-03 16:25:31.925   489   509 I UclDL_Impl: Inst Id : 0 ## TxA TO : 0
02-03 16:25:31.925   489   509 I UclDL_Impl: Inst Id : 0 ## Rx Msgs : 2265
02-03 16:25:31.925   489   509 I UclDL_Impl: Inst Id : 0 ## Rx HB Msgs : 142
02-03 16:25:31.925   489   509 I UclDL_Impl: Inst Id : 0 ## Tx Bps : 808
02-03 16:25:31.925   489   509 I UclDL_Impl: Inst Id : 0 ## Rx Bps : 4368
02-03 16:25:31.925   489   509 I UclDL_Impl: Inst Id : 0  ## Avg Ack Latency : 7
02-03 16:25:32.234   490   541 D vendor.visteon.skylark.hardware.automotive.vehicle@V1-visteon-service: PERIPHERAL_STATUS:: 03 03 03 03 03 03 03 03 03 01 03 03 03 00 00 00 00 00 00 00
02-03 16:25:32.246   668   676 I UclDL_Impl_VIP: TxA TO : 33
02-03 16:25:32.246   668   676 I UclDL_Impl_VIP: Avg Ack Latency : 8
02-03 16:25:32.246   668   676 I UclDL_Impl_VIP: pollingCntr : 45490
02-03 16:25:32.246   668   676 I UclDL_Impl_TCU: VIP-TCU - txBps : 392
02-03 16:25:32.246   668   676 I UclDL_Impl_TCU: VIP-TCU - rxBps : 272
02-03 16:25:32.246   668   676 I UclDL_Impl_TCU: VIP-TCU - txAckTmo : 1
02-03 16:25:32.925   489   509 I UclDL_Impl: Inst Id : 0 ## Tx Msgs : 2274
02-03 16:25:32.925   489   509 I UclDL_Impl: Inst Id : 0 ## TxA Msgs : 1753
02-03 16:25:32.925   489   509 I UclDL_Impl: Inst Id : 0 ## TxA TO : 0
02-03 16:25:32.925   489   509 I UclDL_Impl: Inst Id : 0 ## Rx Msgs : 2275
02-03 16:25:32.925   489   509 I UclDL_Impl: Inst Id : 0 ## Rx HB Msgs : 143
02-03 16:25:32.925   489   509 I UclDL_Impl: Inst Id : 0 ## Tx Bps : 808
02-03 16:25:32.925   489   509 I UclDL_Impl: Inst Id : 0 ## Rx Bps : 4368
02-03 16:25:32.925   489   509 I UclDL_Impl: Inst Id : 0  ## Avg Ack Latency : 7
02-03 16:25:33.239   490   541 D vendor.visteon.skylark.hardware.automotive.vehicle@V1-visteon-service: PERIPHERAL_STATUS:: 03 03 03 03 03 03 03 03 03 01 03 03 03 00 00 00 00 00 00 00
02-03 16:25:33.250   668   676 I UclDL_Impl_VIP: TxA TO : 33
02-03 16:25:33.250   668   676 I UclDL_Impl_VIP: Avg Ack Latency : 9
02-03 16:25:33.250   668   676 I UclDL_Impl_VIP: pollingCntr : 45740
02-03 16:25:33.250   668   676 I UclDL_Impl_TCU: VIP-TCU - txBps : 392
02-03 16:25:33.250   668   676 I UclDL_Impl_TCU: VIP-TCU - rxBps : 272
02-03 16:25:33.250   668   676 I UclDL_Impl_TCU: VIP-TCU - txAckTmo : 1
02-03 16:25:33.925   489   509 I UclDL_Impl: Inst Id : 0 ## Tx Msgs : 2285
02-03 16:25:33.925   489   509 I UclDL_Impl: Inst Id : 0 ## TxA Msgs : 1761
02-03 16:25:33.925   489   509 I UclDL_Impl: Inst Id : 0 ## TxA TO : 0
02-03 16:25:33.925   489   509 I UclDL_Impl: Inst Id : 0 ## Rx Msgs : 2286
02-03 16:25:33.925   489   509 I UclDL_Impl: Inst Id : 0 ## Rx HB Msgs : 144
02-03 16:25:33.925   489   509 I UclDL_Impl: Inst Id : 0 ## Tx Bps : 904
02-03 16:25:33.925   489   509 I UclDL_Impl: Inst Id : 0 ## Rx Bps : 4424
02-03 16:25:33.925   489   509 I UclDL_Impl: Inst Id : 0  ## Avg Ack Latency : 10
02-03 16:25:34.243   490   541 D vendor.visteon.skylark.hardware.automotive.vehicle@V1-visteon-service: PERIPHERAL_STATUS:: 03 03 03 03 03 03 03 03 03 01 03 03 03 00 00 00 00 00 00 00
02-03 16:25:34.258   668   676 I UclDL_Impl_VIP: TxA TO : 33
02-03 16:25:34.258   668   676 I UclDL_Impl_VIP: Avg Ack Latency : 7
02-03 16:25:34.258   668   676 I UclDL_Impl_VIP: pollingCntr : 45990
02-03 16:25:34.258   668   676 I UclDL_Impl_TCU: VIP-TCU - txBps : 392
02-03 16:25:34.258   668   676 I UclDL_Impl_TCU: VIP-TCU - rxBps : 272
02-03 16:25:34.258   668   676 I UclDL_Impl_TCU: VIP-TCU - txAckTmo : 1
02-03 16:25:34.933   489   509 I UclDL_Impl: Inst Id : 0 ## Tx Msgs : 2295
02-03 16:25:34.933   489   509 I UclDL_Impl: Inst Id : 0 ## TxA Msgs : 1769
02-03 16:25:34.933   489   509 I UclDL_Impl: Inst Id : 0 ## TxA TO : 0
02-03 16:25:34.933   489   509 I UclDL_Impl: Inst Id : 0 ## Rx Msgs : 2296
02-03 16:25:34.933   489   509 I UclDL_Impl: Inst Id : 0 ## Rx HB Msgs : 145
02-03 16:25:34.933   489   509 I UclDL_Impl: Inst Id : 0 ## Tx Bps : 808
02-03 16:25:34.933   489   509 I UclDL_Impl: Inst Id : 0 ## Rx Bps : 4368
02-03 16:25:34.933   489   509 I UclDL_Impl: Inst Id : 0  ## Avg Ack Latency : 11
02-03 16:25:35.251   490   541 D vendor.visteon.skylark.hardware.automotive.vehicle@V1-visteon-service: PERIPHERAL_STATUS:: 03 03 03 03 03 03 03 03 03 01 03 03 03 00 00 00 00 00 00 00
02-03 16:25:35.262   668   676 I UclDL_Impl_VIP: TxA TO : 33
02-03 16:25:35.262   668   676 I UclDL_Impl_VIP: Avg Ack Latency : 10
02-03 16:25:35.262   668   676 I UclDL_Impl_VIP: pollingCntr : 46240
02-03 16:25:35.262   668   676 I UclDL_Impl_TCU: VIP-TCU - txBps : 392
02-03 16:25:35.262   668   676 I UclDL_Impl_TCU: VIP-TCU - rxBps : 272
02-03 16:25:35.262   668   676 I UclDL_Impl_TCU: VIP-TCU - txAckTmo : 1
02-03 16:25:35.933   489   509 I UclDL_Impl: Inst Id : 0 ## Tx Msgs : 2305
02-03 16:25:35.933   489   509 I UclDL_Impl: Inst Id : 0 ## TxA Msgs : 1777
02-03 16:25:35.933   489   509 I UclDL_Impl: Inst Id : 0 ## TxA TO : 0
02-03 16:25:35.933   489   509 I UclDL_Impl: Inst Id : 0 ## Rx Msgs : 2306
02-03 16:25:35.933   489   509 I UclDL_Impl: Inst Id : 0 ## Rx HB Msgs : 146
02-03 16:25:35.933   489   509 I UclDL_Impl: Inst Id : 0 ## Tx Bps : 808
02-03 16:25:35.933   489   509 I UclDL_Impl: Inst Id : 0 ## Rx Bps : 4368
02-03 16:25:35.933   489   509 I UclDL_Impl: Inst Id : 0  ## Avg Ack Latency : 7
02-03 16:25:36.255   490   541 D vendor.visteon.skylark.hardware.automotive.vehicle@V1-visteon-service: PERIPHERAL_STATUS:: 03 03 03 03 03 03 03 03 03 01 03 03 03 00 00 00 00 00 00 00
02-03 16:25:36.266   668   676 I UclDL_Impl_VIP: TxA TO : 33
02-03 16:25:36.266   668   676 I UclDL_Impl_VIP: Avg Ack Latency : 9
02-03 16:25:36.266   668   676 I UclDL_Impl_VIP: pollingCntr : 46490
02-03 16:25:36.266   668   676 I UclDL_Impl_TCU: VIP-TCU - txBps : 392
02-03 16:25:36.266   668   676 I UclDL_Impl_TCU: VIP-TCU - rxBps : 272
02-03 16:25:36.266   668   676 I UclDL_Impl_TCU: VIP-TCU - txAckTmo : 1
02-03 16:25:36.933   489   509 I UclDL_Impl: Inst Id : 0 ## Tx Msgs : 2315
02-03 16:25:36.933   489   509 I UclDL_Impl: Inst Id : 0 ## TxA Msgs : 1785
02-03 16:25:36.933   489   509 I UclDL_Impl: Inst Id : 0 ## TxA TO : 0
02-03 16:25:36.933   489   509 I UclDL_Impl: Inst Id : 0 ## Rx Msgs : 2316
02-03 16:25:36.933   489   509 I UclDL_Impl: Inst Id : 0 ## Rx HB Msgs : 147
02-03 16:25:36.933   489   509 I UclDL_Impl: Inst Id : 0 ## Tx Bps : 808
02-03 16:25:36.933   489   509 I UclDL_Impl: Inst Id : 0 ## Rx Bps : 4368
02-03 16:25:36.933   489   509 I UclDL_Impl: Inst Id : 0  ## Avg Ack Latency : 5
02-03 16:25:37.259   490   541 D vendor.visteon.skylark.hardware.automotive.vehicle@V1-visteon-service: PERIPHERAL_STATUS:: 03 03 03 03 03 03 03 03 03 01 03 03 03 00 00 00 00 00 00 00
02-03 16:25:37.270   668   676 I UclDL_Impl_VIP: TxA TO : 33
02-03 16:25:37.270   668   676 I UclDL_Impl_VIP: Avg Ack Latency : 9
02-03 16:25:37.270   668   676 I UclDL_Impl_VIP: pollingCntr : 46740
02-03 16:25:37.270   668   676 I UclDL_Impl_TCU: VIP-TCU - txBps : 392
02-03 16:25:37.270   668   676 I UclDL_Impl_TCU: VIP-TCU - rxBps : 320
02-03 16:25:37.270   668   676 I UclDL_Impl_TCU: VIP-TCU - txAckTmo : 1
02-03 16:25:37.933   489   509 I UclDL_Impl: Inst Id : 0 ## Tx Msgs : 2325
02-03 16:25:37.933   489   509 I UclDL_Impl: Inst Id : 0 ## TxA Msgs : 1793
02-03 16:25:37.933   489   509 I UclDL_Impl: Inst Id : 0 ## TxA TO : 0
02-03 16:25:37.933   489   509 I UclDL_Impl: Inst Id : 0 ## Rx Msgs : 2326
02-03 16:25:37.933   489   509 I UclDL_Impl: Inst Id : 0 ## Rx HB Msgs : 148
02-03 16:25:37.933   489   509 I UclDL_Impl: Inst Id : 0 ## Tx Bps : 808
02-03 16:25:37.933   489   509 I UclDL_Impl: Inst Id : 0 ## Rx Bps : 4368
02-03 16:25:37.933   489   509 I UclDL_Impl: Inst Id : 0  ## Avg Ack Latency : 6
02-03 16:25:38.262   490   541 D vendor.visteon.skylark.hardware.automotive.vehicle@V1-visteon-service: PERIPHERAL_STATUS:: 03 03 03 03 03 03 03 03 03 01 03 03 03 00 00 00 00 00 00 00
02-03 16:25:38.274   668   676 I UclDL_Impl_VIP: TxA TO : 33
02-03 16:25:38.274   668   676 I UclDL_Impl_VIP: Avg Ack Latency : 6
02-03 16:25:38.274   668   676 I UclDL_Impl_VIP: pollingCntr : 46990
02-03 16:25:38.274   668   676 I UclDL_Impl_TCU: VIP-TCU - txBps : 392
02-03 16:25:38.274   668   676 I UclDL_Impl_TCU: VIP-TCU - rxBps : 320
02-03 16:25:38.274   668   676 I UclDL_Impl_TCU: VIP-TCU - txAckTmo : 1
02-03 16:25:38.933   489   509 I UclDL_Impl: Inst Id : 0 ## Tx Msgs : 2336
02-03 16:25:38.933   489   509 I UclDL_Impl: Inst Id : 0 ## TxA Msgs : 1801
02-03 16:25:38.933   489   509 I UclDL_Impl: Inst Id : 0 ## TxA TO : 0
02-03 16:25:38.933   489   509 I UclDL_Impl: Inst Id : 0 ## Rx Msgs : 2337
02-03 16:25:38.933   489   509 I UclDL_Impl: Inst Id : 0 ## Rx HB Msgs : 149
02-03 16:25:38.933   489   509 I UclDL_Impl: Inst Id : 0 ## Tx Bps : 904
02-03 16:25:38.933   489   509 I UclDL_Impl: Inst Id : 0 ## Rx Bps : 4424
02-03 16:25:38.933   489   509 I UclDL_Impl: Inst Id : 0  ## Avg Ack Latency : 7
02-03 16:25:39.267   490   541 D vendor.visteon.skylark.hardware.automotive.vehicle@V1-visteon-service: PERIPHERAL_STATUS:: 03 03 03 03 03 03 03 03 03 01 03 03 03 00 00 00 00 00 00 00
02-03 16:25:39.282   668   676 I UclDL_Impl_VIP: TxA TO : 33
02-03 16:25:39.282   668   676 I UclDL_Impl_VIP: Avg Ack Latency : 9
02-03 16:25:39.282   668   676 I UclDL_Impl_VIP: pollingCntr : 47240
02-03 16:25:39.282   668   676 I UclDL_Impl_TCU: VIP-TCU - txBps : 392
02-03 16:25:39.282   668   676 I UclDL_Impl_TCU: VIP-TCU - rxBps : 320
02-03 16:25:39.282   668   676 I UclDL_Impl_TCU: VIP-TCU - txAckTmo : 1
02-03 16:25:39.933   489   509 I UclDL_Impl: Inst Id : 0 ## Tx Msgs : 2346
02-03 16:25:39.933   489   509 I UclDL_Impl: Inst Id : 0 ## TxA Msgs : 1809
02-03 16:25:39.933   489   509 I UclDL_Impl: Inst Id : 0 ## TxA TO : 0
02-03 16:25:39.933   489   509 I UclDL_Impl: Inst Id : 0 ## Rx Msgs : 2347
02-03 16:25:39.933   489   509 I UclDL_Impl: Inst Id : 0 ## Rx HB Msgs : 150
02-03 16:25:39.933   489   509 I UclDL_Impl: Inst Id : 0 ## Tx Bps : 808
02-03 16:25:39.933   489   509 I UclDL_Impl: Inst Id : 0 ## Rx Bps : 4368
02-03 16:25:39.933   489   509 I UclDL_Impl: Inst Id : 0  ## Avg Ack Latency : 7
02-03 16:25:40.276   490   541 D vendor.visteon.skylark.hardware.automotive.vehicle@V1-visteon-service: PERIPHERAL_STATUS:: 03 03 03 03 03 03 03 03 03 01 03 03 03 00 00 00 00 00 00 00
02-03 16:25:40.286   668   676 I UclDL_Impl_VIP: TxA TO : 33
02-03 16:25:40.286   668   676 I UclDL_Impl_VIP: Avg Ack Latency : 9
02-03 16:25:40.286   668   676 I UclDL_Impl_VIP: pollingCntr : 47490
02-03 16:25:40.286   668   676 I UclDL_Impl_TCU: VIP-TCU - txBps : 392
02-03 16:25:40.286   668   676 I UclDL_Impl_TCU: VIP-TCU - rxBps : 320
02-03 16:25:40.286   668   676 I UclDL_Impl_TCU: VIP-TCU - txAckTmo : 1
02-03 16:25:40.933   489   509 I UclDL_Impl: Inst Id : 0 ## Tx Msgs : 2357
02-03 16:25:40.933   489   509 I UclDL_Impl: Inst Id : 0 ## TxA Msgs : 1818
02-03 16:25:40.933   489   509 I UclDL_Impl: Inst Id : 0 ## TxA TO : 0
02-03 16:25:40.933   489   509 I UclDL_Impl: Inst Id : 0 ## Rx Msgs : 2358
02-03 16:25:40.933   489   509 I UclDL_Impl: Inst Id : 0 ## Rx HB Msgs : 151
02-03 16:25:40.933   489   509 I UclDL_Impl: Inst Id : 0 ## Tx Bps : 888
02-03 16:25:40.933   489   509 I UclDL_Impl: Inst Id : 0 ## Rx Bps : 4672
02-03 16:25:40.933   489   509 I UclDL_Impl: Inst Id : 0  ## Avg Ack Latency : 7
02-03 16:25:41.279   490   541 D vendor.visteon.skylark.hardware.automotive.vehicle@V1-visteon-service: PERIPHERAL_STATUS:: 03 03 03 03 03 03 03 03 03 01 03 03 03 00 00 00 00 00 00 00
02-03 16:25:41.291   668   676 I UclDL_Impl_VIP: TxA TO : 33
02-03 16:25:41.291   668   676 I UclDL_Impl_VIP: Avg Ack Latency : 8
02-03 16:25:41.291   668   676 I UclDL_Impl_VIP: pollingCntr : 47740
02-03 16:25:41.291   668   676 I UclDL_Impl_TCU: VIP-TCU - txBps : 392
02-03 16:25:41.291   668   676 I UclDL_Impl_TCU: VIP-TCU - rxBps : 320
02-03 16:25:41.291   668   676 I UclDL_Impl_TCU: VIP-TCU - txAckTmo : 1
02-03 16:25:41.933   489   509 I UclDL_Impl: Inst Id : 0 ## Tx Msgs : 2367
02-03 16:25:41.933   489   509 I UclDL_Impl: Inst Id : 0 ## TxA Msgs : 1826
02-03 16:25:41.933   489   509 I UclDL_Impl: Inst Id : 0 ## TxA TO : 0
02-03 16:25:41.933   489   509 I UclDL_Impl: Inst Id : 0 ## Rx Msgs : 2368
02-03 16:25:41.933   489   509 I UclDL_Impl: Inst Id : 0 ## Rx HB Msgs : 152
02-03 16:25:41.933   489   509 I UclDL_Impl: Inst Id : 0 ## Tx Bps : 808
02-03 16:25:41.933   489   509 I UclDL_Impl: Inst Id : 0 ## Rx Bps : 4368
02-03 16:25:41.933   489   509 I UclDL_Impl: Inst Id : 0  ## Avg Ack Latency : 7
02-03 16:25:42.283   490   541 D vendor.visteon.skylark.hardware.automotive.vehicle@V1-visteon-service: PERIPHERAL_STATUS:: 03 03 03 03 03 03 03 03 03 01 03 03 03 00 00 00 00 00 00 00
02-03 16:25:42.294   668   676 I UclDL_Impl_VIP: TxA TO : 33
02-03 16:25:42.294   668   676 I UclDL_Impl_VIP: Avg Ack Latency : 8
02-03 16:25:42.294   668   676 I UclDL_Impl_VIP: pollingCntr : 47990
02-03 16:25:42.294   668   676 I UclDL_Impl_TCU: VIP-TCU - txBps : 392
02-03 16:25:42.294   668   676 I UclDL_Impl_TCU: VIP-TCU - rxBps : 368
02-03 16:25:42.294   668   676 I UclDL_Impl_TCU: VIP-TCU - txAckTmo : 1
02-03 16:25:42.933   489   509 I UclDL_Impl: Inst Id : 0 ## Tx Msgs : 2377
02-03 16:25:42.933   489   509 I UclDL_Impl: Inst Id : 0 ## TxA Msgs : 1834
02-03 16:25:42.933   489   509 I UclDL_Impl: Inst Id : 0 ## TxA TO : 0
02-03 16:25:42.933   489   509 I UclDL_Impl: Inst Id : 0 ## Rx Msgs : 2378
02-03 16:25:42.933   489   509 I UclDL_Impl: Inst Id : 0 ## Rx HB Msgs : 153
02-03 16:25:42.933   489   509 I UclDL_Impl: Inst Id : 0 ## Tx Bps : 808
02-03 16:25:42.933   489   509 I UclDL_Impl: Inst Id : 0 ## Rx Bps : 4368
02-03 16:25:42.933   489   509 I UclDL_Impl: Inst Id : 0  ## Avg Ack Latency : 7
02-03 16:25:43.286   490   541 D vendor.visteon.skylark.hardware.automotive.vehicle@V1-visteon-service: PERIPHERAL_STATUS:: 03 03 03 03 03 03 03 03 03 01 03 03 03 00 00 00 00 00 00 00
02-03 16:25:43.298   668   676 I UclDL_Impl_VIP: TxA TO : 33
02-03 16:25:43.298   668   676 I UclDL_Impl_VIP: Avg Ack Latency : 7
02-03 16:25:43.298   668   676 I UclDL_Impl_VIP: pollingCntr : 48240
02-03 16:25:43.298   668   676 I UclDL_Impl_TCU: VIP-TCU - txBps : 392
02-03 16:25:43.298   668   676 I UclDL_Impl_TCU: VIP-TCU - rxBps : 320
02-03 16:25:43.298   668   676 I UclDL_Impl_TCU: VIP-TCU - txAckTmo : 1
02-03 16:25:43.933   489   509 I UclDL_Impl: Inst Id : 0 ## Tx Msgs : 2388
02-03 16:25:43.933   489   509 I UclDL_Impl: Inst Id : 0 ## TxA Msgs : 1842
02-03 16:25:43.933   489   509 I UclDL_Impl: Inst Id : 0 ## TxA TO : 0
02-03 16:25:43.933   489   509 I UclDL_Impl: Inst Id : 0 ## Rx Msgs : 2389
02-03 16:25:43.933   489   509 I UclDL_Impl: Inst Id : 0 ## Rx HB Msgs : 154
02-03 16:25:43.933   489   509 I UclDL_Impl: Inst Id : 0 ## Tx Bps : 904
02-03 16:25:43.933   489   509 I UclDL_Impl: Inst Id : 0 ## Rx Bps : 4424
02-03 16:25:43.933   489   509 I UclDL_Impl: Inst Id : 0  ## Avg Ack Latency : 7
02-03 16:25:44.291   490   541 D vendor.visteon.skylark.hardware.automotive.vehicle@V1-visteon-service: PERIPHERAL_STATUS:: 03 03 03 03 03 03 03 03 03 01 03 03 03 00 00 00 00 00 00 00
02-03 16:25:44.306   668   676 I UclDL_Impl_VIP: TxA TO : 33
02-03 16:25:44.306   668   676 I UclDL_Impl_VIP: Avg Ack Latency : 7
02-03 16:25:44.306   668   676 I UclDL_Impl_VIP: pollingCntr : 48490
02-03 16:25:44.306   668   676 I UclDL_Impl_TCU: VIP-TCU - txBps : 392
02-03 16:25:44.306   668   676 I UclDL_Impl_TCU: VIP-TCU - rxBps : 320
02-03 16:25:44.307   668   676 I UclDL_Impl_TCU: VIP-TCU - txAckTmo : 1
02-03 16:25:44.933   489   509 I UclDL_Impl: Inst Id : 0 ## Tx Msgs : 2398
02-03 16:25:44.933   489   509 I UclDL_Impl: Inst Id : 0 ## TxA Msgs : 1850
02-03 16:25:44.933   489   509 I UclDL_Impl: Inst Id : 0 ## TxA TO : 0
02-03 16:25:44.933   489   509 I UclDL_Impl: Inst Id : 0 ## Rx Msgs : 2399
02-03 16:25:44.933   489   509 I UclDL_Impl: Inst Id : 0 ## Rx HB Msgs : 155
02-03 16:25:44.933   489   509 I UclDL_Impl: Inst Id : 0 ## Tx Bps : 808
02-03 16:25:44.933   489   509 I UclDL_Impl: Inst Id : 0 ## Rx Bps : 4368
02-03 16:25:44.933   489   509 I UclDL_Impl: Inst Id : 0  ## Avg Ack Latency : 7
02-03 16:25:45.297   490   541 D vendor.visteon.skylark.hardware.automotive.vehicle@V1-visteon-service: PERIPHERAL_STATUS:: 03 03 03 03 03 03 03 03 03 01 03 03 03 00 00 00 00 00 00 00
02-03 16:25:45.310   668   676 I UclDL_Impl_VIP: TxA TO : 33
02-03 16:25:45.310   668   676 I UclDL_Impl_VIP: Avg Ack Latency : 8
02-03 16:25:45.310   668   676 I UclDL_Impl_VIP: pollingCntr : 48740
02-03 16:25:45.310   668   676 I UclDL_Impl_TCU: VIP-TCU - txBps : 392
02-03 16:25:45.310   668   676 I UclDL_Impl_TCU: VIP-TCU - rxBps : 320
02-03 16:25:45.310   668   676 I UclDL_Impl_TCU: VIP-TCU - txAckTmo : 1
02-03 16:25:45.933   489   509 I UclDL_Impl: Inst Id : 0 ## Tx Msgs : 2408
02-03 16:25:45.933   489   509 I UclDL_Impl: Inst Id : 0 ## TxA Msgs : 1858
02-03 16:25:45.933   489   509 I UclDL_Impl: Inst Id : 0 ## TxA TO : 0
02-03 16:25:45.933   489   509 I UclDL_Impl: Inst Id : 0 ## Rx Msgs : 2409
02-03 16:25:45.933   489   509 I UclDL_Impl: Inst Id : 0 ## Rx HB Msgs : 156
02-03 16:25:45.933   489   509 I UclDL_Impl: Inst Id : 0 ## Tx Bps : 808
02-03 16:25:45.933   489   509 I UclDL_Impl: Inst Id : 0 ## Rx Bps : 4368
02-03 16:25:45.933   489   509 I UclDL_Impl: Inst Id : 0  ## Avg Ack Latency : 7
02-03 16:25:46.303   490   541 D vendor.visteon.skylark.hardware.automotive.vehicle@V1-visteon-service: PERIPHERAL_STATUS:: 03 03 03 03 03 03 03 03 03 01 03 03 03 00 00 00 00 00 00 00
02-03 16:25:46.314   668   676 I UclDL_Impl_VIP: TxA TO : 33
02-03 16:25:46.314   668   676 I UclDL_Impl_VIP: Avg Ack Latency : 9
02-03 16:25:46.314   668   676 I UclDL_Impl_VIP: pollingCntr : 48990
02-03 16:25:46.314   668   676 I UclDL_Impl_TCU: VIP-TCU - txBps : 392
02-03 16:25:46.314   668   676 I UclDL_Impl_TCU: VIP-TCU - rxBps : 320
02-03 16:25:46.314   668   676 I UclDL_Impl_TCU: VIP-TCU - txAckTmo : 1
02-03 16:25:46.933   489   509 I UclDL_Impl: Inst Id : 0 ## Tx Msgs : 2418
02-03 16:25:46.933   489   509 I UclDL_Impl: Inst Id : 0 ## TxA Msgs : 1866
02-03 16:25:46.933   489   509 I UclDL_Impl: Inst Id : 0 ## TxA TO : 0
02-03 16:25:46.933   489   509 I UclDL_Impl: Inst Id : 0 ## Rx Msgs : 2419
02-03 16:25:46.933   489   509 I UclDL_Impl: Inst Id : 0 ## Rx HB Msgs : 157
02-03 16:25:46.933   489   509 I UclDL_Impl: Inst Id : 0 ## Tx Bps : 808
02-03 16:25:46.933   489   509 I UclDL_Impl: Inst Id : 0 ## Rx Bps : 4368
02-03 16:25:46.933   489   509 I UclDL_Impl: Inst Id : 0  ## Avg Ack Latency : 7
02-03 16:25:47.307   490   541 D vendor.visteon.skylark.hardware.automotive.vehicle@V1-visteon-service: PERIPHERAL_STATUS:: 03 03 03 03 03 03 03 03 03 01 03 03 03 00 00 00 00 00 00 00
02-03 16:25:47.318   668   676 I UclDL_Impl_VIP: TxA TO : 33
02-03 16:25:47.318   668   676 I UclDL_Impl_VIP: Avg Ack Latency : 6
02-03 16:25:47.318   668   676 I UclDL_Impl_VIP: pollingCntr : 49240
02-03 16:25:47.318   668   676 I UclDL_Impl_TCU: VIP-TCU - txBps : 392
02-03 16:25:47.318   668   676 I UclDL_Impl_TCU: VIP-TCU - rxBps : 320
02-03 16:25:47.318   668   676 I UclDL_Impl_TCU: VIP-TCU - txAckTmo : 1
02-03 16:25:47.933   489   509 I UclDL_Impl: Inst Id : 0 ## Tx Msgs : 2428
02-03 16:25:47.933   489   509 I UclDL_Impl: Inst Id : 0 ## TxA Msgs : 1874
02-03 16:25:47.933   489   509 I UclDL_Impl: Inst Id : 0 ## TxA TO : 0
02-03 16:25:47.933   489   509 I UclDL_Impl: Inst Id : 0 ## Rx Msgs : 2429
02-03 16:25:47.933   489   509 I UclDL_Impl: Inst Id : 0 ## Rx HB Msgs : 158
02-03 16:25:47.933   489   509 I UclDL_Impl: Inst Id : 0 ## Tx Bps : 808
02-03 16:25:47.933   489   509 I UclDL_Impl: Inst Id : 0 ## Rx Bps : 4368
02-03 16:25:47.933   489   509 I UclDL_Impl: Inst Id : 0  ## Avg Ack Latency : 9
02-03 16:25:48.311   490   541 D vendor.visteon.skylark.hardware.automotive.vehicle@V1-visteon-service: PERIPHERAL_STATUS:: 03 03 03 03 03 03 03 03 03 01 03 03 03 00 00 00 00 00 00 00
02-03 16:25:48.328   668   676 I UclDL_Impl_VIP: TxA TO : 33
02-03 16:25:48.328   668   676 I UclDL_Impl_VIP: Avg Ack Latency : 9
02-03 16:25:48.328   668   676 I UclDL_Impl_VIP: pollingCntr : 49490
02-03 16:25:48.328   668   676 I UclDL_Impl_TCU: VIP-TCU - txBps : 392
02-03 16:25:48.328   668   676 I UclDL_Impl_TCU: VIP-TCU - rxBps : 320
02-03 16:25:48.328   668   676 I UclDL_Impl_TCU: VIP-TCU - txAckTmo : 1
02-03 16:25:48.933   489   509 I UclDL_Impl: Inst Id : 0 ## Tx Msgs : 2439
02-03 16:25:48.933   489   509 I UclDL_Impl: Inst Id : 0 ## TxA Msgs : 1882
02-03 16:25:48.933   489   509 I UclDL_Impl: Inst Id : 0 ## TxA TO : 0
02-03 16:25:48.933   489   509 I UclDL_Impl: Inst Id : 0 ## Rx Msgs : 2440
02-03 16:25:48.933   489   509 I UclDL_Impl: Inst Id : 0 ## Rx HB Msgs : 159
02-03 16:25:48.933   489   509 I UclDL_Impl: Inst Id : 0 ## Tx Bps : 904
02-03 16:25:48.933   489   509 I UclDL_Impl: Inst Id : 0 ## Rx Bps : 4424
02-03 16:25:48.933   489   509 I UclDL_Impl: Inst Id : 0  ## Avg Ack Latency : 11
02-03 16:25:49.319   490   541 D vendor.visteon.skylark.hardware.automotive.vehicle@V1-visteon-service: PERIPHERAL_STATUS:: 03 03 03 03 03 03 03 03 03 01 03 03 03 00 00 00 00 00 00 00
02-03 16:25:49.330   668   676 I UclDL_Impl_VIP: TxA TO : 33
02-03 16:25:49.330   668   676 I UclDL_Impl_VIP: Avg Ack Latency : 9
02-03 16:25:49.330   668   676 I UclDL_Impl_VIP: pollingCntr : 49740
02-03 16:25:49.330   668   676 I UclDL_Impl_TCU: VIP-TCU - txBps : 392
02-03 16:25:49.330   668   676 I UclDL_Impl_TCU: VIP-TCU - rxBps : 320
02-03 16:25:49.330   668   676 I UclDL_Impl_TCU: VIP-TCU - txAckTmo : 1
02-03 16:25:49.933   489   509 I UclDL_Impl: Inst Id : 0 ## Tx Msgs : 2449
02-03 16:25:49.933   489   509 I UclDL_Impl: Inst Id : 0 ## TxA Msgs : 1890
02-03 16:25:49.933   489   509 I UclDL_Impl: Inst Id : 0 ## TxA TO : 0
02-03 16:25:49.933   489   509 I UclDL_Impl: Inst Id : 0 ## Rx Msgs : 2450
02-03 16:25:49.933   489   509 I UclDL_Impl: Inst Id : 0 ## Rx HB Msgs : 160
02-03 16:25:49.933   489   509 I UclDL_Impl: Inst Id : 0 ## Tx Bps : 808
02-03 16:25:49.933   489   509 I UclDL_Impl: Inst Id : 0 ## Rx Bps : 4368
02-03 16:25:49.933   489   509 I UclDL_Impl: Inst Id : 0  ## Avg Ack Latency : 7
02-03 16:25:50.323   490   541 D vendor.visteon.skylark.hardware.automotive.vehicle@V1-visteon-service: PERIPHERAL_STATUS:: 03 03 03 03 03 03 03 03 03 01 03 03 03 00 00 00 00 00 00 00
02-03 16:25:50.334   668   676 I UclDL_Impl_VIP: TxA TO : 33
02-03 16:25:50.334   668   676 I UclDL_Impl_VIP: Avg Ack Latency : 8
02-03 16:25:50.334   668   676 I UclDL_Impl_VIP: pollingCntr : 49990
02-03 16:25:50.334   668   676 I UclDL_Impl_TCU: VIP-TCU - txBps : 464
02-03 16:25:50.334   668   676 I UclDL_Impl_TCU: VIP-TCU - rxBps : 320
02-03 16:25:50.334   668   676 I UclDL_Impl_TCU: VIP-TCU - txAckTmo : 1
02-03 16:25:50.933   489   509 I UclDL_Impl: Inst Id : 0 ## Tx Msgs : 2458
02-03 16:25:50.933   489   509 I UclDL_Impl: Inst Id : 0 ## TxA Msgs : 1897
02-03 16:25:50.933   489   509 I UclDL_Impl: Inst Id : 0 ## TxA TO : 0
02-03 16:25:50.933   489   509 I UclDL_Impl: Inst Id : 0 ## Rx Msgs : 2459
02-03 16:25:50.933   489   509 I UclDL_Impl: Inst Id : 0 ## Rx HB Msgs : 161
02-03 16:25:50.933   489   509 I UclDL_Impl: Inst Id : 0 ## Tx Bps : 728
02-03 16:25:50.933   489   509 I UclDL_Impl: Inst Id : 0 ## Rx Bps : 4064
02-03 16:25:50.933   489   509 I UclDL_Impl: Inst Id : 0  ## Avg Ack Latency : 5
02-03 16:25:51.329   490   541 D vendor.visteon.skylark.hardware.automotive.vehicle@V1-visteon-service: PERIPHERAL_STATUS:: 03 03 03 03 03 03 03 03 03 01 03 03 03 00 00 00 00 00 00 00
02-03 16:25:51.341   668   676 I UclDL_Impl_VIP: TxA TO : 33
02-03 16:25:51.341   668   676 I UclDL_Impl_VIP: Avg Ack Latency : 8
02-03 16:25:51.341   668   676 I UclDL_Impl_VIP: pollingCntr : 50240
02-03 16:25:51.341   668   676 I UclDL_Impl_TCU: VIP-TCU - txBps : 464
02-03 16:25:51.341   668   676 I UclDL_Impl_TCU: VIP-TCU - rxBps : 320
02-03 16:25:51.342   668   676 I UclDL_Impl_TCU: VIP-TCU - txAckTmo : 1
02-03 16:25:51.933   489   509 I UclDL_Impl: Inst Id : 0 ## Tx Msgs : 2469
02-03 16:25:51.933   489   509 I UclDL_Impl: Inst Id : 0 ## TxA Msgs : 1906
02-03 16:25:51.933   489   509 I UclDL_Impl: Inst Id : 0 ## TxA TO : 0
02-03 16:25:51.933   489   509 I UclDL_Impl: Inst Id : 0 ## Rx Msgs : 2470
02-03 16:25:51.933   489   509 I UclDL_Impl: Inst Id : 0 ## Rx HB Msgs : 162
02-03 16:25:51.933   489   509 I UclDL_Impl: Inst Id : 0 ## Tx Bps : 888
02-03 16:25:51.933   489   509 I UclDL_Impl: Inst Id : 0 ## Rx Bps : 4672
02-03 16:25:51.933   489   509 I UclDL_Impl: Inst Id : 0  ## Avg Ack Latency : 4
02-03 16:25:52.331   490   541 D vendor.visteon.skylark.hardware.automotive.vehicle@V1-visteon-service: PERIPHERAL_STATUS:: 03 03 03 03 03 03 03 03 03 01 03 03 03 00 00 00 00 00 00 00
02-03 16:25:52.342   668   676 I UclDL_Impl_VIP: TxA TO : 33
02-03 16:25:52.342   668   676 I UclDL_Impl_VIP: Avg Ack Latency : 7
02-03 16:25:52.342   668   676 I UclDL_Impl_VIP: pollingCntr : 50490
02-03 16:25:52.342   668   676 I UclDL_Impl_TCU: VIP-TCU - txBps : 464
02-03 16:25:52.342   668   676 I UclDL_Impl_TCU: VIP-TCU - rxBps : 320
02-03 16:25:52.342   668   676 I UclDL_Impl_TCU: VIP-TCU - txAckTmo : 1
02-03 16:25:52.933   489   509 I UclDL_Impl: Inst Id : 0 ## Tx Msgs : 2479
02-03 16:25:52.933   489   509 I UclDL_Impl: Inst Id : 0 ## TxA Msgs : 1914
02-03 16:25:52.933   489   509 I UclDL_Impl: Inst Id : 0 ## TxA TO : 0
02-03 16:25:52.933   489   509 I UclDL_Impl: Inst Id : 0 ## Rx Msgs : 2480
02-03 16:25:52.933   489   509 I UclDL_Impl: Inst Id : 0 ## Rx HB Msgs : 163
02-03 16:25:52.933   489   509 I UclDL_Impl: Inst Id : 0 ## Tx Bps : 808
02-03 16:25:52.933   489   509 I UclDL_Impl: Inst Id : 0 ## Rx Bps : 4368
02-03 16:25:52.933   489   509 I UclDL_Impl: Inst Id : 0  ## Avg Ack Latency : 6
02-03 16:25:53.335   490   541 D vendor.visteon.skylark.hardware.automotive.vehicle@V1-visteon-service: PERIPHERAL_STATUS:: 03 03 03 03 03 03 03 03 03 01 03 03 03 00 00 00 00 00 00 00
02-03 16:25:53.350   668   676 I UclDL_Impl_VIP: TxA TO : 33
02-03 16:25:53.350   668   676 I UclDL_Impl_VIP: Avg Ack Latency : 6
02-03 16:25:53.350   668   676 I UclDL_Impl_VIP: pollingCntr : 50740
02-03 16:25:53.350   668   676 I UclDL_Impl_TCU: VIP-TCU - txBps : 392
02-03 16:25:53.350   668   676 I UclDL_Impl_TCU: VIP-TCU - rxBps : 320
02-03 16:25:53.350   668   676 I UclDL_Impl_TCU: VIP-TCU - txAckTmo : 1
02-03 16:25:53.933   489   509 I UclDL_Impl: Inst Id : 0 ## Tx Msgs : 2490
02-03 16:25:53.933   489   509 I UclDL_Impl: Inst Id : 0 ## TxA Msgs : 1922
02-03 16:25:53.933   489   509 I UclDL_Impl: Inst Id : 0 ## TxA TO : 0
02-03 16:25:53.933   489   509 I UclDL_Impl: Inst Id : 0 ## Rx Msgs : 2491
02-03 16:25:53.933   489   509 I UclDL_Impl: Inst Id : 0 ## Rx HB Msgs : 164
02-03 16:25:53.933   489   509 I UclDL_Impl: Inst Id : 0 ## Tx Bps : 904
02-03 16:25:53.933   489   509 I UclDL_Impl: Inst Id : 0 ## Rx Bps : 4424
02-03 16:25:53.933   489   509 I UclDL_Impl: Inst Id : 0  ## Avg Ack Latency : 7
02-03 16:25:54.347   490   541 D vendor.visteon.skylark.hardware.automotive.vehicle@V1-visteon-service: PERIPHERAL_STATUS:: 03 03 03 03 03 03 03 03 03 01 03 03 03 00 00 00 00 00 00 00
02-03 16:25:54.354   668   676 I UclDL_Impl_VIP: TxA TO : 33
02-03 16:25:54.354   668   676 I UclDL_Impl_VIP: Avg Ack Latency : 8
02-03 16:25:54.354   668   676 I UclDL_Impl_VIP: pollingCntr : 50990
02-03 16:25:54.354   668   676 I UclDL_Impl_TCU: VIP-TCU - txBps : 392
02-03 16:25:54.354   668   676 I UclDL_Impl_TCU: VIP-TCU - rxBps : 320
02-03 16:25:54.354   668   676 I UclDL_Impl_TCU: VIP-TCU - txAckTmo : 1
02-03 16:25:54.933   489   509 I UclDL_Impl: Inst Id : 0 ## Tx Msgs : 2500
02-03 16:25:54.933   489   509 I UclDL_Impl: Inst Id : 0 ## TxA Msgs : 1930
02-03 16:25:54.933   489   509 I UclDL_Impl: Inst Id : 0 ## TxA TO : 0
02-03 16:25:54.933   489   509 I UclDL_Impl: Inst Id : 0 ## Rx Msgs : 2501
02-03 16:25:54.933   489   509 I UclDL_Impl: Inst Id : 0 ## Rx HB Msgs : 165
02-03 16:25:54.933   489   509 I UclDL_Impl: Inst Id : 0 ## Tx Bps : 808
02-03 16:25:54.934   489   509 I UclDL_Impl: Inst Id : 0 ## Rx Bps : 4368
02-03 16:25:54.934   489   509 I UclDL_Impl: Inst Id : 0  ## Avg Ack Latency : 7
02-03 16:25:55.347   490   541 D vendor.visteon.skylark.hardware.automotive.vehicle@V1-visteon-service: PERIPHERAL_STATUS:: 03 03 03 03 03 03 03 03 03 01 03 03 03 00 00 00 00 00 00 00
02-03 16:25:55.358   668   676 I UclDL_Impl_VIP: TxA TO : 33
02-03 16:25:55.358   668   676 I UclDL_Impl_VIP: Avg Ack Latency : 9
02-03 16:25:55.358   668   676 I UclDL_Impl_VIP: pollingCntr : 51240
02-03 16:25:55.358   668   676 I UclDL_Impl_TCU: VIP-TCU - txBps : 472
02-03 16:25:55.358   668   676 I UclDL_Impl_TCU: VIP-TCU - rxBps : 392
02-03 16:25:55.358   668   676 I UclDL_Impl_TCU: VIP-TCU - txAckTmo : 1
02-03 16:25:55.933   489   509 I UclDL_Impl: Inst Id : 0 ## Tx Msgs : 2511
02-03 16:25:55.933   489   509 I UclDL_Impl: Inst Id : 0 ## TxA Msgs : 1938
02-03 16:25:55.933   489   509 I UclDL_Impl: Inst Id : 0 ## TxA TO : 0
02-03 16:25:55.933   489   509 I UclDL_Impl: Inst Id : 0 ## Rx Msgs : 2511
02-03 16:25:55.933   489   509 I UclDL_Impl: Inst Id : 0 ## Rx HB Msgs : 166
02-03 16:25:55.933   489   509 I UclDL_Impl: Inst Id : 0 ## Tx Bps : 880
02-03 16:25:55.933   489   509 I UclDL_Impl: Inst Id : 0 ## Rx Bps : 4368
02-03 16:25:55.933   489   509 I UclDL_Impl: Inst Id : 0  ## Avg Ack Latency : 7
02-03 16:25:56.351   490   541 D vendor.visteon.skylark.hardware.automotive.vehicle@V1-visteon-service: PERIPHERAL_STATUS:: 03 03 03 03 03 03 03 03 03 01 03 03 03 00 00 00 00 00 00 00
02-03 16:25:56.362   668   676 I UclDL_Impl_VIP: TxA TO : 33
02-03 16:25:56.362   668   676 I UclDL_Impl_VIP: Avg Ack Latency : 8
02-03 16:25:56.362   668   676 I UclDL_Impl_VIP: pollingCntr : 51490
02-03 16:25:56.362   668   676 I UclDL_Impl_TCU: VIP-TCU - txBps : 392
02-03 16:25:56.362   668   676 I UclDL_Impl_TCU: VIP-TCU - rxBps : 320
02-03 16:25:56.363   668   676 I UclDL_Impl_TCU: VIP-TCU - txAckTmo : 1
02-03 16:25:56.933   489   509 I UclDL_Impl: Inst Id : 0 ## Tx Msgs : 2522
02-03 16:25:56.933   489   509 I UclDL_Impl: Inst Id : 0 ## TxA Msgs : 1946
02-03 16:25:56.933   489   509 I UclDL_Impl: Inst Id : 0 ## TxA TO : 0
02-03 16:25:56.933   489   509 I UclDL_Impl: Inst Id : 0 ## Rx Msgs : 2521
02-03 16:25:56.933   489   509 I UclDL_Impl: Inst Id : 0 ## Rx HB Msgs : 167
02-03 16:25:56.933   489   509 I UclDL_Impl: Inst Id : 0 ## Tx Bps : 880
02-03 16:25:56.933   489   509 I UclDL_Impl: Inst Id : 0 ## Rx Bps : 4368
02-03 16:25:56.933   489   509 I UclDL_Impl: Inst Id : 0  ## Avg Ack Latency : 5
02-03 16:25:57.355   490   541 D vendor.visteon.skylark.hardware.automotive.vehicle@V1-visteon-service: PERIPHERAL_STATUS:: 03 03 03 03 03 03 03 03 03 01 03 03 03 00 00 00 00 00 00 00
02-03 16:25:57.366   668   676 I UclDL_Impl_VIP: TxA TO : 33
02-03 16:25:57.366   668   676 I UclDL_Impl_VIP: Avg Ack Latency : 8
02-03 16:25:57.366   668   676 I UclDL_Impl_VIP: pollingCntr : 51740
02-03 16:25:57.366   668   676 I UclDL_Impl_TCU: VIP-TCU - txBps : 392
02-03 16:25:57.366   668   676 I UclDL_Impl_TCU: VIP-TCU - rxBps : 320
02-03 16:25:57.366   668   676 I UclDL_Impl_TCU: VIP-TCU - txAckTmo : 1
02-03 16:25:57.933   489   509 I UclDL_Impl: Inst Id : 0 ## Tx Msgs : 2533
02-03 16:25:57.933   489   509 I UclDL_Impl: Inst Id : 0 ## TxA Msgs : 1954
02-03 16:25:57.933   489   509 I UclDL_Impl: Inst Id : 0 ## TxA TO : 0
02-03 16:25:57.933   489   509 I UclDL_Impl: Inst Id : 0 ## Rx Msgs : 2532
02-03 16:25:57.933   489   509 I UclDL_Impl: Inst Id : 0 ## Rx HB Msgs : 169
02-03 16:25:57.933   489   509 I UclDL_Impl: Inst Id : 0 ## Tx Bps : 880
02-03 16:25:57.933   489   509 I UclDL_Impl: Inst Id : 0 ## Rx Bps : 4416
02-03 16:25:57.933   489   509 I UclDL_Impl: Inst Id : 0  ## Avg Ack Latency : 6
02-03 16:25:58.359   490   541 D vendor.visteon.skylark.hardware.automotive.vehicle@V1-visteon-service: PERIPHERAL_STATUS:: 03 03 03 03 03 03 03 03 03 01 03 03 03 00 00 00 00 00 00 00
02-03 16:25:58.378   668   676 I UclDL_Impl_VIP: TxA TO : 33
02-03 16:25:58.378   668   676 I UclDL_Impl_VIP: Avg Ack Latency : 8
02-03 16:25:58.378   668   676 I UclDL_Impl_VIP: pollingCntr : 51990
02-03 16:25:58.378   668   676 I UclDL_Impl_TCU: VIP-TCU - txBps : 392
02-03 16:25:58.378   668   676 I UclDL_Impl_TCU: VIP-TCU - rxBps : 272
02-03 16:25:58.378   668   676 I UclDL_Impl_TCU: VIP-TCU - txAckTmo : 1
02-03 16:25:58.933   489   509 I UclDL_Impl: Inst Id : 0 ## Tx Msgs : 2545
02-03 16:25:58.933   489   509 I UclDL_Impl: Inst Id : 0 ## TxA Msgs : 1962
02-03 16:25:58.933   489   509 I UclDL_Impl: Inst Id : 0 ## TxA TO : 0
02-03 16:25:58.933   489   509 I UclDL_Impl: Inst Id : 0 ## Rx Msgs : 2544
02-03 16:25:58.933   489   509 I UclDL_Impl: Inst Id : 0 ## Rx HB Msgs : 171
02-03 16:25:58.933   489   509 I UclDL_Impl: Inst Id : 0 ## Tx Bps : 976
02-03 16:25:58.933   489   509 I UclDL_Impl: Inst Id : 0 ## Rx Bps : 4472
02-03 16:25:58.933   489   509 I UclDL_Impl: Inst Id : 0  ## Avg Ack Latency : 7
02-03 16:25:59.366   490   541 D vendor.visteon.skylark.hardware.automotive.vehicle@V1-visteon-service: PERIPHERAL_STATUS:: 03 03 03 03 03 03 03 03 03 01 03 03 03 00 00 00 00 00 00 00
02-03 16:25:59.377   668   676 I UclDL_Impl_VIP: TxA TO : 33
02-03 16:25:59.377   668   676 I UclDL_Impl_VIP: Avg Ack Latency : 8
02-03 16:25:59.377   668   676 I UclDL_Impl_VIP: pollingCntr : 52240
02-03 16:25:59.377   668   676 I UclDL_Impl_TCU: VIP-TCU - txBps : 392
02-03 16:25:59.377   668   676 I UclDL_Impl_TCU: VIP-TCU - rxBps : 272
02-03 16:25:59.377   668   676 I UclDL_Impl_TCU: VIP-TCU - txAckTmo : 1
02-03 16:25:59.933   489   509 I UclDL_Impl: Inst Id : 0 ## Tx Msgs : 2556
02-03 16:25:59.933   489   509 I UclDL_Impl: Inst Id : 0 ## TxA Msgs : 1970
02-03 16:25:59.933   489   509 I UclDL_Impl: Inst Id : 0 ## TxA TO : 0
02-03 16:25:59.933   489   509 I UclDL_Impl: Inst Id : 0 ## Rx Msgs : 2555
02-03 16:25:59.933   489   509 I UclDL_Impl: Inst Id : 0 ## Rx HB Msgs : 173
02-03 16:25:59.933   489   509 I UclDL_Impl: Inst Id : 0 ## Tx Bps : 880
02-03 16:25:59.933   489   509 I UclDL_Impl: Inst Id : 0 ## Rx Bps : 4416
02-03 16:25:59.933   489   509 I UclDL_Impl: Inst Id : 0  ## Avg Ack Latency : 7
02-03 16:26:00.370   490   541 D vendor.visteon.skylark.hardware.automotive.vehicle@V1-visteon-service: PERIPHERAL_STATUS:: 03 03 03 03 03 03 03 03 03 01 03 03 03 00 00 00 00 00 00 00
02-03 16:26:00.382   668   676 I UclDL_Impl_VIP: TxA TO : 33
02-03 16:26:00.382   668   676 I UclDL_Impl_VIP: Avg Ack Latency : 7
02-03 16:26:00.382   668   676 I UclDL_Impl_VIP: pollingCntr : 52490
02-03 16:26:00.382   668   676 I UclDL_Impl_TCU: VIP-TCU - txBps : 392
02-03 16:26:00.382   668   676 I UclDL_Impl_TCU: VIP-TCU - rxBps : 272
02-03 16:26:00.382   668   676 I UclDL_Impl_TCU: VIP-TCU - txAckTmo : 1
02-03 16:26:00.933   489   509 I UclDL_Impl: Inst Id : 0 ## Tx Msgs : 2568
02-03 16:26:00.933   489   509 I UclDL_Impl: Inst Id : 0 ## TxA Msgs : 1979
02-03 16:26:00.933   489   509 I UclDL_Impl: Inst Id : 0 ## TxA TO : 0
02-03 16:26:00.933   489   509 I UclDL_Impl: Inst Id : 0 ## Rx Msgs : 2567
02-03 16:26:00.933   489   509 I UclDL_Impl: Inst Id : 0 ## Rx HB Msgs : 175
02-03 16:26:00.933   489   509 I UclDL_Impl: Inst Id : 0 ## Tx Bps : 960
02-03 16:26:00.933   489   509 I UclDL_Impl: Inst Id : 0 ## Rx Bps : 4568
02-03 16:26:00.933   489   509 I UclDL_Impl: Inst Id : 0  ## Avg Ack Latency : 7
02-03 16:26:01.379   490   541 D vendor.visteon.skylark.hardware.automotive.vehicle@V1-visteon-service: PERIPHERAL_STATUS:: 03 03 03 03 03 03 03 03 03 01 03 03 03 00 00 00 00 00 00 00
02-03 16:26:01.386   668   676 I UclDL_Impl_VIP: TxA TO : 33
02-03 16:26:01.386   668   676 I UclDL_Impl_VIP: Avg Ack Latency : 8
02-03 16:26:01.386   668   676 I UclDL_Impl_VIP: pollingCntr : 52740
02-03 16:26:01.386   668   676 I UclDL_Impl_TCU: VIP-TCU - txBps : 392
02-03 16:26:01.386   668   676 I UclDL_Impl_TCU: VIP-TCU - rxBps : 272
02-03 16:26:01.386   668   676 I UclDL_Impl_TCU: VIP-TCU - txAckTmo : 1
02-03 16:26:01.933   489   509 I UclDL_Impl: Inst Id : 0 ## Tx Msgs : 2581
02-03 16:26:01.933   489   509 I UclDL_Impl: Inst Id : 0 ## TxA Msgs : 1989
02-03 16:26:01.933   489   509 I UclDL_Impl: Inst Id : 0 ## TxA TO : 0
02-03 16:26:01.933   489   509 I UclDL_Impl: Inst Id : 0 ## Rx Msgs : 2580
02-03 16:26:01.933   489   509 I UclDL_Impl: Inst Id : 0 ## Rx HB Msgs : 177
02-03 16:26:01.933   489   509 I UclDL_Impl: Inst Id : 0 ## Tx Bps : 1040
02-03 16:26:01.933   489   509 I UclDL_Impl: Inst Id : 0 ## Rx Bps : 4872
02-03 16:26:01.933   489   509 I UclDL_Impl: Inst Id : 0  ## Avg Ack Latency : 9
02-03 16:26:02.378   490   541 D vendor.visteon.skylark.hardware.automotive.vehicle@V1-visteon-service: PERIPHERAL_STATUS:: 03 03 03 03 03 03 03 03 03 01 03 03 03 00 00 00 00 00 00 00
02-03 16:26:02.390   668   676 I UclDL_Impl_VIP: TxA TO : 33
02-03 16:26:02.390   668   676 I UclDL_Impl_VIP: Avg Ack Latency : 6
02-03 16:26:02.390   668   676 I UclDL_Impl_VIP: pollingCntr : 52990
02-03 16:26:02.390   668   676 I UclDL_Impl_TCU: VIP-TCU - txBps : 392
02-03 16:26:02.391   668   676 I UclDL_Impl_TCU: VIP-TCU - rxBps : 272
02-03 16:26:02.391   668   676 I UclDL_Impl_TCU: VIP-TCU - txAckTmo : 1
02-03 16:26:02.933   489   509 I UclDL_Impl: Inst Id : 0 ## Tx Msgs : 2592
02-03 16:26:02.933   489   509 I UclDL_Impl: Inst Id : 0 ## TxA Msgs : 1997
02-03 16:26:02.933   489   509 I UclDL_Impl: Inst Id : 0 ## TxA TO : 0
02-03 16:26:02.933   489   509 I UclDL_Impl: Inst Id : 0 ## Rx Msgs : 2591
02-03 16:26:02.933   489   509 I UclDL_Impl: Inst Id : 0 ## Rx HB Msgs : 179
02-03 16:26:02.933   489   509 I UclDL_Impl: Inst Id : 0 ## Tx Bps : 880
02-03 16:26:02.933   489   509 I UclDL_Impl: Inst Id : 0 ## Rx Bps : 4416
02-03 16:26:02.933   489   509 I UclDL_Impl: Inst Id : 0  ## Avg Ack Latency : 11
02-03 16:26:03.387   490   541 D vendor.visteon.skylark.hardware.automotive.vehicle@V1-visteon-service: PERIPHERAL_STATUS:: 03 03 03 03 03 03 03 03 03 01 03 03 03 00 00 00 00 00 00 00
02-03 16:26:03.396   668   676 I UclDL_Impl_VIP: TxA TO : 33
02-03 16:26:03.396   668   676 I UclDL_Impl_VIP: Avg Ack Latency : 10
02-03 16:26:03.396   668   676 I UclDL_Impl_VIP: pollingCntr : 53240
02-03 16:26:03.396   668   676 I UclDL_Impl_TCU: VIP-TCU - txBps : 392
02-03 16:26:03.396   668   676 I UclDL_Impl_TCU: VIP-TCU - rxBps : 272
02-03 16:26:03.396   668   676 I UclDL_Impl_TCU: VIP-TCU - txAckTmo : 1
02-03 16:26:03.933   489   509 I UclDL_Impl: Inst Id : 0 ## Tx Msgs : 2604
02-03 16:26:03.933   489   509 I UclDL_Impl: Inst Id : 0 ## TxA Msgs : 2005
02-03 16:26:03.933   489   509 I UclDL_Impl: Inst Id : 0 ## TxA TO : 0
02-03 16:26:03.933   489   509 I UclDL_Impl: Inst Id : 0 ## Rx Msgs : 2603
02-03 16:26:03.933   489   509 I UclDL_Impl: Inst Id : 0 ## Rx HB Msgs : 181
02-03 16:26:03.933   489   509 I UclDL_Impl: Inst Id : 0 ## Tx Bps : 976
02-03 16:26:03.933   489   509 I UclDL_Impl: Inst Id : 0 ## Rx Bps : 4472
02-03 16:26:03.933   489   509 I UclDL_Impl: Inst Id : 0  ## Avg Ack Latency : 5
02-03 16:26:04.391   490   541 D vendor.visteon.skylark.hardware.automotive.vehicle@V1-visteon-service: PERIPHERAL_STATUS:: 03 03 03 03 03 03 03 03 03 01 03 03 03 00 00 00 00 00 00 00
02-03 16:26:04.402   668   676 I UclDL_Impl_VIP: TxA TO : 33
02-03 16:26:04.402   668   676 I UclDL_Impl_VIP: Avg Ack Latency : 9
02-03 16:26:04.402   668   676 I UclDL_Impl_VIP: pollingCntr : 53490
02-03 16:26:04.402   668   676 I UclDL_Impl_TCU: VIP-TCU - txBps : 392
02-03 16:26:04.402   668   676 I UclDL_Impl_TCU: VIP-TCU - rxBps : 272
02-03 16:26:04.402   668   676 I UclDL_Impl_TCU: VIP-TCU - txAckTmo : 1
02-03 16:26:04.933   489   509 I UclDL_Impl: Inst Id : 0 ## Tx Msgs : 2615
02-03 16:26:04.933   489   509 I UclDL_Impl: Inst Id : 0 ## TxA Msgs : 2013
02-03 16:26:04.933   489   509 I UclDL_Impl: Inst Id : 0 ## TxA TO : 0
02-03 16:26:04.933   489   509 I UclDL_Impl: Inst Id : 0 ## Rx Msgs : 2614
02-03 16:26:04.933   489   509 I UclDL_Impl: Inst Id : 0 ## Rx HB Msgs : 183
02-03 16:26:04.933   489   509 I UclDL_Impl: Inst Id : 0 ## Tx Bps : 880
02-03 16:26:04.933   489   509 I UclDL_Impl: Inst Id : 0 ## Rx Bps : 4416
02-03 16:26:04.933   489   509 I UclDL_Impl: Inst Id : 0  ## Avg Ack Latency : 4
02-03 16:26:05.397   490   541 D vendor.visteon.skylark.hardware.automotive.vehicle@V1-visteon-service: PERIPHERAL_STATUS:: 03 03 03 03 03 03 03 03 03 01 03 03 03 00 00 00 00 00 00 00
02-03 16:26:05.410   668   676 I UclDL_Impl_VIP: TxA TO : 33
02-03 16:26:05.410   668   676 I UclDL_Impl_VIP: Avg Ack Latency : 12
02-03 16:26:05.410   668   676 I UclDL_Impl_VIP: pollingCntr : 53740
02-03 16:26:05.410   668   676 I UclDL_Impl_TCU: VIP-TCU - txBps : 392
02-03 16:26:05.410   668   676 I UclDL_Impl_TCU: VIP-TCU - rxBps : 272
02-03 16:26:05.410   668   676 I UclDL_Impl_TCU: VIP-TCU - txAckTmo : 1
02-03 16:26:05.933   489   509 I UclDL_Impl: Inst Id : 0 ## Tx Msgs : 2626
02-03 16:26:05.933   489   509 I UclDL_Impl: Inst Id : 0 ## TxA Msgs : 2021
02-03 16:26:05.933   489   509 I UclDL_Impl: Inst Id : 0 ## TxA TO : 0
02-03 16:26:05.933   489   509 I UclDL_Impl: Inst Id : 0 ## Rx Msgs : 2625
02-03 16:26:05.933   489   509 I UclDL_Impl: Inst Id : 0 ## Rx HB Msgs : 185
02-03 16:26:05.933   489   509 I UclDL_Impl: Inst Id : 0 ## Tx Bps : 880
02-03 16:26:05.933   489   509 I UclDL_Impl: Inst Id : 0 ## Rx Bps : 4416
02-03 16:26:05.933   489   509 I UclDL_Impl: Inst Id : 0  ## Avg Ack Latency : 4
02-03 16:26:06.398   490   541 D vendor.visteon.skylark.hardware.automotive.vehicle@V1-visteon-service: PERIPHERAL_STATUS:: 03 03 03 03 03 03 03 03 03 01 03 03 03 00 00 00 00 00 00 00
02-03 16:26:06.409   668   676 I UclDL_Impl_VIP: TxA TO : 33
