02-03 16:26:48.614   668   676 I UclDL_Impl_VIP: Avg Ack Latency : 8
02-03 16:26:48.614   668   676 I UclDL_Impl_VIP: pollingCntr : 64490
02-03 16:26:48.614   668   676 I UclDL_Impl_TCU: VIP-TCU - txBps : 392
02-03 16:26:48.614   668   676 I UclDL_Impl_TCU: VIP-TCU - rxBps : 272
02-03 16:26:48.614   668   676 I UclDL_Impl_TCU: VIP-TCU - txAckTmo : 1
02-03 16:26:48.957   489   509 I UclDL_Impl: Inst Id : 0 ## Tx Msgs : 3112
02-03 16:26:48.957   489   509 I UclDL_Impl: Inst Id : 0 ## TxA Msgs : 2369
02-03 16:26:48.957   489   509 I UclDL_Impl: Inst Id : 0 ## TxA TO : 0
02-03 16:26:48.957   489   509 I UclDL_Impl: Inst Id : 0 ## Rx Msgs : 3111
02-03 16:26:48.957   489   509 I UclDL_Impl: Inst Id : 0 ## Rx HB Msgs : 271
02-03 16:26:48.957   489   509 I UclDL_Impl: Inst Id : 0 ## Tx Bps : 976
02-03 16:26:48.957   489   509 I UclDL_Impl: Inst Id : 0 ## Rx Bps : 4472
02-03 16:26:48.957   489   509 I UclDL_Impl: Inst Id : 0  ## Avg Ack Latency : 7
02-03 16:26:49.611   490   541 D vendor.visteon.skylark.hardware.automotive.vehicle@V1-visteon-service: PERIPHERAL_STATUS:: 03 03 03 03 03 03 03 03 03 01 03 03 03 00 00 00 00 00 00 00
02-03 16:26:49.622   668   676 I UclDL_Impl_VIP: TxA TO : 33
02-03 16:26:49.622   668   676 I UclDL_Impl_VIP: Avg Ack Latency : 7
02-03 16:26:49.622   668   676 I UclDL_Impl_VIP: pollingCntr : 64740
02-03 16:26:49.622   668   676 I UclDL_Impl_TCU: VIP-TCU - txBps : 392
02-03 16:26:49.622   668   676 I UclDL_Impl_TCU: VIP-TCU - rxBps : 272
02-03 16:26:49.622   668   676 I UclDL_Impl_TCU: VIP-TCU - txAckTmo : 1
02-03 16:26:49.957   489   509 I UclDL_Impl: Inst Id : 0 ## Tx Msgs : 3123
02-03 16:26:49.957   489   509 I UclDL_Impl: Inst Id : 0 ## TxA Msgs : 2377
02-03 16:26:49.957   489   509 I UclDL_Impl: Inst Id : 0 ## TxA TO : 0
02-03 16:26:49.957   489   509 I UclDL_Impl: Inst Id : 0 ## Rx Msgs : 3122
02-03 16:26:49.957   489   509 I UclDL_Impl: Inst Id : 0 ## Rx HB Msgs : 273
02-03 16:26:49.957   489   509 I UclDL_Impl: Inst Id : 0 ## Tx Bps : 880
02-03 16:26:49.957   489   509 I UclDL_Impl: Inst Id : 0 ## Rx Bps : 4416
02-03 16:26:49.957   489   509 I UclDL_Impl: Inst Id : 0  ## Avg Ack Latency : 10
02-03 16:26:50.611   490   541 D vendor.visteon.skylark.hardware.automotive.vehicle@V1-visteon-service: PERIPHERAL_STATUS:: 03 03 03 03 03 03 03 03 03 01 03 03 03 00 00 00 00 00 00 00
02-03 16:26:50.626   668   676 I UclDL_Impl_VIP: TxA TO : 33
02-03 16:26:50.626   668   676 I UclDL_Impl_VIP: Avg Ack Latency : 7
02-03 16:26:50.626   668   676 I UclDL_Impl_VIP: pollingCntr : 64990
02-03 16:26:50.626   668   676 I UclDL_Impl_TCU: VIP-TCU - txBps : 392
02-03 16:26:50.626   668   676 I UclDL_Impl_TCU: VIP-TCU - rxBps : 272
02-03 16:26:50.626   668   676 I UclDL_Impl_TCU: VIP-TCU - txAckTmo : 1
02-03 16:26:50.957   489   509 I UclDL_Impl: Inst Id : 0 ## Tx Msgs : 3134
02-03 16:26:50.957   489   509 I UclDL_Impl: Inst Id : 0 ## TxA Msgs : 2385
02-03 16:26:50.957   489   509 I UclDL_Impl: Inst Id : 0 ## TxA TO : 0
02-03 16:26:50.957   489   509 I UclDL_Impl: Inst Id : 0 ## Rx Msgs : 3133
02-03 16:26:50.957   489   509 I UclDL_Impl: Inst Id : 0 ## Rx HB Msgs : 275
02-03 16:26:50.957   489   509 I UclDL_Impl: Inst Id : 0 ## Tx Bps : 880
02-03 16:26:50.957   489   509 I UclDL_Impl: Inst Id : 0 ## Rx Bps : 4416
02-03 16:26:50.957   489   509 I UclDL_Impl: Inst Id : 0  ## Avg Ack Latency : 11
02-03 16:26:51.619   490   541 D vendor.visteon.skylark.hardware.automotive.vehicle@V1-visteon-service: PERIPHERAL_STATUS:: 03 03 03 03 03 03 03 03 03 01 03 03 03 00 00 00 00 00 00 00
02-03 16:26:51.630   668   676 I UclDL_Impl_VIP: TxA TO : 33
02-03 16:26:51.631   668   676 I UclDL_Impl_VIP: Avg Ack Latency : 7
02-03 16:26:51.631   668   676 I UclDL_Impl_VIP: pollingCntr : 65240
02-03 16:26:51.631   668   676 I UclDL_Impl_TCU: VIP-TCU - txBps : 392
02-03 16:26:51.631   668   676 I UclDL_Impl_TCU: VIP-TCU - rxBps : 272
02-03 16:26:51.631   668   676 I UclDL_Impl_TCU: VIP-TCU - txAckTmo : 1
02-03 16:26:51.958   489   509 I UclDL_Impl: Inst Id : 0 ## Tx Msgs : 3146
02-03 16:26:51.958   489   509 I UclDL_Impl: Inst Id : 0 ## TxA Msgs : 2394
02-03 16:26:51.958   489   509 I UclDL_Impl: Inst Id : 0 ## TxA TO : 0
02-03 16:26:51.959   489   509 I UclDL_Impl: Inst Id : 0 ## Rx Msgs : 3145
02-03 16:26:51.959   489   509 I UclDL_Impl: Inst Id : 0 ## Rx HB Msgs : 277
02-03 16:26:51.959   489   509 I UclDL_Impl: Inst Id : 0 ## Tx Bps : 960
02-03 16:26:51.959   489   509 I UclDL_Impl: Inst Id : 0 ## Rx Bps : 4720
02-03 16:26:51.959   489   509 I UclDL_Impl: Inst Id : 0  ## Avg Ack Latency : 11
02-03 16:26:52.623   490   541 D vendor.visteon.skylark.hardware.automotive.vehicle@V1-visteon-service: PERIPHERAL_STATUS:: 03 03 03 03 03 03 03 03 03 01 03 03 03 00 00 00 00 00 00 00
02-03 16:26:52.634   668   676 I UclDL_Impl_VIP: TxA TO : 33
02-03 16:26:52.634   668   676 I UclDL_Impl_VIP: Avg Ack Latency : 9
02-03 16:26:52.634   668   676 I UclDL_Impl_VIP: pollingCntr : 65490
02-03 16:26:52.634   668   676 I UclDL_Impl_TCU: VIP-TCU - txBps : 392
02-03 16:26:52.634   668   676 I UclDL_Impl_TCU: VIP-TCU - rxBps : 272
02-03 16:26:52.634   668   676 I UclDL_Impl_TCU: VIP-TCU - txAckTmo : 1
02-03 16:26:52.957   489   509 I UclDL_Impl: Inst Id : 0 ## Tx Msgs : 3157
02-03 16:26:52.957   489   509 I UclDL_Impl: Inst Id : 0 ## TxA Msgs : 2402
02-03 16:26:52.957   489   509 I UclDL_Impl: Inst Id : 0 ## TxA TO : 0
02-03 16:26:52.957   489   509 I UclDL_Impl: Inst Id : 0 ## Rx Msgs : 3156
02-03 16:26:52.957   489   509 I UclDL_Impl: Inst Id : 0 ## Rx HB Msgs : 279
02-03 16:26:52.957   489   509 I UclDL_Impl: Inst Id : 0 ## Tx Bps : 880
02-03 16:26:52.957   489   509 I UclDL_Impl: Inst Id : 0 ## Rx Bps : 4416
02-03 16:26:52.957   489   509 I UclDL_Impl: Inst Id : 0  ## Avg Ack Latency : 7
02-03 16:26:53.627   490   541 D vendor.visteon.skylark.hardware.automotive.vehicle@V1-visteon-service: PERIPHERAL_STATUS:: 03 03 03 03 03 03 03 03 03 01 03 03 03 00 00 00 00 00 00 00
02-03 16:26:53.638   668   676 I UclDL_Impl_VIP: TxA TO : 33
02-03 16:26:53.638   668   676 I UclDL_Impl_VIP: Avg Ack Latency : 6
02-03 16:26:53.638   668   676 I UclDL_Impl_VIP: pollingCntr : 65740
02-03 16:26:53.638   668   676 I UclDL_Impl_TCU: VIP-TCU - txBps : 392
02-03 16:26:53.638   668   676 I UclDL_Impl_TCU: VIP-TCU - rxBps : 272
02-03 16:26:53.638   668   676 I UclDL_Impl_TCU: VIP-TCU - txAckTmo : 1
02-03 16:26:53.957   489   509 I UclDL_Impl: Inst Id : 0 ## Tx Msgs : 3166
02-03 16:26:53.957   489   509 I UclDL_Impl: Inst Id : 0 ## TxA Msgs : 2407
02-03 16:26:53.957   489   509 I UclDL_Impl: Inst Id : 0 ## TxA TO : 0
02-03 16:26:53.957   489   509 I UclDL_Impl: Inst Id : 0 ## Rx Msgs : 3165
02-03 16:26:53.957   489   509 I UclDL_Impl: Inst Id : 0 ## Rx HB Msgs : 281
02-03 16:26:53.957   489   509 I UclDL_Impl: Inst Id : 0 ## Tx Bps : 736
02-03 16:26:53.957   489   509 I UclDL_Impl: Inst Id : 0 ## Rx Bps : 1872
02-03 16:26:53.957   489   509 I UclDL_Impl: Inst Id : 0  ## Avg Ack Latency : 4
02-03 16:26:54.635   490   541 D vendor.visteon.skylark.hardware.automotive.vehicle@V1-visteon-service: PERIPHERAL_STATUS:: 03 03 03 03 03 03 03 03 03 01 03 03 03 00 00 00 00 00 00 00
02-03 16:26:54.646   668   676 I UclDL_Impl_VIP: TxA TO : 33
02-03 16:26:54.646   668   676 I UclDL_Impl_VIP: Avg Ack Latency : 8
02-03 16:26:54.646   668   676 I UclDL_Impl_VIP: pollingCntr : 65990
02-03 16:26:54.646   668   676 I UclDL_Impl_TCU: VIP-TCU - txBps : 392
02-03 16:26:54.646   668   676 I UclDL_Impl_TCU: VIP-TCU - rxBps : 272
02-03 16:26:54.646   668   676 I UclDL_Impl_TCU: VIP-TCU - txAckTmo : 1
02-03 16:26:54.958   489   509 I UclDL_Impl: Inst Id : 0 ## Tx Msgs : 3177
02-03 16:26:54.958   489   509 I UclDL_Impl: Inst Id : 0 ## TxA Msgs : 2415
02-03 16:26:54.958   489   509 I UclDL_Impl: Inst Id : 0 ## TxA TO : 0
02-03 16:26:54.958   489   509 I UclDL_Impl: Inst Id : 0 ## Rx Msgs : 3176
02-03 16:26:54.958   489   509 I UclDL_Impl: Inst Id : 0 ## Rx HB Msgs : 283
02-03 16:26:54.958   489   509 I UclDL_Impl: Inst Id : 0 ## Tx Bps : 880
02-03 16:26:54.958   489   509 I UclDL_Impl: Inst Id : 0 ## Rx Bps : 4416
02-03 16:26:54.958   489   509 I UclDL_Impl: Inst Id : 0  ## Avg Ack Latency : 4
02-03 16:26:55.639   490   541 D vendor.visteon.skylark.hardware.automotive.vehicle@V1-visteon-service: PERIPHERAL_STATUS:: 03 03 03 03 03 03 03 03 03 01 03 03 03 00 00 00 00 00 00 00
02-03 16:26:55.650   668   676 I UclDL_Impl_VIP: TxA TO : 33
02-03 16:26:55.650   668   676 I UclDL_Impl_VIP: Avg Ack Latency : 9
02-03 16:26:55.650   668   676 I UclDL_Impl_VIP: pollingCntr : 66240
02-03 16:26:55.650   668   676 I UclDL_Impl_TCU: VIP-TCU - txBps : 392
02-03 16:26:55.650   668   676 I UclDL_Impl_TCU: VIP-TCU - rxBps : 272
02-03 16:26:55.650   668   676 I UclDL_Impl_TCU: VIP-TCU - txAckTmo : 1
02-03 16:26:55.957   489   509 I UclDL_Impl: Inst Id : 0 ## Tx Msgs : 3188
02-03 16:26:55.957   489   509 I UclDL_Impl: Inst Id : 0 ## TxA Msgs : 2423
02-03 16:26:55.957   489   509 I UclDL_Impl: Inst Id : 0 ## TxA TO : 0
02-03 16:26:55.957   489   509 I UclDL_Impl: Inst Id : 0 ## Rx Msgs : 3187
02-03 16:26:55.957   489   509 I UclDL_Impl: Inst Id : 0 ## Rx HB Msgs : 285
02-03 16:26:55.957   489   509 I UclDL_Impl: Inst Id : 0 ## Tx Bps : 880
02-03 16:26:55.957   489   509 I UclDL_Impl: Inst Id : 0 ## Rx Bps : 4416
02-03 16:26:55.957   489   509 I UclDL_Impl: Inst Id : 0  ## Avg Ack Latency : 6
02-03 16:26:56.643   490   541 D vendor.visteon.skylark.hardware.automotive.vehicle@V1-visteon-service: PERIPHERAL_STATUS:: 03 03 03 03 03 03 03 03 03 01 03 03 03 00 00 00 00 00 00 00
02-03 16:26:56.654   668   676 I UclDL_Impl_VIP: TxA TO : 33
02-03 16:26:56.654   668   676 I UclDL_Impl_VIP: Avg Ack Latency : 8
02-03 16:26:56.654   668   676 I UclDL_Impl_VIP: pollingCntr : 66490
02-03 16:26:56.654   668   676 I UclDL_Impl_TCU: VIP-TCU - txBps : 392
02-03 16:26:56.655   668   676 I UclDL_Impl_TCU: VIP-TCU - rxBps : 272
02-03 16:26:56.655   668   676 I UclDL_Impl_TCU: VIP-TCU - txAckTmo : 1
02-03 16:26:56.957   489   509 I UclDL_Impl: Inst Id : 0 ## Tx Msgs : 3199
02-03 16:26:56.957   489   509 I UclDL_Impl: Inst Id : 0 ## TxA Msgs : 2431
02-03 16:26:56.957   489   509 I UclDL_Impl: Inst Id : 0 ## TxA TO : 0
02-03 16:26:56.957   489   509 I UclDL_Impl: Inst Id : 0 ## Rx Msgs : 3198
02-03 16:26:56.957   489   509 I UclDL_Impl: Inst Id : 0 ## Rx HB Msgs : 287
02-03 16:26:56.957   489   509 I UclDL_Impl: Inst Id : 0 ## Tx Bps : 880
02-03 16:26:56.957   489   509 I UclDL_Impl: Inst Id : 0 ## Rx Bps : 4416
02-03 16:26:56.957   489   509 I UclDL_Impl: Inst Id : 0  ## Avg Ack Latency : 7
02-03 16:26:57.647   490   541 D vendor.visteon.skylark.hardware.automotive.vehicle@V1-visteon-service: PERIPHERAL_STATUS:: 03 03 03 03 03 03 03 03 03 01 03 03 03 00 00 00 00 00 00 00
02-03 16:26:57.663   668   676 I UclDL_Impl_VIP: TxA TO : 33
02-03 16:26:57.663   668   676 I UclDL_Impl_VIP: Avg Ack Latency : 8
02-03 16:26:57.663   668   676 I UclDL_Impl_VIP: pollingCntr : 66740
02-03 16:26:57.664   668   676 I UclDL_Impl_TCU: VIP-TCU - txBps : 392
02-03 16:26:57.664   668   676 I UclDL_Impl_TCU: VIP-TCU - rxBps : 272
02-03 16:26:57.664   668   676 I UclDL_Impl_TCU: VIP-TCU - txAckTmo : 1
02-03 16:26:57.957   489   509 I UclDL_Impl: Inst Id : 0 ## Tx Msgs : 3210
02-03 16:26:57.957   489   509 I UclDL_Impl: Inst Id : 0 ## TxA Msgs : 2439
02-03 16:26:57.957   489   509 I UclDL_Impl: Inst Id : 0 ## TxA TO : 0
02-03 16:26:57.957   489   509 I UclDL_Impl: Inst Id : 0 ## Rx Msgs : 3209
02-03 16:26:57.957   489   509 I UclDL_Impl: Inst Id : 0 ## Rx HB Msgs : 289
02-03 16:26:57.957   489   509 I UclDL_Impl: Inst Id : 0 ## Tx Bps : 880
02-03 16:26:57.957   489   509 I UclDL_Impl: Inst Id : 0 ## Rx Bps : 4416
02-03 16:26:57.957   489   509 I UclDL_Impl: Inst Id : 0  ## Avg Ack Latency : 7
02-03 16:26:58.651   490   541 D vendor.visteon.skylark.hardware.automotive.vehicle@V1-visteon-service: PERIPHERAL_STATUS:: 03 03 03 03 03 03 03 03 03 01 03 03 03 00 00 00 00 00 00 00
02-03 16:26:58.663   668   676 I UclDL_Impl_VIP: TxA TO : 33
02-03 16:26:58.663   668   676 I UclDL_Impl_VIP: Avg Ack Latency : 7
02-03 16:26:58.663   668   676 I UclDL_Impl_VIP: pollingCntr : 66990
02-03 16:26:58.663   668   676 I UclDL_Impl_TCU: VIP-TCU - txBps : 392
02-03 16:26:58.663   668   676 I UclDL_Impl_TCU: VIP-TCU - rxBps : 272
02-03 16:26:58.663   668   676 I UclDL_Impl_TCU: VIP-TCU - txAckTmo : 1
02-03 16:26:58.957   489   509 I UclDL_Impl: Inst Id : 0 ## Tx Msgs : 3222
02-03 16:26:58.957   489   509 I UclDL_Impl: Inst Id : 0 ## TxA Msgs : 2447
02-03 16:26:58.957   489   509 I UclDL_Impl: Inst Id : 0 ## TxA TO : 0
02-03 16:26:58.957   489   509 I UclDL_Impl: Inst Id : 0 ## Rx Msgs : 3221
02-03 16:26:58.957   489   509 I UclDL_Impl: Inst Id : 0 ## Rx HB Msgs : 291
02-03 16:26:58.957   489   509 I UclDL_Impl: Inst Id : 0 ## Tx Bps : 976
02-03 16:26:58.957   489   509 I UclDL_Impl: Inst Id : 0 ## Rx Bps : 4472
02-03 16:26:58.957   489   509 I UclDL_Impl: Inst Id : 0  ## Avg Ack Latency : 7
02-03 16:26:59.655   490   541 D vendor.visteon.skylark.hardware.automotive.vehicle@V1-visteon-service: PERIPHERAL_STATUS:: 03 03 03 03 03 03 03 03 03 01 03 03 03 00 00 00 00 00 00 00
02-03 16:26:59.670   668   676 I UclDL_Impl_VIP: TxA TO : 33
02-03 16:26:59.670   668   676 I UclDL_Impl_VIP: Avg Ack Latency : 7
02-03 16:26:59.670   668   676 I UclDL_Impl_VIP: pollingCntr : 67240
02-03 16:26:59.670   668   676 I UclDL_Impl_TCU: VIP-TCU - txBps : 392
02-03 16:26:59.670   668   676 I UclDL_Impl_TCU: VIP-TCU - rxBps : 272
02-03 16:26:59.670   668   676 I UclDL_Impl_TCU: VIP-TCU - txAckTmo : 1
02-03 16:26:59.957   489   509 I UclDL_Impl: Inst Id : 0 ## Tx Msgs : 3233
02-03 16:26:59.957   489   509 I UclDL_Impl: Inst Id : 0 ## TxA Msgs : 2455
02-03 16:26:59.957   489   509 I UclDL_Impl: Inst Id : 0 ## TxA TO : 0
02-03 16:26:59.957   489   509 I UclDL_Impl: Inst Id : 0 ## Rx Msgs : 3232
02-03 16:26:59.957   489   509 I UclDL_Impl: Inst Id : 0 ## Rx HB Msgs : 293
02-03 16:26:59.957   489   509 I UclDL_Impl: Inst Id : 0 ## Tx Bps : 880
02-03 16:26:59.957   489   509 I UclDL_Impl: Inst Id : 0 ## Rx Bps : 4416
02-03 16:26:59.957   489   509 I UclDL_Impl: Inst Id : 0  ## Avg Ack Latency : 5
02-03 16:27:00.664   490   541 D vendor.visteon.skylark.hardware.automotive.vehicle@V1-visteon-service: PERIPHERAL_STATUS:: 03 03 03 03 03 03 03 03 03 01 03 03 03 00 00 00 00 00 00 00
02-03 16:27:00.673   668   676 I UclDL_Impl_VIP: TxA TO : 33
02-03 16:27:00.674   668   676 I UclDL_Impl_VIP: Avg Ack Latency : 8
02-03 16:27:00.674   668   676 I UclDL_Impl_VIP: pollingCntr : 67490
02-03 16:27:00.674   668   676 I UclDL_Impl_TCU: VIP-TCU - txBps : 392
02-03 16:27:00.674   668   676 I UclDL_Impl_TCU: VIP-TCU - rxBps : 272
02-03 16:27:00.674   668   676 I UclDL_Impl_TCU: VIP-TCU - txAckTmo : 1
02-03 16:27:00.957   489   509 I UclDL_Impl: Inst Id : 0 ## Tx Msgs : 3244
02-03 16:27:00.957   489   509 I UclDL_Impl: Inst Id : 0 ## TxA Msgs : 2464
02-03 16:27:00.957   489   509 I UclDL_Impl: Inst Id : 0 ## TxA TO : 0
02-03 16:27:00.957   489   509 I UclDL_Impl: Inst Id : 0 ## Rx Msgs : 3243
02-03 16:27:00.957   489   509 I UclDL_Impl: Inst Id : 0 ## Rx HB Msgs : 294
02-03 16:27:00.957   489   509 I UclDL_Impl: Inst Id : 0 ## Tx Bps : 888
02-03 16:27:00.957   489   509 I UclDL_Impl: Inst Id : 0 ## Rx Bps : 4520
02-03 16:27:00.957   489   509 I UclDL_Impl: Inst Id : 0  ## Avg Ack Latency : 6
02-03 16:27:01.665   490   541 D vendor.visteon.skylark.hardware.automotive.vehicle@V1-visteon-service: PERIPHERAL_STATUS:: 03 03 03 03 03 03 03 03 03 01 03 03 03 00 00 00 00 00 00 00
02-03 16:27:01.678   668   676 I UclDL_Impl_VIP: TxA TO : 33
02-03 16:27:01.678   668   676 I UclDL_Impl_VIP: Avg Ack Latency : 8
02-03 16:27:01.678   668   676 I UclDL_Impl_VIP: pollingCntr : 67740
02-03 16:27:01.678   668   676 I UclDL_Impl_TCU: VIP-TCU - txBps : 392
02-03 16:27:01.678   668   676 I UclDL_Impl_TCU: VIP-TCU - rxBps : 272
02-03 16:27:01.678   668   676 I UclDL_Impl_TCU: VIP-TCU - txAckTmo : 1
02-03 16:27:01.958   489   509 I UclDL_Impl: Inst Id : 0 ## Tx Msgs : 3256
02-03 16:27:01.958   489   509 I UclDL_Impl: Inst Id : 0 ## TxA Msgs : 2474
02-03 16:27:01.958   489   509 I UclDL_Impl: Inst Id : 0 ## TxA TO : 0
02-03 16:27:01.958   489   509 I UclDL_Impl: Inst Id : 0 ## Rx Msgs : 3255
02-03 16:27:01.958   489   509 I UclDL_Impl: Inst Id : 0 ## Rx HB Msgs : 295
02-03 16:27:01.958   489   509 I UclDL_Impl: Inst Id : 0 ## Tx Bps : 968
02-03 16:27:01.958   489   509 I UclDL_Impl: Inst Id : 0 ## Rx Bps : 4824
02-03 16:27:01.958   489   509 I UclDL_Impl: Inst Id : 0  ## Avg Ack Latency : 7
02-03 16:27:02.670   490   541 D vendor.visteon.skylark.hardware.automotive.vehicle@V1-visteon-service: PERIPHERAL_STATUS:: 03 03 03 03 03 03 03 03 03 01 03 03 03 00 00 00 00 00 00 00
02-03 16:27:02.682   668   676 I UclDL_Impl_VIP: TxA TO : 33
02-03 16:27:02.682   668   676 I UclDL_Impl_VIP: Avg Ack Latency : 6
02-03 16:27:02.682   668   676 I UclDL_Impl_VIP: pollingCntr : 67990
02-03 16:27:02.682   668   676 I UclDL_Impl_TCU: VIP-TCU - txBps : 392
02-03 16:27:02.682   668   676 I UclDL_Impl_TCU: VIP-TCU - rxBps : 272
02-03 16:27:02.682   668   676 I UclDL_Impl_TCU: VIP-TCU - txAckTmo : 1
02-03 16:27:02.958   489   509 I UclDL_Impl: Inst Id : 0 ## Tx Msgs : 3266
02-03 16:27:02.958   489   509 I UclDL_Impl: Inst Id : 0 ## TxA Msgs : 2482
02-03 16:27:02.958   489   509 I UclDL_Impl: Inst Id : 0 ## TxA TO : 0
02-03 16:27:02.958   489   509 I UclDL_Impl: Inst Id : 0 ## Rx Msgs : 3265
02-03 16:27:02.958   489   509 I UclDL_Impl: Inst Id : 0 ## Rx HB Msgs : 296
02-03 16:27:02.958   489   509 I UclDL_Impl: Inst Id : 0 ## Tx Bps : 808
02-03 16:27:02.958   489   509 I UclDL_Impl: Inst Id : 0 ## Rx Bps : 4368
02-03 16:27:02.958   489   509 I UclDL_Impl: Inst Id : 0  ## Avg Ack Latency : 7
02-03 16:27:03.674   490   541 D vendor.visteon.skylark.hardware.automotive.vehicle@V1-visteon-service: PERIPHERAL_STATUS:: 03 03 03 03 03 03 03 03 03 01 03 03 03 00 00 00 00 00 00 00
02-03 16:27:03.686   668   676 I UclDL_Impl_VIP: TxA TO : 33
02-03 16:27:03.686   668   676 I UclDL_Impl_VIP: Avg Ack Latency : 10
02-03 16:27:03.686   668   676 I UclDL_Impl_VIP: pollingCntr : 68240
02-03 16:27:03.686   668   676 I UclDL_Impl_TCU: VIP-TCU - txBps : 392
02-03 16:27:03.686   668   676 I UclDL_Impl_TCU: VIP-TCU - rxBps : 272
02-03 16:27:03.686   668   676 I UclDL_Impl_TCU: VIP-TCU - txAckTmo : 1
02-03 16:27:03.961   489   509 I UclDL_Impl: Inst Id : 0 ## Tx Msgs : 3277
02-03 16:27:03.961   489   509 I UclDL_Impl: Inst Id : 0 ## TxA Msgs : 2490
02-03 16:27:03.961   489   509 I UclDL_Impl: Inst Id : 0 ## TxA TO : 0
02-03 16:27:03.961   489   509 I UclDL_Impl: Inst Id : 0 ## Rx Msgs : 3276
02-03 16:27:03.961   489   509 I UclDL_Impl: Inst Id : 0 ## Rx HB Msgs : 297
02-03 16:27:03.961   489   509 I UclDL_Impl: Inst Id : 0 ## Tx Bps : 904
02-03 16:27:03.961   489   509 I UclDL_Impl: Inst Id : 0 ## Rx Bps : 4424
02-03 16:27:03.961   489   509 I UclDL_Impl: Inst Id : 0  ## Avg Ack Latency : 7
02-03 16:27:04.678   490   541 D vendor.visteon.skylark.hardware.automotive.vehicle@V1-visteon-service: PERIPHERAL_STATUS:: 03 03 03 03 03 03 03 03 03 01 03 03 03 00 00 00 00 00 00 00
02-03 16:27:04.695   668   676 I UclDL_Impl_VIP: TxA TO : 33
02-03 16:27:04.695   668   676 I UclDL_Impl_VIP: Avg Ack Latency : 8
02-03 16:27:04.695   668   676 I UclDL_Impl_VIP: pollingCntr : 68490
02-03 16:27:04.695   668   676 I UclDL_Impl_TCU: VIP-TCU - txBps : 392
02-03 16:27:04.695   668   676 I UclDL_Impl_TCU: VIP-TCU - rxBps : 272
02-03 16:27:04.695   668   676 I UclDL_Impl_TCU: VIP-TCU - txAckTmo : 1
02-03 16:27:04.961   489   509 I UclDL_Impl: Inst Id : 0 ## Tx Msgs : 3287
02-03 16:27:04.961   489   509 I UclDL_Impl: Inst Id : 0 ## TxA Msgs : 2498
02-03 16:27:04.961   489   509 I UclDL_Impl: Inst Id : 0 ## TxA TO : 0
02-03 16:27:04.961   489   509 I UclDL_Impl: Inst Id : 0 ## Rx Msgs : 3286
02-03 16:27:04.961   489   509 I UclDL_Impl: Inst Id : 0 ## Rx HB Msgs : 298
02-03 16:27:04.961   489   509 I UclDL_Impl: Inst Id : 0 ## Tx Bps : 808
02-03 16:27:04.961   489   509 I UclDL_Impl: Inst Id : 0 ## Rx Bps : 4368
02-03 16:27:04.961   489   509 I UclDL_Impl: Inst Id : 0  ## Avg Ack Latency : 7
02-03 16:27:05.687   490   541 D vendor.visteon.skylark.hardware.automotive.vehicle@V1-visteon-service: PERIPHERAL_STATUS:: 03 03 03 03 03 03 03 03 03 01 03 03 03 00 00 00 00 00 00 00
02-03 16:27:05.698   668   676 I UclDL_Impl_VIP: TxA TO : 33
02-03 16:27:05.698   668   676 I UclDL_Impl_VIP: Avg Ack Latency : 8
02-03 16:27:05.699   668   676 I UclDL_Impl_VIP: pollingCntr : 68740
02-03 16:27:05.699   668   676 I UclDL_Impl_TCU: VIP-TCU - txBps : 392
02-03 16:27:05.699   668   676 I UclDL_Impl_TCU: VIP-TCU - rxBps : 272
02-03 16:27:05.699   668   676 I UclDL_Impl_TCU: VIP-TCU - txAckTmo : 1
02-03 16:27:05.965   489   509 I UclDL_Impl: Inst Id : 0 ## Tx Msgs : 3297
02-03 16:27:05.965   489   509 I UclDL_Impl: Inst Id : 0 ## TxA Msgs : 2506
02-03 16:27:05.965   489   509 I UclDL_Impl: Inst Id : 0 ## TxA TO : 0
02-03 16:27:05.965   489   509 I UclDL_Impl: Inst Id : 0 ## Rx Msgs : 3296
02-03 16:27:05.965   489   509 I UclDL_Impl: Inst Id : 0 ## Rx HB Msgs : 299
02-03 16:27:05.965   489   509 I UclDL_Impl: Inst Id : 0 ## Tx Bps : 808
02-03 16:27:05.965   489   509 I UclDL_Impl: Inst Id : 0 ## Rx Bps : 4368
02-03 16:27:05.965   489   509 I UclDL_Impl: Inst Id : 0  ## Avg Ack Latency : 7
02-03 16:27:06.691   490   541 D vendor.visteon.skylark.hardware.automotive.vehicle@V1-visteon-service: PERIPHERAL_STATUS:: 03 03 03 03 03 03 03 03 03 01 03 03 03 00 00 00 00 00 00 00
02-03 16:27:06.702   668   676 I UclDL_Impl_VIP: TxA TO : 33
02-03 16:27:06.702   668   676 I UclDL_Impl_VIP: Avg Ack Latency : 9
02-03 16:27:06.702   668   676 I UclDL_Impl_VIP: pollingCntr : 68990
02-03 16:27:06.702   668   676 I UclDL_Impl_TCU: VIP-TCU - txBps : 392
02-03 16:27:06.702   668   676 I UclDL_Impl_TCU: VIP-TCU - rxBps : 272
02-03 16:27:06.702   668   676 I UclDL_Impl_TCU: VIP-TCU - txAckTmo : 1
02-03 16:27:06.965   489   509 I UclDL_Impl: Inst Id : 0 ## Tx Msgs : 3307
02-03 16:27:06.965   489   509 I UclDL_Impl: Inst Id : 0 ## TxA Msgs : 2514
02-03 16:27:06.965   489   509 I UclDL_Impl: Inst Id : 0 ## TxA TO : 0
02-03 16:27:06.965   489   509 I UclDL_Impl: Inst Id : 0 ## Rx Msgs : 3306
02-03 16:27:06.965   489   509 I UclDL_Impl: Inst Id : 0 ## Rx HB Msgs : 300
02-03 16:27:06.965   489   509 I UclDL_Impl: Inst Id : 0 ## Tx Bps : 808
02-03 16:27:06.965   489   509 I UclDL_Impl: Inst Id : 0 ## Rx Bps : 4368
02-03 16:27:06.965   489   509 I UclDL_Impl: Inst Id : 0  ## Avg Ack Latency : 7
02-03 16:27:07.695   490   541 D vendor.visteon.skylark.hardware.automotive.vehicle@V1-visteon-service: PERIPHERAL_STATUS:: 03 03 03 03 03 03 03 03 03 01 03 03 03 00 00 00 00 00 00 00
02-03 16:27:07.705   668   676 I UclDL_Impl_VIP: TxA TO : 33
02-03 16:27:07.706   668   676 I UclDL_Impl_VIP: Avg Ack Latency : 8
02-03 16:27:07.706   668   676 I UclDL_Impl_VIP: pollingCntr : 69240
02-03 16:27:07.706   668   676 I UclDL_Impl_TCU: VIP-TCU - txBps : 392
02-03 16:27:07.706   668   676 I UclDL_Impl_TCU: VIP-TCU - rxBps : 272
02-03 16:27:07.706   668   676 I UclDL_Impl_TCU: VIP-TCU - txAckTmo : 1
02-03 16:27:07.965   489   509 I UclDL_Impl: Inst Id : 0 ## Tx Msgs : 3317
02-03 16:27:07.965   489   509 I UclDL_Impl: Inst Id : 0 ## TxA Msgs : 2522
02-03 16:27:07.965   489   509 I UclDL_Impl: Inst Id : 0 ## TxA TO : 0
02-03 16:27:07.965   489   509 I UclDL_Impl: Inst Id : 0 ## Rx Msgs : 3316
02-03 16:27:07.965   489   509 I UclDL_Impl: Inst Id : 0 ## Rx HB Msgs : 301
02-03 16:27:07.965   489   509 I UclDL_Impl: Inst Id : 0 ## Tx Bps : 808
02-03 16:27:07.965   489   509 I UclDL_Impl: Inst Id : 0 ## Rx Bps : 4368
02-03 16:27:07.965   489   509 I UclDL_Impl: Inst Id : 0  ## Avg Ack Latency : 7
02-03 16:27:08.699   490   541 D vendor.visteon.skylark.hardware.automotive.vehicle@V1-visteon-service: PERIPHERAL_STATUS:: 03 03 03 03 03 03 03 03 03 01 03 03 03 00 00 00 00 00 00 00
02-03 16:27:08.714   668   676 I UclDL_Impl_VIP: TxA TO : 33
02-03 16:27:08.714   668   676 I UclDL_Impl_VIP: Avg Ack Latency : 6
02-03 16:27:08.714   668   676 I UclDL_Impl_VIP: pollingCntr : 69490
02-03 16:27:08.714   668   676 I UclDL_Impl_TCU: VIP-TCU - txBps : 392
02-03 16:27:08.714   668   676 I UclDL_Impl_TCU: VIP-TCU - rxBps : 272
02-03 16:27:08.714   668   676 I UclDL_Impl_TCU: VIP-TCU - txAckTmo : 1
02-03 16:27:08.965   489   509 I UclDL_Impl: Inst Id : 0 ## Tx Msgs : 3328
02-03 16:27:08.965   489   509 I UclDL_Impl: Inst Id : 0 ## TxA Msgs : 2530
02-03 16:27:08.965   489   509 I UclDL_Impl: Inst Id : 0 ## TxA TO : 0
02-03 16:27:08.965   489   509 I UclDL_Impl: Inst Id : 0 ## Rx Msgs : 3327
02-03 16:27:08.965   489   509 I UclDL_Impl: Inst Id : 0 ## Rx HB Msgs : 302
02-03 16:27:08.965   489   509 I UclDL_Impl: Inst Id : 0 ## Tx Bps : 904
02-03 16:27:08.965   489   509 I UclDL_Impl: Inst Id : 0 ## Rx Bps : 4424
02-03 16:27:08.965   489   509 I UclDL_Impl: Inst Id : 0  ## Avg Ack Latency : 7
02-03 16:27:09.707   490   541 D vendor.visteon.skylark.hardware.automotive.vehicle@V1-visteon-service: PERIPHERAL_STATUS:: 03 03 03 03 03 03 03 03 03 01 03 03 03 00 00 00 00 00 00 00
02-03 16:27:09.718   668   676 I UclDL_Impl_VIP: TxA TO : 33
02-03 16:27:09.718   668   676 I UclDL_Impl_VIP: Avg Ack Latency : 8
02-03 16:27:09.718   668   676 I UclDL_Impl_VIP: pollingCntr : 69740
02-03 16:27:09.718   668   676 I UclDL_Impl_TCU: VIP-TCU - txBps : 392
02-03 16:27:09.718   668   676 I UclDL_Impl_TCU: VIP-TCU - rxBps : 272
02-03 16:27:09.718   668   676 I UclDL_Impl_TCU: VIP-TCU - txAckTmo : 1
02-03 16:27:09.965   489   509 I UclDL_Impl: Inst Id : 0 ## Tx Msgs : 3338
02-03 16:27:09.965   489   509 I UclDL_Impl: Inst Id : 0 ## TxA Msgs : 2538
02-03 16:27:09.965   489   509 I UclDL_Impl: Inst Id : 0 ## TxA TO : 0
02-03 16:27:09.965   489   509 I UclDL_Impl: Inst Id : 0 ## Rx Msgs : 3337
02-03 16:27:09.965   489   509 I UclDL_Impl: Inst Id : 0 ## Rx HB Msgs : 303
02-03 16:27:09.965   489   509 I UclDL_Impl: Inst Id : 0 ## Tx Bps : 808
02-03 16:27:09.965   489   509 I UclDL_Impl: Inst Id : 0 ## Rx Bps : 4368
02-03 16:27:09.965   489   509 I UclDL_Impl: Inst Id : 0  ## Avg Ack Latency : 5
02-03 16:27:10.711   490   541 D vendor.visteon.skylark.hardware.automotive.vehicle@V1-visteon-service: PERIPHERAL_STATUS:: 03 03 03 03 03 03 03 03 03 01 03 03 03 00 00 00 00 00 00 00
02-03 16:27:10.722   668   676 I UclDL_Impl_VIP: TxA TO : 33
02-03 16:27:10.722   668   676 I UclDL_Impl_VIP: Avg Ack Latency : 8
02-03 16:27:10.722   668   676 I UclDL_Impl_VIP: pollingCntr : 69990
02-03 16:27:10.722   668   676 I UclDL_Impl_TCU: VIP-TCU - txBps : 392
02-03 16:27:10.722   668   676 I UclDL_Impl_TCU: VIP-TCU - rxBps : 272
02-03 16:27:10.722   668   676 I UclDL_Impl_TCU: VIP-TCU - txAckTmo : 1
02-03 16:27:10.965   489   509 I UclDL_Impl: Inst Id : 0 ## Tx Msgs : 3348
02-03 16:27:10.965   489   509 I UclDL_Impl: Inst Id : 0 ## TxA Msgs : 2546
02-03 16:27:10.965   489   509 I UclDL_Impl: Inst Id : 0 ## TxA TO : 0
02-03 16:27:10.965   489   509 I UclDL_Impl: Inst Id : 0 ## Rx Msgs : 3347
02-03 16:27:10.965   489   509 I UclDL_Impl: Inst Id : 0 ## Rx HB Msgs : 304
02-03 16:27:10.965   489   509 I UclDL_Impl: Inst Id : 0 ## Tx Bps : 808
02-03 16:27:10.965   489   509 I UclDL_Impl: Inst Id : 0 ## Rx Bps : 4368
02-03 16:27:10.965   489   509 I UclDL_Impl: Inst Id : 0  ## Avg Ack Latency : 6
02-03 16:27:11.715   490   541 D vendor.visteon.skylark.hardware.automotive.vehicle@V1-visteon-service: PERIPHERAL_STATUS:: 03 03 03 03 03 03 03 03 03 01 03 03 03 00 00 00 00 00 00 00
02-03 16:27:11.727   668   676 I UclDL_Impl_VIP: TxA TO : 33
02-03 16:27:11.727   668   676 I UclDL_Impl_VIP: Avg Ack Latency : 8
02-03 16:27:11.727   668   676 I UclDL_Impl_VIP: pollingCntr : 70240
02-03 16:27:11.727   668   676 I UclDL_Impl_TCU: VIP-TCU - txBps : 392
02-03 16:27:11.727   668   676 I UclDL_Impl_TCU: VIP-TCU - rxBps : 272
02-03 16:27:11.727   668   676 I UclDL_Impl_TCU: VIP-TCU - txAckTmo : 1
02-03 16:27:11.965   489   509 I UclDL_Impl: Inst Id : 0 ## Tx Msgs : 3359
02-03 16:27:11.965   489   509 I UclDL_Impl: Inst Id : 0 ## TxA Msgs : 2555
02-03 16:27:11.965   489   509 I UclDL_Impl: Inst Id : 0 ## TxA TO : 0
02-03 16:27:11.965   489   509 I UclDL_Impl: Inst Id : 0 ## Rx Msgs : 3358
02-03 16:27:11.965   489   509 I UclDL_Impl: Inst Id : 0 ## Rx HB Msgs : 305
02-03 16:27:11.965   489   509 I UclDL_Impl: Inst Id : 0 ## Tx Bps : 888
02-03 16:27:11.965   489   509 I UclDL_Impl: Inst Id : 0 ## Rx Bps : 4672
02-03 16:27:11.965   489   509 I UclDL_Impl: Inst Id : 0  ## Avg Ack Latency : 7
02-03 16:27:12.719   490   541 D vendor.visteon.skylark.hardware.automotive.vehicle@V1-visteon-service: PERIPHERAL_STATUS:: 03 03 03 03 03 03 03 03 03 01 03 03 03 00 00 00 00 00 00 00
02-03 16:27:12.731   668   676 I UclDL_Impl_VIP: TxA TO : 33
02-03 16:27:12.731   668   676 I UclDL_Impl_VIP: Avg Ack Latency : 9
02-03 16:27:12.731   668   676 I UclDL_Impl_VIP: pollingCntr : 70490
02-03 16:27:12.731   668   676 I UclDL_Impl_TCU: VIP-TCU - txBps : 392
02-03 16:27:12.731   668   676 I UclDL_Impl_TCU: VIP-TCU - rxBps : 272
02-03 16:27:12.731   668   676 I UclDL_Impl_TCU: VIP-TCU - txAckTmo : 1
02-03 16:27:12.965   489   509 I UclDL_Impl: Inst Id : 0 ## Tx Msgs : 3369
02-03 16:27:12.965   489   509 I UclDL_Impl: Inst Id : 0 ## TxA Msgs : 2563
02-03 16:27:12.965   489   509 I UclDL_Impl: Inst Id : 0 ## TxA TO : 0
02-03 16:27:12.965   489   509 I UclDL_Impl: Inst Id : 0 ## Rx Msgs : 3368
02-03 16:27:12.965   489   509 I UclDL_Impl: Inst Id : 0 ## Rx HB Msgs : 306
02-03 16:27:12.965   489   509 I UclDL_Impl: Inst Id : 0 ## Tx Bps : 808
02-03 16:27:12.965   489   509 I UclDL_Impl: Inst Id : 0 ## Rx Bps : 4368
02-03 16:27:12.965   489   509 I UclDL_Impl: Inst Id : 0  ## Avg Ack Latency : 9
02-03 16:27:13.723   490   541 D vendor.visteon.skylark.hardware.automotive.vehicle@V1-visteon-service: PERIPHERAL_STATUS:: 03 03 03 03 03 03 03 03 03 01 03 03 03 00 00 00 00 00 00 00
02-03 16:27:13.739   668   676 I UclDL_Impl_VIP: TxA TO : 33
02-03 16:27:13.739   668   676 I UclDL_Impl_VIP: Avg Ack Latency : 8
02-03 16:27:13.739   668   676 I UclDL_Impl_VIP: pollingCntr : 70740
02-03 16:27:13.739   668   676 I UclDL_Impl_TCU: VIP-TCU - txBps : 392
02-03 16:27:13.739   668   676 I UclDL_Impl_TCU: VIP-TCU - rxBps : 272
02-03 16:27:13.739   668   676 I UclDL_Impl_TCU: VIP-TCU - txAckTmo : 1
02-03 16:27:13.965   489   509 I UclDL_Impl: Inst Id : 0 ## Tx Msgs : 3380
02-03 16:27:13.965   489   509 I UclDL_Impl: Inst Id : 0 ## TxA Msgs : 2571
02-03 16:27:13.965   489   509 I UclDL_Impl: Inst Id : 0 ## TxA TO : 0
02-03 16:27:13.965   489   509 I UclDL_Impl: Inst Id : 0 ## Rx Msgs : 3379
02-03 16:27:13.965   489   509 I UclDL_Impl: Inst Id : 0 ## Rx HB Msgs : 307
02-03 16:27:13.965   489   509 I UclDL_Impl: Inst Id : 0 ## Tx Bps : 904
02-03 16:27:13.965   489   509 I UclDL_Impl: Inst Id : 0 ## Rx Bps : 4424
02-03 16:27:13.966   489   509 I UclDL_Impl: Inst Id : 0  ## Avg Ack Latency : 8
02-03 16:27:14.731   490   541 D vendor.visteon.skylark.hardware.automotive.vehicle@V1-visteon-service: PERIPHERAL_STATUS:: 03 03 03 03 03 03 03 03 03 01 03 03 03 00 00 00 00 00 00 00
02-03 16:27:14.742   668   676 I UclDL_Impl_VIP: TxA TO : 33
02-03 16:27:14.743   668   676 I UclDL_Impl_VIP: Avg Ack Latency : 8
02-03 16:27:14.743   668   676 I UclDL_Impl_VIP: pollingCntr : 70990
02-03 16:27:14.743   668   676 I UclDL_Impl_TCU: VIP-TCU - txBps : 392
02-03 16:27:14.743   668   676 I UclDL_Impl_TCU: VIP-TCU - rxBps : 272
02-03 16:27:14.743   668   676 I UclDL_Impl_TCU: VIP-TCU - txAckTmo : 1
02-03 16:27:14.965   489   509 I UclDL_Impl: Inst Id : 0 ## Tx Msgs : 3390
02-03 16:27:14.965   489   509 I UclDL_Impl: Inst Id : 0 ## TxA Msgs : 2579
02-03 16:27:14.965   489   509 I UclDL_Impl: Inst Id : 0 ## TxA TO : 0
02-03 16:27:14.965   489   509 I UclDL_Impl: Inst Id : 0 ## Rx Msgs : 3389
02-03 16:27:14.965   489   509 I UclDL_Impl: Inst Id : 0 ## Rx HB Msgs : 308
02-03 16:27:14.965   489   509 I UclDL_Impl: Inst Id : 0 ## Tx Bps : 808
02-03 16:27:14.965   489   509 I UclDL_Impl: Inst Id : 0 ## Rx Bps : 4368
02-03 16:27:14.965   489   509 I UclDL_Impl: Inst Id : 0  ## Avg Ack Latency : 10
02-03 16:27:15.735   490   541 D vendor.visteon.skylark.hardware.automotive.vehicle@V1-visteon-service: PERIPHERAL_STATUS:: 03 03 03 03 03 03 03 03 03 01 03 03 03 00 00 00 00 00 00 00
02-03 16:27:15.746   668   676 I UclDL_Impl_VIP: TxA TO : 33
02-03 16:27:15.746   668   676 I UclDL_Impl_VIP: Avg Ack Latency : 7
02-03 16:27:15.746   668   676 I UclDL_Impl_VIP: pollingCntr : 71240
02-03 16:27:15.746   668   676 I UclDL_Impl_TCU: VIP-TCU - txBps : 392
02-03 16:27:15.746   668   676 I UclDL_Impl_TCU: VIP-TCU - rxBps : 272
02-03 16:27:15.746   668   676 I UclDL_Impl_TCU: VIP-TCU - txAckTmo : 1
02-03 16:27:15.965   489   509 I UclDL_Impl: Inst Id : 0 ## Tx Msgs : 3400
02-03 16:27:15.965   489   509 I UclDL_Impl: Inst Id : 0 ## TxA Msgs : 2587
02-03 16:27:15.965   489   509 I UclDL_Impl: Inst Id : 0 ## TxA TO : 0
02-03 16:27:15.965   489   509 I UclDL_Impl: Inst Id : 0 ## Rx Msgs : 3399
02-03 16:27:15.965   489   509 I UclDL_Impl: Inst Id : 0 ## Rx HB Msgs : 309
02-03 16:27:15.965   489   509 I UclDL_Impl: Inst Id : 0 ## Tx Bps : 808
02-03 16:27:15.965   489   509 I UclDL_Impl: Inst Id : 0 ## Rx Bps : 4368
02-03 16:27:15.965   489   509 I UclDL_Impl: Inst Id : 0  ## Avg Ack Latency : 11
02-03 16:27:16.739   490   541 D vendor.visteon.skylark.hardware.automotive.vehicle@V1-visteon-service: PERIPHERAL_STATUS:: 03 03 03 03 03 03 03 03 03 01 03 03 03 00 00 00 00 00 00 00
02-03 16:27:16.750   668   676 I UclDL_Impl_VIP: TxA TO : 33
02-03 16:27:16.750   668   676 I UclDL_Impl_VIP: Avg Ack Latency : 9
02-03 16:27:16.750   668   676 I UclDL_Impl_VIP: pollingCntr : 71490
02-03 16:27:16.750   668   676 I UclDL_Impl_TCU: VIP-TCU - txBps : 392
02-03 16:27:16.750   668   676 I UclDL_Impl_TCU: VIP-TCU - rxBps : 272
02-03 16:27:16.750   668   676 I UclDL_Impl_TCU: VIP-TCU - txAckTmo : 1
02-03 16:27:16.965   489   509 I UclDL_Impl: Inst Id : 0 ## Tx Msgs : 3410
02-03 16:27:16.965   489   509 I UclDL_Impl: Inst Id : 0 ## TxA Msgs : 2595
02-03 16:27:16.965   489   509 I UclDL_Impl: Inst Id : 0 ## TxA TO : 0
02-03 16:27:16.965   489   509 I UclDL_Impl: Inst Id : 0 ## Rx Msgs : 3409
02-03 16:27:16.965   489   509 I UclDL_Impl: Inst Id : 0 ## Rx HB Msgs : 310
02-03 16:27:16.965   489   509 I UclDL_Impl: Inst Id : 0 ## Tx Bps : 808
02-03 16:27:16.965   489   509 I UclDL_Impl: Inst Id : 0 ## Rx Bps : 4368
02-03 16:27:16.965   489   509 I UclDL_Impl: Inst Id : 0  ## Avg Ack Latency : 7
02-03 16:27:17.742   490   541 D vendor.visteon.skylark.hardware.automotive.vehicle@V1-visteon-service: PERIPHERAL_STATUS:: 03 03 03 03 03 03 03 03 03 01 03 03 03 00 00 00 00 00 00 00
02-03 16:27:17.758   668   676 I UclDL_Impl_VIP: TxA TO : 33
02-03 16:27:17.758   668   676 I UclDL_Impl_VIP: Avg Ack Latency : 6
02-03 16:27:17.758   668   676 I UclDL_Impl_VIP: pollingCntr : 71740
02-03 16:27:17.759   668   676 I UclDL_Impl_TCU: VIP-TCU - txBps : 392
02-03 16:27:17.759   668   676 I UclDL_Impl_TCU: VIP-TCU - rxBps : 272
02-03 16:27:17.759   668   676 I UclDL_Impl_TCU: VIP-TCU - txAckTmo : 1
02-03 16:27:17.965   489   509 I UclDL_Impl: Inst Id : 0 ## Tx Msgs : 3420
02-03 16:27:17.965   489   509 I UclDL_Impl: Inst Id : 0 ## TxA Msgs : 2603
02-03 16:27:17.965   489   509 I UclDL_Impl: Inst Id : 0 ## TxA TO : 0
02-03 16:27:17.965   489   509 I UclDL_Impl: Inst Id : 0 ## Rx Msgs : 3419
02-03 16:27:17.965   489   509 I UclDL_Impl: Inst Id : 0 ## Rx HB Msgs : 311
02-03 16:27:17.965   489   509 I UclDL_Impl: Inst Id : 0 ## Tx Bps : 808
02-03 16:27:17.965   489   509 I UclDL_Impl: Inst Id : 0 ## Rx Bps : 4368
02-03 16:27:17.965   489   509 I UclDL_Impl: Inst Id : 0  ## Avg Ack Latency : 5
02-03 16:27:18.751   490   541 D vendor.visteon.skylark.hardware.automotive.vehicle@V1-visteon-service: PERIPHERAL_STATUS:: 03 03 03 03 03 03 03 03 03 01 03 03 03 00 00 00 00 00 00 00
02-03 16:27:18.763   668   676 I UclDL_Impl_VIP: TxA TO : 33
02-03 16:27:18.763   668   676 I UclDL_Impl_VIP: Avg Ack Latency : 12
02-03 16:27:18.763   668   676 I UclDL_Impl_VIP: pollingCntr : 71990
02-03 16:27:18.763   668   676 I UclDL_Impl_TCU: VIP-TCU - txBps : 392
02-03 16:27:18.763   668   676 I UclDL_Impl_TCU: VIP-TCU - rxBps : 272
02-03 16:27:18.763   668   676 I UclDL_Impl_TCU: VIP-TCU - txAckTmo : 1
02-03 16:27:18.965   489   509 I UclDL_Impl: Inst Id : 0 ## Tx Msgs : 3431
02-03 16:27:18.965   489   509 I UclDL_Impl: Inst Id : 0 ## TxA Msgs : 2611
02-03 16:27:18.965   489   509 I UclDL_Impl: Inst Id : 0 ## TxA TO : 0
02-03 16:27:18.965   489   509 I UclDL_Impl: Inst Id : 0 ## Rx Msgs : 3430
02-03 16:27:18.965   489   509 I UclDL_Impl: Inst Id : 0 ## Rx HB Msgs : 312
02-03 16:27:18.965   489   509 I UclDL_Impl: Inst Id : 0 ## Tx Bps : 904
02-03 16:27:18.965   489   509 I UclDL_Impl: Inst Id : 0 ## Rx Bps : 4424
02-03 16:27:18.965   489   509 I UclDL_Impl: Inst Id : 0  ## Avg Ack Latency : 4
02-03 16:27:19.755   490   541 D vendor.visteon.skylark.hardware.automotive.vehicle@V1-visteon-service: PERIPHERAL_STATUS:: 03 03 03 03 03 03 03 03 03 01 03 03 03 00 00 00 00 00 00 00
02-03 16:27:19.765   668   676 I UclDL_Impl_VIP: TxA TO : 33
02-03 16:27:19.766   668   676 I UclDL_Impl_VIP: Avg Ack Latency : 8
02-03 16:27:19.766   668   676 I UclDL_Impl_VIP: pollingCntr : 72240
02-03 16:27:19.766   668   676 I UclDL_Impl_TCU: VIP-TCU - txBps : 392
02-03 16:27:19.766   668   676 I UclDL_Impl_TCU: VIP-TCU - rxBps : 272
02-03 16:27:19.766   668   676 I UclDL_Impl_TCU: VIP-TCU - txAckTmo : 1
02-03 16:27:19.965   489   509 I UclDL_Impl: Inst Id : 0 ## Tx Msgs : 3441
02-03 16:27:19.965   489   509 I UclDL_Impl: Inst Id : 0 ## TxA Msgs : 2619
02-03 16:27:19.965   489   509 I UclDL_Impl: Inst Id : 0 ## TxA TO : 0
02-03 16:27:19.965   489   509 I UclDL_Impl: Inst Id : 0 ## Rx Msgs : 3440
02-03 16:27:19.965   489   509 I UclDL_Impl: Inst Id : 0 ## Rx HB Msgs : 313
02-03 16:27:19.965   489   509 I UclDL_Impl: Inst Id : 0 ## Tx Bps : 808
02-03 16:27:19.965   489   509 I UclDL_Impl: Inst Id : 0 ## Rx Bps : 4368
02-03 16:27:19.965   489   509 I UclDL_Impl: Inst Id : 0  ## Avg Ack Latency : 6
02-03 16:27:20.759   490   541 D vendor.visteon.skylark.hardware.automotive.vehicle@V1-visteon-service: PERIPHERAL_STATUS:: 03 03 03 03 03 03 03 03 03 01 03 03 03 00 00 00 00 00 00 00
02-03 16:27:20.770   668   676 I UclDL_Impl_VIP: TxA TO : 33
02-03 16:27:20.770   668   676 I UclDL_Impl_VIP: Avg Ack Latency : 8
02-03 16:27:20.770   668   676 I UclDL_Impl_VIP: pollingCntr : 72490
02-03 16:27:20.770   668   676 I UclDL_Impl_TCU: VIP-TCU - txBps : 392
02-03 16:27:20.770   668   676 I UclDL_Impl_TCU: VIP-TCU - rxBps : 272
02-03 16:27:20.770   668   676 I UclDL_Impl_TCU: VIP-TCU - txAckTmo : 1
02-03 16:27:20.965   489   509 I UclDL_Impl: Inst Id : 0 ## Tx Msgs : 3451
02-03 16:27:20.965   489   509 I UclDL_Impl: Inst Id : 0 ## TxA Msgs : 2627
02-03 16:27:20.965   489   509 I UclDL_Impl: Inst Id : 0 ## TxA TO : 0
02-03 16:27:20.965   489   509 I UclDL_Impl: Inst Id : 0 ## Rx Msgs : 3450
02-03 16:27:20.965   489   509 I UclDL_Impl: Inst Id : 0 ## Rx HB Msgs : 314
02-03 16:27:20.965   489   509 I UclDL_Impl: Inst Id : 0 ## Tx Bps : 808
02-03 16:27:20.965   489   509 I UclDL_Impl: Inst Id : 0 ## Rx Bps : 4368
02-03 16:27:20.965   489   509 I UclDL_Impl: Inst Id : 0  ## Avg Ack Latency : 7
02-03 16:27:21.763   490   541 D vendor.visteon.skylark.hardware.automotive.vehicle@V1-visteon-service: PERIPHERAL_STATUS:: 03 03 03 03 03 03 03 03 03 01 03 03 03 00 00 00 00 00 00 00
02-03 16:27:21.778   668   676 I UclDL_Impl_VIP: TxA TO : 33
02-03 16:27:21.778   668   676 I UclDL_Impl_VIP: Avg Ack Latency : 9
02-03 16:27:21.778   668   676 I UclDL_Impl_VIP: pollingCntr : 72740
02-03 16:27:21.778   668   676 I UclDL_Impl_TCU: VIP-TCU - txBps : 392
02-03 16:27:21.778   668   676 I UclDL_Impl_TCU: VIP-TCU - rxBps : 272
02-03 16:27:21.778   668   676 I UclDL_Impl_TCU: VIP-TCU - txAckTmo : 1
02-03 16:27:21.965   489   509 I UclDL_Impl: Inst Id : 0 ## Tx Msgs : 3462
02-03 16:27:21.965   489   509 I UclDL_Impl: Inst Id : 0 ## TxA Msgs : 2636
02-03 16:27:21.965   489   509 I UclDL_Impl: Inst Id : 0 ## TxA TO : 0
02-03 16:27:21.965   489   509 I UclDL_Impl: Inst Id : 0 ## Rx Msgs : 3461
02-03 16:27:21.965   489   509 I UclDL_Impl: Inst Id : 0 ## Rx HB Msgs : 315
02-03 16:27:21.965   489   509 I UclDL_Impl: Inst Id : 0 ## Tx Bps : 888
02-03 16:27:21.965   489   509 I UclDL_Impl: Inst Id : 0 ## Rx Bps : 4672
02-03 16:27:21.965   489   509 I UclDL_Impl: Inst Id : 0  ## Avg Ack Latency : 7
02-03 16:27:22.767   490   541 D vendor.visteon.skylark.hardware.automotive.vehicle@V1-visteon-service: PERIPHERAL_STATUS:: 03 03 03 03 03 03 03 03 03 01 03 03 03 00 00 00 00 00 00 00
02-03 16:27:22.782   668   676 I UclDL_Impl_VIP: TxA TO : 33
02-03 16:27:22.782   668   676 I UclDL_Impl_VIP: Avg Ack Latency : 8
02-03 16:27:22.782   668   676 I UclDL_Impl_VIP: pollingCntr : 72990
02-03 16:27:22.782   668   676 I UclDL_Impl_TCU: VIP-TCU - txBps : 392
02-03 16:27:22.782   668   676 I UclDL_Impl_TCU: VIP-TCU - rxBps : 272
02-03 16:27:22.782   668   676 I UclDL_Impl_TCU: VIP-TCU - txAckTmo : 1
02-03 16:27:22.965   489   509 I UclDL_Impl: Inst Id : 0 ## Tx Msgs : 3472
02-03 16:27:22.965   489   509 I UclDL_Impl: Inst Id : 0 ## TxA Msgs : 2644
02-03 16:27:22.965   489   509 I UclDL_Impl: Inst Id : 0 ## TxA TO : 0
02-03 16:27:22.965   489   509 I UclDL_Impl: Inst Id : 0 ## Rx Msgs : 3471
02-03 16:27:22.965   489   509 I UclDL_Impl: Inst Id : 0 ## Rx HB Msgs : 316
02-03 16:27:22.965   489   509 I UclDL_Impl: Inst Id : 0 ## Tx Bps : 808
02-03 16:27:22.965   489   509 I UclDL_Impl: Inst Id : 0 ## Rx Bps : 4368
02-03 16:27:22.965   489   509 I UclDL_Impl: Inst Id : 0  ## Avg Ack Latency : 7
02-03 16:27:23.774   490   541 D vendor.visteon.skylark.hardware.automotive.vehicle@V1-visteon-service: PERIPHERAL_STATUS:: 03 03 03 03 03 03 03 03 03 01 03 03 03 00 00 00 00 00 00 00
02-03 16:27:23.786   668   676 I UclDL_Impl_VIP: TxA TO : 33
02-03 16:27:23.786   668   676 I UclDL_Impl_VIP: Avg Ack Latency : 8
02-03 16:27:23.786   668   676 I UclDL_Impl_VIP: pollingCntr : 73240
02-03 16:27:23.786   668   676 I UclDL_Impl_TCU: VIP-TCU - txBps : 392
02-03 16:27:23.786   668   676 I UclDL_Impl_TCU: VIP-TCU - rxBps : 272
02-03 16:27:23.786   668   676 I UclDL_Impl_TCU: VIP-TCU - txAckTmo : 1
02-03 16:27:23.965   489   509 I UclDL_Impl: Inst Id : 0 ## Tx Msgs : 3483
02-03 16:27:23.965   489   509 I UclDL_Impl: Inst Id : 0 ## TxA Msgs : 2652
02-03 16:27:23.965   489   509 I UclDL_Impl: Inst Id : 0 ## TxA TO : 0
02-03 16:27:23.965   489   509 I UclDL_Impl: Inst Id : 0 ## Rx Msgs : 3482
02-03 16:27:23.965   489   509 I UclDL_Impl: Inst Id : 0 ## Rx HB Msgs : 317
02-03 16:27:23.965   489   509 I UclDL_Impl: Inst Id : 0 ## Tx Bps : 904
02-03 16:27:23.965   489   509 I UclDL_Impl: Inst Id : 0 ## Rx Bps : 4424
02-03 16:27:23.965   489   509 I UclDL_Impl: Inst Id : 0  ## Avg Ack Latency : 6
02-03 16:27:24.778   490   541 D vendor.visteon.skylark.hardware.automotive.vehicle@V1-visteon-service: PERIPHERAL_STATUS:: 03 03 03 03 03 03 03 03 03 01 03 03 03 00 00 00 00 00 00 00
02-03 16:27:24.790   668   676 I UclDL_Impl_VIP: TxA TO : 33
02-03 16:27:24.790   668   676 I UclDL_Impl_VIP: Avg Ack Latency : 7
02-03 16:27:24.790   668   676 I UclDL_Impl_VIP: pollingCntr : 73490
02-03 16:27:24.790   668   676 I UclDL_Impl_TCU: VIP-TCU - txBps : 392
02-03 16:27:24.790   668   676 I UclDL_Impl_TCU: VIP-TCU - rxBps : 272
02-03 16:27:24.790   668   676 I UclDL_Impl_TCU: VIP-TCU - txAckTmo : 1
02-03 16:27:24.965   489   509 I UclDL_Impl: Inst Id : 0 ## Tx Msgs : 3493
02-03 16:27:24.965   489   509 I UclDL_Impl: Inst Id : 0 ## TxA Msgs : 2660
02-03 16:27:24.965   489   509 I UclDL_Impl: Inst Id : 0 ## TxA TO : 0
02-03 16:27:24.965   489   509 I UclDL_Impl: Inst Id : 0 ## Rx Msgs : 3492
02-03 16:27:24.965   489   509 I UclDL_Impl: Inst Id : 0 ## Rx HB Msgs : 318
02-03 16:27:24.965   489   509 I UclDL_Impl: Inst Id : 0 ## Tx Bps : 808
02-03 16:27:24.965   489   509 I UclDL_Impl: Inst Id : 0 ## Rx Bps : 4368
02-03 16:27:24.965   489   509 I UclDL_Impl: Inst Id : 0  ## Avg Ack Latency : 7
02-03 16:27:25.782   490   541 D vendor.visteon.skylark.hardware.automotive.vehicle@V1-visteon-service: PERIPHERAL_STATUS:: 03 03 03 03 03 03 03 03 03 01 03 03 03 00 00 00 00 00 00 00
02-03 16:27:25.796   668   676 I UclDL_Impl_VIP: TxA TO : 33
02-03 16:27:25.796   668   676 I UclDL_Impl_VIP: Avg Ack Latency : 9
02-03 16:27:25.796   668   676 I UclDL_Impl_VIP: pollingCntr : 73740
02-03 16:27:25.796   668   676 I UclDL_Impl_TCU: VIP-TCU - txBps : 392
02-03 16:27:25.797   668   676 I UclDL_Impl_TCU: VIP-TCU - rxBps : 320
02-03 16:27:25.797   668   676 I UclDL_Impl_TCU: VIP-TCU - txAckTmo : 1
02-03 16:27:25.965   489   509 I UclDL_Impl: Inst Id : 0 ## Tx Msgs : 3503
02-03 16:27:25.965   489   509 I UclDL_Impl: Inst Id : 0 ## TxA Msgs : 2668
02-03 16:27:25.965   489   509 I UclDL_Impl: Inst Id : 0 ## TxA TO : 0
02-03 16:27:25.965   489   509 I UclDL_Impl: Inst Id : 0 ## Rx Msgs : 3502
02-03 16:27:25.965   489   509 I UclDL_Impl: Inst Id : 0 ## Rx HB Msgs : 319
02-03 16:27:25.965   489   509 I UclDL_Impl: Inst Id : 0 ## Tx Bps : 808
02-03 16:27:25.965   489   509 I UclDL_Impl: Inst Id : 0 ## Rx Bps : 4368
02-03 16:27:25.965   489   509 I UclDL_Impl: Inst Id : 0  ## Avg Ack Latency : 7
02-03 16:27:26.787   490   541 D vendor.visteon.skylark.hardware.automotive.vehicle@V1-visteon-service: PERIPHERAL_STATUS:: 03 03 03 03 03 03 03 03 03 01 03 03 03 00 00 00 00 00 00 00
02-03 16:27:26.802   668   676 I UclDL_Impl_VIP: TxA TO : 33
02-03 16:27:26.802   668   676 I UclDL_Impl_VIP: Avg Ack Latency : 6
02-03 16:27:26.802   668   676 I UclDL_Impl_VIP: pollingCntr : 73990
02-03 16:27:26.802   668   676 I UclDL_Impl_TCU: VIP-TCU - txBps : 392
02-03 16:27:26.802   668   676 I UclDL_Impl_TCU: VIP-TCU - rxBps : 320
02-03 16:27:26.802   668   676 I UclDL_Impl_TCU: VIP-TCU - txAckTmo : 1
02-03 16:27:26.965   489   509 I UclDL_Impl: Inst Id : 0 ## Tx Msgs : 3513
02-03 16:27:26.965   489   509 I UclDL_Impl: Inst Id : 0 ## TxA Msgs : 2676
02-03 16:27:26.965   489   509 I UclDL_Impl: Inst Id : 0 ## TxA TO : 0
02-03 16:27:26.965   489   509 I UclDL_Impl: Inst Id : 0 ## Rx Msgs : 3512
02-03 16:27:26.965   489   509 I UclDL_Impl: Inst Id : 0 ## Rx HB Msgs : 320
02-03 16:27:26.965   489   509 I UclDL_Impl: Inst Id : 0 ## Tx Bps : 808
02-03 16:27:26.965   489   509 I UclDL_Impl: Inst Id : 0 ## Rx Bps : 4368
02-03 16:27:26.965   489   509 I UclDL_Impl: Inst Id : 0  ## Avg Ack Latency : 7
02-03 16:27:27.791   490   541 D vendor.visteon.skylark.hardware.automotive.vehicle@V1-visteon-service: PERIPHERAL_STATUS:: 03 03 03 03 03 03 03 03 03 01 03 03 03 00 00 00 00 00 00 00
02-03 16:27:27.806   668   676 I UclDL_Impl_VIP: TxA TO : 33
02-03 16:27:27.806   668   676 I UclDL_Impl_VIP: Avg Ack Latency : 10
02-03 16:27:27.806   668   676 I UclDL_Impl_VIP: pollingCntr : 74240
02-03 16:27:27.806   668   676 I UclDL_Impl_TCU: VIP-TCU - txBps : 392
02-03 16:27:27.806   668   676 I UclDL_Impl_TCU: VIP-TCU - rxBps : 320
02-03 16:27:27.806   668   676 I UclDL_Impl_TCU: VIP-TCU - txAckTmo : 1
02-03 16:27:27.965   489   509 I UclDL_Impl: Inst Id : 0 ## Tx Msgs : 3523
02-03 16:27:27.965   489   509 I UclDL_Impl: Inst Id : 0 ## TxA Msgs : 2684
02-03 16:27:27.965   489   509 I UclDL_Impl: Inst Id : 0 ## TxA TO : 0
02-03 16:27:27.965   489   509 I UclDL_Impl: Inst Id : 0 ## Rx Msgs : 3522
02-03 16:27:27.965   489   509 I UclDL_Impl: Inst Id : 0 ## Rx HB Msgs : 321
02-03 16:27:27.965   489   509 I UclDL_Impl: Inst Id : 0 ## Tx Bps : 808
02-03 16:27:27.965   489   509 I UclDL_Impl: Inst Id : 0 ## Rx Bps : 4368
02-03 16:27:27.965   489   509 I UclDL_Impl: Inst Id : 0  ## Avg Ack Latency : 7
02-03 16:27:28.798   490   541 D vendor.visteon.skylark.hardware.automotive.vehicle@V1-visteon-service: PERIPHERAL_STATUS:: 03 03 03 03 03 03 03 03 03 01 03 03 03 00 00 00 00 00 00 00
02-03 16:27:28.810   668   676 I UclDL_Impl_VIP: TxA TO : 33
02-03 16:27:28.810   668   676 I UclDL_Impl_VIP: Avg Ack Latency : 9
02-03 16:27:28.810   668   676 I UclDL_Impl_VIP: pollingCntr : 74490
02-03 16:27:28.810   668   676 I UclDL_Impl_TCU: VIP-TCU - txBps : 392
02-03 16:27:28.810   668   676 I UclDL_Impl_TCU: VIP-TCU - rxBps : 320
02-03 16:27:28.810   668   676 I UclDL_Impl_TCU: VIP-TCU - txAckTmo : 1
02-03 16:27:28.965   489   509 I UclDL_Impl: Inst Id : 0 ## Tx Msgs : 3534
02-03 16:27:28.965   489   509 I UclDL_Impl: Inst Id : 0 ## TxA Msgs : 2692
02-03 16:27:28.965   489   509 I UclDL_Impl: Inst Id : 0 ## TxA TO : 0
02-03 16:27:28.965   489   509 I UclDL_Impl: Inst Id : 0 ## Rx Msgs : 3533
02-03 16:27:28.965   489   509 I UclDL_Impl: Inst Id : 0 ## Rx HB Msgs : 322
02-03 16:27:28.965   489   509 I UclDL_Impl: Inst Id : 0 ## Tx Bps : 904
02-03 16:27:28.965   489   509 I UclDL_Impl: Inst Id : 0 ## Rx Bps : 4424
02-03 16:27:28.965   489   509 I UclDL_Impl: Inst Id : 0  ## Avg Ack Latency : 7
02-03 16:27:29.803   490   541 D vendor.visteon.skylark.hardware.automotive.vehicle@V1-visteon-service: PERIPHERAL_STATUS:: 03 03 03 03 03 03 03 03 03 01 03 03 03 00 00 00 00 00 00 00
02-03 16:27:29.813   668   676 I UclDL_Impl_VIP: TxA TO : 33
02-03 16:27:29.814   668   676 I UclDL_Impl_VIP: Avg Ack Latency : 8
02-03 16:27:29.814   668   676 I UclDL_Impl_VIP: pollingCntr : 74740
02-03 16:27:29.814   668   676 I UclDL_Impl_TCU: VIP-TCU - txBps : 392
02-03 16:27:29.814   668   676 I UclDL_Impl_TCU: VIP-TCU - rxBps : 320
02-03 16:27:29.814   668   676 I UclDL_Impl_TCU: VIP-TCU - txAckTmo : 1
02-03 16:27:29.965   489   509 I UclDL_Impl: Inst Id : 0 ## Tx Msgs : 3544
02-03 16:27:29.965   489   509 I UclDL_Impl: Inst Id : 0 ## TxA Msgs : 2700
02-03 16:27:29.965   489   509 I UclDL_Impl: Inst Id : 0 ## TxA TO : 0
02-03 16:27:29.965   489   509 I UclDL_Impl: Inst Id : 0 ## Rx Msgs : 3543
02-03 16:27:29.965   489   509 I UclDL_Impl: Inst Id : 0 ## Rx HB Msgs : 323
02-03 16:27:29.965   489   509 I UclDL_Impl: Inst Id : 0 ## Tx Bps : 808
