02-03 16:28:53.973   489   509 I UclDL_Impl: Inst Id : 0 ## Tx Bps : 904
02-03 16:28:53.973   489   509 I UclDL_Impl: Inst Id : 0 ## Rx Bps : 4424
02-03 16:28:53.973   489   509 I UclDL_Impl: Inst Id : 0  ## Avg Ack Latency : 7
02-03 16:28:54.210   490   541 D vendor.visteon.skylark.hardware.automotive.vehicle@V1-visteon-service: PERIPHERAL_STATUS:: 03 03 03 03 03 03 03 03 03 01 03 03 03 00 00 00 00 00 00 00
02-03 16:28:54.222   668   676 I UclDL_Impl_VIP: TxA TO : 33
02-03 16:28:54.222   668   676 I UclDL_Impl_VIP: Avg Ack Latency : 8
02-03 16:28:54.222   668   676 I UclDL_Impl_VIP: pollingCntr : 95740
02-03 16:28:54.222   668   676 I UclDL_Impl_TCU: VIP-TCU - txBps : 392
02-03 16:28:54.222   668   676 I UclDL_Impl_TCU: VIP-TCU - rxBps : 272
02-03 16:28:54.222   668   676 I UclDL_Impl_TCU: VIP-TCU - txAckTmo : 1
02-03 16:28:54.973   489   509 I UclDL_Impl: Inst Id : 0 ## Tx Msgs : 4396
02-03 16:28:54.973   489   509 I UclDL_Impl: Inst Id : 0 ## TxA Msgs : 3388
02-03 16:28:54.973   489   509 I UclDL_Impl: Inst Id : 0 ## TxA TO : 0
02-03 16:28:54.973   489   509 I UclDL_Impl: Inst Id : 0 ## Rx Msgs : 4396
02-03 16:28:54.973   489   509 I UclDL_Impl: Inst Id : 0 ## Rx HB Msgs : 386
02-03 16:28:54.973   489   509 I UclDL_Impl: Inst Id : 0 ## Tx Bps : 808
02-03 16:28:54.973   489   509 I UclDL_Impl: Inst Id : 0 ## Rx Bps : 4368
02-03 16:28:54.973   489   509 I UclDL_Impl: Inst Id : 0  ## Avg Ack Latency : 7
02-03 16:28:55.215   490   541 D vendor.visteon.skylark.hardware.automotive.vehicle@V1-visteon-service: PERIPHERAL_STATUS:: 03 03 03 03 03 03 03 03 03 01 03 03 03 00 00 00 00 00 00 00
02-03 16:28:55.231   668   676 I UclDL_Impl_VIP: TxA TO : 33
02-03 16:28:55.231   668   676 I UclDL_Impl_VIP: Avg Ack Latency : 8
02-03 16:28:55.231   668   676 I UclDL_Impl_VIP: pollingCntr : 95990
02-03 16:28:55.231   668   676 I UclDL_Impl_TCU: VIP-TCU - txBps : 392
02-03 16:28:55.231   668   676 I UclDL_Impl_TCU: VIP-TCU - rxBps : 272
02-03 16:28:55.231   668   676 I UclDL_Impl_TCU: VIP-TCU - txAckTmo : 1
02-03 16:28:55.973   489   509 I UclDL_Impl: Inst Id : 0 ## Tx Msgs : 4406
02-03 16:28:55.973   489   509 I UclDL_Impl: Inst Id : 0 ## TxA Msgs : 3396
02-03 16:28:55.973   489   509 I UclDL_Impl: Inst Id : 0 ## TxA TO : 0
02-03 16:28:55.973   489   509 I UclDL_Impl: Inst Id : 0 ## Rx Msgs : 4406
02-03 16:28:55.973   489   509 I UclDL_Impl: Inst Id : 0 ## Rx HB Msgs : 387
02-03 16:28:55.973   489   509 I UclDL_Impl: Inst Id : 0 ## Tx Bps : 808
02-03 16:28:55.973   489   509 I UclDL_Impl: Inst Id : 0 ## Rx Bps : 4368
02-03 16:28:55.973   489   509 I UclDL_Impl: Inst Id : 0  ## Avg Ack Latency : 7
02-03 16:28:56.218   490   541 D vendor.visteon.skylark.hardware.automotive.vehicle@V1-visteon-service: PERIPHERAL_STATUS:: 03 03 03 03 03 03 03 03 03 01 03 03 03 00 00 00 00 00 00 00
02-03 16:28:56.231   668   676 I UclDL_Impl_VIP: TxA TO : 33
02-03 16:28:56.231   668   676 I UclDL_Impl_VIP: Avg Ack Latency : 7
02-03 16:28:56.231   668   676 I UclDL_Impl_VIP: pollingCntr : 96240
02-03 16:28:56.231   668   676 I UclDL_Impl_TCU: VIP-TCU - txBps : 392
02-03 16:28:56.231   668   676 I UclDL_Impl_TCU: VIP-TCU - rxBps : 272
02-03 16:28:56.231   668   676 I UclDL_Impl_TCU: VIP-TCU - txAckTmo : 1
02-03 16:28:56.973   489   509 I UclDL_Impl: Inst Id : 0 ## Tx Msgs : 4416
02-03 16:28:56.973   489   509 I UclDL_Impl: Inst Id : 0 ## TxA Msgs : 3404
02-03 16:28:56.973   489   509 I UclDL_Impl: Inst Id : 0 ## TxA TO : 0
02-03 16:28:56.973   489   509 I UclDL_Impl: Inst Id : 0 ## Rx Msgs : 4416
02-03 16:28:56.973   489   509 I UclDL_Impl: Inst Id : 0 ## Rx HB Msgs : 388
02-03 16:28:56.973   489   509 I UclDL_Impl: Inst Id : 0 ## Tx Bps : 808
02-03 16:28:56.973   489   509 I UclDL_Impl: Inst Id : 0 ## Rx Bps : 4368
02-03 16:28:56.973   489   509 I UclDL_Impl: Inst Id : 0  ## Avg Ack Latency : 7
02-03 16:28:57.223   490   541 D vendor.visteon.skylark.hardware.automotive.vehicle@V1-visteon-service: PERIPHERAL_STATUS:: 03 03 03 03 03 03 03 03 03 01 03 03 03 00 00 00 00 00 00 00
02-03 16:28:57.238   668   676 I UclDL_Impl_VIP: TxA TO : 33
02-03 16:28:57.238   668   676 I UclDL_Impl_VIP: Avg Ack Latency : 6
02-03 16:28:57.238   668   676 I UclDL_Impl_VIP: pollingCntr : 96490
02-03 16:28:57.238   668   676 I UclDL_Impl_TCU: VIP-TCU - txBps : 392
02-03 16:28:57.238   668   676 I UclDL_Impl_TCU: VIP-TCU - rxBps : 272
02-03 16:28:57.238   668   676 I UclDL_Impl_TCU: VIP-TCU - txAckTmo : 1
02-03 16:28:57.973   489   509 I UclDL_Impl: Inst Id : 0 ## Tx Msgs : 4426
02-03 16:28:57.973   489   509 I UclDL_Impl: Inst Id : 0 ## TxA Msgs : 3412
02-03 16:28:57.973   489   509 I UclDL_Impl: Inst Id : 0 ## TxA TO : 0
02-03 16:28:57.973   489   509 I UclDL_Impl: Inst Id : 0 ## Rx Msgs : 4426
02-03 16:28:57.973   489   509 I UclDL_Impl: Inst Id : 0 ## Rx HB Msgs : 389
02-03 16:28:57.973   489   509 I UclDL_Impl: Inst Id : 0 ## Tx Bps : 808
02-03 16:28:57.973   489   509 I UclDL_Impl: Inst Id : 0 ## Rx Bps : 4368
02-03 16:28:57.973   489   509 I UclDL_Impl: Inst Id : 0  ## Avg Ack Latency : 7
02-03 16:28:58.230   490   541 D vendor.visteon.skylark.hardware.automotive.vehicle@V1-visteon-service: PERIPHERAL_STATUS:: 03 03 03 03 03 03 03 03 03 01 03 03 03 00 00 00 00 00 00 00
02-03 16:28:58.242   668   676 I UclDL_Impl_VIP: TxA TO : 33
02-03 16:28:58.242   668   676 I UclDL_Impl_VIP: Avg Ack Latency : 8
02-03 16:28:58.242   668   676 I UclDL_Impl_VIP: pollingCntr : 96740
02-03 16:28:58.242   668   676 I UclDL_Impl_TCU: VIP-TCU - txBps : 392
02-03 16:28:58.242   668   676 I UclDL_Impl_TCU: VIP-TCU - rxBps : 272
02-03 16:28:58.242   668   676 I UclDL_Impl_TCU: VIP-TCU - txAckTmo : 1
02-03 16:28:58.973   489   509 I UclDL_Impl: Inst Id : 0 ## Tx Msgs : 4437
02-03 16:28:58.973   489   509 I UclDL_Impl: Inst Id : 0 ## TxA Msgs : 3420
02-03 16:28:58.973   489   509 I UclDL_Impl: Inst Id : 0 ## TxA TO : 0
02-03 16:28:58.973   489   509 I UclDL_Impl: Inst Id : 0 ## Rx Msgs : 4437
02-03 16:28:58.973   489   509 I UclDL_Impl: Inst Id : 0 ## Rx HB Msgs : 390
02-03 16:28:58.973   489   509 I UclDL_Impl: Inst Id : 0 ## Tx Bps : 904
02-03 16:28:58.973   489   509 I UclDL_Impl: Inst Id : 0 ## Rx Bps : 4424
02-03 16:28:58.973   489   509 I UclDL_Impl: Inst Id : 0  ## Avg Ack Latency : 7
02-03 16:28:59.234   490   541 D vendor.visteon.skylark.hardware.automotive.vehicle@V1-visteon-service: PERIPHERAL_STATUS:: 03 03 03 03 03 03 03 03 03 01 03 03 03 00 00 00 00 00 00 00
02-03 16:28:59.245   668   676 I UclDL_Impl_VIP: TxA TO : 33
02-03 16:28:59.246   668   676 I UclDL_Impl_VIP: Avg Ack Latency : 9
02-03 16:28:59.246   668   676 I UclDL_Impl_VIP: pollingCntr : 96990
02-03 16:28:59.246   668   676 I UclDL_Impl_TCU: VIP-TCU - txBps : 392
02-03 16:28:59.246   668   676 I UclDL_Impl_TCU: VIP-TCU - rxBps : 272
02-03 16:28:59.246   668   676 I UclDL_Impl_TCU: VIP-TCU - txAckTmo : 1
02-03 16:28:59.973   489   509 I UclDL_Impl: Inst Id : 0 ## Tx Msgs : 4447
02-03 16:28:59.973   489   509 I UclDL_Impl: Inst Id : 0 ## TxA Msgs : 3428
02-03 16:28:59.973   489   509 I UclDL_Impl: Inst Id : 0 ## TxA TO : 0
02-03 16:28:59.973   489   509 I UclDL_Impl: Inst Id : 0 ## Rx Msgs : 4447
02-03 16:28:59.973   489   509 I UclDL_Impl: Inst Id : 0 ## Rx HB Msgs : 391
02-03 16:28:59.973   489   509 I UclDL_Impl: Inst Id : 0 ## Tx Bps : 808
02-03 16:28:59.973   489   509 I UclDL_Impl: Inst Id : 0 ## Rx Bps : 4368
02-03 16:28:59.973   489   509 I UclDL_Impl: Inst Id : 0  ## Avg Ack Latency : 7
02-03 16:29:00.238   490   541 D vendor.visteon.skylark.hardware.automotive.vehicle@V1-visteon-service: PERIPHERAL_STATUS:: 03 03 03 03 03 03 03 03 03 01 03 03 03 00 00 00 00 00 00 00
02-03 16:29:00.250   668   676 I UclDL_Impl_VIP: TxA TO : 33
02-03 16:29:00.250   668   676 I UclDL_Impl_VIP: Avg Ack Latency : 8
02-03 16:29:00.250   668   676 I UclDL_Impl_VIP: pollingCntr : 97240
02-03 16:29:00.250   668   676 I UclDL_Impl_TCU: VIP-TCU - txBps : 392
02-03 16:29:00.250   668   676 I UclDL_Impl_TCU: VIP-TCU - rxBps : 272
02-03 16:29:00.250   668   676 I UclDL_Impl_TCU: VIP-TCU - txAckTmo : 1
02-03 16:29:00.973   489   509 I UclDL_Impl: Inst Id : 0 ## Tx Msgs : 4458
02-03 16:29:00.973   489   509 I UclDL_Impl: Inst Id : 0 ## TxA Msgs : 3437
02-03 16:29:00.973   489   509 I UclDL_Impl: Inst Id : 0 ## TxA TO : 0
02-03 16:29:00.973   489   509 I UclDL_Impl: Inst Id : 0 ## Rx Msgs : 4458
02-03 16:29:00.973   489   509 I UclDL_Impl: Inst Id : 0 ## Rx HB Msgs : 392
02-03 16:29:00.973   489   509 I UclDL_Impl: Inst Id : 0 ## Tx Bps : 888
02-03 16:29:00.973   489   509 I UclDL_Impl: Inst Id : 0 ## Rx Bps : 4520
02-03 16:29:00.973   489   509 I UclDL_Impl: Inst Id : 0  ## Avg Ack Latency : 7
02-03 16:29:01.243   490   541 D vendor.visteon.skylark.hardware.automotive.vehicle@V1-visteon-service: PERIPHERAL_STATUS:: 03 03 03 03 03 03 03 03 03 01 03 03 03 00 00 00 00 00 00 00
02-03 16:29:01.254   668   676 I UclDL_Impl_VIP: TxA TO : 33
02-03 16:29:01.254   668   676 I UclDL_Impl_VIP: Avg Ack Latency : 8
02-03 16:29:01.254   668   676 I UclDL_Impl_VIP: pollingCntr : 97490
02-03 16:29:01.254   668   676 I UclDL_Impl_TCU: VIP-TCU - txBps : 392
02-03 16:29:01.254   668   676 I UclDL_Impl_TCU: VIP-TCU - rxBps : 272
02-03 16:29:01.254   668   676 I UclDL_Impl_TCU: VIP-TCU - txAckTmo : 1
02-03 16:29:01.973   489   509 I UclDL_Impl: Inst Id : 0 ## Tx Msgs : 4470
02-03 16:29:01.973   489   509 I UclDL_Impl: Inst Id : 0 ## TxA Msgs : 3447
02-03 16:29:01.973   489   509 I UclDL_Impl: Inst Id : 0 ## TxA TO : 0
02-03 16:29:01.973   489   509 I UclDL_Impl: Inst Id : 0 ## Rx Msgs : 4470
02-03 16:29:01.973   489   509 I UclDL_Impl: Inst Id : 0 ## Rx HB Msgs : 393
02-03 16:29:01.973   489   509 I UclDL_Impl: Inst Id : 0 ## Tx Bps : 968
02-03 16:29:01.973   489   509 I UclDL_Impl: Inst Id : 0 ## Rx Bps : 4824
02-03 16:29:01.973   489   509 I UclDL_Impl: Inst Id : 0  ## Avg Ack Latency : 9
02-03 16:29:02.246   490   541 D vendor.visteon.skylark.hardware.automotive.vehicle@V1-visteon-service: PERIPHERAL_STATUS:: 03 03 03 03 03 03 03 03 03 01 03 03 03 00 00 00 00 00 00 00
02-03 16:29:02.262   668   676 I UclDL_Impl_VIP: TxA TO : 33
02-03 16:29:02.262   668   676 I UclDL_Impl_VIP: Avg Ack Latency : 7
02-03 16:29:02.262   668   676 I UclDL_Impl_VIP: pollingCntr : 97740
02-03 16:29:02.262   668   676 I UclDL_Impl_TCU: VIP-TCU - txBps : 392
02-03 16:29:02.262   668   676 I UclDL_Impl_TCU: VIP-TCU - rxBps : 272
02-03 16:29:02.263   668   676 I UclDL_Impl_TCU: VIP-TCU - txAckTmo : 1
02-03 16:29:02.973   489   509 I UclDL_Impl: Inst Id : 0 ## Tx Msgs : 4480
02-03 16:29:02.973   489   509 I UclDL_Impl: Inst Id : 0 ## TxA Msgs : 3455
02-03 16:29:02.973   489   509 I UclDL_Impl: Inst Id : 0 ## TxA TO : 0
02-03 16:29:02.973   489   509 I UclDL_Impl: Inst Id : 0 ## Rx Msgs : 4480
02-03 16:29:02.973   489   509 I UclDL_Impl: Inst Id : 0 ## Rx HB Msgs : 394
02-03 16:29:02.973   489   509 I UclDL_Impl: Inst Id : 0 ## Tx Bps : 808
02-03 16:29:02.973   489   509 I UclDL_Impl: Inst Id : 0 ## Rx Bps : 4368
02-03 16:29:02.973   489   509 I UclDL_Impl: Inst Id : 0  ## Avg Ack Latency : 7
02-03 16:29:03.254   490   541 D vendor.visteon.skylark.hardware.automotive.vehicle@V1-visteon-service: PERIPHERAL_STATUS:: 03 03 03 03 03 03 03 03 03 01 03 03 03 00 00 00 00 00 00 00
02-03 16:29:03.265   668   676 I UclDL_Impl_VIP: TxA TO : 33
02-03 16:29:03.265   668   676 I UclDL_Impl_VIP: Avg Ack Latency : 8
02-03 16:29:03.266   668   676 I UclDL_Impl_VIP: pollingCntr : 97990
02-03 16:29:03.266   668   676 I UclDL_Impl_TCU: VIP-TCU - txBps : 392
02-03 16:29:03.266   668   676 I UclDL_Impl_TCU: VIP-TCU - rxBps : 272
02-03 16:29:03.266   668   676 I UclDL_Impl_TCU: VIP-TCU - txAckTmo : 1
02-03 16:29:03.973   489   509 I UclDL_Impl: Inst Id : 0 ## Tx Msgs : 4491
02-03 16:29:03.973   489   509 I UclDL_Impl: Inst Id : 0 ## TxA Msgs : 3463
02-03 16:29:03.973   489   509 I UclDL_Impl: Inst Id : 0 ## TxA TO : 0
02-03 16:29:03.973   489   509 I UclDL_Impl: Inst Id : 0 ## Rx Msgs : 4491
02-03 16:29:03.973   489   509 I UclDL_Impl: Inst Id : 0 ## Rx HB Msgs : 395
02-03 16:29:03.973   489   509 I UclDL_Impl: Inst Id : 0 ## Tx Bps : 904
02-03 16:29:03.973   489   509 I UclDL_Impl: Inst Id : 0 ## Rx Bps : 4424
02-03 16:29:03.973   489   509 I UclDL_Impl: Inst Id : 0  ## Avg Ack Latency : 4
02-03 16:29:04.258   490   541 D vendor.visteon.skylark.hardware.automotive.vehicle@V1-visteon-service: PERIPHERAL_STATUS:: 03 03 03 03 03 03 03 03 03 01 03 03 03 00 00 00 00 00 00 00
02-03 16:29:04.270   668   676 I UclDL_Impl_VIP: TxA TO : 33
02-03 16:29:04.270   668   676 I UclDL_Impl_VIP: Avg Ack Latency : 8
02-03 16:29:04.270   668   676 I UclDL_Impl_VIP: pollingCntr : 98240
02-03 16:29:04.270   668   676 I UclDL_Impl_TCU: VIP-TCU - txBps : 392
02-03 16:29:04.270   668   676 I UclDL_Impl_TCU: VIP-TCU - rxBps : 272
02-03 16:29:04.270   668   676 I UclDL_Impl_TCU: VIP-TCU - txAckTmo : 1
02-03 16:29:04.973   489   509 I UclDL_Impl: Inst Id : 0 ## Tx Msgs : 4501
02-03 16:29:04.973   489   509 I UclDL_Impl: Inst Id : 0 ## TxA Msgs : 3471
02-03 16:29:04.973   489   509 I UclDL_Impl: Inst Id : 0 ## TxA TO : 0
02-03 16:29:04.973   489   509 I UclDL_Impl: Inst Id : 0 ## Rx Msgs : 4501
02-03 16:29:04.973   489   509 I UclDL_Impl: Inst Id : 0 ## Rx HB Msgs : 396
02-03 16:29:04.973   489   509 I UclDL_Impl: Inst Id : 0 ## Tx Bps : 808
02-03 16:29:04.973   489   509 I UclDL_Impl: Inst Id : 0 ## Rx Bps : 4368
02-03 16:29:04.973   489   509 I UclDL_Impl: Inst Id : 0  ## Avg Ack Latency : 4
02-03 16:29:05.263   490   541 D vendor.visteon.skylark.hardware.automotive.vehicle@V1-visteon-service: PERIPHERAL_STATUS:: 03 03 03 03 03 03 03 03 03 01 03 03 03 00 00 00 00 00 00 00
02-03 16:29:05.273   668   676 I UclDL_Impl_VIP: TxA TO : 33
02-03 16:29:05.274   668   676 I UclDL_Impl_VIP: Avg Ack Latency : 9
02-03 16:29:05.274   668   676 I UclDL_Impl_VIP: pollingCntr : 98490
02-03 16:29:05.274   668   676 I UclDL_Impl_TCU: VIP-TCU - txBps : 392
02-03 16:29:05.274   668   676 I UclDL_Impl_TCU: VIP-TCU - rxBps : 320
02-03 16:29:05.274   668   676 I UclDL_Impl_TCU: VIP-TCU - txAckTmo : 1
02-03 16:29:05.973   489   509 I UclDL_Impl: Inst Id : 0 ## Tx Msgs : 4511
02-03 16:29:05.973   489   509 I UclDL_Impl: Inst Id : 0 ## TxA Msgs : 3479
02-03 16:29:05.973   489   509 I UclDL_Impl: Inst Id : 0 ## TxA TO : 0
02-03 16:29:05.973   489   509 I UclDL_Impl: Inst Id : 0 ## Rx Msgs : 4511
02-03 16:29:05.973   489   509 I UclDL_Impl: Inst Id : 0 ## Rx HB Msgs : 397
02-03 16:29:05.973   489   509 I UclDL_Impl: Inst Id : 0 ## Tx Bps : 808
02-03 16:29:05.973   489   509 I UclDL_Impl: Inst Id : 0 ## Rx Bps : 4368
02-03 16:29:05.973   489   509 I UclDL_Impl: Inst Id : 0  ## Avg Ack Latency : 6
02-03 16:29:06.267   490   541 D vendor.visteon.skylark.hardware.automotive.vehicle@V1-visteon-service: PERIPHERAL_STATUS:: 03 03 03 03 03 03 03 03 03 01 03 03 03 00 00 00 00 00 00 00
02-03 16:29:06.282   668   676 I UclDL_Impl_VIP: TxA TO : 33
02-03 16:29:06.282   668   676 I UclDL_Impl_VIP: Avg Ack Latency : 6
02-03 16:29:06.282   668   676 I UclDL_Impl_VIP: pollingCntr : 98740
02-03 16:29:06.282   668   676 I UclDL_Impl_TCU: VIP-TCU - txBps : 392
02-03 16:29:06.282   668   676 I UclDL_Impl_TCU: VIP-TCU - rxBps : 320
02-03 16:29:06.282   668   676 I UclDL_Impl_TCU: VIP-TCU - txAckTmo : 1
02-03 16:29:06.973   489   509 I UclDL_Impl: Inst Id : 0 ## Tx Msgs : 4521
02-03 16:29:06.973   489   509 I UclDL_Impl: Inst Id : 0 ## TxA Msgs : 3487
02-03 16:29:06.973   489   509 I UclDL_Impl: Inst Id : 0 ## TxA TO : 0
02-03 16:29:06.973   489   509 I UclDL_Impl: Inst Id : 0 ## Rx Msgs : 4521
02-03 16:29:06.973   489   509 I UclDL_Impl: Inst Id : 0 ## Rx HB Msgs : 398
02-03 16:29:06.973   489   509 I UclDL_Impl: Inst Id : 0 ## Tx Bps : 808
02-03 16:29:06.973   489   509 I UclDL_Impl: Inst Id : 0 ## Rx Bps : 4368
02-03 16:29:06.973   489   509 I UclDL_Impl: Inst Id : 0  ## Avg Ack Latency : 7
02-03 16:29:07.271   490   541 D vendor.visteon.skylark.hardware.automotive.vehicle@V1-visteon-service: PERIPHERAL_STATUS:: 03 03 03 03 03 03 03 03 03 01 03 03 03 00 00 00 00 00 00 00
02-03 16:29:07.286   668   676 I UclDL_Impl_VIP: TxA TO : 33
02-03 16:29:07.286   668   676 I UclDL_Impl_VIP: Avg Ack Latency : 9
02-03 16:29:07.286   668   676 I UclDL_Impl_VIP: pollingCntr : 98990
02-03 16:29:07.286   668   676 I UclDL_Impl_TCU: VIP-TCU - txBps : 392
02-03 16:29:07.286   668   676 I UclDL_Impl_TCU: VIP-TCU - rxBps : 320
02-03 16:29:07.286   668   676 I UclDL_Impl_TCU: VIP-TCU - txAckTmo : 1
02-03 16:29:07.973   489   509 I UclDL_Impl: Inst Id : 0 ## Tx Msgs : 4531
02-03 16:29:07.973   489   509 I UclDL_Impl: Inst Id : 0 ## TxA Msgs : 3495
02-03 16:29:07.973   489   509 I UclDL_Impl: Inst Id : 0 ## TxA TO : 0
02-03 16:29:07.973   489   509 I UclDL_Impl: Inst Id : 0 ## Rx Msgs : 4531
02-03 16:29:07.973   489   509 I UclDL_Impl: Inst Id : 0 ## Rx HB Msgs : 399
02-03 16:29:07.973   489   509 I UclDL_Impl: Inst Id : 0 ## Tx Bps : 808
02-03 16:29:07.973   489   509 I UclDL_Impl: Inst Id : 0 ## Rx Bps : 4368
02-03 16:29:07.973   489   509 I UclDL_Impl: Inst Id : 0  ## Avg Ack Latency : 7
02-03 16:29:08.278   490   541 D vendor.visteon.skylark.hardware.automotive.vehicle@V1-visteon-service: PERIPHERAL_STATUS:: 03 03 03 03 03 03 03 03 03 01 03 03 03 00 00 00 00 00 00 00
02-03 16:29:08.289   668   676 I UclDL_Impl_VIP: TxA TO : 33
02-03 16:29:08.290   668   676 I UclDL_Impl_VIP: Avg Ack Latency : 9
02-03 16:29:08.290   668   676 I UclDL_Impl_VIP: pollingCntr : 99240
02-03 16:29:08.290   668   676 I UclDL_Impl_TCU: VIP-TCU - txBps : 392
02-03 16:29:08.290   668   676 I UclDL_Impl_TCU: VIP-TCU - rxBps : 320
02-03 16:29:08.290   668   676 I UclDL_Impl_TCU: VIP-TCU - txAckTmo : 1
02-03 16:29:08.973   489   509 I UclDL_Impl: Inst Id : 0 ## Tx Msgs : 4542
02-03 16:29:08.973   489   509 I UclDL_Impl: Inst Id : 0 ## TxA Msgs : 3503
02-03 16:29:08.973   489   509 I UclDL_Impl: Inst Id : 0 ## TxA TO : 0
02-03 16:29:08.973   489   509 I UclDL_Impl: Inst Id : 0 ## Rx Msgs : 4542
02-03 16:29:08.973   489   509 I UclDL_Impl: Inst Id : 0 ## Rx HB Msgs : 400
02-03 16:29:08.973   489   509 I UclDL_Impl: Inst Id : 0 ## Tx Bps : 904
02-03 16:29:08.973   489   509 I UclDL_Impl: Inst Id : 0 ## Rx Bps : 4424
02-03 16:29:08.973   489   509 I UclDL_Impl: Inst Id : 0  ## Avg Ack Latency : 7
02-03 16:29:09.282   490   541 D vendor.visteon.skylark.hardware.automotive.vehicle@V1-visteon-service: PERIPHERAL_STATUS:: 03 03 03 03 03 03 03 03 03 01 03 03 03 00 00 00 00 00 00 00
02-03 16:29:09.294   668   676 I UclDL_Impl_VIP: TxA TO : 33
02-03 16:29:09.294   668   676 I UclDL_Impl_VIP: Avg Ack Latency : 8
02-03 16:29:09.294   668   676 I UclDL_Impl_VIP: pollingCntr : 99490
02-03 16:29:09.294   668   676 I UclDL_Impl_TCU: VIP-TCU - txBps : 392
02-03 16:29:09.294   668   676 I UclDL_Impl_TCU: VIP-TCU - rxBps : 320
02-03 16:29:09.294   668   676 I UclDL_Impl_TCU: VIP-TCU - txAckTmo : 1
02-03 16:29:09.973   489   509 I UclDL_Impl: Inst Id : 0 ## Tx Msgs : 4552
02-03 16:29:09.973   489   509 I UclDL_Impl: Inst Id : 0 ## TxA Msgs : 3511
02-03 16:29:09.973   489   509 I UclDL_Impl: Inst Id : 0 ## TxA TO : 0
02-03 16:29:09.973   489   509 I UclDL_Impl: Inst Id : 0 ## Rx Msgs : 4552
02-03 16:29:09.973   489   509 I UclDL_Impl: Inst Id : 0 ## Rx HB Msgs : 401
02-03 16:29:09.973   489   509 I UclDL_Impl: Inst Id : 0 ## Tx Bps : 808
02-03 16:29:09.973   489   509 I UclDL_Impl: Inst Id : 0 ## Rx Bps : 4368
02-03 16:29:09.973   489   509 I UclDL_Impl: Inst Id : 0  ## Avg Ack Latency : 7
02-03 16:29:10.286   490   541 D vendor.visteon.skylark.hardware.automotive.vehicle@V1-visteon-service: PERIPHERAL_STATUS:: 03 03 03 03 03 03 03 03 03 01 03 03 03 00 00 00 00 00 00 00
02-03 16:29:10.298   668   676 I UclDL_Impl_VIP: TxA TO : 33
02-03 16:29:10.298   668   676 I UclDL_Impl_VIP: Avg Ack Latency : 8
02-03 16:29:10.298   668   676 I UclDL_Impl_VIP: pollingCntr : 99740
02-03 16:29:10.298   668   676 I UclDL_Impl_TCU: VIP-TCU - txBps : 392
02-03 16:29:10.298   668   676 I UclDL_Impl_TCU: VIP-TCU - rxBps : 368
02-03 16:29:10.298   668   676 I UclDL_Impl_TCU: VIP-TCU - txAckTmo : 1
02-03 16:29:10.973   489   509 I UclDL_Impl: Inst Id : 0 ## Tx Msgs : 4562
02-03 16:29:10.973   489   509 I UclDL_Impl: Inst Id : 0 ## TxA Msgs : 3519
02-03 16:29:10.973   489   509 I UclDL_Impl: Inst Id : 0 ## TxA TO : 0
02-03 16:29:10.973   489   509 I UclDL_Impl: Inst Id : 0 ## Rx Msgs : 4562
02-03 16:29:10.973   489   509 I UclDL_Impl: Inst Id : 0 ## Rx HB Msgs : 402
02-03 16:29:10.973   489   509 I UclDL_Impl: Inst Id : 0 ## Tx Bps : 808
02-03 16:29:10.973   489   509 I UclDL_Impl: Inst Id : 0 ## Rx Bps : 4368
02-03 16:29:10.973   489   509 I UclDL_Impl: Inst Id : 0  ## Avg Ack Latency : 7
02-03 16:29:11.291   490   541 D vendor.visteon.skylark.hardware.automotive.vehicle@V1-visteon-service: PERIPHERAL_STATUS:: 03 03 03 03 03 03 03 03 03 01 03 03 03 00 00 00 00 00 00 00
02-03 16:29:11.306   668   676 I UclDL_Impl_VIP: TxA TO : 33
02-03 16:29:11.306   668   676 I UclDL_Impl_VIP: Avg Ack Latency : 7
02-03 16:29:11.306   668   676 I UclDL_Impl_VIP: pollingCntr : 99990
02-03 16:29:11.306   668   676 I UclDL_Impl_TCU: VIP-TCU - txBps : 392
02-03 16:29:11.306   668   676 I UclDL_Impl_TCU: VIP-TCU - rxBps : 320
02-03 16:29:11.306   668   676 I UclDL_Impl_TCU: VIP-TCU - txAckTmo : 1
02-03 16:29:11.973   489   509 I UclDL_Impl: Inst Id : 0 ## Tx Msgs : 4573
02-03 16:29:11.973   489   509 I UclDL_Impl: Inst Id : 0 ## TxA Msgs : 3528
02-03 16:29:11.973   489   509 I UclDL_Impl: Inst Id : 0 ## TxA TO : 0
02-03 16:29:11.973   489   509 I UclDL_Impl: Inst Id : 0 ## Rx Msgs : 4573
02-03 16:29:11.973   489   509 I UclDL_Impl: Inst Id : 0 ## Rx HB Msgs : 403
02-03 16:29:11.973   489   509 I UclDL_Impl: Inst Id : 0 ## Tx Bps : 888
02-03 16:29:11.973   489   509 I UclDL_Impl: Inst Id : 0 ## Rx Bps : 4672
02-03 16:29:11.973   489   509 I UclDL_Impl: Inst Id : 0  ## Avg Ack Latency : 7
02-03 16:29:12.299   490   541 D vendor.visteon.skylark.hardware.automotive.vehicle@V1-visteon-service: PERIPHERAL_STATUS:: 03 03 03 03 03 03 03 03 03 01 03 03 03 00 00 00 00 00 00 00
02-03 16:29:12.310   668   676 I UclDL_Impl_VIP: TxA TO : 33
02-03 16:29:12.310   668   676 I UclDL_Impl_VIP: Avg Ack Latency : 10
02-03 16:29:12.310   668   676 I UclDL_Impl_VIP: pollingCntr : 100240
02-03 16:29:12.310   668   676 I UclDL_Impl_TCU: VIP-TCU - txBps : 392
02-03 16:29:12.310   668   676 I UclDL_Impl_TCU: VIP-TCU - rxBps : 320
02-03 16:29:12.310   668   676 I UclDL_Impl_TCU: VIP-TCU - txAckTmo : 1
02-03 16:29:12.973   489   509 I UclDL_Impl: Inst Id : 0 ## Tx Msgs : 4583
02-03 16:29:12.973   489   509 I UclDL_Impl: Inst Id : 0 ## TxA Msgs : 3536
02-03 16:29:12.973   489   509 I UclDL_Impl: Inst Id : 0 ## TxA TO : 0
02-03 16:29:12.973   489   509 I UclDL_Impl: Inst Id : 0 ## Rx Msgs : 4583
02-03 16:29:12.973   489   509 I UclDL_Impl: Inst Id : 0 ## Rx HB Msgs : 404
02-03 16:29:12.973   489   509 I UclDL_Impl: Inst Id : 0 ## Tx Bps : 808
02-03 16:29:12.973   489   509 I UclDL_Impl: Inst Id : 0 ## Rx Bps : 4368
02-03 16:29:12.973   489   509 I UclDL_Impl: Inst Id : 0  ## Avg Ack Latency : 7
02-03 16:29:13.302   490   541 D vendor.visteon.skylark.hardware.automotive.vehicle@V1-visteon-service: PERIPHERAL_STATUS:: 03 03 03 03 03 03 03 03 03 01 03 03 03 00 00 00 00 00 00 00
02-03 16:29:13.314   668   676 I UclDL_Impl_VIP: TxA TO : 33
02-03 16:29:13.314   668   676 I UclDL_Impl_VIP: Avg Ack Latency : 8
02-03 16:29:13.314   668   676 I UclDL_Impl_VIP: pollingCntr : 100490
02-03 16:29:13.314   668   676 I UclDL_Impl_TCU: VIP-TCU - txBps : 392
02-03 16:29:13.314   668   676 I UclDL_Impl_TCU: VIP-TCU - rxBps : 320
02-03 16:29:13.314   668   676 I UclDL_Impl_TCU: VIP-TCU - txAckTmo : 1
02-03 16:29:13.973   489   509 I UclDL_Impl: Inst Id : 0 ## Tx Msgs : 4594
02-03 16:29:13.973   489   509 I UclDL_Impl: Inst Id : 0 ## TxA Msgs : 3544
02-03 16:29:13.973   489   509 I UclDL_Impl: Inst Id : 0 ## TxA TO : 0
02-03 16:29:13.973   489   509 I UclDL_Impl: Inst Id : 0 ## Rx Msgs : 4594
02-03 16:29:13.973   489   509 I UclDL_Impl: Inst Id : 0 ## Rx HB Msgs : 405
02-03 16:29:13.973   489   509 I UclDL_Impl: Inst Id : 0 ## Tx Bps : 904
02-03 16:29:13.973   489   509 I UclDL_Impl: Inst Id : 0 ## Rx Bps : 4424
02-03 16:29:13.973   489   509 I UclDL_Impl: Inst Id : 0  ## Avg Ack Latency : 7
02-03 16:29:14.307   490   541 D vendor.visteon.skylark.hardware.automotive.vehicle@V1-visteon-service: PERIPHERAL_STATUS:: 03 03 03 03 03 03 03 03 03 01 03 03 03 00 00 00 00 00 00 00
02-03 16:29:14.318   668   676 I UclDL_Impl_VIP: TxA TO : 33
02-03 16:29:14.318   668   676 I UclDL_Impl_VIP: Avg Ack Latency : 9
02-03 16:29:14.318   668   676 I UclDL_Impl_VIP: pollingCntr : 100740
02-03 16:29:14.318   668   676 I UclDL_Impl_TCU: VIP-TCU - txBps : 392
02-03 16:29:14.318   668   676 I UclDL_Impl_TCU: VIP-TCU - rxBps : 320
02-03 16:29:14.318   668   676 I UclDL_Impl_TCU: VIP-TCU - txAckTmo : 1
02-03 16:29:14.973   489   509 I UclDL_Impl: Inst Id : 0 ## Tx Msgs : 4604
02-03 16:29:14.973   489   509 I UclDL_Impl: Inst Id : 0 ## TxA Msgs : 3552
02-03 16:29:14.973   489   509 I UclDL_Impl: Inst Id : 0 ## TxA TO : 0
02-03 16:29:14.973   489   509 I UclDL_Impl: Inst Id : 0 ## Rx Msgs : 4604
02-03 16:29:14.973   489   509 I UclDL_Impl: Inst Id : 0 ## Rx HB Msgs : 406
02-03 16:29:14.973   489   509 I UclDL_Impl: Inst Id : 0 ## Tx Bps : 808
02-03 16:29:14.973   489   509 I UclDL_Impl: Inst Id : 0 ## Rx Bps : 4368
02-03 16:29:14.973   489   509 I UclDL_Impl: Inst Id : 0  ## Avg Ack Latency : 7
02-03 16:29:15.311   490   541 D vendor.visteon.skylark.hardware.automotive.vehicle@V1-visteon-service: PERIPHERAL_STATUS:: 03 03 03 03 03 03 03 03 03 01 03 03 03 00 00 00 00 00 00 00
02-03 16:29:15.322   668   676 I UclDL_Impl_VIP: TxA TO : 33
02-03 16:29:15.322   668   676 I UclDL_Impl_VIP: Avg Ack Latency : 6
02-03 16:29:15.322   668   676 I UclDL_Impl_VIP: pollingCntr : 100990
02-03 16:29:15.322   668   676 I UclDL_Impl_TCU: VIP-TCU - txBps : 392
02-03 16:29:15.322   668   676 I UclDL_Impl_TCU: VIP-TCU - rxBps : 320
02-03 16:29:15.322   668   676 I UclDL_Impl_TCU: VIP-TCU - txAckTmo : 1
02-03 16:29:15.973   489   509 I UclDL_Impl: Inst Id : 0 ## Tx Msgs : 4614
02-03 16:29:15.973   489   509 I UclDL_Impl: Inst Id : 0 ## TxA Msgs : 3560
02-03 16:29:15.973   489   509 I UclDL_Impl: Inst Id : 0 ## TxA TO : 0
02-03 16:29:15.973   489   509 I UclDL_Impl: Inst Id : 0 ## Rx Msgs : 4614
02-03 16:29:15.973   489   509 I UclDL_Impl: Inst Id : 0 ## Rx HB Msgs : 407
02-03 16:29:15.973   489   509 I UclDL_Impl: Inst Id : 0 ## Tx Bps : 808
02-03 16:29:15.973   489   509 I UclDL_Impl: Inst Id : 0 ## Rx Bps : 4368
02-03 16:29:15.973   489   509 I UclDL_Impl: Inst Id : 0  ## Avg Ack Latency : 9
02-03 16:29:16.314   490   541 D vendor.visteon.skylark.hardware.automotive.vehicle@V1-visteon-service: PERIPHERAL_STATUS:: 03 03 03 03 03 03 03 03 03 01 03 03 03 00 00 00 00 00 00 00
02-03 16:29:16.327   668   676 I UclDL_Impl_VIP: TxA TO : 33
02-03 16:29:16.327   668   676 I UclDL_Impl_VIP: Avg Ack Latency : 9
02-03 16:29:16.327   668   676 I UclDL_Impl_VIP: pollingCntr : 101240
02-03 16:29:16.327   668   676 I UclDL_Impl_TCU: VIP-TCU - txBps : 392
02-03 16:29:16.327   668   676 I UclDL_Impl_TCU: VIP-TCU - rxBps : 320
02-03 16:29:16.327   668   676 I UclDL_Impl_TCU: VIP-TCU - txAckTmo : 1
02-03 16:29:16.973   489   509 I UclDL_Impl: Inst Id : 0 ## Tx Msgs : 4624
02-03 16:29:16.973   489   509 I UclDL_Impl: Inst Id : 0 ## TxA Msgs : 3568
02-03 16:29:16.974   489   509 I UclDL_Impl: Inst Id : 0 ## TxA TO : 0
02-03 16:29:16.974   489   509 I UclDL_Impl: Inst Id : 0 ## Rx Msgs : 4624
02-03 16:29:16.974   489   509 I UclDL_Impl: Inst Id : 0 ## Rx HB Msgs : 408
02-03 16:29:16.974   489   509 I UclDL_Impl: Inst Id : 0 ## Tx Bps : 808
02-03 16:29:16.974   489   509 I UclDL_Impl: Inst Id : 0 ## Rx Bps : 4368
02-03 16:29:16.974   489   509 I UclDL_Impl: Inst Id : 0  ## Avg Ack Latency : 10
02-03 16:29:17.323   490   541 D vendor.visteon.skylark.hardware.automotive.vehicle@V1-visteon-service: PERIPHERAL_STATUS:: 03 03 03 03 03 03 03 03 03 01 03 03 03 00 00 00 00 00 00 00
02-03 16:29:17.334   668   676 I UclDL_Impl_VIP: TxA TO : 33
02-03 16:29:17.334   668   676 I UclDL_Impl_VIP: Avg Ack Latency : 9
02-03 16:29:17.334   668   676 I UclDL_Impl_VIP: pollingCntr : 101490
02-03 16:29:17.334   668   676 I UclDL_Impl_TCU: VIP-TCU - txBps : 464
02-03 16:29:17.334   668   676 I UclDL_Impl_TCU: VIP-TCU - rxBps : 320
02-03 16:29:17.334   668   676 I UclDL_Impl_TCU: VIP-TCU - txAckTmo : 1
02-03 16:29:17.973   489   509 I UclDL_Impl: Inst Id : 0 ## Tx Msgs : 4634
02-03 16:29:17.973   489   509 I UclDL_Impl: Inst Id : 0 ## TxA Msgs : 3576
02-03 16:29:17.973   489   509 I UclDL_Impl: Inst Id : 0 ## TxA TO : 0
02-03 16:29:17.973   489   509 I UclDL_Impl: Inst Id : 0 ## Rx Msgs : 4634
02-03 16:29:17.973   489   509 I UclDL_Impl: Inst Id : 0 ## Rx HB Msgs : 409
02-03 16:29:17.973   489   509 I UclDL_Impl: Inst Id : 0 ## Tx Bps : 808
02-03 16:29:17.973   489   509 I UclDL_Impl: Inst Id : 0 ## Rx Bps : 4368
02-03 16:29:17.973   489   509 I UclDL_Impl: Inst Id : 0  ## Avg Ack Latency : 7
02-03 16:29:18.328   490   541 D vendor.visteon.skylark.hardware.automotive.vehicle@V1-visteon-service: PERIPHERAL_STATUS:: 03 03 03 03 03 03 03 03 03 01 03 03 03 00 00 00 00 00 00 00
02-03 16:29:18.337   668   676 I UclDL_Impl_VIP: TxA TO : 33
02-03 16:29:18.337   668   676 I UclDL_Impl_VIP: Avg Ack Latency : 8
02-03 16:29:18.337   668   676 I UclDL_Impl_VIP: pollingCntr : 101740
02-03 16:29:18.338   668   676 I UclDL_Impl_TCU: VIP-TCU - txBps : 464
02-03 16:29:18.338   668   676 I UclDL_Impl_TCU: VIP-TCU - rxBps : 320
02-03 16:29:18.338   668   676 I UclDL_Impl_TCU: VIP-TCU - txAckTmo : 1
02-03 16:29:18.973   489   509 I UclDL_Impl: Inst Id : 0 ## Tx Msgs : 4645
02-03 16:29:18.973   489   509 I UclDL_Impl: Inst Id : 0 ## TxA Msgs : 3584
02-03 16:29:18.973   489   509 I UclDL_Impl: Inst Id : 0 ## TxA TO : 0
02-03 16:29:18.973   489   509 I UclDL_Impl: Inst Id : 0 ## Rx Msgs : 4645
02-03 16:29:18.973   489   509 I UclDL_Impl: Inst Id : 0 ## Rx HB Msgs : 410
02-03 16:29:18.973   489   509 I UclDL_Impl: Inst Id : 0 ## Tx Bps : 904
02-03 16:29:18.973   489   509 I UclDL_Impl: Inst Id : 0 ## Rx Bps : 4424
02-03 16:29:18.973   489   509 I UclDL_Impl: Inst Id : 0  ## Avg Ack Latency : 4
02-03 16:29:19.332   490   541 D vendor.visteon.skylark.hardware.automotive.vehicle@V1-visteon-service: PERIPHERAL_STATUS:: 03 03 03 03 03 03 03 03 03 01 03 03 03 00 00 00 00 00 00 00
02-03 16:29:19.342   668   676 I UclDL_Impl_VIP: TxA TO : 33
02-03 16:29:19.342   668   676 I UclDL_Impl_VIP: Avg Ack Latency : 9
02-03 16:29:19.342   668   676 I UclDL_Impl_VIP: pollingCntr : 101990
02-03 16:29:19.342   668   676 I UclDL_Impl_TCU: VIP-TCU - txBps : 464
02-03 16:29:19.342   668   676 I UclDL_Impl_TCU: VIP-TCU - rxBps : 320
02-03 16:29:19.343   668   676 I UclDL_Impl_TCU: VIP-TCU - txAckTmo : 1
02-03 16:29:19.973   489   509 I UclDL_Impl: Inst Id : 0 ## Tx Msgs : 4655
02-03 16:29:19.973   489   509 I UclDL_Impl: Inst Id : 0 ## TxA Msgs : 3592
02-03 16:29:19.973   489   509 I UclDL_Impl: Inst Id : 0 ## TxA TO : 0
02-03 16:29:19.973   489   509 I UclDL_Impl: Inst Id : 0 ## Rx Msgs : 4655
02-03 16:29:19.973   489   509 I UclDL_Impl: Inst Id : 0 ## Rx HB Msgs : 411
02-03 16:29:19.973   489   509 I UclDL_Impl: Inst Id : 0 ## Tx Bps : 808
02-03 16:29:19.973   489   509 I UclDL_Impl: Inst Id : 0 ## Rx Bps : 4368
02-03 16:29:19.973   489   509 I UclDL_Impl: Inst Id : 0  ## Avg Ack Latency : 4
02-03 16:29:20.334   490   541 D vendor.visteon.skylark.hardware.automotive.vehicle@V1-visteon-service: PERIPHERAL_STATUS:: 03 03 03 03 03 03 03 03 03 01 03 03 03 00 00 00 00 00 00 00
02-03 16:29:20.346   668   676 I UclDL_Impl_VIP: TxA TO : 33
02-03 16:29:20.346   668   676 I UclDL_Impl_VIP: Avg Ack Latency : 7
02-03 16:29:20.346   668   676 I UclDL_Impl_VIP: pollingCntr : 102240
02-03 16:29:20.346   668   676 I UclDL_Impl_TCU: VIP-TCU - txBps : 464
02-03 16:29:20.346   668   676 I UclDL_Impl_TCU: VIP-TCU - rxBps : 320
02-03 16:29:20.346   668   676 I UclDL_Impl_TCU: VIP-TCU - txAckTmo : 1
02-03 16:29:20.973   489   509 I UclDL_Impl: Inst Id : 0 ## Tx Msgs : 4665
02-03 16:29:20.973   489   509 I UclDL_Impl: Inst Id : 0 ## TxA Msgs : 3600
02-03 16:29:20.973   489   509 I UclDL_Impl: Inst Id : 0 ## TxA TO : 0
02-03 16:29:20.973   489   509 I UclDL_Impl: Inst Id : 0 ## Rx Msgs : 4665
02-03 16:29:20.973   489   509 I UclDL_Impl: Inst Id : 0 ## Rx HB Msgs : 412
02-03 16:29:20.973   489   509 I UclDL_Impl: Inst Id : 0 ## Tx Bps : 808
02-03 16:29:20.973   489   509 I UclDL_Impl: Inst Id : 0 ## Rx Bps : 4368
02-03 16:29:20.973   489   509 I UclDL_Impl: Inst Id : 0  ## Avg Ack Latency : 6
02-03 16:29:21.338   490   541 D vendor.visteon.skylark.hardware.automotive.vehicle@V1-visteon-service: PERIPHERAL_STATUS:: 03 03 03 03 03 03 03 03 03 01 03 03 03 00 00 00 00 00 00 00
02-03 16:29:21.353   668   676 I UclDL_Impl_VIP: TxA TO : 33
02-03 16:29:21.354   668   676 I UclDL_Impl_VIP: Avg Ack Latency : 6
02-03 16:29:21.354   668   676 I UclDL_Impl_VIP: pollingCntr : 102490
02-03 16:29:21.354   668   676 I UclDL_Impl_TCU: VIP-TCU - txBps : 392
02-03 16:29:21.354   668   676 I UclDL_Impl_TCU: VIP-TCU - rxBps : 320
02-03 16:29:21.354   668   676 I UclDL_Impl_TCU: VIP-TCU - txAckTmo : 1
02-03 16:29:21.973   489   509 I UclDL_Impl: Inst Id : 0 ## Tx Msgs : 4676
02-03 16:29:21.973   489   509 I UclDL_Impl: Inst Id : 0 ## TxA Msgs : 3609
02-03 16:29:21.973   489   509 I UclDL_Impl: Inst Id : 0 ## TxA TO : 0
02-03 16:29:21.973   489   509 I UclDL_Impl: Inst Id : 0 ## Rx Msgs : 4676
02-03 16:29:21.973   489   509 I UclDL_Impl: Inst Id : 0 ## Rx HB Msgs : 413
02-03 16:29:21.973   489   509 I UclDL_Impl: Inst Id : 0 ## Tx Bps : 888
02-03 16:29:21.973   489   509 I UclDL_Impl: Inst Id : 0 ## Rx Bps : 4672
02-03 16:29:21.973   489   509 I UclDL_Impl: Inst Id : 0  ## Avg Ack Latency : 7
02-03 16:29:22.347   490   541 D vendor.visteon.skylark.hardware.automotive.vehicle@V1-visteon-service: PERIPHERAL_STATUS:: 03 03 03 03 03 03 03 03 03 01 03 03 03 00 00 00 00 00 00 00
02-03 16:29:22.358   668   676 I UclDL_Impl_VIP: Avg Ack Latency : 7
02-03 16:29:22.358   668   676 I UclDL_Impl_VIP: pollingCntr : 102740
02-03 16:29:22.358   668   676 I UclDL_Impl_TCU: VIP-TCU - txBps : 472
02-03 16:29:22.358   668   676 I UclDL_Impl_TCU: VIP-TCU - rxBps : 392
02-03 16:29:22.358   668   676 I UclDL_Impl_TCU: VIP-TCU - txAckTmo : 1
02-03 16:29:22.973   489   509 I UclDL_Impl: Inst Id : 0 ## Tx Msgs : 4687
02-03 16:29:22.973   489   509 I UclDL_Impl: Inst Id : 0 ## TxA Msgs : 3617
02-03 16:29:22.973   489   509 I UclDL_Impl: Inst Id : 0 ## TxA TO : 0
02-03 16:29:22.973   489   509 I UclDL_Impl: Inst Id : 0 ## Rx Msgs : 4686
02-03 16:29:22.973   489   509 I UclDL_Impl: Inst Id : 0 ## Rx HB Msgs : 414
02-03 16:29:22.973   489   509 I UclDL_Impl: Inst Id : 0 ## Tx Bps : 880
02-03 16:29:22.974   489   509 I UclDL_Impl: Inst Id : 0 ## Rx Bps : 4368
02-03 16:29:22.974   489   509 I UclDL_Impl: Inst Id : 0  ## Avg Ack Latency : 7
02-03 16:29:23.351   490   541 D vendor.visteon.skylark.hardware.automotive.vehicle@V1-visteon-service: PERIPHERAL_STATUS:: 03 03 03 03 03 03 03 03 03 01 03 03 03 00 00 00 00 00 00 00
02-03 16:29:23.362   668   676 I UclDL_Impl_VIP: TxA TO : 33
02-03 16:29:23.362   668   676 I UclDL_Impl_VIP: Avg Ack Latency : 9
02-03 16:29:23.362   668   676 I UclDL_Impl_VIP: pollingCntr : 102990
02-03 16:29:23.362   668   676 I UclDL_Impl_TCU: VIP-TCU - txBps : 392
02-03 16:29:23.362   668   676 I UclDL_Impl_TCU: VIP-TCU - rxBps : 320
02-03 16:29:23.363   668   676 I UclDL_Impl_TCU: VIP-TCU - txAckTmo : 1
02-03 16:29:23.973   489   509 I UclDL_Impl: Inst Id : 0 ## Tx Msgs : 4699
02-03 16:29:23.973   489   509 I UclDL_Impl: Inst Id : 0 ## TxA Msgs : 3625
02-03 16:29:23.973   489   509 I UclDL_Impl: Inst Id : 0 ## TxA TO : 0
02-03 16:29:23.973   489   509 I UclDL_Impl: Inst Id : 0 ## Rx Msgs : 4697
02-03 16:29:23.973   489   509 I UclDL_Impl: Inst Id : 0 ## Rx HB Msgs : 415
02-03 16:29:23.973   489   509 I UclDL_Impl: Inst Id : 0 ## Tx Bps : 976
02-03 16:29:23.973   489   509 I UclDL_Impl: Inst Id : 0 ## Rx Bps : 4424
02-03 16:29:23.973   489   509 I UclDL_Impl: Inst Id : 0  ## Avg Ack Latency : 7
02-03 16:29:24.355   490   541 D vendor.visteon.skylark.hardware.automotive.vehicle@V1-visteon-service: PERIPHERAL_STATUS:: 03 03 03 03 03 03 03 03 03 01 03 03 03 00 00 00 00 00 00 00
02-03 16:29:24.366   668   676 I UclDL_Impl_VIP: TxA TO : 33
02-03 16:29:24.366   668   676 I UclDL_Impl_VIP: Avg Ack Latency : 6
02-03 16:29:24.366   668   676 I UclDL_Impl_VIP: pollingCntr : 103240
02-03 16:29:24.366   668   676 I UclDL_Impl_TCU: VIP-TCU - txBps : 392
02-03 16:29:24.366   668   676 I UclDL_Impl_TCU: VIP-TCU - rxBps : 320
02-03 16:29:24.366   668   676 I UclDL_Impl_TCU: VIP-TCU - txAckTmo : 1
02-03 16:29:24.973   489   509 I UclDL_Impl: Inst Id : 0 ## Tx Msgs : 4710
02-03 16:29:24.973   489   509 I UclDL_Impl: Inst Id : 0 ## TxA Msgs : 3633
02-03 16:29:24.973   489   509 I UclDL_Impl: Inst Id : 0 ## TxA TO : 0
02-03 16:29:24.973   489   509 I UclDL_Impl: Inst Id : 0 ## Rx Msgs : 4708
02-03 16:29:24.973   489   509 I UclDL_Impl: Inst Id : 0 ## Rx HB Msgs : 417
02-03 16:29:24.973   489   509 I UclDL_Impl: Inst Id : 0 ## Tx Bps : 880
02-03 16:29:24.973   489   509 I UclDL_Impl: Inst Id : 0 ## Rx Bps : 4416
02-03 16:29:24.973   489   509 I UclDL_Impl: Inst Id : 0  ## Avg Ack Latency : 5
02-03 16:29:25.359   490   541 D vendor.visteon.skylark.hardware.automotive.vehicle@V1-visteon-service: PERIPHERAL_STATUS:: 03 03 03 03 03 03 03 03 03 01 03 03 03 00 00 00 00 00 00 00
02-03 16:29:25.373   668   676 I UclDL_Impl_VIP: TxA TO : 33
02-03 16:29:25.374   668   676 I UclDL_Impl_VIP: Avg Ack Latency : 9
02-03 16:29:25.374   668   676 I UclDL_Impl_VIP: pollingCntr : 103490
02-03 16:29:25.374   668   676 I UclDL_Impl_TCU: VIP-TCU - txBps : 392
02-03 16:29:25.374   668   676 I UclDL_Impl_TCU: VIP-TCU - rxBps : 272
02-03 16:29:25.374   668   676 I UclDL_Impl_TCU: VIP-TCU - txAckTmo : 1
02-03 16:29:25.973   489   509 I UclDL_Impl: Inst Id : 0 ## Tx Msgs : 4721
02-03 16:29:25.973   489   509 I UclDL_Impl: Inst Id : 0 ## TxA Msgs : 3641
02-03 16:29:25.973   489   509 I UclDL_Impl: Inst Id : 0 ## TxA TO : 0
02-03 16:29:25.973   489   509 I UclDL_Impl: Inst Id : 0 ## Rx Msgs : 4719
02-03 16:29:25.973   489   509 I UclDL_Impl: Inst Id : 0 ## Rx HB Msgs : 419
02-03 16:29:25.973   489   509 I UclDL_Impl: Inst Id : 0 ## Tx Bps : 880
02-03 16:29:25.973   489   509 I UclDL_Impl: Inst Id : 0 ## Rx Bps : 4416
02-03 16:29:25.974   489   509 I UclDL_Impl: Inst Id : 0  ## Avg Ack Latency : 6
02-03 16:29:26.366   490   541 D vendor.visteon.skylark.hardware.automotive.vehicle@V1-visteon-service: PERIPHERAL_STATUS:: 03 03 03 03 03 03 03 03 03 01 03 03 03 00 00 00 00 00 00 00
02-03 16:29:26.377   668   676 I UclDL_Impl_VIP: TxA TO : 33
02-03 16:29:26.378   668   676 I UclDL_Impl_VIP: Avg Ack Latency : 9
02-03 16:29:26.378   668   676 I UclDL_Impl_VIP: pollingCntr : 103740
02-03 16:29:26.378   668   676 I UclDL_Impl_TCU: VIP-TCU - txBps : 392
02-03 16:29:26.378   668   676 I UclDL_Impl_TCU: VIP-TCU - rxBps : 272
02-03 16:29:26.378   668   676 I UclDL_Impl_TCU: VIP-TCU - txAckTmo : 1
02-03 16:29:26.973   489   509 I UclDL_Impl: Inst Id : 0 ## Tx Msgs : 4731
02-03 16:29:26.973   489   509 I UclDL_Impl: Inst Id : 0 ## TxA Msgs : 3648
02-03 16:29:26.973   489   509 I UclDL_Impl: Inst Id : 0 ## TxA TO : 0
02-03 16:29:26.973   489   509 I UclDL_Impl: Inst Id : 0 ## Rx Msgs : 4729
02-03 16:29:26.973   489   509 I UclDL_Impl: Inst Id : 0 ## Rx HB Msgs : 421
02-03 16:29:26.973   489   509 I UclDL_Impl: Inst Id : 0 ## Tx Bps : 800
02-03 16:29:26.973   489   509 I UclDL_Impl: Inst Id : 0 ## Rx Bps : 4112
02-03 16:29:26.973   489   509 I UclDL_Impl: Inst Id : 0  ## Avg Ack Latency : 7
02-03 16:29:27.370   490   541 D vendor.visteon.skylark.hardware.automotive.vehicle@V1-visteon-service: PERIPHERAL_STATUS:: 03 03 03 03 03 03 03 03 03 01 03 03 03 00 00 00 00 00 00 00
02-03 16:29:27.382   668   676 I UclDL_Impl_VIP: TxA TO : 33
02-03 16:29:27.382   668   676 I UclDL_Impl_VIP: Avg Ack Latency : 8
02-03 16:29:27.382   668   676 I UclDL_Impl_VIP: pollingCntr : 103990
02-03 16:29:27.382   668   676 I UclDL_Impl_TCU: VIP-TCU - txBps : 392
02-03 16:29:27.382   668   676 I UclDL_Impl_TCU: VIP-TCU - rxBps : 272
02-03 16:29:27.382   668   676 I UclDL_Impl_TCU: VIP-TCU - txAckTmo : 1
02-03 16:29:27.973   489   509 I UclDL_Impl: Inst Id : 0 ## Tx Msgs : 4742
02-03 16:29:27.973   489   509 I UclDL_Impl: Inst Id : 0 ## TxA Msgs : 3656
02-03 16:29:27.973   489   509 I UclDL_Impl: Inst Id : 0 ## TxA TO : 0
02-03 16:29:27.973   489   509 I UclDL_Impl: Inst Id : 0 ## Rx Msgs : 4740
02-03 16:29:27.973   489   509 I UclDL_Impl: Inst Id : 0 ## Rx HB Msgs : 423
02-03 16:29:27.973   489   509 I UclDL_Impl: Inst Id : 0 ## Tx Bps : 880
02-03 16:29:27.973   489   509 I UclDL_Impl: Inst Id : 0 ## Rx Bps : 4416
02-03 16:29:27.973   489   509 I UclDL_Impl: Inst Id : 0  ## Avg Ack Latency : 7
02-03 16:29:28.374   490   541 D vendor.visteon.skylark.hardware.automotive.vehicle@V1-visteon-service: PERIPHERAL_STATUS:: 03 03 03 03 03 03 03 03 03 01 03 03 03 00 00 00 00 00 00 00
02-03 16:29:28.386   668   676 I UclDL_Impl_VIP: TxA TO : 33
02-03 16:29:28.386   668   676 I UclDL_Impl_VIP: Avg Ack Latency : 8
02-03 16:29:28.387   668   676 I UclDL_Impl_VIP: pollingCntr : 104240
02-03 16:29:28.387   668   676 I UclDL_Impl_TCU: VIP-TCU - txBps : 392
02-03 16:29:28.387   668   676 I UclDL_Impl_TCU: VIP-TCU - rxBps : 272
02-03 16:29:28.387   668   676 I UclDL_Impl_TCU: VIP-TCU - txAckTmo : 1
02-03 16:29:28.974   489   509 I UclDL_Impl: Inst Id : 0 ## Tx Msgs : 4754
02-03 16:29:28.974   489   509 I UclDL_Impl: Inst Id : 0 ## TxA Msgs : 3664
02-03 16:29:28.974   489   509 I UclDL_Impl: Inst Id : 0 ## TxA TO : 0
02-03 16:29:28.974   489   509 I UclDL_Impl: Inst Id : 0 ## Rx Msgs : 4752
02-03 16:29:28.974   489   509 I UclDL_Impl: Inst Id : 0 ## Rx HB Msgs : 425
02-03 16:29:28.974   489   509 I UclDL_Impl: Inst Id : 0 ## Tx Bps : 976
02-03 16:29:28.974   489   509 I UclDL_Impl: Inst Id : 0 ## Rx Bps : 4472
02-03 16:29:28.974   489   509 I UclDL_Impl: Inst Id : 0  ## Avg Ack Latency : 9
02-03 16:29:29.379   490   541 D vendor.visteon.skylark.hardware.automotive.vehicle@V1-visteon-service: PERIPHERAL_STATUS:: 03 03 03 03 03 03 03 03 03 01 03 03 03 00 00 00 00 00 00 00
02-03 16:29:29.390   668   676 I UclDL_Impl_VIP: TxA TO : 33
02-03 16:29:29.390   668   676 I UclDL_Impl_VIP: Avg Ack Latency : 7
02-03 16:29:29.390   668   676 I UclDL_Impl_VIP: pollingCntr : 104490
02-03 16:29:29.390   668   676 I UclDL_Impl_TCU: VIP-TCU - txBps : 392
02-03 16:29:29.390   668   676 I UclDL_Impl_TCU: VIP-TCU - rxBps : 272
02-03 16:29:29.390   668   676 I UclDL_Impl_TCU: VIP-TCU - txAckTmo : 1
02-03 16:29:29.973   489   509 I UclDL_Impl: Inst Id : 0 ## Tx Msgs : 4765
02-03 16:29:29.973   489   509 I UclDL_Impl: Inst Id : 0 ## TxA Msgs : 3672
02-03 16:29:29.973   489   509 I UclDL_Impl: Inst Id : 0 ## TxA TO : 0
02-03 16:29:29.973   489   509 I UclDL_Impl: Inst Id : 0 ## Rx Msgs : 4763
02-03 16:29:29.973   489   509 I UclDL_Impl: Inst Id : 0 ## Rx HB Msgs : 427
02-03 16:29:29.973   489   509 I UclDL_Impl: Inst Id : 0 ## Tx Bps : 880
02-03 16:29:29.973   489   509 I UclDL_Impl: Inst Id : 0 ## Rx Bps : 4416
02-03 16:29:29.973   489   509 I UclDL_Impl: Inst Id : 0  ## Avg Ack Latency : 9
02-03 16:29:30.383   490   541 D vendor.visteon.skylark.hardware.automotive.vehicle@V1-visteon-service: PERIPHERAL_STATUS:: 03 03 03 03 03 03 03 03 03 01 03 03 03 00 00 00 00 00 00 00
02-03 16:29:30.398   668   676 I UclDL_Impl_VIP: TxA TO : 33
02-03 16:29:30.398   668   676 I UclDL_Impl_VIP: Avg Ack Latency : 6
02-03 16:29:30.398   668   676 I UclDL_Impl_VIP: pollingCntr : 104740
02-03 16:29:30.398   668   676 I UclDL_Impl_TCU: VIP-TCU - txBps : 392
02-03 16:29:30.398   668   676 I UclDL_Impl_TCU: VIP-TCU - rxBps : 272
02-03 16:29:30.398   668   676 I UclDL_Impl_TCU: VIP-TCU - txAckTmo : 1
02-03 16:29:30.973   489   509 I UclDL_Impl: Inst Id : 0 ## Tx Msgs : 4776
02-03 16:29:30.973   489   509 I UclDL_Impl: Inst Id : 0 ## TxA Msgs : 3680
02-03 16:29:30.973   489   509 I UclDL_Impl: Inst Id : 0 ## TxA TO : 0
02-03 16:29:30.973   489   509 I UclDL_Impl: Inst Id : 0 ## Rx Msgs : 4774
02-03 16:29:30.973   489   509 I UclDL_Impl: Inst Id : 0 ## Rx HB Msgs : 429
02-03 16:29:30.973   489   509 I UclDL_Im