01-01 02:25:47.685   490   541 D vendor.visteon.skylark.hardware.automotive.vehicle@V1-visteon-service: PERIPHERAL_STATUS:: 03 03 03 03 03 03 03 03 03 01 03 03 03 00 00 00 00 00 00 00
01-01 02:25:47.696   668   676 I UclDL_Impl_VIP: TxA TO : 33
01-01 02:25:47.697   668   676 I UclDL_Impl_VIP: Avg Ack Latency : 6
01-01 02:25:47.697   668   676 I UclDL_Impl_VIP: pollingCntr : 12492
01-01 02:25:47.697   668   676 I UclDL_Impl_TCU: VIP-TCU - txBps : 392
01-01 02:25:47.697   668   676 I UclDL_Impl_TCU: VIP-TCU - rxBps : 320
01-01 02:25:47.697   668   676 I UclDL_Impl_TCU: VIP-TCU - txAckTmo : 1
01-01 02:25:47.939   489   509 I UclDL_Impl: Inst Id : 0 ## Tx Msgs : 795
01-01 02:25:47.940   489   509 I UclDL_Impl: Inst Id : 0 ## TxA Msgs : 576
01-01 02:25:47.940   489   509 I UclDL_Impl: Inst Id : 0 ## TxA TO : 0
01-01 02:25:47.940   489   509 I UclDL_Impl: Inst Id : 0 ## Rx Msgs : 796
01-01 02:25:47.940   489   509 I UclDL_Impl: Inst Id : 0 ## Rx HB Msgs : 35
01-01 02:25:47.940   489   509 I UclDL_Impl: Inst Id : 0 ## Tx Bps : 808
01-01 02:25:47.940   489   509 I UclDL_Impl: Inst Id : 0 ## Rx Bps : 4368
01-01 02:25:47.940   489   509 I UclDL_Impl: Inst Id : 0  ## Avg Ack Latency : 8
01-01 02:25:48.692   490   541 D vendor.visteon.skylark.hardware.automotive.vehicle@V1-visteon-service: PERIPHERAL_STATUS:: 03 03 03 03 03 03 03 03 03 01 03 03 03 00 00 00 00 00 00 00
01-01 02:25:48.700   668   676 I UclDL_Impl_VIP: TxA TO : 33
01-01 02:25:48.700   668   676 I UclDL_Impl_VIP: Avg Ack Latency : 11
01-01 02:25:48.700   668   676 I UclDL_Impl_VIP: pollingCntr : 12742
01-01 02:25:48.700   668   676 I UclDL_Impl_TCU: VIP-TCU - txBps : 392
01-01 02:25:48.700   668   676 I UclDL_Impl_TCU: VIP-TCU - rxBps : 320
01-01 02:25:48.700   668   676 I UclDL_Impl_TCU: VIP-TCU - txAckTmo : 1
01-01 02:25:48.939   489   509 I UclDL_Impl: Inst Id : 0 ## Tx Msgs : 808
01-01 02:25:48.940   489   509 I UclDL_Impl: Inst Id : 0 ## TxA Msgs : 586
01-01 02:25:48.940   489   509 I UclDL_Impl: Inst Id : 0 ## TxA TO : 0
01-01 02:25:48.940   489   509 I UclDL_Impl: Inst Id : 0 ## Rx Msgs : 809
01-01 02:25:48.940   489   509 I UclDL_Impl: Inst Id : 0 ## Rx HB Msgs : 36
01-01 02:25:48.940   489   509 I UclDL_Impl: Inst Id : 0 ## Tx Bps : 1296
01-01 02:25:48.940   489   509 I UclDL_Impl: Inst Id : 0 ## Rx Bps : 5032
01-01 02:25:48.940   489   509 I UclDL_Impl: Inst Id : 0  ## Avg Ack Latency : 10
01-01 02:25:49.696   490   541 D vendor.visteon.skylark.hardware.automotive.vehicle@V1-visteon-service: PERIPHERAL_STATUS:: 03 03 03 03 03 03 03 03 03 01 03 03 03 00 00 00 00 00 00 00
01-01 02:25:49.704   668   676 I UclDL_Impl_VIP: TxA TO : 33
01-01 02:25:49.704   668   676 I UclDL_Impl_VIP: Avg Ack Latency : 9
01-01 02:25:49.704   668   676 I UclDL_Impl_VIP: pollingCntr : 12992
01-01 02:25:49.704   668   676 I UclDL_Impl_TCU: VIP-TCU - txBps : 464
01-01 02:25:49.704   668   676 I UclDL_Impl_TCU: VIP-TCU - rxBps : 320
01-01 02:25:49.704   668   676 I UclDL_Impl_TCU: VIP-TCU - txAckTmo : 1
01-01 02:25:49.939   489   509 I UclDL_Impl: Inst Id : 0 ## Tx Msgs : 818
01-01 02:25:49.939   489   509 I UclDL_Impl: Inst Id : 0 ## TxA Msgs : 594
01-01 02:25:49.939   489   509 I UclDL_Impl: Inst Id : 0 ## TxA TO : 0
01-01 02:25:49.939   489   509 I UclDL_Impl: Inst Id : 0 ## Rx Msgs : 819
01-01 02:25:49.939   489   509 I UclDL_Impl: Inst Id : 0 ## Rx HB Msgs : 37
01-01 02:25:49.940   489   509 I UclDL_Impl: Inst Id : 0 ## Tx Bps : 808
01-01 02:25:49.940   489   509 I UclDL_Impl: Inst Id : 0 ## Rx Bps : 4368
01-01 02:25:49.940   489   509 I UclDL_Impl: Inst Id : 0  ## Avg Ack Latency : 11
01-01 02:25:50.701   490   541 D vendor.visteon.skylark.hardware.automotive.vehicle@V1-visteon-service: PERIPHERAL_STATUS:: 03 03 03 03 03 03 03 03 03 01 03 03 03 00 00 00 00 00 00 00
01-01 02:25:50.708   668   676 I UclDL_Impl_VIP: TxA TO : 33
01-01 02:25:50.708   668   676 I UclDL_Impl_VIP: Avg Ack Latency : 7
01-01 02:25:50.708   668   676 I UclDL_Impl_VIP: pollingCntr : 13242
01-01 02:25:50.708   668   676 I UclDL_Impl_TCU: VIP-TCU - txBps : 392
01-01 02:25:50.708   668   676 I UclDL_Impl_TCU: VIP-TCU - rxBps : 272
01-01 02:25:50.708   668   676 I UclDL_Impl_TCU: VIP-TCU - txAckTmo : 1
01-01 02:25:50.939   489   509 I UclDL_Impl: Inst Id : 0 ## Tx Msgs : 828
01-01 02:25:50.940   489   509 I UclDL_Impl: Inst Id : 0 ## TxA Msgs : 602
01-01 02:25:50.940   489   509 I UclDL_Impl: Inst Id : 0 ## TxA TO : 0
01-01 02:25:50.940   489   509 I UclDL_Impl: Inst Id : 0 ## Rx Msgs : 829
01-01 02:25:50.940   489   509 I UclDL_Impl: Inst Id : 0 ## Rx HB Msgs : 38
01-01 02:25:50.940   489   509 I UclDL_Impl: Inst Id : 0 ## Tx Bps : 808
01-01 02:25:50.940   489   509 I UclDL_Impl: Inst Id : 0 ## Rx Bps : 4368
01-01 02:25:50.940   489   509 I UclDL_Impl: Inst Id : 0  ## Avg Ack Latency : 11
01-01 02:25:51.705   490   541 D vendor.visteon.skylark.hardware.automotive.vehicle@V1-visteon-service: PERIPHERAL_STATUS:: 03 03 03 03 03 03 03 03 03 01 03 03 03 00 00 00 00 00 00 00
01-01 02:25:51.713   668   676 I UclDL_Impl_VIP: TxA TO : 33
01-01 02:25:51.713   668   676 I UclDL_Impl_VIP: Avg Ack Latency : 12
01-01 02:25:51.713   668   676 I UclDL_Impl_VIP: pollingCntr : 13492
01-01 02:25:51.713   668   676 I UclDL_Impl_TCU: VIP-TCU - txBps : 392
01-01 02:25:51.713   668   676 I UclDL_Impl_TCU: VIP-TCU - rxBps : 272
01-01 02:25:51.713   668   676 I UclDL_Impl_TCU: VIP-TCU - txAckTmo : 1
01-01 02:25:51.939   489   509 I UclDL_Impl: Inst Id : 0 ## Tx Msgs : 839
01-01 02:25:51.939   489   509 I UclDL_Impl: Inst Id : 0 ## TxA Msgs : 610
01-01 02:25:51.940   489   509 I UclDL_Impl: Inst Id : 0 ## TxA TO : 0
01-01 02:25:51.940   489   509 I UclDL_Impl: Inst Id : 0 ## Rx Msgs : 840
01-01 02:25:51.940   489   509 I UclDL_Impl: Inst Id : 0 ## Rx HB Msgs : 39
01-01 02:25:51.940   489   509 I UclDL_Impl: Inst Id : 0 ## Tx Bps : 904
01-01 02:25:51.940   489   509 I UclDL_Impl: Inst Id : 0 ## Rx Bps : 4424
01-01 02:25:51.940   489   509 I UclDL_Impl: Inst Id : 0  ## Avg Ack Latency : 5
01-01 02:25:52.708   490   541 D vendor.visteon.skylark.hardware.automotive.vehicle@V1-visteon-service: PERIPHERAL_STATUS:: 03 03 03 03 03 03 03 03 03 01 03 03 03 00 00 00 00 00 00 00
01-01 02:25:52.720   668   676 I UclDL_Impl_VIP: TxA TO : 33
01-01 02:25:52.720   668   676 I UclDL_Impl_VIP: Avg Ack Latency : 9
01-01 02:25:52.720   668   676 I UclDL_Impl_VIP: pollingCntr : 13742
01-01 02:25:52.720   668   676 I UclDL_Impl_TCU: VIP-TCU - txBps : 392
01-01 02:25:52.720   668   676 I UclDL_Impl_TCU: VIP-TCU - rxBps : 272
01-01 02:25:52.720   668   676 I UclDL_Impl_TCU: VIP-TCU - txAckTmo : 1
01-01 02:25:52.940   489   509 I UclDL_Impl: Inst Id : 0 ## Tx Msgs : 849
01-01 02:25:52.940   489   509 I UclDL_Impl: Inst Id : 0 ## TxA Msgs : 618
01-01 02:25:52.940   489   509 I UclDL_Impl: Inst Id : 0 ## TxA TO : 0
01-01 02:25:52.940   489   509 I UclDL_Impl: Inst Id : 0 ## Rx Msgs : 850
01-01 02:25:52.940   489   509 I UclDL_Impl: Inst Id : 0 ## Rx HB Msgs : 40
01-01 02:25:52.940   489   509 I UclDL_Impl: Inst Id : 0 ## Tx Bps : 808
01-01 02:25:52.940   489   509 I UclDL_Impl: Inst Id : 0 ## Rx Bps : 4368
01-01 02:25:52.940   489   509 I UclDL_Impl: Inst Id : 0  ## Avg Ack Latency : 4
01-01 02:25:53.715   490   541 D vendor.visteon.skylark.hardware.automotive.vehicle@V1-visteon-service: PERIPHERAL_STATUS:: 03 03 03 03 03 03 03 03 03 01 03 03 03 00 00 00 00 00 00 00
01-01 02:25:53.724   668   676 I UclDL_Impl_VIP: TxA TO : 33
01-01 02:25:53.724   668   676 I UclDL_Impl_VIP: Avg Ack Latency : 9
01-01 02:25:53.724   668   676 I UclDL_Impl_VIP: pollingCntr : 13992
01-01 02:25:53.725   668   676 I UclDL_Impl_TCU: VIP-TCU - txBps : 392
01-01 02:25:53.725   668   676 I UclDL_Impl_TCU: VIP-TCU - rxBps : 272
01-01 02:25:53.725   668   676 I UclDL_Impl_TCU: VIP-TCU - txAckTmo : 1
01-01 02:25:53.939   489   509 I UclDL_Impl: Inst Id : 0 ## Tx Msgs : 859
01-01 02:25:53.940   489   509 I UclDL_Impl: Inst Id : 0 ## TxA Msgs : 626
01-01 02:25:53.940   489   509 I UclDL_Impl: Inst Id : 0 ## TxA TO : 0
01-01 02:25:53.940   489   509 I UclDL_Impl: Inst Id : 0 ## Rx Msgs : 860
01-01 02:25:53.940   489   509 I UclDL_Impl: Inst Id : 0 ## Rx HB Msgs : 41
01-01 02:25:53.940   489   509 I UclDL_Impl: Inst Id : 0 ## Tx Bps : 808
01-01 02:25:53.940   489   509 I UclDL_Impl: Inst Id : 0 ## Rx Bps : 4368
01-01 02:25:53.940   489   509 I UclDL_Impl: Inst Id : 0  ## Avg Ack Latency : 6
01-01 02:25:54.723   490   541 D vendor.visteon.skylark.hardware.automotive.vehicle@V1-visteon-service: PERIPHERAL_STATUS:: 03 03 03 03 03 03 03 03 03 01 03 03 03 00 00 00 00 00 00 00
01-01 02:25:54.728   668   676 I UclDL_Impl_VIP: TxA TO : 33
01-01 02:25:54.728   668   676 I UclDL_Impl_VIP: Avg Ack Latency : 7
01-01 02:25:54.728   668   676 I UclDL_Impl_VIP: pollingCntr : 14242
01-01 02:25:54.728   668   676 I UclDL_Impl_TCU: VIP-TCU - txBps : 392
01-01 02:25:54.728   668   676 I UclDL_Impl_TCU: VIP-TCU - rxBps : 272
01-01 02:25:54.728   668   676 I UclDL_Impl_TCU: VIP-TCU - txAckTmo : 1
01-01 02:25:54.943   489   509 I UclDL_Impl: Inst Id : 0 ## Tx Msgs : 869
01-01 02:25:54.943   489   509 I UclDL_Impl: Inst Id : 0 ## TxA Msgs : 634
01-01 02:25:54.943   489   509 I UclDL_Impl: Inst Id : 0 ## TxA TO : 0
01-01 02:25:54.944   489   509 I UclDL_Impl: Inst Id : 0 ## Rx Msgs : 870
01-01 02:25:54.944   489   509 I UclDL_Impl: Inst Id : 0 ## Rx HB Msgs : 42
01-01 02:25:54.944   489   509 I UclDL_Impl: Inst Id : 0 ## Tx Bps : 808
01-01 02:25:54.944   489   509 I UclDL_Impl: Inst Id : 0 ## Rx Bps : 4368
01-01 02:25:54.944   489   509 I UclDL_Impl: Inst Id : 0  ## Avg Ack Latency : 7
01-01 02:25:55.725   490   541 D vendor.visteon.skylark.hardware.automotive.vehicle@V1-visteon-service: PERIPHERAL_STATUS:: 03 03 03 03 03 03 03 03 03 01 03 03 03 00 00 00 00 00 00 00
01-01 02:25:55.737   668   676 I UclDL_Impl_VIP: TxA TO : 33
01-01 02:25:55.737   668   676 I UclDL_Impl_VIP: Avg Ack Latency : 10
01-01 02:25:55.738   668   676 I UclDL_Impl_VIP: pollingCntr : 14492
01-01 02:25:55.738   668   676 I UclDL_Impl_TCU: VIP-TCU - txBps : 392
01-01 02:25:55.738   668   676 I UclDL_Impl_TCU: VIP-TCU - rxBps : 272
01-01 02:25:55.738   668   676 I UclDL_Impl_TCU: VIP-TCU - txAckTmo : 1
01-01 02:25:55.944   489   509 I UclDL_Impl: Inst Id : 0 ## Tx Msgs : 879
01-01 02:25:55.944   489   509 I UclDL_Impl: Inst Id : 0 ## TxA Msgs : 642
01-01 02:25:55.944   489   509 I UclDL_Impl: Inst Id : 0 ## TxA TO : 0
01-01 02:25:55.944   489   509 I UclDL_Impl: Inst Id : 0 ## Rx Msgs : 880
01-01 02:25:55.944   489   509 I UclDL_Impl: Inst Id : 0 ## Rx HB Msgs : 43
01-01 02:25:55.944   489   509 I UclDL_Impl: Inst Id : 0 ## Tx Bps : 808
01-01 02:25:55.944   489   509 I UclDL_Impl: Inst Id : 0 ## Rx Bps : 4368
01-01 02:25:55.944   489   509 I UclDL_Impl: Inst Id : 0  ## Avg Ack Latency : 7
02-03 16:23:28.641   490   541 D vendor.visteon.skylark.hardware.automotive.vehicle@V1-visteon-service: PERIPHERAL_STATUS:: 03 03 03 03 03 03 03 03 03 01 03 03 03 00 00 00 00 00 00 00
02-03 16:23:28.646   668   676 I UclDL_Impl_VIP: TxA TO : 33
02-03 16:23:28.646   668   676 I UclDL_Impl_VIP: Avg Ack Latency : 9
02-03 16:23:28.646   668   676 I UclDL_Impl_VIP: pollingCntr : 14742
02-03 16:23:28.646   668   676 I UclDL_Impl_TCU: VIP-TCU - txBps : 392
02-03 16:23:28.646   668   676 I UclDL_Impl_TCU: VIP-TCU - rxBps : 272
02-03 16:23:28.646   668   676 I UclDL_Impl_TCU: VIP-TCU - txAckTmo : 1
02-03 16:23:28.861   489   509 I UclDL_Impl: Inst Id : 0 ## Tx Msgs : 894
02-03 16:23:28.861   489   509 I UclDL_Impl: Inst Id : 0 ## TxA Msgs : 653
02-03 16:23:28.861   489   509 I UclDL_Impl: Inst Id : 0 ## TxA TO : 0
02-03 16:23:28.861   489   509 I UclDL_Impl: Inst Id : 0 ## Rx Msgs : 895
02-03 16:23:28.861   489   509 I UclDL_Impl: Inst Id : 0 ## Rx HB Msgs : 44
02-03 16:23:28.861   489   509 I UclDL_Impl: Inst Id : 0 ## Tx Bps : 1296
02-03 16:23:28.861   489   509 I UclDL_Impl: Inst Id : 0 ## Rx Bps : 4912
02-03 16:23:28.861   489   509 I UclDL_Impl: Inst Id : 0  ## Avg Ack Latency : 7
02-03 16:23:29.651   490   541 D vendor.visteon.skylark.hardware.automotive.vehicle@V1-visteon-service: PERIPHERAL_STATUS:: 03 03 03 03 03 03 03 03 03 01 03 03 03 00 00 00 00 00 00 00
02-03 16:23:29.655   668   676 I UclDL_Impl_VIP: TxA TO : 33
02-03 16:23:29.655   668   676 I UclDL_Impl_VIP: Avg Ack Latency : 10
02-03 16:23:29.655   668   676 I UclDL_Impl_VIP: pollingCntr : 14992
02-03 16:23:29.655   668   676 I UclDL_Impl_TCU: VIP-TCU - txBps : 392
02-03 16:23:29.656   668   676 I UclDL_Impl_TCU: VIP-TCU - rxBps : 272
02-03 16:23:29.656   668   676 I UclDL_Impl_TCU: VIP-TCU - txAckTmo : 1
02-03 16:23:29.861   489   509 I UclDL_Impl: Inst Id : 0 ## Tx Msgs : 906
02-03 16:23:29.861   489   509 I UclDL_Impl: Inst Id : 0 ## TxA Msgs : 662
02-03 16:23:29.861   489   509 I UclDL_Impl: Inst Id : 0 ## TxA TO : 0
02-03 16:23:29.861   489   509 I UclDL_Impl: Inst Id : 0 ## Rx Msgs : 907
02-03 16:23:29.861   489   509 I UclDL_Impl: Inst Id : 0 ## Rx HB Msgs : 46
02-03 16:23:29.861   489   509 I UclDL_Impl: Inst Id : 0 ## Tx Bps : 960
02-03 16:23:29.861   489   509 I UclDL_Impl: Inst Id : 0 ## Rx Bps : 4568
02-03 16:23:29.861   489   509 I UclDL_Impl: Inst Id : 0  ## Avg Ack Latency : 9
02-03 16:23:30.650   490   541 D vendor.visteon.skylark.hardware.automotive.vehicle@V1-visteon-service: PERIPHERAL_STATUS:: 03 03 03 03 03 03 03 03 03 01 03 03 03 00 00 00 00 00 00 00
02-03 16:23:30.657   668   676 I UclDL_Impl_VIP: TxA TO : 33
02-03 16:23:30.658   668   676 I UclDL_Impl_VIP: Avg Ack Latency : 6
02-03 16:23:30.658   668   676 I UclDL_Impl_VIP: pollingCntr : 15242
02-03 16:23:30.658   668   676 I UclDL_Impl_TCU: VIP-TCU - txBps : 392
02-03 16:23:30.658   668   676 I UclDL_Impl_TCU: VIP-TCU - rxBps : 272
02-03 16:23:30.658   668   676 I UclDL_Impl_TCU: VIP-TCU - txAckTmo : 1
02-03 16:23:30.862   489   509 I UclDL_Impl: Inst Id : 0 ## Tx Msgs : 918
02-03 16:23:30.862   489   509 I UclDL_Impl: Inst Id : 0 ## TxA Msgs : 671
02-03 16:23:30.862   489   509 I UclDL_Impl: Inst Id : 0 ## TxA TO : 0
02-03 16:23:30.862   489   509 I UclDL_Impl: Inst Id : 0 ## Rx Msgs : 919
02-03 16:23:30.862   489   509 I UclDL_Impl: Inst Id : 0 ## Rx HB Msgs : 48
02-03 16:23:30.862   489   509 I UclDL_Impl: Inst Id : 0 ## Tx Bps : 960
02-03 16:23:30.862   489   509 I UclDL_Impl: Inst Id : 0 ## Rx Bps : 4720
02-03 16:23:30.862   489   509 I UclDL_Impl: Inst Id : 0  ## Avg Ack Latency : 8
02-03 16:23:31.655   490   541 D vendor.visteon.skylark.hardware.automotive.vehicle@V1-visteon-service: PERIPHERAL_STATUS:: 03 03 03 03 03 03 03 03 03 01 03 03 03 00 00 00 00 00 00 00
02-03 16:23:31.666   668   676 I UclDL_Impl_VIP: TxA TO : 33
02-03 16:23:31.666   668   676 I UclDL_Impl_VIP: Avg Ack Latency : 8
02-03 16:23:31.666   668   676 I UclDL_Impl_VIP: pollingCntr : 15492
02-03 16:23:31.666   668   676 I UclDL_Impl_TCU: VIP-TCU - txBps : 392
02-03 16:23:31.666   668   676 I UclDL_Impl_TCU: VIP-TCU - rxBps : 272
02-03 16:23:31.666   668   676 I UclDL_Impl_TCU: VIP-TCU - txAckTmo : 1
02-03 16:23:31.861   489   509 I UclDL_Impl: Inst Id : 0 ## Tx Msgs : 929
02-03 16:23:31.861   489   509 I UclDL_Impl: Inst Id : 0 ## TxA Msgs : 679
02-03 16:23:31.861   489   509 I UclDL_Impl: Inst Id : 0 ## TxA TO : 0
02-03 16:23:31.862   489   509 I UclDL_Impl: Inst Id : 0 ## Rx Msgs : 930
02-03 16:23:31.862   489   509 I UclDL_Impl: Inst Id : 0 ## Rx HB Msgs : 50
02-03 16:23:31.862   489   509 I UclDL_Impl: Inst Id : 0 ## Tx Bps : 880
02-03 16:23:31.862   489   509 I UclDL_Impl: Inst Id : 0 ## Rx Bps : 4416
02-03 16:23:31.862   489   509 I UclDL_Impl: Inst Id : 0  ## Avg Ack Latency : 8
02-03 16:23:32.660   490   541 D vendor.visteon.skylark.hardware.automotive.vehicle@V1-visteon-service: PERIPHERAL_STATUS:: 03 03 03 03 03 03 03 03 03 01 03 03 03 00 00 00 00 00 00 00
02-03 16:23:32.665   668   676 I UclDL_Impl_VIP: TxA TO : 33
02-03 16:23:32.665   668   676 I UclDL_Impl_VIP: Avg Ack Latency : 10
02-03 16:23:32.665   668   676 I UclDL_Impl_VIP: pollingCntr : 15742
02-03 16:23:32.666   668   676 I UclDL_Impl_TCU: VIP-TCU - txBps : 392
02-03 16:23:32.666   668   676 I UclDL_Impl_TCU: VIP-TCU - rxBps : 272
02-03 16:23:32.666   668   676 I UclDL_Impl_TCU: VIP-TCU - txAckTmo : 1
02-03 16:23:32.865   489   509 I UclDL_Impl: Inst Id : 0 ## Tx Msgs : 940
02-03 16:23:32.865   489   509 I UclDL_Impl: Inst Id : 0 ## TxA Msgs : 687
02-03 16:23:32.865   489   509 I UclDL_Impl: Inst Id : 0 ## TxA TO : 0
02-03 16:23:32.865   489   509 I UclDL_Impl: Inst Id : 0 ## Rx Msgs : 941
02-03 16:23:32.865   489   509 I UclDL_Impl: Inst Id : 0 ## Rx HB Msgs : 52
02-03 16:23:32.865   489   509 I UclDL_Impl: Inst Id : 0 ## Tx Bps : 880
02-03 16:23:32.865   489   509 I UclDL_Impl: Inst Id : 0 ## Rx Bps : 4416
02-03 16:23:32.865   489   509 I UclDL_Impl: Inst Id : 0  ## Avg Ack Latency : 8
02-03 16:23:33.663   490   541 D vendor.visteon.skylark.hardware.automotive.vehicle@V1-visteon-service: PERIPHERAL_STATUS:: 03 03 03 03 03 03 03 03 03 01 03 03 03 00 00 00 00 00 00 00
02-03 16:23:33.673   668   676 I UclDL_Impl_VIP: TxA TO : 33
02-03 16:23:33.674   668   676 I UclDL_Impl_VIP: Avg Ack Latency : 9
02-03 16:23:33.674   668   676 I UclDL_Impl_VIP: pollingCntr : 15992
02-03 16:23:33.674   668   676 I UclDL_Impl_TCU: VIP-TCU - txBps : 392
02-03 16:23:33.674   668   676 I UclDL_Impl_TCU: VIP-TCU - rxBps : 272
02-03 16:23:33.674   668   676 I UclDL_Impl_TCU: VIP-TCU - txAckTmo : 1
02-03 16:23:33.865   489   509 I UclDL_Impl: Inst Id : 0 ## Tx Msgs : 951
02-03 16:23:33.865   489   509 I UclDL_Impl: Inst Id : 0 ## TxA Msgs : 695
02-03 16:23:33.865   489   509 I UclDL_Impl: Inst Id : 0 ## TxA TO : 0
02-03 16:23:33.865   489   509 I UclDL_Impl: Inst Id : 0 ## Rx Msgs : 952
02-03 16:23:33.865   489   509 I UclDL_Impl: Inst Id : 0 ## Rx HB Msgs : 53
02-03 16:23:33.865   489   509 I UclDL_Impl: Inst Id : 0 ## Tx Bps : 904
02-03 16:23:33.865   489   509 I UclDL_Impl: Inst Id : 0 ## Rx Bps : 4424
02-03 16:23:33.865   489   509 I UclDL_Impl: Inst Id : 0  ## Avg Ack Latency : 8
02-03 16:23:34.671   490   541 D vendor.visteon.skylark.hardware.automotive.vehicle@V1-visteon-service: PERIPHERAL_STATUS:: 03 03 03 03 03 03 03 03 03 01 03 03 03 00 00 00 00 00 00 00
02-03 16:23:34.678   668   676 I UclDL_Impl_VIP: TxA TO : 33
02-03 16:23:34.678   668   676 I UclDL_Impl_VIP: Avg Ack Latency : 8
02-03 16:23:34.678   668   676 I UclDL_Impl_VIP: pollingCntr : 16242
02-03 16:23:34.678   668   676 I UclDL_Impl_TCU: VIP-TCU - txBps : 392
02-03 16:23:34.678   668   676 I UclDL_Impl_TCU: VIP-TCU - rxBps : 272
02-03 16:23:34.678   668   676 I UclDL_Impl_TCU: VIP-TCU - txAckTmo : 1
02-03 16:23:34.865   489   509 I UclDL_Impl: Inst Id : 0 ## Tx Msgs : 961
02-03 16:23:34.865   489   509 I UclDL_Impl: Inst Id : 0 ## TxA Msgs : 703
02-03 16:23:34.865   489   509 I UclDL_Impl: Inst Id : 0 ## TxA TO : 0
02-03 16:23:34.865   489   509 I UclDL_Impl: Inst Id : 0 ## Rx Msgs : 962
02-03 16:23:34.865   489   509 I UclDL_Impl: Inst Id : 0 ## Rx HB Msgs : 54
02-03 16:23:34.865   489   509 I UclDL_Impl: Inst Id : 0 ## Tx Bps : 808
02-03 16:23:34.865   489   509 I UclDL_Impl: Inst Id : 0 ## Rx Bps : 4368
02-03 16:23:34.865   489   509 I UclDL_Impl: Inst Id : 0  ## Avg Ack Latency : 10
02-03 16:23:35.675   490   541 D vendor.visteon.skylark.hardware.automotive.vehicle@V1-visteon-service: PERIPHERAL_STATUS:: 03 03 03 03 03 03 03 03 03 01 03 03 03 00 00 00 00 00 00 00
02-03 16:23:35.681   668   676 I UclDL_Impl_VIP: TxA TO : 33
02-03 16:23:35.681   668   676 I UclDL_Impl_VIP: Avg Ack Latency : 12
02-03 16:23:35.681   668   676 I UclDL_Impl_VIP: pollingCntr : 16492
02-03 16:23:35.681   668   676 I UclDL_Impl_TCU: VIP-TCU - txBps : 392
02-03 16:23:35.681   668   676 I UclDL_Impl_TCU: VIP-TCU - rxBps : 272
02-03 16:23:35.681   668   676 I UclDL_Impl_TCU: VIP-TCU - txAckTmo : 1
02-03 16:23:35.865   489   509 I UclDL_Impl: Inst Id : 0 ## Tx Msgs : 971
02-03 16:23:35.865   489   509 I UclDL_Impl: Inst Id : 0 ## TxA Msgs : 711
02-03 16:23:35.865   489   509 I UclDL_Impl: Inst Id : 0 ## TxA TO : 0
02-03 16:23:35.865   489   509 I UclDL_Impl: Inst Id : 0 ## Rx Msgs : 972
02-03 16:23:35.865   489   509 I UclDL_Impl: Inst Id : 0 ## Rx HB Msgs : 55
02-03 16:23:35.865   489   509 I UclDL_Impl: Inst Id : 0 ## Tx Bps : 808
02-03 16:23:35.865   489   509 I UclDL_Impl: Inst Id : 0 ## Rx Bps : 4368
02-03 16:23:35.865   489   509 I UclDL_Impl: Inst Id : 0  ## Avg Ack Latency : 11
02-03 16:23:36.679   490   541 D vendor.visteon.skylark.hardware.automotive.vehicle@V1-visteon-service: PERIPHERAL_STATUS:: 03 03 03 03 03 03 03 03 03 01 03 03 03 00 00 00 00 00 00 00
02-03 16:23:36.686   668   676 I UclDL_Impl_VIP: TxA TO : 33
02-03 16:23:36.686   668   676 I UclDL_Impl_VIP: Avg Ack Latency : 10
02-03 16:23:36.686   668   676 I UclDL_Impl_VIP: pollingCntr : 16742
02-03 16:23:36.687   668   676 I UclDL_Impl_TCU: VIP-TCU - txBps : 392
02-03 16:23:36.687   668   676 I UclDL_Impl_TCU: VIP-TCU - rxBps : 272
02-03 16:23:36.687   668   676 I UclDL_Impl_TCU: VIP-TCU - txAckTmo : 1
02-03 16:23:36.865   489   509 I UclDL_Impl: Inst Id : 0 ## Tx Msgs : 981
02-03 16:23:36.865   489   509 I UclDL_Impl: Inst Id : 0 ## TxA Msgs : 719
02-03 16:23:36.865   489   509 I UclDL_Impl: Inst Id : 0 ## TxA TO : 0
02-03 16:23:36.865   489   509 I UclDL_Impl: Inst Id : 0 ## Rx Msgs : 982
02-03 16:23:36.865   489   509 I UclDL_Impl: Inst Id : 0 ## Rx HB Msgs : 56
02-03 16:23:36.865   489   509 I UclDL_Impl: Inst Id : 0 ## Tx Bps : 808
02-03 16:23:36.865   489   509 I UclDL_Impl: Inst Id : 0 ## Rx Bps : 4368
02-03 16:23:36.865   489   509 I UclDL_Impl: Inst Id : 0  ## Avg Ack Latency : 11
02-03 16:23:37.683   490   541 D vendor.visteon.skylark.hardware.automotive.vehicle@V1-visteon-service: PERIPHERAL_STATUS:: 03 03 03 03 03 03 03 03 03 01 03 03 03 00 00 00 00 00 00 00
02-03 16:23:37.690   668   676 I UclDL_Impl_VIP: TxA TO : 33
02-03 16:23:37.690   668   676 I UclDL_Impl_VIP: Avg Ack Latency : 10
02-03 16:23:37.690   668   676 I UclDL_Impl_VIP: pollingCntr : 16992
02-03 16:23:37.690   668   676 I UclDL_Impl_TCU: VIP-TCU - txBps : 392
02-03 16:23:37.690   668   676 I UclDL_Impl_TCU: VIP-TCU - rxBps : 272
02-03 16:23:37.690   668   676 I UclDL_Impl_TCU: VIP-TCU - txAckTmo : 1
02-03 16:23:37.865   489   509 I UclDL_Impl: Inst Id : 0 ## Tx Msgs : 991
02-03 16:23:37.865   489   509 I UclDL_Impl: Inst Id : 0 ## TxA Msgs : 727
02-03 16:23:37.865   489   509 I UclDL_Impl: Inst Id : 0 ## TxA TO : 0
02-03 16:23:37.865   489   509 I UclDL_Impl: Inst Id : 0 ## Rx Msgs : 992
02-03 16:23:37.865   489   509 I UclDL_Impl: Inst Id : 0 ## Rx HB Msgs : 57
02-03 16:23:37.865   489   509 I UclDL_Impl: Inst Id : 0 ## Tx Bps : 808
02-03 16:23:37.865   489   509 I UclDL_Impl: Inst Id : 0 ## Rx Bps : 4368
02-03 16:23:37.865   489   509 I UclDL_Impl: Inst Id : 0  ## Avg Ack Latency : 7
02-03 16:23:38.686   490   541 D vendor.visteon.skylark.hardware.automotive.vehicle@V1-visteon-service: PERIPHERAL_STATUS:: 03 03 03 03 03 03 03 03 03 01 03 03 03 00 00 00 00 00 00 00
02-03 16:23:38.698   668   676 I UclDL_Impl_VIP: TxA TO : 33
02-03 16:23:38.698   668   676 I UclDL_Impl_VIP: Avg Ack Latency : 12
02-03 16:23:38.698   668   676 I UclDL_Impl_VIP: pollingCntr : 17242
02-03 16:23:38.698   668   676 I UclDL_Impl_TCU: VIP-TCU - txBps : 392
02-03 16:23:38.698   668   676 I UclDL_Impl_TCU: VIP-TCU - rxBps : 272
02-03 16:23:38.698   668   676 I UclDL_Impl_TCU: VIP-TCU - txAckTmo : 1
02-03 16:23:38.865   489   509 I UclDL_Impl: Inst Id : 0 ## Tx Msgs : 1002
02-03 16:23:38.865   489   509 I UclDL_Impl: Inst Id : 0 ## TxA Msgs : 735
02-03 16:23:38.865   489   509 I UclDL_Impl: Inst Id : 0 ## TxA TO : 0
02-03 16:23:38.865   489   509 I UclDL_Impl: Inst Id : 0 ## Rx Msgs : 1003
02-03 16:23:38.865   489   509 I UclDL_Impl: Inst Id : 0 ## Rx HB Msgs : 58
02-03 16:23:38.865   489   509 I UclDL_Impl: Inst Id : 0 ## Tx Bps : 904
02-03 16:23:38.865   489   509 I UclDL_Impl: Inst Id : 0 ## Rx Bps : 4424
02-03 16:23:38.865   489   509 I UclDL_Impl: Inst Id : 0  ## Avg Ack Latency : 4
02-03 16:23:39.693   490   541 D vendor.visteon.skylark.hardware.automotive.vehicle@V1-visteon-service: PERIPHERAL_STATUS:: 03 03 03 03 03 03 03 03 03 01 03 03 03 00 00 00 00 00 00 00
02-03 16:23:39.702   668   676 I UclDL_Impl_VIP: TxA TO : 33
02-03 16:23:39.702   668   676 I UclDL_Impl_VIP: Avg Ack Latency : 9
02-03 16:23:39.702   668   676 I UclDL_Impl_VIP: pollingCntr : 17492
02-03 16:23:39.702   668   676 I UclDL_Impl_TCU: VIP-TCU - txBps : 392
02-03 16:23:39.702   668   676 I UclDL_Impl_TCU: VIP-TCU - rxBps : 272
02-03 16:23:39.702   668   676 I UclDL_Impl_TCU: VIP-TCU - txAckTmo : 1
02-03 16:23:39.865   489   509 I UclDL_Impl: Inst Id : 0 ## Tx Msgs : 1012
02-03 16:23:39.865   489   509 I UclDL_Impl: Inst Id : 0 ## TxA Msgs : 743
02-03 16:23:39.865   489   509 I UclDL_Impl: Inst Id : 0 ## TxA TO : 0
02-03 16:23:39.865   489   509 I UclDL_Impl: Inst Id : 0 ## Rx Msgs : 1013
02-03 16:23:39.865   489   509 I UclDL_Impl: Inst Id : 0 ## Rx HB Msgs : 59
02-03 16:23:39.865   489   509 I UclDL_Impl: Inst Id : 0 ## Tx Bps : 808
02-03 16:23:39.865   489   509 I UclDL_Impl: Inst Id : 0 ## Rx Bps : 4368
02-03 16:23:39.865   489   509 I UclDL_Impl: Inst Id : 0  ## Avg Ack Latency : 6
02-03 16:23:40.698   490   541 D vendor.visteon.skylark.hardware.automotive.vehicle@V1-visteon-service: PERIPHERAL_STATUS:: 03 03 03 03 03 03 03 03 03 01 03 03 03 00 00 00 00 00 00 00
02-03 16:23:40.706   668   676 I UclDL_Impl_VIP: TxA TO : 33
02-03 16:23:40.706   668   676 I UclDL_Impl_VIP: Avg Ack Latency : 8
02-03 16:23:40.706   668   676 I UclDL_Impl_VIP: pollingCntr : 17742
02-03 16:23:40.706   668   676 I UclDL_Impl_TCU: VIP-TCU - txBps : 392
02-03 16:23:40.706   668   676 I UclDL_Impl_TCU: VIP-TCU - rxBps : 272
02-03 16:23:40.706   668   676 I UclDL_Impl_TCU: VIP-TCU - txAckTmo : 1
02-03 16:23:40.865   489   509 I UclDL_Impl: Inst Id : 0 ## Tx Msgs : 1023
02-03 16:23:40.865   489   509 I UclDL_Impl: Inst Id : 0 ## TxA Msgs : 752
02-03 16:23:40.865   489   509 I UclDL_Impl: Inst Id : 0 ## TxA TO : 0
02-03 16:23:40.865   489   509 I UclDL_Impl: Inst Id : 0 ## Rx Msgs : 1024
02-03 16:23:40.865   489   509 I UclDL_Impl: Inst Id : 0 ## Rx HB Msgs : 60
02-03 16:23:40.865   489   509 I UclDL_Impl: Inst Id : 0 ## Tx Bps : 888
02-03 16:23:40.865   489   509 I UclDL_Impl: Inst Id : 0 ## Rx Bps : 4672
02-03 16:23:40.865   489   509 I UclDL_Impl: Inst Id : 0  ## Avg Ack Latency : 9
02-03 16:23:41.703   490   541 D vendor.visteon.skylark.hardware.automotive.vehicle@V1-visteon-service: PERIPHERAL_STATUS:: 03 03 03 03 03 03 03 03 03 01 03 03 03 00 00 00 00 00 00 00
02-03 16:23:41.710   668   676 I UclDL_Impl_VIP: TxA TO : 33
02-03 16:23:41.710   668   676 I UclDL_Impl_VIP: Avg Ack Latency : 10
02-03 16:23:41.710   668   676 I UclDL_Impl_VIP: pollingCntr : 17992
02-03 16:23:41.710   668   676 I UclDL_Impl_TCU: VIP-TCU - txBps : 392
02-03 16:23:41.710   668   676 I UclDL_Impl_TCU: VIP-TCU - rxBps : 272
02-03 16:23:41.710   668   676 I UclDL_Impl_TCU: VIP-TCU - txAckTmo : 1
02-03 16:23:41.865   489   509 I UclDL_Impl: Inst Id : 0 ## Tx Msgs : 1033
02-03 16:23:41.865   489   509 I UclDL_Impl: Inst Id : 0 ## TxA Msgs : 760
02-03 16:23:41.865   489   509 I UclDL_Impl: Inst Id : 0 ## TxA TO : 0
02-03 16:23:41.865   489   509 I UclDL_Impl: Inst Id : 0 ## Rx Msgs : 1034
02-03 16:23:41.865   489   509 I UclDL_Impl: Inst Id : 0 ## Rx HB Msgs : 61
02-03 16:23:41.865   489   509 I UclDL_Impl: Inst Id : 0 ## Tx Bps : 808
02-03 16:23:41.865   489   509 I UclDL_Impl: Inst Id : 0 ## Rx Bps : 4368
02-03 16:23:41.865   489   509 I UclDL_Impl: Inst Id : 0  ## Avg Ack Latency : 10
02-03 16:23:42.706   490   541 D vendor.visteon.skylark.hardware.automotive.vehicle@V1-visteon-service: PERIPHERAL_STATUS:: 03 03 03 03 03 03 03 03 03 01 03 03 03 00 00 00 00 00 00 00
02-03 16:23:42.714   668   676 I UclDL_Impl_VIP: TxA TO : 33
02-03 16:23:42.714   668   676 I UclDL_Impl_VIP: Avg Ack Latency : 12
02-03 16:23:42.714   668   676 I UclDL_Impl_VIP: pollingCntr : 18242
02-03 16:23:42.714   668   676 I UclDL_Impl_TCU: VIP-TCU - txBps : 392
02-03 16:23:42.714   668   676 I UclDL_Impl_TCU: VIP-TCU - rxBps : 272
02-03 16:23:42.714   668   676 I UclDL_Impl_TCU: VIP-TCU - txAckTmo : 1
02-03 16:23:42.865   489   509 I UclDL_Impl: Inst Id : 0 ## Tx Msgs : 1043
02-03 16:23:42.865   489   509 I UclDL_Impl: Inst Id : 0 ## TxA Msgs : 768
02-03 16:23:42.865   489   509 I UclDL_Impl: Inst Id : 0 ## TxA TO : 0
02-03 16:23:42.865   489   509 I UclDL_Impl: Inst Id : 0 ## Rx Msgs : 1044
02-03 16:23:42.865   489   509 I UclDL_Impl: Inst Id : 0 ## Rx HB Msgs : 62
02-03 16:23:42.865   489   509 I UclDL_Impl: Inst Id : 0 ## Tx Bps : 808
02-03 16:23:42.865   489   509 I UclDL_Impl: Inst Id : 0 ## Rx Bps : 4368
02-03 16:23:42.865   489   509 I UclDL_Impl: Inst Id : 0  ## Avg Ack Latency : 7
02-03 16:23:43.715   490   541 D vendor.visteon.skylark.hardware.automotive.vehicle@V1-visteon-service: PERIPHERAL_STATUS:: 03 03 03 03 03 03 03 03 03 01 03 03 03 00 00 00 00 00 00 00
02-03 16:23:43.722   668   676 I UclDL_Impl_VIP: TxA TO : 33
02-03 16:23:43.722   668   676 I UclDL_Impl_VIP: Avg Ack Latency : 8
02-03 16:23:43.722   668   676 I UclDL_Impl_VIP: pollingCntr : 18492
02-03 16:23:43.722   668   676 I UclDL_Impl_TCU: VIP-TCU - txBps : 392
02-03 16:23:43.722   668   676 I UclDL_Impl_TCU: VIP-TCU - rxBps : 272
02-03 16:23:43.722   668   676 I UclDL_Impl_TCU: VIP-TCU - txAckTmo : 1
02-03 16:23:43.865   489   509 I UclDL_Impl: Inst Id : 0 ## Tx Msgs : 1054
02-03 16:23:43.865   489   509 I UclDL_Impl: Inst Id : 0 ## TxA Msgs : 776
02-03 16:23:43.865   489   509 I UclDL_Impl: Inst Id : 0 ## TxA TO : 0
02-03 16:23:43.865   489   509 I UclDL_Impl: Inst Id : 0 ## Rx Msgs : 1055
02-03 16:23:43.865   489   509 I UclDL_Impl: Inst Id : 0 ## Rx HB Msgs : 63
02-03 16:23:43.865   489   509 I UclDL_Impl: Inst Id : 0 ## Tx Bps : 904
02-03 16:23:43.865   489   509 I UclDL_Impl: Inst Id : 0 ## Rx Bps : 4424
02-03 16:23:43.865   489   509 I UclDL_Impl: Inst Id : 0  ## Avg Ack Latency : 4
02-03 16:23:44.719   490   541 D vendor.visteon.skylark.hardware.automotive.vehicle@V1-visteon-service: PERIPHERAL_STATUS:: 03 03 03 03 03 03 03 03 03 01 03 03 03 00 00 00 00 00 00 00
02-03 16:23:44.726   668   676 I UclDL_Impl_VIP: TxA TO : 33
02-03 16:23:44.726   668   676 I UclDL_Impl_VIP: Avg Ack Latency : 12
02-03 16:23:44.726   668   676 I UclDL_Impl_VIP: pollingCntr : 18742
02-03 16:23:44.726   668   676 I UclDL_Impl_TCU: VIP-TCU - txBps : 392
02-03 16:23:44.726   668   676 I UclDL_Impl_TCU: VIP-TCU - rxBps : 272
02-03 16:23:44.726   668   676 I UclDL_Impl_TCU: VIP-TCU - txAckTmo : 1
02-03 16:23:44.865   489   509 I UclDL_Impl: Inst Id : 0 ## Tx Msgs : 1064
02-03 16:23:44.865   489   509 I UclDL_Impl: Inst Id : 0 ## TxA Msgs : 784
02-03 16:23:44.865   489   509 I UclDL_Impl: Inst Id : 0 ## TxA TO : 0
02-03 16:23:44.865   489   509 I UclDL_Impl: Inst Id : 0 ## Rx Msgs : 1065
02-03 16:23:44.865   489   509 I UclDL_Impl: Inst Id : 0 ## Rx HB Msgs : 64
02-03 16:23:44.865   489   509 I UclDL_Impl: Inst Id : 0 ## Tx Bps : 808
02-03 16:23:44.865   489   509 I UclDL_Impl: Inst Id : 0 ## Rx Bps : 4368
02-03 16:23:44.865   489   509 I UclDL_Impl: Inst Id : 0  ## Avg Ack Latency : 6
02-03 16:23:45.723   490   541 D vendor.visteon.skylark.hardware.automotive.vehicle@V1-visteon-service: PERIPHERAL_STATUS:: 03 03 03 03 03 03 03 03 03 01 03 03 03 00 00 00 00 00 00 00
02-03 16:23:45.730   668   676 I UclDL_Impl_VIP: TxA TO : 33
02-03 16:23:45.730   668   676 I UclDL_Impl_VIP: Avg Ack Latency : 8
02-03 16:23:45.730   668   676 I UclDL_Impl_VIP: pollingCntr : 18992
02-03 16:23:45.731   668   676 I UclDL_Impl_TCU: VIP-TCU - txBps : 392
02-03 16:23:45.731   668   676 I UclDL_Impl_TCU: VIP-TCU - rxBps : 272
02-03 16:23:45.731   668   676 I UclDL_Impl_TCU: VIP-TCU - txAckTmo : 1
02-03 16:23:45.865   489   509 I UclDL_Impl: Inst Id : 0 ## Tx Msgs : 1074
02-03 16:23:45.865   489   509 I UclDL_Impl: Inst Id : 0 ## TxA Msgs : 792
02-03 16:23:45.865   489   509 I UclDL_Impl: Inst Id : 0 ## TxA TO : 0
02-03 16:23:45.865   489   509 I UclDL_Impl: Inst Id : 0 ## Rx Msgs : 1075
02-03 16:23:45.865   489   509 I UclDL_Impl: Inst Id : 0 ## Rx HB Msgs : 65
02-03 16:23:45.865   489   509 I UclDL_Impl: Inst Id : 0 ## Tx Bps : 808
02-03 16:23:45.865   489   509 I UclDL_Impl: Inst Id : 0 ## Rx Bps : 4368
02-03 16:23:45.865   489   509 I UclDL_Impl: Inst Id : 0  ## Avg Ack Latency : 7
02-03 16:23:46.730   490   541 D vendor.visteon.skylark.hardware.automotive.vehicle@V1-visteon-service: PERIPHERAL_STATUS:: 03 03 03 03 03 03 03 03 03 01 03 03 03 00 00 00 00 00 00 00
02-03 16:23:46.734   668   676 I UclDL_Impl_VIP: TxA TO : 33
02-03 16:23:46.734   668   676 I UclDL_Impl_VIP: Avg Ack Latency : 8
02-03 16:23:46.734   668   676 I UclDL_Impl_VIP: pollingCntr : 19242
02-03 16:23:46.734   668   676 I UclDL_Impl_TCU: VIP-TCU - txBps : 392
02-03 16:23:46.734   668   676 I UclDL_Impl_TCU: VIP-TCU - rxBps : 272
02-03 16:23:46.734   668   676 I UclDL_Impl_TCU: VIP-TCU - txAckTmo : 1
02-03 16:23:46.865   489   509 I UclDL_Impl: Inst Id : 0 ## Tx Msgs : 1084
02-03 16:23:46.865   489   509 I UclDL_Impl: Inst Id : 0 ## TxA Msgs : 800
02-03 16:23:46.865   489   509 I UclDL_Impl: Inst Id : 0 ## TxA TO : 0
02-03 16:23:46.865   489   509 I UclDL_Impl: Inst Id : 0 ## Rx Msgs : 1085
02-03 16:23:46.865   489   509 I UclDL_Impl: Inst Id : 0 ## Rx HB Msgs : 66
02-03 16:23:46.865   489   509 I UclDL_Impl: Inst Id : 0 ## Tx Bps : 808
02-03 16:23:46.865   489   509 I UclDL_Impl: Inst Id : 0 ## Rx Bps : 4368
02-03 16:23:46.865   489   509 I UclDL_Impl: Inst Id : 0  ## Avg Ack Latency : 7
02-03 16:23:47.730   490   541 D vendor.visteon.skylark.hardware.automotive.vehicle@V1-visteon-service: PERIPHERAL_STATUS:: 03 03 03 03 03 03 03 03 03 01 03 03 03 00 00 00 00 00 00 00
02-03 16:23:47.741   668   676 I UclDL_Impl_VIP: TxA TO : 33
02-03 16:23:47.742   668   676 I UclDL_Impl_VIP: Avg Ack Latency : 11
02-03 16:23:47.742   668   676 I UclDL_Impl_VIP: pollingCntr : 19492
02-03 16:23:47.742   668   676 I UclDL_Impl_TCU: VIP-TCU - txBps : 392
02-03 16:23:47.742   668   676 I UclDL_Impl_TCU: VIP-TCU - rxBps : 272
02-03 16:23:47.742   668   676 I UclDL_Impl_TCU: VIP-TCU - txAckTmo : 1
02-03 16:23:47.869   489   509 I UclDL_Impl: Inst Id : 0 ## Tx Msgs : 1094
02-03 16:23:47.869   489   509 I UclDL_Impl: Inst Id : 0 ## TxA Msgs : 808
02-03 16:23:47.869   489   509 I UclDL_Impl: Inst Id : 0 ## TxA TO : 0
02-03 16:23:47.869   489   509 I UclDL_Impl: Inst Id : 0 ## Rx Msgs : 1095
02-03 16:23:47.869   489   509 I UclDL_Impl: Inst Id : 0 ## Rx HB Msgs : 67
02-03 16:23:47.869   489   509 I UclDL_Impl: Inst Id : 0 ## Tx Bps : 808
02-03 16:23:47.869   489   509 I UclDL_Impl: Inst Id : 0 ## Rx Bps : 4368
02-03 16:23:47.869   489   509 I UclDL_Impl: Inst Id : 0  ## Avg Ack Latency : 15
02-03 16:23:48.738   490   541 D vendor.visteon.skylark.hardware.automotive.vehicle@V1-visteon-service: PERIPHERAL_STATUS:: 03 03 03 03 03 03 03 03 03 01 03 03 03 00 00 00 00 00 00 00
02-03 16:23:48.746   668   676 I UclDL_Impl_VIP: TxA TO : 33
02-03 16:23:48.746   668   676 I UclDL_Impl_VIP: Avg Ack Latency : 9
02-03 16:23:48.746   668   676 I UclDL_Impl_VIP: pollingCntr : 19742
02-03 16:23:48.746   668   676 I UclDL_Impl_TCU: VIP-TCU - txBps : 392
02-03 16:23:48.746   668   676 I UclDL_Impl_TCU: VIP-TCU - rxBps : 272
02-03 16:23:48.746   668   676 I UclDL_Impl_TCU: VIP-TCU - txAckTmo : 1
02-03 16:23:48.869   489   509 I UclDL_Impl: Inst Id : 0 ## Tx Msgs : 1105
02-03 16:23:48.869   489   509 I UclDL_Impl: Inst Id : 0 ## TxA Msgs : 816
02-03 16:23:48.869   489   509 I UclDL_Impl: Inst Id : 0 ## TxA TO : 0
02-03 16:23:48.869   489   509 I UclDL_Impl: Inst Id : 0 ## Rx Msgs : 1106
02-03 16:23:48.869   489   509 I UclDL_Impl: Inst Id : 0 ## Rx HB Msgs : 68
02-03 16:23:48.869   489   509 I UclDL_Impl: Inst Id : 0 ## Tx Bps : 904
02-03 16:23:48.869   489   509 I UclDL_Impl: Inst Id : 0 ## Rx Bps : 4424
02-03 16:23:48.869   489   509 I UclDL_Impl: Inst Id : 0  ## Avg Ack Latency : 9
02-03 16:23:49.742   490   541 D vendor.visteon.skylark.hardware.automotive.vehicle@V1-visteon-service: PERIPHERAL_STATUS:: 03 03 03 03 03 03 03 03 03 01 03 03 03 00 00 00 00 00 00 00
02-03 16:23:49.749   668   676 I UclDL_Impl_VIP: TxA TO : 33
02-03 16:23:49.750   668   676 I UclDL_Impl_VIP: Avg Ack Latency : 8
02-03 16:23:49.750   668   676 I UclDL_Impl_VIP: pollingCntr : 19992
02-03 16:23:49.750   668   676 I UclDL_Impl_TCU: VIP-TCU - txBps : 392
02-03 16:23:49.750   668   676 I UclDL_Impl_TCU: VIP-TCU - rxBps : 272
02-03 16:23:49.750   668   676 I UclDL_Impl_TCU: VIP-TCU - txAckTmo : 1
02-03 16:23:49.869   489   509 I UclDL_Impl: Inst Id : 0 ## Tx Msgs : 1115
02-03 16:23:49.869   489   509 I UclDL_Impl: Inst Id : 0 ## TxA Msgs : 824
02-03 16:23:49.869   489   509 I UclDL_Impl: Inst Id : 0 ## TxA TO : 0
02-03 16:23:49.869   489   509 I UclDL_Impl: Inst Id : 0 ## Rx Msgs : 1116
02-03 16:23:49.869   489   509 I UclDL_Impl: Inst Id : 0 ## Rx HB Msgs : 69
02-03 16:23:49.869   489   509 I UclDL_Impl: Inst Id : 0 ## Tx Bps : 808
02-03 16:23:49.869   489   509 I UclDL_Impl: Inst Id : 0 ## Rx Bps : 4368
02-03 16:23:49.869   489   509 I UclDL_Impl: Inst Id : 0  ## Avg Ack Latency : 10
02-03 16:23:50.746   490   541 D vendor.visteon.skylark.hardware.automotive.vehicle@V1-visteon-service: PERIPHERAL_STATUS:: 03 03 03 03 03 03 03 03 03 01 03 03 03 00 00 00 00 00 00 00
02-03 16:23:50.754   668   676 I UclDL_Impl_VIP: TxA TO : 33
02-03 16:23:50.754   668   676 I UclDL_Impl_VIP: Avg Ack Latency : 12
02-03 16:23:50.754   668   676 I UclDL_Impl_VIP: pollingCntr : 20242
02-03 16:23:50.754   668   676 I UclDL_Impl_TCU: VIP-TCU - txBps : 392
02-03 16:23:50.754   668   676 I UclDL_Impl_TCU: VIP-TCU - rxBps : 272
02-03 16:23:50.755   668   676 I UclDL_Impl_TCU: VIP-TCU - txAckTmo : 1
02-03 16:23:50.869   489   509 I UclDL_Impl: Inst Id : 0 ## Tx Msgs : 1126
02-03 16:23:50.869   489   509 I UclDL_Impl: Inst Id : 0 ## TxA Msgs : 833
02-03 16:23:50.869   489   509 I UclDL_Impl: Inst Id : 0 ## TxA TO : 0
02-03 16:23:50.869   489   509 I UclDL_Impl: Inst Id : 0 ## Rx Msgs : 1127
02-03 16:23:50.869   489   509 I UclDL_Impl: Inst Id : 0 ## Rx HB Msgs : 70
02-03 16:23:50.869   489   509 I UclDL_Impl: Inst Id : 0 ## Tx Bps : 888
02-03 16:23:50.869   489   509 I UclDL_Impl: Inst Id : 0 ## Rx Bps : 4672
02-03 16:23:50.869   489   509 I UclDL_Impl: Inst Id : 0  ## Avg Ack Latency : 11
02-03 16:23:51.752   490   541 D vendor.visteon.skylark.hardware.automotive.vehicle@V1-visteon-service: PERIPHERAL_STATUS:: 03 03 03 03 03 03 03 03 03 01 03 03 03 00 00 00 00 00 00 00
02-03 16:23:51.758   668   676 I UclDL_Impl_VIP: TxA TO : 33
02-03 16:23:51.758   668   676 I UclDL_Impl_VIP: Avg Ack Latency : 12
02-03 16:23:51.758   668   676 I UclDL_Impl_VIP: pollingCntr : 20492
02-03 16:23:51.758   668   676 I UclDL_Impl_TCU: VIP-TCU - txBps : 392
02-03 16:23:51.758   668   676 I UclDL_Impl_TCU: VIP-TCU - rxBps : 272
02-03 16:23:51.758   668   676 I UclDL_Impl_TCU: VIP-TCU - txAckTmo : 1
02-03 16:23:51.878   489   509 I UclDL_Impl: Inst Id : 0 ## Tx Msgs : 1136
02-03 16:23:51.878   489   509 I UclDL_Impl: Inst Id : 0 ## TxA Msgs : 841
02-03 16:23:51.878   489   509 I UclDL_Impl: Inst Id : 0 ## TxA TO : 0
02-03 16:23:51.878   489   509 I UclDL_Impl: Inst Id : 0 ## Rx Msgs : 1137
02-03 16:23:51.878   489   509 I UclDL_Impl: Inst Id : 0 ## Rx HB Msgs : 71
02-03 16:23:51.878   489   509 I UclDL_Impl: Inst Id : 0 ## Tx Bps : 808
02-03 16:23:51.878   489   509 I UclDL_Impl: Inst Id : 0 ## Rx Bps : 4368
02-03 16:23:51.878   489   509 I UclDL_Impl: Inst Id : 0  ## Avg Ack Latency : 9
02-03 16:23:52.754   490   541 D vendor.visteon.skylark.hardware.automotive.vehicle@V1-visteon-service: PERIPHERAL_STATUS:: 03 03 03 03 03 03 03 03 03 01 03 03 03 00 00 00 00 00 00 00
02-03 16:23:52.766   668   676 I UclDL_Impl_VIP: TxA TO : 33
02-03 16:23:52.766   668   676 I UclDL_Impl_VIP: Avg Ack Latency : 6
02-03 16:23:52.766   668   676 I UclDL_Impl_VIP: pollingCntr : 20742
02-03 16:23:52.766   668   676 I UclDL_Impl_TCU: VIP-TCU - txBps : 392
02-03 16:23:52.766   668   676 I UclDL_Impl_TCU: VIP-TCU - rxBps : 272
02-03 16:23:52.766   668   676 I UclDL_Impl_TCU: VIP-TCU - txAckTmo : 1
02-03 16:23:52.877   489   509 I UclDL_Impl: Inst Id : 0 ## Tx Msgs : 1146
02-03 16:23:52.877   489   509 I UclDL_Impl: Inst Id : 0 ## TxA Msgs : 849
02-03 16:23:52.877   489   509 I UclDL_Impl: Inst Id : 0 ## TxA TO : 0
02-03 16:23:52.877   489   509 I UclDL_Impl: Inst Id : 0 ## Rx Msgs : 1147
02-03 16:23:52.877   489   509 I UclDL_Impl: Inst Id : 0 ## Rx HB Msgs : 72
02-03 16:23:52.877   489   509 I UclDL_Impl: Inst Id : 0 ## Tx Bps : 808
02-03 16:23:52.877   489   509 I UclDL_Impl: Inst Id : 0 ## Rx Bps : 4368
02-03 16:23:52.877   489   509 I UclDL_Impl: Inst Id : 0  ## Avg Ack Latency : 8
02-03 16:23:53.759   490   541 D vendor.visteon.skylark.hardware.automotive.vehicle@V1-visteon-service: PERIPHERAL_STATUS:: 03 03 03 03 03 03 03 03 03 01 03 03 03 00 00 00 00 00 00 00
02-03 16:23:53.769   668   676 I UclDL_Impl_VIP: TxA TO : 33
02-03 16:23:53.770   668   676 I UclDL_Impl_VIP: Avg Ack Latency : 12
02-03 16:23:53.770   668   676 I UclDL_Impl_VIP: pollingCntr : 20992
02-03 16:23:53.770   668   676 I UclDL_Impl_TCU: VIP-TCU - txBps : 392
02-03 16:23:53.770   668   676 I UclDL_Impl_TCU: VIP-TCU - rxBps : 272
02-03 16:23:53.770   668   676 I UclDL_Impl_TCU: VIP-TCU - txAckTmo : 1
02-03 16:23:53.881   489   509 I UclDL_Impl: Inst Id : 0 ## Tx Msgs : 1157
02-03 16:23:53.881   489   509 I UclDL_Impl: Inst Id : 0 ## TxA Msgs : 857
02-03 16:23:53.881   489   509 I UclDL_Impl: Inst Id : 0 ## TxA TO : 0
02-03 16:23:53.881   489   509 I UclDL_Impl: Inst Id : 0 ## Rx Msgs : 1158
02-03 16:23:53.881   489   509 I UclDL_Impl: Inst Id : 0 ## Rx HB Msgs : 73
02-03 16:23:53.881   489   509 I UclDL_Impl: Inst Id : 0 ## Tx Bps : 904
02-03 16:23:53.881   489   509 I UclDL_Impl: Inst Id : 0 ## Rx Bps : 4424
02-03 16:23:53.881   489   509 I UclDL_Impl: Inst Id : 0  ## Avg Ack Latency : 7
02-03 16:23:54.766   490   541 D vendor.visteon.skylark.hardware.automotive.vehicle@V1-visteon-service: PERIPHERAL_STATUS:: 03 03 03 03 03 03 03 03 03 01 03 03 03 00 00 00 00 00 00 00
02-03 16:23:54.774   668   676 I UclDL_Impl_VIP: TxA TO : 33
02-03 16:23:54.774   668   676 I UclDL_Impl_VIP: Avg Ack Latency : 8
02-03 16:23:54.774   668   676 I UclDL_Impl_VIP: pollingCntr : 21242
02-03 16:23:54.774   668   676 I UclDL_Impl_TCU: VIP-TCU - txBps : 392
02-03 16:23:54.774   668   676 I UclDL_Impl_TCU: VIP-TCU - rxBps : 272
02-03 16:23:54.774   668   676 I UclDL_Impl_TCU: VIP-TCU - txAckTmo : 1
02-03 16:23:54.881   489   509 I UclDL_Impl: Inst Id : 0 ## Tx Msgs : 1167
02-03 16:23:54.881   489   509 I UclDL_Impl: Inst Id : 0 ## TxA Msgs : 865
02-03 16:23:54.881   489   509 I UclDL_Impl: Inst Id : 0 ## TxA TO : 0
02-03 16:23:54.881   489   509 I UclDL_Impl: Inst Id : 0 ## Rx Msgs : 1168
02-03 16:23:54.881   489   509 I UclDL_Impl: Inst Id : 0 ## Rx HB Msgs : 74
02-03 16:23:54.881   489   509 I UclDL_Impl: Inst Id : 0 ## Tx Bps : 808
02-03 16:23:54.881   489   509 I UclDL_Impl: Inst Id : 0 ## Rx Bps : 4368
02-03 16:23:54.881   489   509 I UclDL_Impl: Inst Id : 0  ## Avg Ack Latency : 7
02-03 16:23:55.770   490   541 D vendor.visteon.skylark.hardware.automotive.vehicle@V1-visteon-service: PERIPHERAL_STATUS:: 03 03 03 03 03 03 03 03 03 01 03 03 03 00 00 00 00 00 00 00
02-03 16:23:55.777   668   676 I UclDL_Impl_VIP: TxA TO : 33
02-03 16:23:55.778   668   676 I UclDL_Impl_VIP: Avg Ack Latency : 8
02-03 16:23:55.778   668   676 I UclDL_Impl_VIP: pollingCntr : 21492
02-03 16:23:55.778   668   676 I UclDL_Impl_TCU: VIP-TCU - txBps : 392
02-03 16:23:55.778   668   676 I UclDL_Impl_TCU: VIP-TCU - rxBps : 272
02-03 16:23:55.778   668   676 I UclDL_Impl_TCU: VIP-TCU - txAckTmo : 1
02-03 16:23:55.881   489   509 I UclDL_Impl: Inst Id : 0 ## Tx Msgs : 1177
02-03 16:23:55.881   489   509 I UclDL_Impl: Inst Id : 0 ## TxA Msgs : 873
02-03 16:23:55.881   489   509 I UclDL_Impl: Inst Id : 0 ## TxA TO : 0
02-03 16:23:55.881   489   509 I UclDL_Impl: Inst Id : 0 ## Rx Msgs : 1178
02-03 16:23:55.881   489   509 I UclDL_Impl: Inst Id : 0 ## Rx HB Msgs : 75
02-03 16:23:55.881   489   509 I UclDL_Impl: Inst Id : 0 ## Tx Bps : 808
02-03 16:23:55.881   489   509 I UclDL_Impl: Inst Id : 0 ## Rx Bps : 4368
02-03 16:23:55.881   489   509 I UclDL_Impl: Inst Id : 0  ## Avg Ack Latency : 7
02-03 16:23:56.779   490   541 D vendor.visteon.skylark.hardware.automotive.vehicle@V1-visteon-service: PERIPHERAL_STATUS:: 03 03 03 03 03 03 03 03 03 01 03 03 03 00 00 00 00 00 00 00
02-03 16:23:56.782   668   676 I UclDL_Impl_VIP: TxA TO : 33
02-03 16:23:56.782   668   676 I UclDL_Impl_VIP: Avg Ack Latency : 11
02-03 16:23:56.782   668   676 I UclDL_Impl_VIP: pollingCntr : 21742
02-03 16:23:56.782   668   676 I UclDL_Impl_TCU: VIP-TCU - txBps : 392
02-03 16:23:56.782   668   676 I UclDL_Impl_TCU: VIP-TCU - rxBps : 272
02-03 16:23:56.782   668   676 I UclDL_Impl_TCU: VIP-TCU - txAckTmo : 1
02-03 16:23:56.881   489   509 I UclDL_Impl: Inst Id : 0 ## Tx Msgs : 1186
02-03 16:23:56.881   489   509 I UclDL_Impl: Inst Id : 0 ## TxA Msgs : 880
02-03 16:23:56.881   489   509 I UclDL_Impl: Inst Id : 0 ## TxA TO : 0
02-03 16:23:56.881   489   509 I UclDL_Impl: Inst Id : 0 ## Rx Msgs : 1187
02-03 16:23:56.881   489   509 I UclDL_Impl: Inst Id : 0 ## Rx HB Msgs : 76
02-03 16:23:56.881   489   509 I UclDL_Impl: Inst Id : 0 ## Tx Bps : 728
02-03 16:23:56.881   489   509 I UclDL_Impl: Inst Id : 0 ## Rx Bps : 4064
02-03 16:23:56.881   489   509 I UclDL_Impl: Inst Id : 0  ## Avg Ack Latency : 7
02-03 16:23:57.779   490   541 D vendor.visteon.skylark.hardware.automotive.vehicle@V1-visteon-service: PERIPHERAL_STATUS:: 03 03 03 03 03 03 03 03 03 01 03 03 03 00 00 00 00 00 00 00
02-03 16:23:57.790   668   676 I UclDL_Impl_VIP: TxA TO : 33
02-03 16:23:57.790   668   676 I UclDL_Impl_VIP: Avg Ack Latency : 10
02-03 16:23:57.790   668   676 I UclDL_Impl_VIP: pollingCntr : 21992
02-03 16:23:57.790   668   676 I UclDL_Impl_TCU: VIP-TCU - txBps : 392
02-03 16:23:57.790   668   676 I UclDL_Impl_TCU: VIP-TCU - rxBps : 272
02-03 16:23:57.790   668   676 I UclDL_Impl_TCU: VIP-TCU - txAckTmo : 1
02-03 16:23:57.881   489   509 I UclDL_Impl: Inst Id : 0 ## Tx Msgs : 1196
02-03 16:23:57.881   489   509 I UclDL_Impl: Inst Id : 0 ## TxA Msgs : 888
02-03 16:23:57.881   489   509 I UclDL_Impl: Inst Id : 0 ## TxA TO : 0
02-03 16:23:57.881   489   509 I UclDL_Impl: Inst Id : 0 ## Rx Msgs : 1197
02-03 16:23:57.881   489   509 I UclDL_Impl: Inst Id : 0 ## Rx HB Msgs : 77
02-03 16:23:57.881   489   509 I UclDL_Impl: Inst Id : 0 ## Tx Bps : 808
02-03 16:23:57.881   489   509 I UclDL_Impl: Inst Id : 0 ## Rx Bps : 4368
02-03 16:23:57.881   489   509 I UclDL_Impl: Inst Id : 0  ## Avg Ack Latency : 7
02-03 16:23:58.787   490   541 D vendor.visteon.skylark.hardware.automotive.vehicle@V1-visteon-service: PERIPHERAL_STATUS:: 03 03 03 03 03 03 03 03 03 01 03 03 03 00 00 00 00 00 00 00
02-03 16:23:58.791   668   676 I UclDL_Impl_VIP: TxA TO : 33
02-03 16:23:58.791   668   676 I UclDL_Impl_VIP: Avg Ack Latency : 8
02-03 16:23:58.791   668   676 I UclDL_Impl_VIP: pollingCntr : 22242
02-03 16:23:58.791   668   676 I UclDL_Impl_TCU: VIP-TCU - txBps : 392
02-03 16:23:58.791   668   676 I UclDL_Impl_TCU: VIP-TCU - rxBps : 272
02-03 16:23:58.791   668   676 I UclDL_Impl_TCU: VIP-TCU - txAckTmo : 1
02-03 16:23:58.881   489   509 I UclDL_Impl: Inst Id : 0 ## Tx Msgs : 1207
02-03 16:23:58.881   489   509 I UclDL_Impl: Inst Id : 0 ## TxA Msgs : 896
02-03 16:23:58.881   489   509 I UclDL_Impl: Inst Id : 0 ## TxA TO : 0
02-03 16:23:58.882   489   509 I UclDL_Impl: Inst Id : 0 ## Rx Msgs : 1208
02-03 16:23:58.882   489   509 I UclDL_Impl: Inst Id : 0 ## Rx HB Msgs : 78
02-03 16:23:58.882   489   509 I UclDL_Impl: Inst Id : 0 ## Tx Bps : 904
02-03 16:23:58.882   489   509 I UclDL_Impl: Inst Id : 0 ## Rx Bps : 4424
02-03 16:23:58.882   489   509 I UclDL_Impl: Inst Id : 0  ## Avg Ack Latency : 9
02-03 16:23:59.791   490   541 D vendor.visteon.skylark.hardware.automotive.vehicle@V1-visteon-service: PERIPHERAL_STATUS:: 03 03 03 03 03 03 03 03 03 01 03 03 03 00 00 00 00 00 00 00
02-03 16:23:59.797   668   676 I UclDL_Impl_VIP: TxA TO : 33
02-03 16:23:59.797   668   676 I UclDL_Impl_VIP: Avg Ack Latency : 8
02-03 16:23:59.797   668   676 I UclDL_Impl_VIP: pollingCntr : 22492
02-03 16:23:59.797   668   676 I UclDL_Impl_TCU: VIP-TCU - txBps : 392
02-03 16:23:59.797   668   676 I UclDL_Impl_TCU: VIP-TCU - rxBps : 320
02-03 16:23:59.797   668   676 I UclDL_Impl_TCU: VIP-TCU - txAckTmo : 1
02-03 16:23:59.885   489   509 I UclDL_Impl: Inst Id : 0 ## Tx Msgs : 1217
02-03 16:23:59.885   489   509 I UclDL_Impl: Inst Id : 0 ## TxA Msgs : 904
02-03 16:23:59.885   489   509 I UclDL_Impl: Inst Id : 0 ## TxA TO : 0
02-03 16:23:59.885   489   509 I UclDL_Impl: Inst Id : 0 ## Rx Msgs : 1218
02-03 16:23:59.885   489   509 I UclDL_Impl: Inst Id : 0 ## Rx HB Msgs : 79
02-03 16:23:59.885   489   509 I UclDL_Impl: Inst Id : 0 ## Tx Bps : 808
02-03 16:23:59.885   489   509 I UclDL_Impl: Inst Id : 0 ## Rx Bps : 4368
02-03 16:23:59.885   489   509 I UclDL_Impl: Inst Id : 0  ## Avg Ack Latency : 8
02-03 16:24:00.795   490   541 D vendor.visteon.skylark.hardware.automotive.vehicle@V1-visteon-service: PERIPHERAL_STATUS:: 03 03 03 03 03 03 03 03 03 01 03 03 03 00 00 00 00 00 00 00
02-03 16:24:00.805   668   676 I UclDL_Impl_VIP: TxA TO : 33
02-03 16:24:00.806   668   676 I UclDL_Impl_VIP: Avg Ack Latency : 11
02-03 16:24:00.806   668   676 I UclDL_Impl_VIP: pollingCntr : 22742
02-03 16:24:00.806   668   676 I UclDL_Impl_TCU: VIP-TCU - txBps : 392
02-03 16:24:00.806   668   676 I UclDL_Impl_TCU: VIP-TCU - rxBps : 320
02-03 16:24:00.806   668   676 I UclDL_Impl_TCU: VIP-TCU - txAckTmo : 1
02-03 16:24:00.890   489   509 I UclDL_Impl: Inst Id : 0 ## Tx Msgs : 1230
02-03 16:24:00.890   489   509 I UclDL_Impl: Inst Id : 0 ## TxA Msgs : 915
02-03 16:24:00.890   489   509 I UclDL_Impl: Inst Id : 0 ## TxA TO : 0
02-03 16:24:00.890   489   509 I UclDL_Impl: Inst Id : 0 ## Rx Msgs : 1231
